0.9277 	WARNING 	We strongly recommend you activate the PTB sound engine in PsychoPy prefs as the preferred audio engine. Its timing is vastly superior. Your prefs are currently set to use ['sounddevice', 'PTB', 'pyo', 'pygame'] (in that order).
7.1546 	INFO 	---START PARAMETERS---
7.1547 	INFO 	filename: TappingWithTrTiming_Movie_d3.py-1tt============-237-Dec_29_1624
7.1547 	INFO 	subject: 1tt============
7.1547 	INFO 	session: 237
7.1547 	INFO 	date: Dec_29_1624
7.1547 	INFO 	blockDur_TRs: 6
7.1547 	INFO 	condition: TapFast
7.1547 	INFO 	fixCrossPos: [0, 0]
7.1547 	INFO 	fixCrossSize: 100
7.1547 	INFO 	fullScreen: True
7.1547 	INFO 	movieFolder: Images/
7.1547 	INFO 	movieSize: (1600, 1000)
7.1547 	INFO 	nBlocks: 68
7.1547 	INFO 	promptDir: Text/
7.1547 	INFO 	restDur_TRs: 6
7.1547 	INFO 	screenColor: (128, 128, 128)
7.1547 	INFO 	screenToShow: 1
7.1547 	INFO 	skipPrompts: False
7.1547 	INFO 	tStartup_TRs: 0
7.1547 	INFO 	textHeight: 40
7.1548 	INFO 	triggerKey: equal
7.1548 	INFO 	---END PARAMETERS---
8.0115 	INFO 	Loaded monitor calibration from ['2022_03_25 08:03']
9.1704 	WARNING 	Couldn't measure a consistent frame rate!
  - Is your graphics card set to sync to vertical blank?
  - Are you running other processes on your computer?

9.1714 	EXP 	Created win = Window(allowGUI=False, allowStencil=False, autoLog=True, backendConf=UNKNOWN, bitsMode=UNKNOWN, blendMode='avg', bpc=(8, 8, 8), color=array([128, 128, 128]), colorSpace='rgb255', depthBits=8, fullscr=<method-wrapper '__getattribute__' of attributeSetter object at 0x7fc13fe780a0>, gamma=None, gammaErrorPolicy='raise', lms=UNKNOWN, monitor=<psychopy.monitors.calibTools.Monitor object at 0x7fc1d9ac2220>, multiSample=False, name='win', numSamples=2, pos=[0.0, 0.0], screen=1, size=array([1920, 1080]), stencilBits=0, stereo=False, units='deg', useFBO=False, useRetina=False, viewOri=0.0, viewPos=None, viewScale=None, waitBlanking=True, winType='pyglet')
9.1718 	EXP 	win: mouseVisible = True
9.1792 	EXP 	Created fixCross = ShapeStim(__class__=<class 'psychopy.visual.shape.ShapeStim'>, anchor=('center', 'center'), autoDraw=False, autoLog=True, closeShape=False, color=method-wrapper(...), colorSpace='rgb', contrast=None, depth=0, fillColor=array([0, 0, 0]), fillColorSpace='rgb', fillRGB=array([0, 0, 0]), interpolate=True, lineColor=array([-1., -1., -1.]), lineColorSpace='rgb', lineRGB=array([-1., -1., -1.]), lineWidth=3.0, name='fixCross', opacity=0.5, ori=0.0, pos=array([0., 0.]), size=array([1., 1.]), units='pix', vertices=ndarray(...), win=Window(...), windingRule=None)
9.1800 	WARNING 	TextStim.alignHoriz is deprecated. Use alignText and anchorHoriz attributes instead
9.2100 	EXP 	Created topMsg = TextStim(__class__=<class 'psychopy.visual.text.TextStim'>, alignHoriz='center', alignText='center', alignVert=method-wrapper(...), anchorHoriz='center', anchorVert='center', antialias=True, autoLog=True, bold=False, color=array([-1., -1., -1.]), colorSpace='rgb', contrast=1.0, depth=0, flipHoriz=False, flipVert=False, font='', fontFiles=[], height=0.1, italic=False, languageStyle='LTR', name='topMsg', opacity=1.0, ori=0.0, pos=array([0. , 0.5]), rgb=UNKNOWN, text='aaa', units='norm', win=Window(...), wrapWidth=1.5)
9.2101 	WARNING 	TextStim.alignHoriz is deprecated. Use alignText and anchorHoriz attributes instead
9.2127 	EXP 	Created bottomMsg = TextStim(__class__=<class 'psychopy.visual.text.TextStim'>, alignHoriz='center', alignText='center', alignVert=method-wrapper(...), anchorHoriz='center', anchorVert='center', antialias=True, autoLog=True, bold=False, color=array([-1., -1., -1.]), colorSpace='rgb', contrast=1.0, depth=0, flipHoriz=False, flipVert=False, font='', fontFiles=[], height=0.1, italic=False, languageStyle='LTR', name='bottomMsg', opacity=1.0, ori=0.0, pos=array([ 0. , -0.5]), rgb=UNKNOWN, text='bbb', units='norm', win=Window(...), wrapWidth=1.5)
9.2895 	EXP 	Created Movie Frame 0 = ImageStim(__class__=<class 'psychopy.visual.image.ImageStim'>, anchor=('center', 'center'), autoLog=True, color=array([1., 1., 1.]), colorSpace='rgb', contrast=1.0, depth=0, flipHoriz=False, flipVert=False, image='Images/right_0.png', interpolate=False, mask=None, maskParams=None, name='Movie Frame 0', opacity=1, ori=0.0, pos=array([0., 0.]), size=array([1600., 1000.]), texRes=128, units='pix', win=Window(...))
9.3565 	EXP 	Created Movie Frame 1 = ImageStim(__class__=<class 'psychopy.visual.image.ImageStim'>, anchor=('center', 'center'), autoLog=True, color=array([1., 1., 1.]), colorSpace='rgb', contrast=1.0, depth=0, flipHoriz=False, flipVert=False, image='Images/right_1.png', interpolate=False, mask=None, maskParams=None, name='Movie Frame 1', opacity=1, ori=0.0, pos=array([0., 0.]), size=array([1600., 1000.]), texRes=128, units='pix', win=Window(...))
9.4155 	EXP 	Created Movie Frame 2 = ImageStim(__class__=<class 'psychopy.visual.image.ImageStim'>, anchor=('center', 'center'), autoLog=True, color=array([1., 1., 1.]), colorSpace='rgb', contrast=1.0, depth=0, flipHoriz=False, flipVert=False, image='Images/right_2.png', interpolate=False, mask=None, maskParams=None, name='Movie Frame 2', opacity=1, ori=0.0, pos=array([0., 0.]), size=array([1600., 1000.]), texRes=128, units='pix', win=Window(...))
9.4739 	EXP 	Created Movie Frame 3 = ImageStim(__class__=<class 'psychopy.visual.image.ImageStim'>, anchor=('center', 'center'), autoLog=True, color=array([1., 1., 1.]), colorSpace='rgb', contrast=1.0, depth=0, flipHoriz=False, flipVert=False, image='Images/right_3.png', interpolate=False, mask=None, maskParams=None, name='Movie Frame 3', opacity=1, ori=0.0, pos=array([0., 0.]), size=array([1600., 1000.]), texRes=128, units='pix', win=Window(...))
9.5335 	EXP 	Created Movie Frame 4 = ImageStim(__class__=<class 'psychopy.visual.image.ImageStim'>, anchor=('center', 'center'), autoLog=True, color=array([1., 1., 1.]), colorSpace='rgb', contrast=1.0, depth=0, flipHoriz=False, flipVert=False, image='Images/right_4.png', interpolate=False, mask=None, maskParams=None, name='Movie Frame 4', opacity=1, ori=0.0, pos=array([0., 0.]), size=array([1600., 1000.]), texRes=128, units='pix', win=Window(...))
9.5940 	EXP 	Created Movie Frame 5 = ImageStim(__class__=<class 'psychopy.visual.image.ImageStim'>, anchor=('center', 'center'), autoLog=True, color=array([1., 1., 1.]), colorSpace='rgb', contrast=1.0, depth=0, flipHoriz=False, flipVert=False, image='Images/right_5.png', interpolate=False, mask=None, maskParams=None, name='Movie Frame 5', opacity=1, ori=0.0, pos=array([0., 0.]), size=array([1600., 1000.]), texRes=128, units='pix', win=Window(...))
9.6543 	EXP 	Created Movie Frame 6 = ImageStim(__class__=<class 'psychopy.visual.image.ImageStim'>, anchor=('center', 'center'), autoLog=True, color=array([1., 1., 1.]), colorSpace='rgb', contrast=1.0, depth=0, flipHoriz=False, flipVert=False, image='Images/right_6.png', interpolate=False, mask=None, maskParams=None, name='Movie Frame 6', opacity=1, ori=0.0, pos=array([0., 0.]), size=array([1600., 1000.]), texRes=128, units='pix', win=Window(...))
9.7134 	EXP 	Created Movie Frame 7 = ImageStim(__class__=<class 'psychopy.visual.image.ImageStim'>, anchor=('center', 'center'), autoLog=True, color=array([1., 1., 1.]), colorSpace='rgb', contrast=1.0, depth=0, flipHoriz=False, flipVert=False, image='Images/right_7.png', interpolate=False, mask=None, maskParams=None, name='Movie Frame 7', opacity=1, ori=0.0, pos=array([0., 0.]), size=array([1600., 1000.]), texRes=128, units='pix', win=Window(...))
9.7733 	EXP 	Created Movie Frame 8 = ImageStim(__class__=<class 'psychopy.visual.image.ImageStim'>, anchor=('center', 'center'), autoLog=True, color=array([1., 1., 1.]), colorSpace='rgb', contrast=1.0, depth=0, flipHoriz=False, flipVert=False, image='Images/right_8.png', interpolate=False, mask=None, maskParams=None, name='Movie Frame 8', opacity=1, ori=0.0, pos=array([0., 0.]), size=array([1600., 1000.]), texRes=128, units='pix', win=Window(...))
9.8339 	EXP 	Created Movie Frame 9 = ImageStim(__class__=<class 'psychopy.visual.image.ImageStim'>, anchor=('center', 'center'), autoLog=True, color=array([1., 1., 1.]), colorSpace='rgb', contrast=1.0, depth=0, flipHoriz=False, flipVert=False, image='Images/right_9.png', interpolate=False, mask=None, maskParams=None, name='Movie Frame 9', opacity=1, ori=0.0, pos=array([0., 0.]), size=array([1600., 1000.]), texRes=128, units='pix', win=Window(...))
9.8411 	EXP 	Created unnamed TextStim = TextStim(__class__=<class 'psychopy.visual.text.TextStim'>, alignHoriz=method-wrapper(...), alignText='center', alignVert=method-wrapper(...), anchorHoriz='center', anchorVert='center', antialias=True, autoLog=True, bold=False, color=array([-1., -1., -1.]), colorSpace='rgb', contrast=1.0, depth=0, flipHoriz=False, flipVert=False, font='', fontFiles=[], height=40.0, italic=False, languageStyle='LTR', name='unnamed TextStim', opacity=1.0, ori=0.0, pos=array([  0., 580.]), rgb=UNKNOWN, text='Tap along with the video.', units='pix', win=Window(...), wrapWidth=1600)
9.8560 	WARNING 	t of last frame was 685.96ms (=1/1)
9.8560 	EXP 	topMsg: height = 0.1
9.8560 	EXP 	topMsg: height = 0.1
9.8560 	EXP 	topMsg: text = 'You will see a movie of a finger tapping. When it is on the screen, try to use the hand indicated to tap your fingers at the same times as the movie does. When the fixation cross appears, relax and stare at the cross.'
9.8560 	EXP 	bottomMsg: height = 0.1
9.8560 	EXP 	bottomMsg: height = 0.1
9.8560 	EXP 	bottomMsg: text = 'The experiment will begin shortly'
9.8560 	EXP 	Display Instructions1
10.1610 	DATA 	Keypress: space
10.1659 	WARNING 	t of last frame was 309.87ms (=1/3)
10.1659 	EXP 	topMsg: height = 0.1
10.1659 	EXP 	topMsg: height = 0.1
10.1659 	EXP 	topMsg: text = "Please don't move..."
10.1659 	EXP 	bottomMsg: height = 0.1
10.1659 	EXP 	bottomMsg: height = 0.1
10.1659 	EXP 	bottomMsg: text = ''
10.1659 	EXP 	PleaseDontMove
61.6776 	DATA 	Keypress: equal
61.6896 	WARNING 	t of last frame was 51523.65ms (=1/0)
61.6896 	EXP 	Display Fixation
61.6901 	EXP 	---START EXPERIMENT---
61.7035 	EXP 	Display Fixation
66.8733 	DATA 	Keypress: equal
72.0640 	DATA 	Keypress: equal
77.2581 	DATA 	Keypress: equal
82.4513 	DATA 	Keypress: equal
87.6452 	DATA 	Keypress: equal
92.8381 	DATA 	Keypress: equal
92.8489 	WARNING 	t of last frame was 31145.37ms (=1/0)
92.8733 	WARNING 	Multiple dropped frames have occurred - I'll stop bothering you about them!
92.8733 	EXP 	Display Frame 1
92.9065 	EXP 	Display Frame 2
92.9398 	EXP 	Display Frame 3
92.9730 	EXP 	Display Frame 4
93.0064 	EXP 	Display Frame 5
93.0397 	EXP 	Display Frame 6
93.0730 	EXP 	Display Frame 7
93.1065 	EXP 	Display Frame 8
93.1397 	EXP 	Display Frame 9
93.1731 	EXP 	Display Frame 0
93.2063 	EXP 	Display Frame 1
93.2398 	EXP 	Display Frame 2
93.2730 	EXP 	Display Frame 3
93.3063 	EXP 	Display Frame 4
93.3397 	EXP 	Display Frame 5
93.3730 	EXP 	Display Frame 6
93.4063 	EXP 	Display Frame 7
93.4398 	EXP 	Display Frame 8
93.4730 	EXP 	Display Frame 9
93.5064 	EXP 	Display Frame 0
93.5397 	EXP 	Display Frame 1
93.5730 	EXP 	Display Frame 2
93.6066 	EXP 	Display Frame 3
93.6396 	EXP 	Display Frame 4
93.6730 	EXP 	Display Frame 5
93.7063 	EXP 	Display Frame 6
93.7398 	EXP 	Display Frame 7
93.7729 	EXP 	Display Frame 8
93.8064 	EXP 	Display Frame 9
93.8396 	EXP 	Display Frame 0
93.8747 	EXP 	Display Frame 1
93.9063 	EXP 	Display Frame 2
93.9396 	EXP 	Display Frame 3
93.9729 	EXP 	Display Frame 4
94.0063 	EXP 	Display Frame 5
94.0396 	EXP 	Display Frame 6
94.0730 	EXP 	Display Frame 7
94.1063 	EXP 	Display Frame 8
94.1396 	EXP 	Display Frame 9
94.1730 	EXP 	Display Frame 0
94.2064 	EXP 	Display Frame 1
94.2396 	EXP 	Display Frame 2
94.2730 	EXP 	Display Frame 3
94.3063 	EXP 	Display Frame 4
94.3398 	EXP 	Display Frame 5
94.3730 	EXP 	Display Frame 6
94.4063 	EXP 	Display Frame 7
94.4396 	EXP 	Display Frame 8
94.4734 	EXP 	Display Frame 9
94.5063 	EXP 	Display Frame 0
94.5397 	EXP 	Display Frame 1
94.5730 	EXP 	Display Frame 2
94.6063 	EXP 	Display Frame 3
94.6397 	EXP 	Display Frame 4
94.6730 	EXP 	Display Frame 5
94.7063 	EXP 	Display Frame 6
94.7396 	EXP 	Display Frame 7
94.7730 	EXP 	Display Frame 8
94.8063 	EXP 	Display Frame 9
94.8397 	EXP 	Display Frame 0
94.8731 	EXP 	Display Frame 1
94.9063 	EXP 	Display Frame 2
94.9397 	EXP 	Display Frame 3
94.9730 	EXP 	Display Frame 4
95.0063 	EXP 	Display Frame 5
95.0397 	EXP 	Display Frame 6
95.0730 	EXP 	Display Frame 7
95.1064 	EXP 	Display Frame 8
95.1396 	EXP 	Display Frame 9
95.1731 	EXP 	Display Frame 0
95.2063 	EXP 	Display Frame 1
95.2397 	EXP 	Display Frame 2
95.2729 	EXP 	Display Frame 3
95.3066 	EXP 	Display Frame 4
95.3397 	EXP 	Display Frame 5
95.3730 	EXP 	Display Frame 6
95.4063 	EXP 	Display Frame 7
95.4396 	EXP 	Display Frame 8
95.4730 	EXP 	Display Frame 9
95.5063 	EXP 	Display Frame 0
95.5397 	EXP 	Display Frame 1
95.5730 	EXP 	Display Frame 2
95.6063 	EXP 	Display Frame 3
95.6399 	EXP 	Display Frame 4
95.6730 	EXP 	Display Frame 5
95.7063 	EXP 	Display Frame 6
95.7397 	EXP 	Display Frame 7
95.7730 	EXP 	Display Frame 8
95.8064 	EXP 	Display Frame 9
95.8397 	EXP 	Display Frame 0
95.8729 	EXP 	Display Frame 1
95.9063 	EXP 	Display Frame 2
95.9397 	EXP 	Display Frame 3
95.9730 	EXP 	Display Frame 4
96.0064 	EXP 	Display Frame 5
96.0397 	EXP 	Display Frame 6
96.0730 	EXP 	Display Frame 7
96.1076 	EXP 	Display Frame 8
96.1397 	EXP 	Display Frame 9
96.1730 	EXP 	Display Frame 0
96.2064 	EXP 	Display Frame 1
96.2396 	EXP 	Display Frame 2
96.2730 	EXP 	Display Frame 3
96.3063 	EXP 	Display Frame 4
96.3396 	EXP 	Display Frame 5
96.3730 	EXP 	Display Frame 6
96.4064 	EXP 	Display Frame 7
96.4396 	EXP 	Display Frame 8
96.4730 	EXP 	Display Frame 9
96.5063 	EXP 	Display Frame 0
96.5398 	EXP 	Display Frame 1
96.5730 	EXP 	Display Frame 2
96.6063 	EXP 	Display Frame 3
96.6396 	EXP 	Display Frame 4
96.6730 	EXP 	Display Frame 5
96.7063 	EXP 	Display Frame 6
96.7396 	EXP 	Display Frame 7
96.7730 	EXP 	Display Frame 8
96.8063 	EXP 	Display Frame 9
96.8396 	EXP 	Display Frame 0
96.8729 	EXP 	Display Frame 1
96.9063 	EXP 	Display Frame 2
96.9396 	EXP 	Display Frame 3
96.9729 	EXP 	Display Frame 4
97.0064 	EXP 	Display Frame 5
97.0398 	EXP 	Display Frame 6
97.0729 	EXP 	Display Frame 7
97.1063 	EXP 	Display Frame 8
97.1396 	EXP 	Display Frame 9
97.1731 	EXP 	Display Frame 0
97.2064 	EXP 	Display Frame 1
97.2396 	EXP 	Display Frame 2
97.2730 	EXP 	Display Frame 3
97.3064 	EXP 	Display Frame 4
97.3397 	EXP 	Display Frame 5
97.3733 	EXP 	Display Frame 6
97.4063 	EXP 	Display Frame 7
97.4397 	EXP 	Display Frame 8
97.4730 	EXP 	Display Frame 9
97.5063 	EXP 	Display Frame 0
97.5396 	EXP 	Display Frame 1
97.5730 	EXP 	Display Frame 2
97.6063 	EXP 	Display Frame 3
97.6397 	EXP 	Display Frame 4
97.6729 	EXP 	Display Frame 5
97.7063 	EXP 	Display Frame 6
97.7396 	EXP 	Display Frame 7
97.7729 	EXP 	Display Frame 8
97.8063 	EXP 	Display Frame 9
97.8398 	EXP 	Display Frame 0
97.8729 	EXP 	Display Frame 1
97.9063 	EXP 	Display Frame 2
97.9397 	EXP 	Display Frame 3
97.9730 	EXP 	Display Frame 4
98.0063 	EXP 	Display Frame 5
98.0397 	EXP 	Display Frame 6
98.0730 	EXP 	Display Frame 7
98.1063 	EXP 	Display Frame 8
98.1398 	EXP 	Display Frame 9
98.1729 	EXP 	Display Frame 0
98.2064 	EXP 	Display Frame 1
98.2396 	EXP 	Display Frame 2
98.2731 	EXP 	Display Frame 3
98.3063 	EXP 	Display Frame 4
98.3397 	EXP 	Display Frame 5
98.3730 	EXP 	Display Frame 6
98.4064 	EXP 	Display Frame 7
98.4396 	EXP 	Display Frame 8
98.4732 	EXP 	Display Frame 9
98.5063 	EXP 	Display Frame 0
98.5397 	EXP 	Display Frame 1
98.5730 	EXP 	Display Frame 2
98.6064 	EXP 	Display Frame 3
98.6396 	EXP 	Display Frame 4
98.6730 	EXP 	Display Frame 5
98.7063 	EXP 	Display Frame 6
98.7396 	EXP 	Display Frame 7
98.7730 	EXP 	Display Frame 8
98.8063 	EXP 	Display Frame 9
98.8397 	EXP 	Display Frame 0
98.8729 	EXP 	Display Frame 1
98.9063 	EXP 	Display Frame 2
98.9396 	EXP 	Display Frame 3
98.9730 	EXP 	Display Frame 4
99.0063 	EXP 	Display Frame 5
99.0396 	EXP 	Display Frame 6
99.0730 	EXP 	Display Frame 7
99.1064 	EXP 	Display Frame 8
99.1396 	EXP 	Display Frame 9
99.1730 	EXP 	Display Frame 0
99.2063 	EXP 	Display Frame 1
99.2397 	EXP 	Display Frame 2
99.2730 	EXP 	Display Frame 3
99.3064 	EXP 	Display Frame 4
99.3396 	EXP 	Display Frame 5
99.3730 	EXP 	Display Frame 6
99.4064 	EXP 	Display Frame 7
99.4397 	EXP 	Display Frame 8
99.4730 	EXP 	Display Frame 9
99.5065 	EXP 	Display Frame 0
99.5397 	EXP 	Display Frame 1
99.5729 	EXP 	Display Frame 2
99.6063 	EXP 	Display Frame 3
99.6397 	EXP 	Display Frame 4
99.6730 	EXP 	Display Frame 5
99.7061 	EXP 	Display Frame 6
99.7397 	EXP 	Display Frame 7
99.7732 	EXP 	Display Frame 8
99.8063 	EXP 	Display Frame 9
99.8397 	EXP 	Display Frame 0
99.8730 	EXP 	Display Frame 1
99.9063 	EXP 	Display Frame 2
99.9397 	EXP 	Display Frame 3
99.9730 	EXP 	Display Frame 4
100.0064 	EXP 	Display Frame 5
100.0398 	EXP 	Display Frame 6
100.0730 	EXP 	Display Frame 7
100.1064 	EXP 	Display Frame 8
100.1397 	EXP 	Display Frame 9
100.1730 	EXP 	Display Frame 0
100.2064 	EXP 	Display Frame 1
100.2396 	EXP 	Display Frame 2
100.2730 	EXP 	Display Frame 3
100.3063 	EXP 	Display Frame 4
100.3398 	EXP 	Display Frame 5
100.3730 	EXP 	Display Frame 6
100.4063 	EXP 	Display Frame 7
100.4397 	EXP 	Display Frame 8
100.4730 	EXP 	Display Frame 9
100.5064 	EXP 	Display Frame 0
100.5399 	EXP 	Display Frame 1
100.5730 	EXP 	Display Frame 2
100.6064 	EXP 	Display Frame 3
100.6397 	EXP 	Display Frame 4
100.6731 	EXP 	Display Frame 5
100.7064 	EXP 	Display Frame 6
100.7403 	EXP 	Display Frame 7
100.7730 	EXP 	Display Frame 8
100.8064 	EXP 	Display Frame 9
100.8397 	EXP 	Display Frame 0
100.8729 	EXP 	Display Frame 1
100.9064 	EXP 	Display Frame 2
100.9397 	EXP 	Display Frame 3
100.9730 	EXP 	Display Frame 4
101.0065 	EXP 	Display Frame 5
101.0397 	EXP 	Display Frame 6
101.0731 	EXP 	Display Frame 7
101.1064 	EXP 	Display Frame 8
101.1397 	EXP 	Display Frame 9
101.1730 	EXP 	Display Frame 0
101.2064 	EXP 	Display Frame 1
101.2398 	EXP 	Display Frame 2
101.2732 	EXP 	Display Frame 3
101.3064 	EXP 	Display Frame 4
101.3396 	EXP 	Display Frame 5
101.3731 	EXP 	Display Frame 6
101.4068 	EXP 	Display Frame 7
101.4397 	EXP 	Display Frame 8
101.4730 	EXP 	Display Frame 9
101.5064 	EXP 	Display Frame 0
101.5397 	EXP 	Display Frame 1
101.5730 	EXP 	Display Frame 2
101.6063 	EXP 	Display Frame 3
101.6398 	EXP 	Display Frame 4
101.6730 	EXP 	Display Frame 5
101.7064 	EXP 	Display Frame 6
101.7396 	EXP 	Display Frame 7
101.7729 	EXP 	Display Frame 8
101.8063 	EXP 	Display Frame 9
101.8397 	EXP 	Display Frame 0
101.8729 	EXP 	Display Frame 1
101.9063 	EXP 	Display Frame 2
101.9397 	EXP 	Display Frame 3
101.9729 	EXP 	Display Frame 4
102.0064 	EXP 	Display Frame 5
102.0397 	EXP 	Display Frame 6
102.0729 	EXP 	Display Frame 7
102.1065 	EXP 	Display Frame 8
102.1397 	EXP 	Display Frame 9
102.1731 	EXP 	Display Frame 0
102.2063 	EXP 	Display Frame 1
102.2396 	EXP 	Display Frame 2
102.2730 	EXP 	Display Frame 3
102.3063 	EXP 	Display Frame 4
102.3398 	EXP 	Display Frame 5
102.3730 	EXP 	Display Frame 6
102.4064 	EXP 	Display Frame 7
102.4397 	EXP 	Display Frame 8
102.4730 	EXP 	Display Frame 9
102.5063 	EXP 	Display Frame 0
102.5397 	EXP 	Display Frame 1
102.5729 	EXP 	Display Frame 2
102.6064 	EXP 	Display Frame 3
102.6396 	EXP 	Display Frame 4
102.6731 	EXP 	Display Frame 5
102.7064 	EXP 	Display Frame 6
102.7396 	EXP 	Display Frame 7
102.7730 	EXP 	Display Frame 8
102.8064 	EXP 	Display Frame 9
102.8397 	EXP 	Display Frame 0
102.8729 	EXP 	Display Frame 1
102.9063 	EXP 	Display Frame 2
102.9397 	EXP 	Display Frame 3
102.9730 	EXP 	Display Frame 4
103.0063 	EXP 	Display Frame 5
103.0396 	EXP 	Display Frame 6
103.0730 	EXP 	Display Frame 7
103.1063 	EXP 	Display Frame 8
103.1396 	EXP 	Display Frame 9
103.1730 	EXP 	Display Frame 0
103.2063 	EXP 	Display Frame 1
103.2396 	EXP 	Display Frame 2
103.2733 	EXP 	Display Frame 3
103.3063 	EXP 	Display Frame 4
103.3396 	EXP 	Display Frame 5
103.3730 	EXP 	Display Frame 6
103.4063 	EXP 	Display Frame 7
103.4396 	EXP 	Display Frame 8
103.4730 	EXP 	Display Frame 9
103.5064 	EXP 	Display Frame 0
103.5397 	EXP 	Display Frame 1
103.5731 	EXP 	Display Frame 2
103.6063 	EXP 	Display Frame 3
103.6397 	EXP 	Display Frame 4
103.6729 	EXP 	Display Frame 5
103.7064 	EXP 	Display Frame 6
103.7396 	EXP 	Display Frame 7
103.7729 	EXP 	Display Frame 8
103.8063 	EXP 	Display Frame 9
103.8396 	EXP 	Display Frame 0
103.8729 	EXP 	Display Frame 1
103.9063 	EXP 	Display Frame 2
103.9396 	EXP 	Display Frame 3
103.9730 	EXP 	Display Frame 4
104.0063 	EXP 	Display Frame 5
104.0397 	EXP 	Display Frame 6
104.0729 	EXP 	Display Frame 7
104.1063 	EXP 	Display Frame 8
104.1396 	EXP 	Display Frame 9
104.1730 	EXP 	Display Frame 0
104.2063 	EXP 	Display Frame 1
104.2397 	EXP 	Display Frame 2
104.2729 	EXP 	Display Frame 3
104.3063 	EXP 	Display Frame 4
104.3396 	EXP 	Display Frame 5
104.3730 	EXP 	Display Frame 6
104.4063 	EXP 	Display Frame 7
104.4396 	EXP 	Display Frame 8
104.4730 	EXP 	Display Frame 9
104.5064 	EXP 	Display Frame 0
104.5398 	EXP 	Display Frame 1
104.5730 	EXP 	Display Frame 2
104.6064 	EXP 	Display Frame 3
104.6396 	EXP 	Display Frame 4
104.6731 	EXP 	Display Frame 5
104.7063 	EXP 	Display Frame 6
104.7397 	EXP 	Display Frame 7
104.7729 	EXP 	Display Frame 8
104.8066 	EXP 	Display Frame 9
104.8396 	EXP 	Display Frame 0
104.8731 	EXP 	Display Frame 1
104.9063 	EXP 	Display Frame 2
104.9397 	EXP 	Display Frame 3
104.9730 	EXP 	Display Frame 4
105.0063 	EXP 	Display Frame 5
105.0397 	EXP 	Display Frame 6
105.0729 	EXP 	Display Frame 7
105.1063 	EXP 	Display Frame 8
105.1397 	EXP 	Display Frame 9
105.1730 	EXP 	Display Frame 0
105.2063 	EXP 	Display Frame 1
105.2396 	EXP 	Display Frame 2
105.2730 	EXP 	Display Frame 3
105.3063 	EXP 	Display Frame 4
105.3397 	EXP 	Display Frame 5
105.3730 	EXP 	Display Frame 6
105.4063 	EXP 	Display Frame 7
105.4396 	EXP 	Display Frame 8
105.4730 	EXP 	Display Frame 9
105.5066 	EXP 	Display Frame 0
105.5397 	EXP 	Display Frame 1
105.5730 	EXP 	Display Frame 2
105.6064 	EXP 	Display Frame 3
105.6397 	EXP 	Display Frame 4
105.6747 	EXP 	Display Frame 5
105.7064 	EXP 	Display Frame 6
105.7396 	EXP 	Display Frame 7
105.7729 	EXP 	Display Frame 8
105.8063 	EXP 	Display Frame 9
105.8398 	EXP 	Display Frame 0
105.8729 	EXP 	Display Frame 1
105.9063 	EXP 	Display Frame 2
105.9396 	EXP 	Display Frame 3
105.9730 	EXP 	Display Frame 4
106.0063 	EXP 	Display Frame 5
106.0400 	EXP 	Display Frame 6
106.0730 	EXP 	Display Frame 7
106.1063 	EXP 	Display Frame 8
106.1396 	EXP 	Display Frame 9
106.1729 	EXP 	Display Frame 0
106.2063 	EXP 	Display Frame 1
106.2396 	EXP 	Display Frame 2
106.2730 	EXP 	Display Frame 3
106.3063 	EXP 	Display Frame 4
106.3397 	EXP 	Display Frame 5
106.3730 	EXP 	Display Frame 6
106.4063 	EXP 	Display Frame 7
106.4397 	EXP 	Display Frame 8
106.4729 	EXP 	Display Frame 9
106.5063 	EXP 	Display Frame 0
106.5398 	EXP 	Display Frame 1
106.5730 	EXP 	Display Frame 2
106.6064 	EXP 	Display Frame 3
106.6397 	EXP 	Display Frame 4
106.6730 	EXP 	Display Frame 5
106.7064 	EXP 	Display Frame 6
106.7396 	EXP 	Display Frame 7
106.7730 	EXP 	Display Frame 8
106.8064 	EXP 	Display Frame 9
106.8397 	EXP 	Display Frame 0
106.8730 	EXP 	Display Frame 1
106.9064 	EXP 	Display Frame 2
106.9397 	EXP 	Display Frame 3
106.9730 	EXP 	Display Frame 4
107.0064 	EXP 	Display Frame 5
107.0397 	EXP 	Display Frame 6
107.0731 	EXP 	Display Frame 7
107.1064 	EXP 	Display Frame 8
107.1398 	EXP 	Display Frame 9
107.1730 	EXP 	Display Frame 0
107.2064 	EXP 	Display Frame 1
107.2397 	EXP 	Display Frame 2
107.2731 	EXP 	Display Frame 3
107.3064 	EXP 	Display Frame 4
107.3395 	EXP 	Display Frame 5
107.3731 	EXP 	Display Frame 6
107.4063 	EXP 	Display Frame 7
107.4398 	EXP 	Display Frame 8
107.4730 	EXP 	Display Frame 9
107.5063 	EXP 	Display Frame 0
107.5396 	EXP 	Display Frame 1
107.5730 	EXP 	Display Frame 2
107.6063 	EXP 	Display Frame 3
107.6396 	EXP 	Display Frame 4
107.6730 	EXP 	Display Frame 5
107.7064 	EXP 	Display Frame 6
107.7396 	EXP 	Display Frame 7
107.7730 	EXP 	Display Frame 8
107.8063 	EXP 	Display Frame 9
107.8396 	EXP 	Display Frame 0
107.8729 	EXP 	Display Frame 1
107.9063 	EXP 	Display Frame 2
107.9396 	EXP 	Display Frame 3
107.9730 	EXP 	Display Frame 4
108.0063 	EXP 	Display Frame 5
108.0396 	EXP 	Display Frame 6
108.0730 	EXP 	Display Frame 7
108.1064 	EXP 	Display Frame 8
108.1396 	EXP 	Display Frame 9
108.1731 	EXP 	Display Frame 0
108.2063 	EXP 	Display Frame 1
108.2396 	EXP 	Display Frame 2
108.2730 	EXP 	Display Frame 3
108.3064 	EXP 	Display Frame 4
108.3396 	EXP 	Display Frame 5
108.3730 	EXP 	Display Frame 6
108.4063 	EXP 	Display Frame 7
108.4396 	EXP 	Display Frame 8
108.4729 	EXP 	Display Frame 9
108.5063 	EXP 	Display Frame 0
108.5397 	EXP 	Display Frame 1
108.5729 	EXP 	Display Frame 2
108.6064 	EXP 	Display Frame 3
108.6396 	EXP 	Display Frame 4
108.6731 	EXP 	Display Frame 5
108.7063 	EXP 	Display Frame 6
108.7396 	EXP 	Display Frame 7
108.7730 	EXP 	Display Frame 8
108.8063 	EXP 	Display Frame 9
108.8397 	EXP 	Display Frame 0
108.8732 	EXP 	Display Frame 1
108.9063 	EXP 	Display Frame 2
108.9397 	EXP 	Display Frame 3
108.9729 	EXP 	Display Frame 4
109.0064 	EXP 	Display Frame 5
109.0396 	EXP 	Display Frame 6
109.0731 	EXP 	Display Frame 7
109.1064 	EXP 	Display Frame 8
109.1398 	EXP 	Display Frame 9
109.1731 	EXP 	Display Frame 0
109.2065 	EXP 	Display Frame 1
109.2397 	EXP 	Display Frame 2
109.2730 	EXP 	Display Frame 3
109.3063 	EXP 	Display Frame 4
109.3398 	EXP 	Display Frame 5
109.3730 	EXP 	Display Frame 6
109.4064 	EXP 	Display Frame 7
109.4397 	EXP 	Display Frame 8
109.4730 	EXP 	Display Frame 9
109.5063 	EXP 	Display Frame 0
109.5397 	EXP 	Display Frame 1
109.5730 	EXP 	Display Frame 2
109.6063 	EXP 	Display Frame 3
109.6399 	EXP 	Display Frame 4
109.6730 	EXP 	Display Frame 5
109.7064 	EXP 	Display Frame 6
109.7396 	EXP 	Display Frame 7
109.7731 	EXP 	Display Frame 8
109.8063 	EXP 	Display Frame 9
109.8398 	EXP 	Display Frame 0
109.8729 	EXP 	Display Frame 1
109.9064 	EXP 	Display Frame 2
109.9397 	EXP 	Display Frame 3
109.9743 	EXP 	Display Frame 4
110.0064 	EXP 	Display Frame 5
110.0396 	EXP 	Display Frame 6
110.0730 	EXP 	Display Frame 7
110.1065 	EXP 	Display Frame 8
110.1396 	EXP 	Display Frame 9
110.1729 	EXP 	Display Frame 0
110.2063 	EXP 	Display Frame 1
110.2396 	EXP 	Display Frame 2
110.2730 	EXP 	Display Frame 3
110.3063 	EXP 	Display Frame 4
110.3396 	EXP 	Display Frame 5
110.3730 	EXP 	Display Frame 6
110.4063 	EXP 	Display Frame 7
110.4397 	EXP 	Display Frame 8
110.4731 	EXP 	Display Frame 9
110.5063 	EXP 	Display Frame 0
110.5397 	EXP 	Display Frame 1
110.5731 	EXP 	Display Frame 2
110.6064 	EXP 	Display Frame 3
110.6398 	EXP 	Display Frame 4
110.6730 	EXP 	Display Frame 5
110.7064 	EXP 	Display Frame 6
110.7397 	EXP 	Display Frame 7
110.7730 	EXP 	Display Frame 8
110.8064 	EXP 	Display Frame 9
110.8397 	EXP 	Display Frame 0
110.8730 	EXP 	Display Frame 1
110.9063 	EXP 	Display Frame 2
110.9397 	EXP 	Display Frame 3
110.9730 	EXP 	Display Frame 4
111.0064 	EXP 	Display Frame 5
111.0397 	EXP 	Display Frame 6
111.0730 	EXP 	Display Frame 7
111.1063 	EXP 	Display Frame 8
111.1397 	EXP 	Display Frame 9
111.1730 	EXP 	Display Frame 0
111.2064 	EXP 	Display Frame 1
111.2397 	EXP 	Display Frame 2
111.2729 	EXP 	Display Frame 3
111.3064 	EXP 	Display Frame 4
111.3397 	EXP 	Display Frame 5
111.3730 	EXP 	Display Frame 6
111.4062 	EXP 	Display Frame 7
111.4397 	EXP 	Display Frame 8
111.4742 	EXP 	Display Frame 9
111.5068 	EXP 	Display Frame 0
111.5408 	EXP 	Display Frame 1
111.5743 	EXP 	Display Frame 2
111.6073 	EXP 	Display Frame 3
111.6405 	EXP 	Display Frame 4
111.6736 	EXP 	Display Frame 5
111.7072 	EXP 	Display Frame 6
111.7401 	EXP 	Display Frame 7
111.7734 	EXP 	Display Frame 8
111.8072 	EXP 	Display Frame 9
111.8401 	EXP 	Display Frame 0
111.8735 	EXP 	Display Frame 1
111.9075 	EXP 	Display Frame 2
111.9402 	EXP 	Display Frame 3
111.9735 	EXP 	Display Frame 4
112.0075 	EXP 	Display Frame 5
112.0402 	EXP 	Display Frame 6
112.0736 	EXP 	Display Frame 7
112.1070 	EXP 	Display Frame 8
112.1403 	EXP 	Display Frame 9
112.1736 	EXP 	Display Frame 0
112.2069 	EXP 	Display Frame 1
112.2402 	EXP 	Display Frame 2
112.2739 	EXP 	Display Frame 3
112.3069 	EXP 	Display Frame 4
112.3402 	EXP 	Display Frame 5
112.3736 	EXP 	Display Frame 6
112.4072 	EXP 	Display Frame 7
112.4406 	EXP 	Display Frame 8
112.4736 	EXP 	Display Frame 9
112.5069 	EXP 	Display Frame 0
112.5403 	EXP 	Display Frame 1
112.5736 	EXP 	Display Frame 2
112.6073 	EXP 	Display Frame 3
112.6404 	EXP 	Display Frame 4
112.6735 	EXP 	Display Frame 5
112.7074 	EXP 	Display Frame 6
112.7402 	EXP 	Display Frame 7
112.7734 	EXP 	Display Frame 8
112.8069 	EXP 	Display Frame 9
112.8401 	EXP 	Display Frame 0
112.8738 	EXP 	Display Frame 1
112.9070 	EXP 	Display Frame 2
112.9405 	EXP 	Display Frame 3
112.9737 	EXP 	Display Frame 4
113.0074 	EXP 	Display Frame 5
113.0428 	EXP 	Display Frame 6
113.0743 	EXP 	Display Frame 7
113.1074 	EXP 	Display Frame 8
113.1402 	EXP 	Display Frame 9
113.1736 	EXP 	Display Frame 0
113.2069 	EXP 	Display Frame 1
113.2405 	EXP 	Display Frame 2
113.2743 	EXP 	Display Frame 3
113.3070 	EXP 	Display Frame 4
113.3405 	EXP 	Display Frame 5
113.3736 	EXP 	Display Frame 6
113.4069 	EXP 	Display Frame 7
113.4403 	EXP 	Display Frame 8
113.4737 	EXP 	Display Frame 9
113.5069 	EXP 	Display Frame 0
113.5402 	EXP 	Display Frame 1
113.5740 	EXP 	Display Frame 2
113.6070 	EXP 	Display Frame 3
113.6406 	EXP 	Display Frame 4
113.6742 	EXP 	Display Frame 5
113.7069 	EXP 	Display Frame 6
113.7403 	EXP 	Display Frame 7
113.7736 	EXP 	Display Frame 8
113.8068 	EXP 	Display Frame 9
113.8406 	EXP 	Display Frame 0
113.8735 	EXP 	Display Frame 1
113.9068 	EXP 	Display Frame 2
113.9404 	EXP 	Display Frame 3
113.9742 	EXP 	Display Frame 4
114.0070 	EXP 	Display Frame 5
114.0402 	EXP 	Display Frame 6
114.0736 	EXP 	Display Frame 7
114.1073 	EXP 	Display Frame 8
114.1401 	EXP 	Display Frame 9
114.1734 	EXP 	Display Frame 0
114.2068 	EXP 	Display Frame 1
114.2403 	EXP 	Display Frame 2
114.2735 	EXP 	Display Frame 3
114.3069 	EXP 	Display Frame 4
114.3402 	EXP 	Display Frame 5
114.3739 	EXP 	Display Frame 6
114.4073 	EXP 	Display Frame 7
114.4400 	EXP 	Display Frame 8
114.4738 	EXP 	Display Frame 9
114.5070 	EXP 	Display Frame 0
114.5401 	EXP 	Display Frame 1
114.5735 	EXP 	Display Frame 2
114.6069 	EXP 	Display Frame 3
114.6401 	EXP 	Display Frame 4
114.6737 	EXP 	Display Frame 5
114.7074 	EXP 	Display Frame 6
114.7403 	EXP 	Display Frame 7
114.7737 	EXP 	Display Frame 8
114.8072 	EXP 	Display Frame 9
114.8403 	EXP 	Display Frame 0
114.8737 	EXP 	Display Frame 1
114.9069 	EXP 	Display Frame 2
114.9405 	EXP 	Display Frame 3
114.9738 	EXP 	Display Frame 4
115.0074 	EXP 	Display Frame 5
115.0406 	EXP 	Display Frame 6
115.0738 	EXP 	Display Frame 7
115.1074 	EXP 	Display Frame 8
115.1402 	EXP 	Display Frame 9
115.1735 	EXP 	Display Frame 0
115.2074 	EXP 	Display Frame 1
115.2407 	EXP 	Display Frame 2
115.2736 	EXP 	Display Frame 3
115.3071 	EXP 	Display Frame 4
115.3406 	EXP 	Display Frame 5
115.3733 	EXP 	Display Frame 6
115.4075 	EXP 	Display Frame 7
115.4406 	EXP 	Display Frame 8
115.4734 	EXP 	Display Frame 9
115.5070 	EXP 	Display Frame 0
115.5402 	EXP 	Display Frame 1
115.5736 	EXP 	Display Frame 2
115.6070 	EXP 	Display Frame 3
115.6402 	EXP 	Display Frame 4
115.6739 	EXP 	Display Frame 5
115.7069 	EXP 	Display Frame 6
115.7407 	EXP 	Display Frame 7
115.7739 	EXP 	Display Frame 8
115.8070 	EXP 	Display Frame 9
115.8401 	EXP 	Display Frame 0
115.8736 	EXP 	Display Frame 1
115.9071 	EXP 	Display Frame 2
115.9403 	EXP 	Display Frame 3
115.9736 	EXP 	Display Frame 4
116.0067 	EXP 	Display Frame 5
116.0408 	EXP 	Display Frame 6
116.0737 	EXP 	Display Frame 7
116.1068 	EXP 	Display Frame 8
116.1405 	EXP 	Display Frame 9
116.1734 	EXP 	Display Frame 0
116.2070 	EXP 	Display Frame 1
116.2415 	EXP 	Display Frame 2
116.2734 	EXP 	Display Frame 3
116.3075 	EXP 	Display Frame 4
116.3408 	EXP 	Display Frame 5
116.3740 	EXP 	Display Frame 6
116.4073 	EXP 	Display Frame 7
116.4402 	EXP 	Display Frame 8
116.4741 	EXP 	Display Frame 9
116.5075 	EXP 	Display Frame 0
116.5409 	EXP 	Display Frame 1
116.5735 	EXP 	Display Frame 2
116.6069 	EXP 	Display Frame 3
116.6404 	EXP 	Display Frame 4
116.6735 	EXP 	Display Frame 5
116.7070 	EXP 	Display Frame 6
116.7403 	EXP 	Display Frame 7
116.7742 	EXP 	Display Frame 8
116.8069 	EXP 	Display Frame 9
116.8403 	EXP 	Display Frame 0
116.8738 	EXP 	Display Frame 1
116.9068 	EXP 	Display Frame 2
116.9402 	EXP 	Display Frame 3
116.9733 	EXP 	Display Frame 4
117.0073 	EXP 	Display Frame 5
117.0402 	EXP 	Display Frame 6
117.0738 	EXP 	Display Frame 7
117.1071 	EXP 	Display Frame 8
117.1406 	EXP 	Display Frame 9
117.1737 	EXP 	Display Frame 0
117.2069 	EXP 	Display Frame 1
117.2405 	EXP 	Display Frame 2
117.2735 	EXP 	Display Frame 3
117.3070 	EXP 	Display Frame 4
117.3404 	EXP 	Display Frame 5
117.3736 	EXP 	Display Frame 6
117.4070 	EXP 	Display Frame 7
117.4410 	EXP 	Display Frame 8
117.4736 	EXP 	Display Frame 9
117.5093 	EXP 	Display Frame 0
117.5408 	EXP 	Display Frame 1
117.5735 	EXP 	Display Frame 2
117.6068 	EXP 	Display Frame 3
117.6402 	EXP 	Display Frame 4
117.6733 	EXP 	Display Frame 5
117.7074 	EXP 	Display Frame 6
117.7403 	EXP 	Display Frame 7
117.7736 	EXP 	Display Frame 8
117.8072 	EXP 	Display Frame 9
117.8406 	EXP 	Display Frame 0
117.8739 	EXP 	Display Frame 1
117.9070 	EXP 	Display Frame 2
117.9403 	EXP 	Display Frame 3
117.9739 	EXP 	Display Frame 4
118.0073 	EXP 	Display Frame 5
118.0402 	EXP 	Display Frame 6
118.0737 	EXP 	Display Frame 7
118.1069 	EXP 	Display Frame 8
118.1408 	EXP 	Display Frame 9
118.1737 	EXP 	Display Frame 0
118.2066 	EXP 	Display Frame 1
118.2401 	EXP 	Display Frame 2
118.2736 	EXP 	Display Frame 3
118.3069 	EXP 	Display Frame 4
118.3408 	EXP 	Display Frame 5
118.3736 	EXP 	Display Frame 6
118.4068 	EXP 	Display Frame 7
118.4402 	EXP 	Display Frame 8
118.4736 	EXP 	Display Frame 9
118.5070 	EXP 	Display Frame 0
118.5402 	EXP 	Display Frame 1
118.5739 	EXP 	Display Frame 2
118.6069 	EXP 	Display Frame 3
118.6408 	EXP 	Display Frame 4
118.6737 	EXP 	Display Frame 5
118.7072 	EXP 	Display Frame 6
118.7401 	EXP 	Display Frame 7
118.7736 	EXP 	Display Frame 8
118.8071 	EXP 	Display Frame 9
118.8402 	EXP 	Display Frame 0
118.8739 	EXP 	Display Frame 1
118.9072 	EXP 	Display Frame 2
118.9400 	EXP 	Display Frame 3
118.9734 	EXP 	Display Frame 4
119.0067 	EXP 	Display Frame 5
119.0402 	EXP 	Display Frame 6
119.0735 	EXP 	Display Frame 7
119.1069 	EXP 	Display Frame 8
119.1402 	EXP 	Display Frame 9
119.1735 	EXP 	Display Frame 0
119.2070 	EXP 	Display Frame 1
119.2401 	EXP 	Display Frame 2
119.2738 	EXP 	Display Frame 3
119.3074 	EXP 	Display Frame 4
119.3402 	EXP 	Display Frame 5
119.3735 	EXP 	Display Frame 6
119.4071 	EXP 	Display Frame 7
119.4404 	EXP 	Display Frame 8
119.4735 	EXP 	Display Frame 9
119.5069 	EXP 	Display Frame 0
119.5405 	EXP 	Display Frame 1
119.5735 	EXP 	Display Frame 2
119.6071 	EXP 	Display Frame 3
119.6408 	EXP 	Display Frame 4
119.6734 	EXP 	Display Frame 5
119.7073 	EXP 	Display Frame 6
119.7406 	EXP 	Display Frame 7
119.7737 	EXP 	Display Frame 8
119.8071 	EXP 	Display Frame 9
119.8401 	EXP 	Display Frame 0
119.8736 	EXP 	Display Frame 1
119.9067 	EXP 	Display Frame 2
119.9402 	EXP 	Display Frame 3
119.9736 	EXP 	Display Frame 4
120.0072 	EXP 	Display Frame 5
120.0406 	EXP 	Display Frame 6
120.0731 	EXP 	Display Frame 7
120.1068 	EXP 	Display Frame 8
120.1405 	EXP 	Display Frame 9
120.1736 	EXP 	Display Frame 0
120.2069 	EXP 	Display Frame 1
120.2401 	EXP 	Display Frame 2
120.2755 	EXP 	Display Frame 3
120.3066 	EXP 	Display Frame 4
120.3405 	EXP 	Display Frame 5
120.3741 	EXP 	Display Frame 6
120.4075 	EXP 	Display Frame 7
120.4406 	EXP 	Display Frame 8
120.4745 	EXP 	Display Frame 9
120.5068 	EXP 	Display Frame 0
120.5406 	EXP 	Display Frame 1
120.5740 	EXP 	Display Frame 2
120.6075 	EXP 	Display Frame 3
120.6402 	EXP 	Display Frame 4
120.6729 	EXP 	Display Frame 5
120.7063 	EXP 	Display Frame 6
120.7396 	EXP 	Display Frame 7
120.7730 	EXP 	Display Frame 8
120.8063 	EXP 	Display Frame 9
120.8398 	EXP 	Display Frame 0
120.8729 	EXP 	Display Frame 1
120.9063 	EXP 	Display Frame 2
120.9396 	EXP 	Display Frame 3
120.9729 	EXP 	Display Frame 4
121.0063 	EXP 	Display Frame 5
121.0396 	EXP 	Display Frame 6
121.0729 	EXP 	Display Frame 7
121.1063 	EXP 	Display Frame 8
121.1396 	EXP 	Display Frame 9
121.1730 	EXP 	Display Frame 0
121.2063 	EXP 	Display Frame 1
121.2073 	DATA 	Keypress: q
121.2206 	EXP 	topMsg: height = 0.1
121.2206 	EXP 	topMsg: height = 0.1
121.2206 	EXP 	topMsg: text = "Thank you very much! \n\nThat's it with the tapping"
121.2206 	EXP 	bottomMsg: height = 0.1
121.2206 	EXP 	bottomMsg: height = 0.1
121.2206 	EXP 	bottomMsg: text = "Please relax for the ramaining time \n\n Press 'q' or 'escape' to end the session."
121.2206 	EXP 	Display TheEnd
121.7056 	DATA 	Keypress: q
121.7884 	EXP 	win: mouseVisible = True
