1.0727 	WARNING 	We strongly recommend you activate the PTB sound engine in PsychoPy prefs as the preferred audio engine. Its timing is vastly superior. Your prefs are currently set to use ['sounddevice', 'PTB', 'pyo', 'pygame'] (in that order).
6.2784 	INFO 	---START PARAMETERS---
6.2785 	INFO 	filename: TappingWithTrTiming_Movie_d3.py-1tt==============-258-Apr_17_1529
6.2785 	INFO 	subject: 1tt==============
6.2785 	INFO 	session: 258
6.2785 	INFO 	date: Apr_17_1529
6.2786 	INFO 	blockDur_TRs: 20
6.2786 	INFO 	condition: TapRight
6.2786 	INFO 	fixCrossPos: [0, 0]
6.2786 	INFO 	fixCrossSize: 100
6.2786 	INFO 	fullScreen: True
6.2786 	INFO 	movieFolder: Images/
6.2786 	INFO 	movieSize: (1600, 1000)
6.2786 	INFO 	nBlocks: 68
6.2786 	INFO 	promptDir: Text/
6.2786 	INFO 	restDur_TRs: 20
6.2786 	INFO 	screenColor: (128, 128, 128)
6.2786 	INFO 	screenToShow: 1
6.2786 	INFO 	skipPrompts: False
6.2786 	INFO 	tStartup_TRs: 0
6.2786 	INFO 	textHeight: 40
6.2786 	INFO 	triggerKey: s
6.2786 	INFO 	---END PARAMETERS---
7.1441 	INFO 	Loaded monitor calibration from ['2022_03_25 08:03']
7.3930 	EXP 	Created win = Window(allowGUI=False, allowStencil=False, autoLog=True, backendConf=UNKNOWN, bitsMode=UNKNOWN, blendMode='avg', bpc=(8, 8, 8), color=array([128, 128, 128]), colorSpace='rgb255', depthBits=8, fullscr=<method-wrapper '__getattribute__' of attributeSetter object at 0x7fee5a07ebe0>, gamma=None, gammaErrorPolicy='raise', lms=UNKNOWN, monitor=<psychopy.monitors.calibTools.Monitor object at 0x7feeb0e5c220>, multiSample=False, name='win', numSamples=2, pos=[480.0, 270.0], screen=1, size=array([3840, 2160]), stencilBits=0, stereo=False, units='deg', useFBO=False, useRetina=True, viewOri=0.0, viewPos=None, viewScale=None, waitBlanking=True, winType='pyglet')
7.3931 	EXP 	win: mouseVisible = True
7.3953 	EXP 	Created fixCross = ShapeStim(__class__=<class 'psychopy.visual.shape.ShapeStim'>, anchor=('center', 'center'), autoDraw=False, autoLog=True, closeShape=False, color=method-wrapper(...), colorSpace='rgb', contrast=None, depth=0, fillColor=array([0, 0, 0]), fillColorSpace='rgb', fillRGB=array([0, 0, 0]), interpolate=True, lineColor=array([-1., -1., -1.]), lineColorSpace='rgb', lineRGB=array([-1., -1., -1.]), lineWidth=3.0, name='fixCross', opacity=0.5, ori=0.0, pos=array([0., 0.]), size=array([1., 1.]), units='pix', vertices=ndarray(...), win=Window(...), windingRule=None)
7.3956 	WARNING 	TextStim.alignHoriz is deprecated. Use alignText and anchorHoriz attributes instead
7.4115 	EXP 	Created topMsg = TextStim(__class__=<class 'psychopy.visual.text.TextStim'>, alignHoriz='center', alignText='center', alignVert=method-wrapper(...), anchorHoriz='center', anchorVert='center', antialias=True, autoLog=True, bold=False, color=array([-1., -1., -1.]), colorSpace='rgb', contrast=1.0, depth=0, flipHoriz=False, flipVert=False, font='', fontFiles=[], height=0.1, italic=False, languageStyle='LTR', name='topMsg', opacity=1.0, ori=0.0, pos=array([0. , 0.5]), rgb=UNKNOWN, text='aaa', units='norm', win=Window(...), wrapWidth=1.5)
7.4116 	WARNING 	TextStim.alignHoriz is deprecated. Use alignText and anchorHoriz attributes instead
7.4135 	EXP 	Created bottomMsg = TextStim(__class__=<class 'psychopy.visual.text.TextStim'>, alignHoriz='center', alignText='center', alignVert=method-wrapper(...), anchorHoriz='center', anchorVert='center', antialias=True, autoLog=True, bold=False, color=array([-1., -1., -1.]), colorSpace='rgb', contrast=1.0, depth=0, flipHoriz=False, flipVert=False, font='', fontFiles=[], height=0.1, italic=False, languageStyle='LTR', name='bottomMsg', opacity=1.0, ori=0.0, pos=array([ 0. , -0.5]), rgb=UNKNOWN, text='bbb', units='norm', win=Window(...), wrapWidth=1.5)
7.4869 	EXP 	Created Movie Frame 0 = ImageStim(__class__=<class 'psychopy.visual.image.ImageStim'>, anchor=('center', 'center'), autoLog=True, color=array([1., 1., 1.]), colorSpace='rgb', contrast=1.0, depth=0, flipHoriz=False, flipVert=False, image='Images/right_0.png', interpolate=False, mask=None, maskParams=None, name='Movie Frame 0', opacity=1, ori=0.0, pos=array([0., 0.]), size=array([1600., 1000.]), texRes=128, units='pix', win=Window(...))
7.5633 	EXP 	Created Movie Frame 1 = ImageStim(__class__=<class 'psychopy.visual.image.ImageStim'>, anchor=('center', 'center'), autoLog=True, color=array([1., 1., 1.]), colorSpace='rgb', contrast=1.0, depth=0, flipHoriz=False, flipVert=False, image='Images/right_1.png', interpolate=False, mask=None, maskParams=None, name='Movie Frame 1', opacity=1, ori=0.0, pos=array([0., 0.]), size=array([1600., 1000.]), texRes=128, units='pix', win=Window(...))
7.6297 	EXP 	Created Movie Frame 2 = ImageStim(__class__=<class 'psychopy.visual.image.ImageStim'>, anchor=('center', 'center'), autoLog=True, color=array([1., 1., 1.]), colorSpace='rgb', contrast=1.0, depth=0, flipHoriz=False, flipVert=False, image='Images/right_2.png', interpolate=False, mask=None, maskParams=None, name='Movie Frame 2', opacity=1, ori=0.0, pos=array([0., 0.]), size=array([1600., 1000.]), texRes=128, units='pix', win=Window(...))
7.6942 	EXP 	Created Movie Frame 3 = ImageStim(__class__=<class 'psychopy.visual.image.ImageStim'>, anchor=('center', 'center'), autoLog=True, color=array([1., 1., 1.]), colorSpace='rgb', contrast=1.0, depth=0, flipHoriz=False, flipVert=False, image='Images/right_3.png', interpolate=False, mask=None, maskParams=None, name='Movie Frame 3', opacity=1, ori=0.0, pos=array([0., 0.]), size=array([1600., 1000.]), texRes=128, units='pix', win=Window(...))
7.7561 	EXP 	Created Movie Frame 4 = ImageStim(__class__=<class 'psychopy.visual.image.ImageStim'>, anchor=('center', 'center'), autoLog=True, color=array([1., 1., 1.]), colorSpace='rgb', contrast=1.0, depth=0, flipHoriz=False, flipVert=False, image='Images/right_4.png', interpolate=False, mask=None, maskParams=None, name='Movie Frame 4', opacity=1, ori=0.0, pos=array([0., 0.]), size=array([1600., 1000.]), texRes=128, units='pix', win=Window(...))
7.8179 	EXP 	Created Movie Frame 5 = ImageStim(__class__=<class 'psychopy.visual.image.ImageStim'>, anchor=('center', 'center'), autoLog=True, color=array([1., 1., 1.]), colorSpace='rgb', contrast=1.0, depth=0, flipHoriz=False, flipVert=False, image='Images/right_5.png', interpolate=False, mask=None, maskParams=None, name='Movie Frame 5', opacity=1, ori=0.0, pos=array([0., 0.]), size=array([1600., 1000.]), texRes=128, units='pix', win=Window(...))
7.8789 	EXP 	Created Movie Frame 6 = ImageStim(__class__=<class 'psychopy.visual.image.ImageStim'>, anchor=('center', 'center'), autoLog=True, color=array([1., 1., 1.]), colorSpace='rgb', contrast=1.0, depth=0, flipHoriz=False, flipVert=False, image='Images/right_6.png', interpolate=False, mask=None, maskParams=None, name='Movie Frame 6', opacity=1, ori=0.0, pos=array([0., 0.]), size=array([1600., 1000.]), texRes=128, units='pix', win=Window(...))
7.9388 	EXP 	Created Movie Frame 7 = ImageStim(__class__=<class 'psychopy.visual.image.ImageStim'>, anchor=('center', 'center'), autoLog=True, color=array([1., 1., 1.]), colorSpace='rgb', contrast=1.0, depth=0, flipHoriz=False, flipVert=False, image='Images/right_7.png', interpolate=False, mask=None, maskParams=None, name='Movie Frame 7', opacity=1, ori=0.0, pos=array([0., 0.]), size=array([1600., 1000.]), texRes=128, units='pix', win=Window(...))
7.9995 	EXP 	Created Movie Frame 8 = ImageStim(__class__=<class 'psychopy.visual.image.ImageStim'>, anchor=('center', 'center'), autoLog=True, color=array([1., 1., 1.]), colorSpace='rgb', contrast=1.0, depth=0, flipHoriz=False, flipVert=False, image='Images/right_8.png', interpolate=False, mask=None, maskParams=None, name='Movie Frame 8', opacity=1, ori=0.0, pos=array([0., 0.]), size=array([1600., 1000.]), texRes=128, units='pix', win=Window(...))
8.0607 	EXP 	Created Movie Frame 9 = ImageStim(__class__=<class 'psychopy.visual.image.ImageStim'>, anchor=('center', 'center'), autoLog=True, color=array([1., 1., 1.]), colorSpace='rgb', contrast=1.0, depth=0, flipHoriz=False, flipVert=False, image='Images/right_9.png', interpolate=False, mask=None, maskParams=None, name='Movie Frame 9', opacity=1, ori=0.0, pos=array([0., 0.]), size=array([1600., 1000.]), texRes=128, units='pix', win=Window(...))
8.0679 	EXP 	Created unnamed TextStim = TextStim(__class__=<class 'psychopy.visual.text.TextStim'>, alignHoriz=method-wrapper(...), alignText='center', alignVert=method-wrapper(...), anchorHoriz='center', anchorVert='center', antialias=True, autoLog=True, bold=False, color=array([-1., -1., -1.]), colorSpace='rgb', contrast=1.0, depth=0, flipHoriz=False, flipVert=False, font='', fontFiles=[], height=40.0, italic=False, languageStyle='LTR', name='unnamed TextStim', opacity=1.0, ori=0.0, pos=array([  0., 580.]), rgb=UNKNOWN, text='Tap along with the video.', units='pix', win=Window(...), wrapWidth=1600)
8.0822 	EXP 	topMsg: height = 0.1
8.0822 	EXP 	topMsg: height = 0.1
8.0822 	EXP 	topMsg: text = 'You will see a movie of a finger tapping. When it is on the screen, try to use the hand indicated to tap your fingers at the same times as the movie does. When the fixation cross appears, relax and stare at the cross.'
8.0822 	EXP 	bottomMsg: height = 0.1
8.0822 	EXP 	bottomMsg: height = 0.1
8.0822 	EXP 	bottomMsg: text = 'The experiment will begin shortly'
8.0822 	EXP 	Display Instructions1
15.8439 	DATA 	Keypress: s
15.8780 	EXP 	topMsg: height = 0.1
15.8780 	EXP 	topMsg: height = 0.1
15.8780 	EXP 	topMsg: text = "Please don't move..."
15.8780 	EXP 	bottomMsg: height = 0.1
15.8780 	EXP 	bottomMsg: height = 0.1
15.8780 	EXP 	bottomMsg: text = ''
15.8780 	EXP 	PleaseDontMove
15.9951 	DATA 	Keypress: s
15.9984 	EXP 	Display Fixation
15.9985 	EXP 	---START EXPERIMENT---
15.9998 	EXP 	Display Fixation
16.1155 	DATA 	Keypress: s
16.4105 	DATA 	Keypress: s
16.5666 	DATA 	Keypress: s
16.7235 	DATA 	Keypress: s
16.8689 	DATA 	Keypress: s
17.0232 	DATA 	Keypress: s
17.1655 	DATA 	Keypress: s
17.3083 	DATA 	Keypress: s
17.4655 	DATA 	Keypress: s
17.6082 	DATA 	Keypress: s
17.7529 	DATA 	Keypress: s
17.8989 	DATA 	Keypress: s
18.0570 	DATA 	Keypress: s
18.2242 	DATA 	Keypress: s
18.3762 	DATA 	Keypress: s
18.5360 	DATA 	Keypress: s
18.6911 	DATA 	Keypress: s
18.8414 	DATA 	Keypress: s
18.9913 	DATA 	Keypress: s
19.1518 	DATA 	Keypress: s
19.2548 	EXP 	Display Frame 1
19.3530 	DATA 	Keypress: s
19.3547 	EXP 	Display Frame 2
19.4539 	EXP 	Display Frame 3
19.5527 	DATA 	Keypress: s
19.5546 	EXP 	Display Frame 4
19.6526 	DATA 	Keypress: s
19.6538 	EXP 	Display Frame 5
19.7535 	EXP 	Display Frame 6
19.8526 	DATA 	Keypress: s
19.8544 	EXP 	Display Frame 7
19.9531 	EXP 	Display Frame 8
20.0525 	DATA 	Keypress: s
20.0541 	EXP 	Display Frame 9
20.1532 	EXP 	Display Frame 0
20.2525 	DATA 	Keypress: s
20.2544 	EXP 	Display Frame 1
20.3529 	DATA 	Keypress: s
20.3545 	EXP 	Display Frame 2
20.4533 	EXP 	Display Frame 3
20.5525 	DATA 	Keypress: s
20.5539 	EXP 	Display Frame 4
20.6535 	EXP 	Display Frame 5
20.7534 	EXP 	Display Frame 6
20.8536 	EXP 	Display Frame 7
20.9536 	EXP 	Display Frame 8
21.0535 	EXP 	Display Frame 9
21.1536 	EXP 	Display Frame 0
21.2536 	EXP 	Display Frame 1
21.3536 	EXP 	Display Frame 2
21.4536 	EXP 	Display Frame 3
21.5537 	EXP 	Display Frame 4
21.6536 	EXP 	Display Frame 5
21.7536 	EXP 	Display Frame 6
21.8535 	EXP 	Display Frame 7
21.9538 	EXP 	Display Frame 8
22.0534 	EXP 	Display Frame 9
22.1532 	EXP 	Display Frame 0
22.2554 	EXP 	Display Frame 1
22.3534 	EXP 	Display Frame 2
22.4536 	EXP 	Display Frame 3
22.5535 	EXP 	Display Frame 4
22.6536 	EXP 	Display Frame 5
22.7535 	EXP 	Display Frame 6
22.8533 	EXP 	Display Frame 7
22.9533 	EXP 	Display Frame 8
23.0536 	EXP 	Display Frame 9
23.1535 	EXP 	Display Frame 0
23.2534 	EXP 	Display Frame 1
23.3535 	EXP 	Display Frame 2
23.4536 	EXP 	Display Frame 3
23.5536 	EXP 	Display Frame 4
23.6535 	EXP 	Display Frame 5
23.7536 	EXP 	Display Frame 6
23.8536 	EXP 	Display Frame 7
23.9533 	EXP 	Display Frame 8
24.0534 	EXP 	Display Frame 9
24.1534 	EXP 	Display Frame 0
24.2532 	EXP 	Display Frame 1
24.3538 	EXP 	Display Frame 2
24.4535 	EXP 	Display Frame 3
24.5534 	EXP 	Display Frame 4
24.6535 	EXP 	Display Frame 5
24.7536 	EXP 	Display Frame 6
24.8533 	EXP 	Display Frame 7
24.9536 	EXP 	Display Frame 8
25.0533 	EXP 	Display Frame 9
25.1534 	EXP 	Display Frame 0
25.2535 	EXP 	Display Frame 1
25.3535 	EXP 	Display Frame 2
25.4536 	EXP 	Display Frame 3
25.5541 	EXP 	Display Frame 4
25.6533 	EXP 	Display Frame 5
25.7535 	EXP 	Display Frame 6
25.8535 	EXP 	Display Frame 7
25.9535 	EXP 	Display Frame 8
26.0535 	EXP 	Display Frame 9
26.1535 	EXP 	Display Frame 0
26.2536 	EXP 	Display Frame 1
26.3533 	EXP 	Display Frame 2
26.4535 	EXP 	Display Frame 3
26.5535 	EXP 	Display Frame 4
26.6535 	EXP 	Display Frame 5
26.7537 	EXP 	Display Frame 6
26.8535 	EXP 	Display Frame 7
26.9536 	EXP 	Display Frame 8
27.0534 	EXP 	Display Frame 9
27.1533 	EXP 	Display Frame 0
27.2535 	EXP 	Display Frame 1
27.2546 	DATA 	Keypress: equal
27.3664 	EXP 	Display Frame 2
27.4529 	DATA 	Keypress: equal
27.4547 	EXP 	Display Frame 3
27.5526 	DATA 	Keypress: equal
27.5538 	EXP 	Display Frame 4
27.6535 	EXP 	Display Frame 5
27.7525 	DATA 	Keypress: equal
27.7543 	EXP 	Display Frame 6
27.8525 	DATA 	Keypress: equal
27.8539 	EXP 	Display Frame 7
27.9536 	EXP 	Display Frame 8
28.0525 	DATA 	Keypress: equal
28.0541 	EXP 	Display Frame 9
28.1524 	DATA 	Keypress: equal
28.1537 	EXP 	Display Frame 0
28.2526 	DATA 	Keypress: equal
28.2540 	EXP 	Display Frame 1
28.3536 	EXP 	Display Frame 2
28.4525 	DATA 	Keypress: equal
28.4540 	EXP 	Display Frame 3
28.5524 	DATA 	Keypress: equal
28.5539 	EXP 	Display Frame 4
28.6534 	EXP 	Display Frame 5
28.7525 	DATA 	Keypress: equal
28.7540 	EXP 	Display Frame 6
28.8525 	DATA 	Keypress: equal
28.8538 	EXP 	Display Frame 7
28.9535 	EXP 	Display Frame 8
29.0525 	DATA 	Keypress: equal
29.0542 	EXP 	Display Frame 9
29.1525 	DATA 	Keypress: equal
29.1538 	EXP 	Display Frame 0
29.2527 	DATA 	Keypress: equal
29.2546 	EXP 	Display Frame 1
29.3535 	EXP 	Display Frame 2
29.4525 	DATA 	Keypress: equal
29.4538 	EXP 	Display Frame 3
29.5526 	DATA 	Keypress: equal
29.5540 	EXP 	Display Frame 4
29.6535 	EXP 	Display Frame 5
29.7524 	DATA 	Keypress: equal
29.7540 	EXP 	Display Frame 6
29.8524 	DATA 	Keypress: equal
29.8539 	EXP 	Display Frame 7
29.9526 	DATA 	Keypress: equal
29.9540 	EXP 	Display Frame 8
30.0535 	EXP 	Display Frame 9
30.1535 	EXP 	Display Frame 0
30.2535 	EXP 	Display Frame 1
30.3534 	EXP 	Display Frame 2
30.4536 	EXP 	Display Frame 3
30.5535 	EXP 	Display Frame 4
30.6538 	EXP 	Display Frame 5
30.7537 	EXP 	Display Frame 6
30.8534 	EXP 	Display Frame 7
30.9536 	EXP 	Display Frame 8
31.0536 	EXP 	Display Frame 9
31.1537 	EXP 	Display Frame 0
31.2534 	EXP 	Display Frame 1
31.3540 	EXP 	Display Frame 2
31.4535 	EXP 	Display Frame 3
31.5536 	EXP 	Display Frame 4
31.6533 	EXP 	Display Frame 5
31.7537 	EXP 	Display Frame 6
31.8534 	EXP 	Display Frame 7
31.9541 	EXP 	Display Frame 8
32.0535 	EXP 	Display Frame 9
32.1533 	EXP 	Display Frame 0
32.2535 	EXP 	Display Frame 1
32.3534 	EXP 	Display Frame 2
32.4536 	EXP 	Display Frame 3
32.5534 	EXP 	Display Frame 4
32.6532 	EXP 	Display Frame 5
32.7535 	EXP 	Display Frame 6
32.8532 	EXP 	Display Frame 7
32.9534 	EXP 	Display Frame 8
33.0534 	EXP 	Display Frame 9
33.1534 	EXP 	Display Frame 0
33.2534 	EXP 	Display Frame 1
33.3534 	EXP 	Display Frame 2
33.4534 	EXP 	Display Frame 3
33.5536 	EXP 	Display Frame 4
33.6535 	EXP 	Display Frame 5
33.7532 	EXP 	Display Frame 6
33.8536 	EXP 	Display Frame 7
33.9534 	EXP 	Display Frame 8
34.0535 	EXP 	Display Frame 9
34.1535 	EXP 	Display Frame 0
34.2535 	EXP 	Display Frame 1
34.3537 	EXP 	Display Frame 2
34.4532 	EXP 	Display Frame 3
34.5537 	EXP 	Display Frame 4
34.6535 	EXP 	Display Frame 5
34.7540 	EXP 	Display Frame 6
34.8534 	EXP 	Display Frame 7
34.9535 	EXP 	Display Frame 8
35.0535 	EXP 	Display Frame 9
35.1533 	EXP 	Display Frame 0
35.2539 	EXP 	Display Frame 1
35.3532 	EXP 	Display Frame 2
35.4535 	EXP 	Display Frame 3
35.5536 	EXP 	Display Frame 4
35.6533 	EXP 	Display Frame 5
35.7539 	EXP 	Display Frame 6
35.8533 	EXP 	Display Frame 7
35.9540 	EXP 	Display Frame 8
36.0534 	EXP 	Display Frame 9
36.1534 	EXP 	Display Frame 0
36.2536 	EXP 	Display Frame 1
36.3532 	EXP 	Display Frame 2
36.4539 	EXP 	Display Frame 3
36.5534 	EXP 	Display Frame 4
36.6540 	EXP 	Display Frame 5
36.7532 	EXP 	Display Frame 6
36.8537 	EXP 	Display Frame 7
36.9536 	EXP 	Display Frame 8
37.0533 	EXP 	Display Frame 9
37.1534 	EXP 	Display Frame 0
37.2534 	EXP 	Display Frame 1
37.3548 	EXP 	Display Frame 2
37.4535 	EXP 	Display Frame 3
37.5534 	EXP 	Display Frame 4
37.6534 	EXP 	Display Frame 5
37.7536 	EXP 	Display Frame 6
37.8532 	EXP 	Display Frame 7
37.9534 	EXP 	Display Frame 8
38.0535 	EXP 	Display Frame 9
38.1536 	EXP 	Display Frame 0
38.2537 	EXP 	Display Frame 1
38.3536 	EXP 	Display Frame 2
38.4535 	EXP 	Display Frame 3
38.5531 	DATA 	Keypress: s
38.5547 	EXP 	Display Frame 4
38.6528 	DATA 	Keypress: s
38.6545 	EXP 	Display Frame 5
38.7536 	EXP 	Display Frame 6
38.8525 	DATA 	Keypress: s
38.8539 	EXP 	Display Frame 7
38.9536 	EXP 	Display Frame 8
39.0525 	DATA 	Keypress: s
39.0545 	EXP 	Display Frame 9
39.1525 	DATA 	Keypress: s
39.1537 	EXP 	Display Frame 0
39.2535 	EXP 	Display Frame 1
39.3525 	DATA 	Keypress: s
39.3539 	EXP 	Display Frame 2
39.4536 	EXP 	Display Frame 3
39.5524 	DATA 	Keypress: s
39.5542 	EXP 	Display Frame 4
39.6525 	DATA 	Keypress: s
39.6539 	EXP 	Display Frame 5
39.7537 	EXP 	Display Frame 6
39.8525 	DATA 	Keypress: s
39.8540 	EXP 	Display Frame 7
39.9537 	EXP 	Display Frame 8
39.9542 	DATA 	Keypress: s
40.0537 	EXP 	Display Frame 9
40.1536 	EXP 	Display Frame 0
40.2535 	EXP 	Display Frame 1
40.3535 	EXP 	Display Frame 2
40.4536 	EXP 	Display Frame 3
40.5536 	EXP 	Display Frame 4
40.6536 	EXP 	Display Frame 5
40.7535 	EXP 	Display Frame 6
40.8533 	EXP 	Display Frame 7
40.9536 	EXP 	Display Frame 8
41.0535 	EXP 	Display Frame 9
41.1535 	EXP 	Display Frame 0
41.2536 	EXP 	Display Frame 1
41.3537 	EXP 	Display Frame 2
41.4536 	EXP 	Display Frame 3
41.5535 	EXP 	Display Frame 4
41.6535 	EXP 	Display Frame 5
41.7535 	EXP 	Display Frame 6
41.8535 	EXP 	Display Frame 7
41.9534 	EXP 	Display Frame 8
42.0536 	EXP 	Display Frame 9
42.1532 	EXP 	Display Frame 0
42.2534 	EXP 	Display Frame 1
42.3534 	EXP 	Display Frame 2
42.4536 	EXP 	Display Frame 3
42.5535 	EXP 	Display Frame 4
42.6535 	EXP 	Display Frame 5
42.7536 	EXP 	Display Frame 6
42.8535 	EXP 	Display Frame 7
42.9535 	EXP 	Display Frame 8
43.0535 	EXP 	Display Frame 9
43.1535 	EXP 	Display Frame 0
43.2534 	EXP 	Display Frame 1
43.3672 	EXP 	Display Frame 2
43.4535 	EXP 	Display Frame 3
43.5537 	EXP 	Display Frame 4
43.6534 	EXP 	Display Frame 5
43.7534 	EXP 	Display Frame 6
43.8534 	EXP 	Display Frame 7
43.9535 	EXP 	Display Frame 8
44.0534 	EXP 	Display Frame 9
44.1534 	EXP 	Display Frame 0
44.2535 	EXP 	Display Frame 1
44.3536 	EXP 	Display Frame 2
44.4534 	EXP 	Display Frame 3
44.5537 	EXP 	Display Frame 4
44.6545 	EXP 	Display Frame 5
44.7534 	EXP 	Display Frame 6
44.8534 	EXP 	Display Frame 7
44.9537 	EXP 	Display Frame 8
45.0535 	EXP 	Display Frame 9
45.1536 	EXP 	Display Frame 0
45.2535 	EXP 	Display Frame 1
45.3535 	EXP 	Display Frame 2
45.4534 	EXP 	Display Frame 3
45.5534 	EXP 	Display Frame 4
45.6535 	EXP 	Display Frame 5
45.7533 	EXP 	Display Frame 6
45.8535 	EXP 	Display Frame 7
45.9535 	EXP 	Display Frame 8
46.0536 	EXP 	Display Frame 9
46.1535 	EXP 	Display Frame 0
46.2536 	EXP 	Display Frame 1
46.3537 	EXP 	Display Frame 2
46.4535 	EXP 	Display Frame 3
46.5534 	EXP 	Display Frame 4
46.6538 	EXP 	Display Frame 5
46.7535 	EXP 	Display Frame 6
46.8534 	EXP 	Display Frame 7
46.9536 	EXP 	Display Frame 8
47.0534 	EXP 	Display Frame 9
47.1533 	EXP 	Display Frame 0
47.2532 	EXP 	Display Frame 1
47.3535 	EXP 	Display Frame 2
47.4535 	EXP 	Display Frame 3
47.5537 	EXP 	Display Frame 4
47.6535 	EXP 	Display Frame 5
47.7536 	EXP 	Display Frame 6
47.8534 	EXP 	Display Frame 7
47.9535 	EXP 	Display Frame 8
48.0535 	EXP 	Display Frame 9
48.1533 	EXP 	Display Frame 0
48.2533 	EXP 	Display Frame 1
48.3536 	EXP 	Display Frame 2
48.4536 	EXP 	Display Frame 3
48.5536 	EXP 	Display Frame 4
48.6533 	EXP 	Display Frame 5
48.7535 	EXP 	Display Frame 6
48.8533 	EXP 	Display Frame 7
48.9536 	EXP 	Display Frame 8
49.0536 	EXP 	Display Frame 9
49.1536 	EXP 	Display Frame 0
49.2536 	EXP 	Display Frame 1
49.3536 	EXP 	Display Frame 2
49.4536 	EXP 	Display Frame 3
49.5536 	EXP 	Display Frame 4
49.6536 	EXP 	Display Frame 5
49.7535 	EXP 	Display Frame 6
49.8535 	EXP 	Display Frame 7
49.9536 	EXP 	Display Frame 8
50.0535 	EXP 	Display Frame 9
50.1536 	EXP 	Display Frame 0
50.2536 	EXP 	Display Frame 1
50.3536 	EXP 	Display Frame 2
50.4536 	EXP 	Display Frame 3
50.5536 	EXP 	Display Frame 4
50.6535 	EXP 	Display Frame 5
50.7536 	EXP 	Display Frame 6
50.8536 	EXP 	Display Frame 7
50.9538 	EXP 	Display Frame 8
51.0537 	EXP 	Display Frame 9
51.1536 	EXP 	Display Frame 0
51.2536 	EXP 	Display Frame 1
51.3536 	EXP 	Display Frame 2
51.4536 	EXP 	Display Frame 3
51.5536 	EXP 	Display Frame 4
51.6535 	EXP 	Display Frame 5
51.7536 	EXP 	Display Frame 6
51.8536 	EXP 	Display Frame 7
51.9536 	EXP 	Display Frame 8
52.0579 	EXP 	Display Frame 9
52.1535 	EXP 	Display Frame 0
52.2536 	EXP 	Display Frame 1
52.3536 	EXP 	Display Frame 2
52.4545 	EXP 	Display Frame 3
52.5536 	EXP 	Display Frame 4
52.6536 	EXP 	Display Frame 5
52.7536 	EXP 	Display Frame 6
52.8536 	EXP 	Display Frame 7
52.9536 	EXP 	Display Frame 8
53.0536 	EXP 	Display Frame 9
53.1537 	EXP 	Display Frame 0
53.2535 	EXP 	Display Frame 1
53.3536 	EXP 	Display Frame 2
53.4535 	EXP 	Display Frame 3
53.5536 	EXP 	Display Frame 4
53.6536 	EXP 	Display Frame 5
53.7536 	EXP 	Display Frame 6
53.8536 	EXP 	Display Frame 7
53.9536 	EXP 	Display Frame 8
54.0535 	EXP 	Display Frame 9
54.1535 	EXP 	Display Frame 0
54.2533 	EXP 	Display Frame 1
54.3535 	EXP 	Display Frame 2
54.4536 	EXP 	Display Frame 3
54.5535 	EXP 	Display Frame 4
54.6536 	EXP 	Display Frame 5
54.7535 	DATA 	Keypress: s
54.7556 	EXP 	Display Frame 6
54.8536 	EXP 	Display Frame 7
54.9536 	EXP 	Display Frame 8
55.0537 	EXP 	Display Frame 9
55.1536 	EXP 	Display Frame 0
55.2535 	EXP 	Display Frame 1
55.3536 	EXP 	Display Frame 2
55.4536 	EXP 	Display Frame 3
55.5536 	EXP 	Display Frame 4
55.6536 	EXP 	Display Frame 5
55.7536 	EXP 	Display Frame 6
55.8535 	EXP 	Display Frame 7
55.9536 	EXP 	Display Frame 8
56.0535 	EXP 	Display Frame 9
56.1536 	EXP 	Display Frame 0
56.2536 	EXP 	Display Frame 1
56.3536 	EXP 	Display Frame 2
56.4536 	EXP 	Display Frame 3
56.5536 	EXP 	Display Frame 4
56.6536 	EXP 	Display Frame 5
56.7536 	EXP 	Display Frame 6
56.8536 	EXP 	Display Frame 7
56.9536 	EXP 	Display Frame 8
57.0533 	EXP 	Display Frame 9
57.1534 	EXP 	Display Frame 0
57.2537 	EXP 	Display Frame 1
57.3538 	EXP 	Display Frame 2
57.4535 	EXP 	Display Frame 3
57.5534 	EXP 	Display Frame 4
57.6536 	EXP 	Display Frame 5
57.7536 	EXP 	Display Frame 6
57.8536 	EXP 	Display Frame 7
57.9536 	EXP 	Display Frame 8
58.0536 	EXP 	Display Frame 9
58.1537 	EXP 	Display Frame 0
58.2535 	EXP 	Display Frame 1
58.3534 	EXP 	Display Frame 2
58.4536 	EXP 	Display Frame 3
58.5535 	EXP 	Display Frame 4
58.6536 	EXP 	Display Frame 5
58.7535 	EXP 	Display Frame 6
58.8536 	EXP 	Display Frame 7
58.9536 	EXP 	Display Frame 8
59.0536 	EXP 	Display Frame 9
59.1535 	EXP 	Display Frame 0
59.2535 	EXP 	Display Frame 1
59.3535 	EXP 	Display Frame 2
59.4536 	EXP 	Display Frame 3
59.5536 	EXP 	Display Frame 4
59.6536 	EXP 	Display Frame 5
59.7534 	EXP 	Display Frame 6
59.8533 	EXP 	Display Frame 7
59.9534 	EXP 	Display Frame 8
60.0532 	EXP 	Display Frame 9
60.1534 	EXP 	Display Frame 0
60.2536 	EXP 	Display Frame 1
60.3536 	EXP 	Display Frame 2
60.4536 	EXP 	Display Frame 3
60.5536 	EXP 	Display Frame 4
60.6536 	EXP 	Display Frame 5
60.7536 	EXP 	Display Frame 6
60.8536 	EXP 	Display Frame 7
60.9535 	EXP 	Display Frame 8
61.0535 	EXP 	Display Frame 9
61.1538 	EXP 	Display Frame 0
61.2536 	EXP 	Display Frame 1
61.3536 	EXP 	Display Frame 2
61.4535 	EXP 	Display Frame 3
61.5536 	EXP 	Display Frame 4
61.6536 	EXP 	Display Frame 5
61.7536 	EXP 	Display Frame 6
61.8535 	EXP 	Display Frame 7
61.9535 	EXP 	Display Frame 8
62.0610 	EXP 	Display Frame 9
62.1534 	EXP 	Display Frame 0
62.2535 	EXP 	Display Frame 1
62.3537 	EXP 	Display Frame 2
62.4536 	EXP 	Display Frame 3
62.5536 	EXP 	Display Frame 4
62.6536 	EXP 	Display Frame 5
62.7536 	EXP 	Display Frame 6
62.8536 	EXP 	Display Frame 7
62.9536 	EXP 	Display Frame 8
63.0534 	DATA 	Keypress: t
63.0592 	EXP 	Display Frame 9
63.1533 	EXP 	Display Frame 0
63.2528 	DATA 	Keypress: t
63.2542 	EXP 	Display Frame 1
63.3534 	EXP 	Display Frame 2
63.4535 	EXP 	Display Frame 3
63.5536 	EXP 	Display Frame 4
63.6536 	DATA 	Keypress: t
63.6588 	EXP 	Display Frame 5
63.7536 	EXP 	Display Frame 6
63.8526 	DATA 	Keypress: a
63.8541 	EXP 	Display Frame 7
63.9527 	DATA 	Keypress: t
63.9541 	EXP 	Display Frame 8
64.0535 	EXP 	Display Frame 9
64.1533 	EXP 	Display Frame 0
64.2534 	EXP 	Display Frame 1
64.3534 	EXP 	Display Frame 2
64.4536 	EXP 	Display Frame 3
64.5536 	EXP 	Display Frame 4
64.6530 	DATA 	Keypress: s
64.6544 	EXP 	Display Frame 5
64.6564 	EXP 	Display Fixation
64.7918 	DATA 	Keypress: s
64.9567 	DATA 	Keypress: s
65.1377 	DATA 	Keypress: t
65.2312 	DATA 	Keypress: s
65.3524 	DATA 	Keypress: t
65.4075 	DATA 	Keypress: s
65.5398 	DATA 	Keypress: t
65.5522 	DATA 	Keypress: s
66.0979 	DATA 	Keypress: q
66.1138 	EXP 	topMsg: height = 0.1
66.1138 	EXP 	topMsg: height = 0.1
66.1138 	EXP 	topMsg: text = "Thank you very much! \n\nThat's it with the tapping"
66.1138 	EXP 	bottomMsg: height = 0.1
66.1138 	EXP 	bottomMsg: height = 0.1
66.1138 	EXP 	bottomMsg: text = "Please relax for the ramaining time \n\n Press 'q' or 'escape' to end the session."
66.1138 	EXP 	Display TheEnd
66.8072 	DATA 	Keypress: q
66.9004 	EXP 	win: mouseVisible = True
