0.9797 	WARNING 	We strongly recommend you activate the PTB sound engine in PsychoPy prefs as the preferred audio engine. Its timing is vastly superior. Your prefs are currently set to use ['sounddevice', 'PTB', 'pyo', 'pygame'] (in that order).
8.5148 	INFO 	---START PARAMETERS---
8.5149 	INFO 	filename: TappingWithTrTiming_Movie_d3.py-1tt============-247-Mar_04_1607
8.5149 	INFO 	subject: 1tt============
8.5149 	INFO 	session: 247
8.5149 	INFO 	date: Mar_04_1607
8.5149 	INFO 	blockDur_TRs: 6
8.5150 	INFO 	condition: vis
8.5150 	INFO 	fixCrossPos: [0, 0]
8.5150 	INFO 	fixCrossSize: 100
8.5150 	INFO 	fullScreen: True
8.5150 	INFO 	movieFolder: Images/
8.5150 	INFO 	movieSize: (1600, 1000)
8.5150 	INFO 	nBlocks: 68
8.5150 	INFO 	promptDir: Text/
8.5150 	INFO 	restDur_TRs: 6
8.5150 	INFO 	screenColor: (128, 128, 128)
8.5150 	INFO 	screenToShow: 1
8.5150 	INFO 	skipPrompts: False
8.5150 	INFO 	tStartup_TRs: 0
8.5150 	INFO 	textHeight: 40
8.5150 	INFO 	triggerKey: equal
8.5150 	INFO 	---END PARAMETERS---
9.3800 	INFO 	Loaded monitor calibration from ['2022_03_25 08:03']
10.6180 	WARNING 	Couldn't measure a consistent frame rate!
  - Is your graphics card set to sync to vertical blank?
  - Are you running other processes on your computer?

10.6210 	EXP 	Created win = Window(allowGUI=False, allowStencil=False, autoLog=True, backendConf=UNKNOWN, bitsMode=UNKNOWN, blendMode='avg', bpc=(8, 8, 8), color=array([128, 128, 128]), colorSpace='rgb255', depthBits=8, fullscr=<method-wrapper '__getattribute__' of attributeSetter object at 0x7fa42c0631f0>, gamma=None, gammaErrorPolicy='raise', lms=UNKNOWN, monitor=<psychopy.monitors.calibTools.Monitor object at 0x7fa4900a3280>, multiSample=False, name='win', numSamples=2, pos=[0.0, 0.0], screen=1, size=array([1920, 1080]), stencilBits=0, stereo=False, units='deg', useFBO=False, useRetina=False, viewOri=0.0, viewPos=None, viewScale=None, waitBlanking=True, winType='pyglet')
10.6216 	EXP 	win: mouseVisible = True
10.6312 	EXP 	Created fixCross = ShapeStim(__class__=<class 'psychopy.visual.shape.ShapeStim'>, anchor=('center', 'center'), autoDraw=False, autoLog=True, closeShape=False, color=method-wrapper(...), colorSpace='rgb', contrast=None, depth=0, fillColor=array([0, 0, 0]), fillColorSpace='rgb', fillRGB=array([0, 0, 0]), interpolate=True, lineColor=array([-1., -1., -1.]), lineColorSpace='rgb', lineRGB=array([-1., -1., -1.]), lineWidth=3.0, name='fixCross', opacity=0.5, ori=0.0, pos=array([0., 0.]), size=array([1., 1.]), units='pix', vertices=ndarray(...), win=Window(...), windingRule=None)
10.6317 	WARNING 	TextStim.alignHoriz is deprecated. Use alignText and anchorHoriz attributes instead
10.6668 	EXP 	Created topMsg = TextStim(__class__=<class 'psychopy.visual.text.TextStim'>, alignHoriz='center', alignText='center', alignVert=method-wrapper(...), anchorHoriz='center', anchorVert='center', antialias=True, autoLog=True, bold=False, color=array([-1., -1., -1.]), colorSpace='rgb', contrast=1.0, depth=0, flipHoriz=False, flipVert=False, font='', fontFiles=[], height=0.1, italic=False, languageStyle='LTR', name='topMsg', opacity=1.0, ori=0.0, pos=array([0. , 0.5]), rgb=UNKNOWN, text='aaa', units='norm', win=Window(...), wrapWidth=1.5)
10.6669 	WARNING 	TextStim.alignHoriz is deprecated. Use alignText and anchorHoriz attributes instead
10.6692 	EXP 	Created bottomMsg = TextStim(__class__=<class 'psychopy.visual.text.TextStim'>, alignHoriz='center', alignText='center', alignVert=method-wrapper(...), anchorHoriz='center', anchorVert='center', antialias=True, autoLog=True, bold=False, color=array([-1., -1., -1.]), colorSpace='rgb', contrast=1.0, depth=0, flipHoriz=False, flipVert=False, font='', fontFiles=[], height=0.1, italic=False, languageStyle='LTR', name='bottomMsg', opacity=1.0, ori=0.0, pos=array([ 0. , -0.5]), rgb=UNKNOWN, text='bbb', units='norm', win=Window(...), wrapWidth=1.5)
10.6933 	EXP 	Created Movie Frame 0 = ImageStim(__class__=<class 'psychopy.visual.image.ImageStim'>, anchor=('center', 'center'), autoLog=True, color=array([1., 1., 1.]), colorSpace='rgb', contrast=1.0, depth=0, flipHoriz=False, flipVert=False, image='Images/visual_0.png', interpolate=False, mask=None, maskParams=None, name='Movie Frame 0', opacity=1, ori=0.0, pos=array([0., 0.]), size=array([1600., 1000.]), texRes=128, units='pix', win=Window(...))
10.7038 	EXP 	Created Movie Frame 1 = ImageStim(__class__=<class 'psychopy.visual.image.ImageStim'>, anchor=('center', 'center'), autoLog=True, color=array([1., 1., 1.]), colorSpace='rgb', contrast=1.0, depth=0, flipHoriz=False, flipVert=False, image='Images/visual_1.png', interpolate=False, mask=None, maskParams=None, name='Movie Frame 1', opacity=1, ori=0.0, pos=array([0., 0.]), size=array([1600., 1000.]), texRes=128, units='pix', win=Window(...))
10.7103 	EXP 	Created unnamed TextStim = TextStim(__class__=<class 'psychopy.visual.text.TextStim'>, alignHoriz=method-wrapper(...), alignText='center', alignVert=method-wrapper(...), anchorHoriz='center', anchorVert='center', antialias=True, autoLog=True, bold=False, color=array([-1., -1., -1.]), colorSpace='rgb', contrast=1.0, depth=0, flipHoriz=False, flipVert=False, font='', fontFiles=[], height=40.0, italic=False, languageStyle='LTR', name='unnamed TextStim', opacity=1.0, ori=0.0, pos=array([  0., 580.]), rgb=UNKNOWN, text='look at the center', units='pix', win=Window(...), wrapWidth=1600)
10.7263 	WARNING 	t of last frame was 108.66ms (=1/9)
10.7263 	EXP 	topMsg: height = 0.1
10.7263 	EXP 	topMsg: height = 0.1
10.7263 	EXP 	topMsg: text = 'You will see a flickering checkerboard. When it is on the screen, try to fixate the center of the checkerboard. When the fixation cross appears, relax and stare at the cross.'
10.7263 	EXP 	bottomMsg: height = 0.1
10.7263 	EXP 	bottomMsg: height = 0.1
10.7263 	EXP 	bottomMsg: text = 'The experiment will begin shortly'
10.7263 	EXP 	Display Instructions1
11.7007 	DATA 	Keypress: t
11.7052 	WARNING 	t of last frame was 978.81ms (=1/1)
11.7052 	EXP 	topMsg: height = 0.1
11.7052 	EXP 	topMsg: height = 0.1
11.7052 	EXP 	topMsg: text = "Please don't move..."
11.7052 	EXP 	bottomMsg: height = 0.1
11.7052 	EXP 	bottomMsg: height = 0.1
11.7052 	EXP 	bottomMsg: text = ''
11.7052 	EXP 	PleaseDontMove
11.8691 	DATA 	Keypress: t
11.9873 	DATA 	Keypress: t
12.1172 	DATA 	Keypress: t
13.2058 	DATA 	Keypress: q
13.2191 	WARNING 	t of last frame was 1513.99ms (=1/0)
13.2191 	EXP 	Display Fixation
13.2192 	EXP 	---START EXPERIMENT---
13.2341 	EXP 	Display Fixation
13.7448 	DATA 	Keypress: q
13.7533 	WARNING 	t of last frame was 519.15ms (=1/1)
13.7533 	EXP 	topMsg: height = 0.1
13.7533 	EXP 	topMsg: height = 0.1
13.7533 	EXP 	topMsg: text = "Thank you very much! \n\nThat's it with the tapping"
13.7533 	EXP 	bottomMsg: height = 0.1
13.7533 	EXP 	bottomMsg: height = 0.1
13.7533 	EXP 	bottomMsg: text = "Please relax for the ramaining time \n\n Press 'q' or 'escape' to end the session."
13.7533 	EXP 	Display TheEnd
14.2575 	DATA 	Keypress: q
14.3415 	EXP 	win: mouseVisible = True
