1.0553 	WARNING 	We strongly recommend you activate the PTB sound engine in PsychoPy prefs as the preferred audio engine. Its timing is vastly superior. Your prefs are currently set to use ['sounddevice', 'PTB', 'pyo', 'pygame'] (in that order).
6.1911 	INFO 	---START PARAMETERS---
6.1912 	INFO 	filename: TappingWithTrTiming_Movie_d3.py-1tt============ =====-388-Apr_29_1751
6.1912 	INFO 	subject: 1tt============ =====
6.1912 	INFO 	session: 388
6.1912 	INFO 	date: Apr_29_1751
6.1912 	INFO 	block2Dur_TRs: 0
6.1912 	INFO 	blockDur_TRs: 30
6.1912 	INFO 	condition: vis
6.1912 	INFO 	fixCrossPos: [0, 0]
6.1912 	INFO 	fixCrossSize: 100
6.1912 	INFO 	fullScreen: True
6.1912 	INFO 	movieFolder: images/
6.1912 	INFO 	movieFolder2: images/
6.1912 	INFO 	movieSize: (1600, 1000)
6.1912 	INFO 	nBlocks: 68
6.1912 	INFO 	promptDir: Text/
6.1912 	INFO 	restDur_TRs: 30
6.1912 	INFO 	screenColor: (119, 119, 119)
6.1912 	INFO 	screenToShow: 1
6.1913 	INFO 	skipPrompts: False
6.1913 	INFO 	tStartup_TRs: 0
6.1913 	INFO 	textHeight: 40
6.1913 	INFO 	triggerKey: equal
6.1913 	INFO 	---END PARAMETERS---
7.0150 	INFO 	Loaded monitor calibration from ['2022_03_25 08:03']
8.1013 	WARNING 	Couldn't measure a consistent frame rate!
  - Is your graphics card set to sync to vertical blank?
  - Are you running other processes on your computer?

8.1018 	EXP 	Created win = Window(allowGUI=False, allowStencil=False, autoLog=True, backendConf=UNKNOWN, bitsMode=UNKNOWN, blendMode='avg', bpc=(8, 8, 8), color=array([119, 119, 119]), colorSpace='rgb255', depthBits=8, fullscr=<method-wrapper '__getattribute__' of attributeSetter object at 0x7fda23aa64f0>, gamma=None, gammaErrorPolicy='raise', lms=UNKNOWN, monitor=<psychopy.monitors.calibTools.Monitor object at 0x7fd9e04a8d00>, multiSample=False, name='win', numSamples=2, pos=[0.0, 0.0], screen=1, size=array([1920, 1080]), stencilBits=0, stereo=False, units='deg', useFBO=False, useRetina=False, viewOri=0.0, viewPos=None, viewScale=None, waitBlanking=True, winType='pyglet')
8.1020 	EXP 	win: mouseVisible = True
8.1060 	EXP 	Created fixCross = ShapeStim(__class__=<class 'psychopy.visual.shape.ShapeStim'>, anchor=('center', 'center'), autoDraw=False, autoLog=True, closeShape=False, color=method-wrapper(...), colorSpace='rgb', contrast=None, depth=0, fillColor=array([0, 0, 0]), fillColorSpace='rgb', fillRGB=array([0, 0, 0]), interpolate=True, lineColor=array([-1., -1., -1.]), lineColorSpace='rgb', lineRGB=array([-1., -1., -1.]), lineWidth=3.0, name='fixCross', opacity=0.5, ori=0.0, pos=array([0., 0.]), size=array([1., 1.]), units='pix', vertices=ndarray(...), win=Window(...), windingRule=None)
8.1063 	WARNING 	TextStim.alignHoriz is deprecated. Use alignText and anchorHoriz attributes instead
8.1327 	EXP 	Created topMsg = TextStim(__class__=<class 'psychopy.visual.text.TextStim'>, alignHoriz='center', alignText='center', alignVert=method-wrapper(...), anchorHoriz='center', anchorVert='center', antialias=True, autoLog=True, bold=False, color=array([-1., -1., -1.]), colorSpace='rgb', contrast=1.0, depth=0, flipHoriz=False, flipVert=False, font='', fontFiles=[], height=0.1, italic=False, languageStyle='LTR', name='topMsg', opacity=1.0, ori=0.0, pos=array([0. , 0.5]), rgb=UNKNOWN, text='aaa', units='norm', win=Window(...), wrapWidth=1.5)
8.1328 	WARNING 	TextStim.alignHoriz is deprecated. Use alignText and anchorHoriz attributes instead
8.1348 	EXP 	Created bottomMsg = TextStim(__class__=<class 'psychopy.visual.text.TextStim'>, alignHoriz='center', alignText='center', alignVert=method-wrapper(...), anchorHoriz='center', anchorVert='center', antialias=True, autoLog=True, bold=False, color=array([-1., -1., -1.]), colorSpace='rgb', contrast=1.0, depth=0, flipHoriz=False, flipVert=False, font='', fontFiles=[], height=0.1, italic=False, languageStyle='LTR', name='bottomMsg', opacity=1.0, ori=0.0, pos=array([ 0. , -0.5]), rgb=UNKNOWN, text='bbb', units='norm', win=Window(...), wrapWidth=1.5)
8.1521 	EXP 	Created Movie Frame 0 = ImageStim(__class__=<class 'psychopy.visual.image.ImageStim'>, anchor=('center', 'center'), autoLog=True, color=array([1., 1., 1.]), colorSpace='rgb', contrast=1.0, depth=0, flipHoriz=False, flipVert=False, image='images/visual_0.png', interpolate=False, mask=None, maskParams=None, name='Movie Frame 0', opacity=1, ori=0.0, pos=array([0., 0.]), size=array([1600., 1000.]), texRes=128, units='pix', win=Window(...))
8.1618 	EXP 	Created Movie Frame 1 = ImageStim(__class__=<class 'psychopy.visual.image.ImageStim'>, anchor=('center', 'center'), autoLog=True, color=array([1., 1., 1.]), colorSpace='rgb', contrast=1.0, depth=0, flipHoriz=False, flipVert=False, image='images/visual_1.png', interpolate=False, mask=None, maskParams=None, name='Movie Frame 1', opacity=1, ori=0.0, pos=array([0., 0.]), size=array([1600., 1000.]), texRes=128, units='pix', win=Window(...))
8.1711 	EXP 	Created Movie Frame 0 = ImageStim(__class__=<class 'psychopy.visual.image.ImageStim'>, anchor=('center', 'center'), autoLog=True, color=array([1., 1., 1.]), colorSpace='rgb', contrast=1.0, depth=0, flipHoriz=False, flipVert=False, image='images/visual_0.png', interpolate=False, mask=None, maskParams=None, name='Movie Frame 0', opacity=1, ori=0.0, pos=array([0., 0.]), size=array([1600., 1000.]), texRes=128, units='pix', win=Window(...))
8.1802 	EXP 	Created Movie Frame 1 = ImageStim(__class__=<class 'psychopy.visual.image.ImageStim'>, anchor=('center', 'center'), autoLog=True, color=array([1., 1., 1.]), colorSpace='rgb', contrast=1.0, depth=0, flipHoriz=False, flipVert=False, image='images/visual_1.png', interpolate=False, mask=None, maskParams=None, name='Movie Frame 1', opacity=1, ori=0.0, pos=array([0., 0.]), size=array([1600., 1000.]), texRes=128, units='pix', win=Window(...))
8.1848 	EXP 	Created unnamed TextStim = TextStim(__class__=<class 'psychopy.visual.text.TextStim'>, alignHoriz=method-wrapper(...), alignText='center', alignVert=method-wrapper(...), anchorHoriz='center', anchorVert='center', antialias=True, autoLog=True, bold=False, color=array([-1., -1., -1.]), colorSpace='rgb', contrast=1.0, depth=0, flipHoriz=False, flipVert=False, font='', fontFiles=[], height=40.0, italic=False, languageStyle='LTR', name='unnamed TextStim', opacity=1.0, ori=0.0, pos=array([  0., 580.]), rgb=UNKNOWN, text='look at the center', units='pix', win=Window(...), wrapWidth=1600)
8.1958 	WARNING 	t of last frame was 94.65ms (=1/10)
8.1958 	EXP 	topMsg: height = 0.1
8.1958 	EXP 	topMsg: height = 0.1
8.1958 	EXP 	topMsg: text = 'You will see a flickering checkerboard. When it is on the screen, try to fixate the center of the checkerboard. When the fixation cross appears, relax and stare at the cross.'
8.1958 	EXP 	bottomMsg: height = 0.1
8.1958 	EXP 	bottomMsg: height = 0.1
8.1958 	EXP 	bottomMsg: text = 'The experiment will begin shortly'
8.1958 	EXP 	Display Instructions1
8.5347 	DATA 	Keypress: space
8.5387 	WARNING 	t of last frame was 342.80ms (=1/2)
8.5387 	EXP 	topMsg: height = 0.1
8.5387 	EXP 	topMsg: height = 0.1
8.5387 	EXP 	topMsg: text = "Please don't move..."
8.5387 	EXP 	bottomMsg: height = 0.1
8.5387 	EXP 	bottomMsg: height = 0.1
8.5387 	EXP 	bottomMsg: text = ''
8.5387 	EXP 	PleaseDontMove
135.4750 	DATA 	Keypress: equal
135.4800 	WARNING 	t of last frame was 126941.31ms (=1/0)
135.4800 	EXP 	Display Fixation
135.4802 	EXP 	---START EXPERIMENT---
135.4812 	EXP 	Display Fixation
136.4807 	DATA 	Keypress: equal
137.5068 	DATA 	Keypress: equal
138.5108 	DATA 	Keypress: equal
139.5386 	DATA 	Keypress: equal
140.5425 	DATA 	Keypress: equal
141.5706 	DATA 	Keypress: equal
142.5748 	DATA 	Keypress: equal
143.6032 	DATA 	Keypress: equal
144.6065 	DATA 	Keypress: equal
145.6348 	DATA 	Keypress: equal
146.6386 	DATA 	Keypress: equal
147.6668 	DATA 	Keypress: equal
148.6706 	DATA 	Keypress: equal
149.6986 	DATA 	Keypress: equal
150.7032 	DATA 	Keypress: equal
151.7299 	DATA 	Keypress: equal
152.7352 	DATA 	Keypress: equal
153.7617 	DATA 	Keypress: equal
154.7665 	DATA 	Keypress: equal
155.7936 	DATA 	Keypress: equal
156.7985 	DATA 	Keypress: equal
157.8259 	DATA 	Keypress: equal
158.8309 	DATA 	Keypress: equal
159.8577 	DATA 	Keypress: equal
160.8626 	DATA 	Keypress: equal
161.8899 	DATA 	Keypress: equal
162.8950 	DATA 	Keypress: equal
163.9220 	DATA 	Keypress: equal
164.9267 	DATA 	Keypress: equal
165.9536 	DATA 	Keypress: equal
165.9573 	WARNING 	t of last frame was 30476.04ms (=1/0)
166.0798 	WARNING 	Multiple dropped frames have occurred - I'll stop bothering you about them!
166.0798 	EXP 	Display Frame 1
166.2047 	EXP 	Display Frame 0
166.3298 	EXP 	Display Frame 1
166.4546 	EXP 	Display Frame 0
166.5797 	EXP 	Display Frame 1
166.7048 	EXP 	Display Frame 0
166.8298 	EXP 	Display Frame 1
166.9549 	EXP 	Display Frame 0
167.0802 	DATA 	Keypress: equal
167.0814 	EXP 	Display Frame 1
167.2047 	EXP 	Display Frame 0
167.3298 	EXP 	Display Frame 1
167.4548 	EXP 	Display Frame 0
167.5797 	EXP 	Display Frame 1
167.7048 	EXP 	Display Frame 0
167.8297 	EXP 	Display Frame 1
167.9545 	EXP 	Display Frame 0
168.0800 	DATA 	Keypress: equal
168.0814 	EXP 	Display Frame 1
168.2046 	EXP 	Display Frame 0
168.3295 	EXP 	Display Frame 1
168.4547 	EXP 	Display Frame 0
168.5796 	EXP 	Display Frame 1
168.7049 	EXP 	Display Frame 0
168.8299 	EXP 	Display Frame 1
168.9548 	EXP 	Display Frame 0
169.0800 	DATA 	Keypress: equal
169.0815 	EXP 	Display Frame 1
169.2048 	EXP 	Display Frame 0
169.3298 	EXP 	Display Frame 1
169.4545 	EXP 	Display Frame 0
169.5798 	EXP 	Display Frame 1
169.7046 	EXP 	Display Frame 0
169.8296 	EXP 	Display Frame 1
169.9547 	EXP 	Display Frame 0
170.0798 	DATA 	Keypress: equal
170.0809 	EXP 	Display Frame 1
170.2046 	EXP 	Display Frame 0
170.3298 	EXP 	Display Frame 1
170.4549 	EXP 	Display Frame 0
170.5802 	EXP 	Display Frame 1
170.7048 	EXP 	Display Frame 0
170.8299 	EXP 	Display Frame 1
170.9549 	EXP 	Display Frame 0
171.0801 	DATA 	Keypress: equal
171.0815 	EXP 	Display Frame 1
171.2047 	EXP 	Display Frame 0
171.3298 	EXP 	Display Frame 1
171.4548 	EXP 	Display Frame 0
171.5798 	EXP 	Display Frame 1
171.7049 	EXP 	Display Frame 0
171.8298 	EXP 	Display Frame 1
171.9549 	EXP 	Display Frame 0
172.0796 	DATA 	Keypress: equal
172.0810 	EXP 	Display Frame 1
172.2047 	EXP 	Display Frame 0
172.3298 	EXP 	Display Frame 1
172.4546 	EXP 	Display Frame 0
172.5798 	EXP 	Display Frame 1
172.7048 	EXP 	Display Frame 0
172.8297 	EXP 	Display Frame 1
172.9548 	EXP 	Display Frame 0
173.0801 	DATA 	Keypress: equal
173.0814 	EXP 	Display Frame 1
173.2047 	EXP 	Display Frame 0
173.3295 	EXP 	Display Frame 1
173.4549 	EXP 	Display Frame 0
173.5798 	EXP 	Display Frame 1
173.7046 	EXP 	Display Frame 0
173.8299 	EXP 	Display Frame 1
173.9548 	EXP 	Display Frame 0
174.0799 	EXP 	Display Frame 1
174.2047 	DATA 	Keypress: equal
174.2062 	EXP 	Display Frame 0
174.3296 	EXP 	Display Frame 1
174.4548 	EXP 	Display Frame 0
174.5795 	EXP 	Display Frame 1
174.7049 	EXP 	Display Frame 0
174.8296 	EXP 	Display Frame 1
174.9546 	EXP 	Display Frame 0
175.0798 	EXP 	Display Frame 1
175.2051 	DATA 	Keypress: equal
175.2065 	EXP 	Display Frame 0
175.3299 	EXP 	Display Frame 1
175.4550 	EXP 	Display Frame 0
175.5799 	EXP 	Display Frame 1
175.7049 	EXP 	Display Frame 0
175.8298 	EXP 	Display Frame 1
175.9554 	EXP 	Display Frame 0
176.0798 	EXP 	Display Frame 1
176.2047 	DATA 	Keypress: equal
176.2058 	EXP 	Display Frame 0
176.3297 	EXP 	Display Frame 1
176.4549 	EXP 	Display Frame 0
176.5799 	EXP 	Display Frame 1
176.7049 	EXP 	Display Frame 0
176.8296 	EXP 	Display Frame 1
176.9546 	EXP 	Display Frame 0
177.0796 	EXP 	Display Frame 1
177.2051 	DATA 	Keypress: equal
177.2067 	EXP 	Display Frame 0
177.3298 	EXP 	Display Frame 1
177.4548 	EXP 	Display Frame 0
177.5798 	EXP 	Display Frame 1
177.7049 	EXP 	Display Frame 0
177.8299 	EXP 	Display Frame 1
177.9549 	EXP 	Display Frame 0
178.0797 	EXP 	Display Frame 1
178.2048 	DATA 	Keypress: equal
178.2059 	EXP 	Display Frame 0
178.3296 	EXP 	Display Frame 1
178.4549 	EXP 	Display Frame 0
178.5798 	EXP 	Display Frame 1
178.7048 	EXP 	Display Frame 0
178.8298 	EXP 	Display Frame 1
178.9548 	EXP 	Display Frame 0
179.0799 	EXP 	Display Frame 1
179.2049 	DATA 	Keypress: equal
179.2062 	EXP 	Display Frame 0
179.3296 	EXP 	Display Frame 1
179.4549 	EXP 	Display Frame 0
179.5798 	EXP 	Display Frame 1
179.7049 	EXP 	Display Frame 0
179.8298 	EXP 	Display Frame 1
179.9546 	EXP 	Display Frame 0
180.0796 	EXP 	Display Frame 1
180.2046 	DATA 	Keypress: equal
180.2061 	EXP 	Display Frame 0
180.3296 	EXP 	Display Frame 1
180.4547 	EXP 	Display Frame 0
180.5798 	EXP 	Display Frame 1
180.7046 	EXP 	Display Frame 0
180.8298 	EXP 	Display Frame 1
180.9549 	EXP 	Display Frame 0
181.0802 	EXP 	Display Frame 1
181.2047 	DATA 	Keypress: equal
181.2061 	EXP 	Display Frame 0
181.3297 	EXP 	Display Frame 1
181.4546 	EXP 	Display Frame 0
181.5799 	EXP 	Display Frame 1
181.7049 	EXP 	Display Frame 0
181.8299 	EXP 	Display Frame 1
181.9545 	EXP 	Display Frame 0
182.0799 	EXP 	Display Frame 1
182.2048 	EXP 	Display Frame 0
182.3300 	DATA 	Keypress: equal
182.3314 	EXP 	Display Frame 1
182.4551 	EXP 	Display Frame 0
182.5796 	EXP 	Display Frame 1
182.7050 	EXP 	Display Frame 0
182.8298 	EXP 	Display Frame 1
182.9548 	EXP 	Display Frame 0
183.0798 	EXP 	Display Frame 1
183.2047 	EXP 	Display Frame 0
183.3296 	DATA 	Keypress: equal
183.3308 	EXP 	Display Frame 1
183.4547 	EXP 	Display Frame 0
183.5798 	EXP 	Display Frame 1
183.7049 	EXP 	Display Frame 0
183.8298 	EXP 	Display Frame 1
183.9548 	EXP 	Display Frame 0
184.0799 	EXP 	Display Frame 1
184.2049 	EXP 	Display Frame 0
184.3296 	DATA 	Keypress: equal
184.3308 	EXP 	Display Frame 1
184.4546 	EXP 	Display Frame 0
184.5798 	EXP 	Display Frame 1
184.7050 	EXP 	Display Frame 0
184.8299 	EXP 	Display Frame 1
184.9548 	EXP 	Display Frame 0
185.0800 	EXP 	Display Frame 1
185.2048 	EXP 	Display Frame 0
185.3295 	DATA 	Keypress: equal
185.3308 	EXP 	Display Frame 1
185.4548 	EXP 	Display Frame 0
185.5798 	EXP 	Display Frame 1
185.7046 	EXP 	Display Frame 0
185.8296 	EXP 	Display Frame 1
185.9549 	EXP 	Display Frame 0
186.0796 	EXP 	Display Frame 1
186.2051 	EXP 	Display Frame 0
186.3298 	DATA 	Keypress: equal
186.3309 	EXP 	Display Frame 1
186.4547 	EXP 	Display Frame 0
186.5798 	EXP 	Display Frame 1
186.7049 	EXP 	Display Frame 0
186.8302 	EXP 	Display Frame 1
186.9548 	EXP 	Display Frame 0
187.0799 	EXP 	Display Frame 1
187.2048 	EXP 	Display Frame 0
187.3301 	DATA 	Keypress: equal
187.3312 	EXP 	Display Frame 1
187.4548 	EXP 	Display Frame 0
187.5797 	EXP 	Display Frame 1
187.7048 	EXP 	Display Frame 0
187.8296 	EXP 	Display Frame 1
187.9550 	EXP 	Display Frame 0
188.0798 	EXP 	Display Frame 1
188.2049 	EXP 	Display Frame 0
188.3297 	DATA 	Keypress: equal
188.3311 	EXP 	Display Frame 1
188.4547 	EXP 	Display Frame 0
188.5798 	EXP 	Display Frame 1
188.7049 	EXP 	Display Frame 0
188.8299 	EXP 	Display Frame 1
188.9549 	EXP 	Display Frame 0
189.0799 	EXP 	Display Frame 1
189.2049 	EXP 	Display Frame 0
189.3300 	DATA 	Keypress: equal
189.3316 	EXP 	Display Frame 1
189.4548 	EXP 	Display Frame 0
189.5798 	EXP 	Display Frame 1
189.7048 	EXP 	Display Frame 0
189.8296 	EXP 	Display Frame 1
189.9549 	EXP 	Display Frame 0
190.0798 	EXP 	Display Frame 1
190.2050 	EXP 	Display Frame 0
190.3298 	EXP 	Display Frame 1
190.4549 	DATA 	Keypress: equal
190.4563 	EXP 	Display Frame 0
190.5797 	EXP 	Display Frame 1
190.7048 	EXP 	Display Frame 0
190.8296 	EXP 	Display Frame 1
190.9546 	EXP 	Display Frame 0
191.0796 	EXP 	Display Frame 1
191.2049 	EXP 	Display Frame 0
191.3299 	EXP 	Display Frame 1
191.4546 	DATA 	Keypress: equal
191.4561 	EXP 	Display Frame 0
191.5797 	EXP 	Display Frame 1
191.7046 	EXP 	Display Frame 0
191.8298 	EXP 	Display Frame 1
191.9549 	EXP 	Display Frame 0
192.0796 	EXP 	Display Frame 1
192.2049 	EXP 	Display Frame 0
192.3299 	EXP 	Display Frame 1
192.4549 	DATA 	Keypress: equal
192.4565 	EXP 	Display Frame 0
192.5800 	EXP 	Display Frame 1
192.7047 	EXP 	Display Frame 0
192.8298 	EXP 	Display Frame 1
192.9549 	EXP 	Display Frame 0
193.0799 	EXP 	Display Frame 1
193.2046 	EXP 	Display Frame 0
193.3295 	EXP 	Display Frame 1
193.4552 	DATA 	Keypress: equal
193.4566 	EXP 	Display Frame 0
193.5797 	EXP 	Display Frame 1
193.7049 	EXP 	Display Frame 0
193.8297 	EXP 	Display Frame 1
193.9548 	EXP 	Display Frame 0
194.0798 	EXP 	Display Frame 1
194.2050 	EXP 	Display Frame 0
194.3298 	EXP 	Display Frame 1
194.4549 	DATA 	Keypress: equal
194.4564 	EXP 	Display Frame 0
194.5797 	EXP 	Display Frame 1
194.7049 	EXP 	Display Frame 0
194.8298 	EXP 	Display Frame 1
194.9549 	EXP 	Display Frame 0
195.0798 	EXP 	Display Frame 1
195.2049 	EXP 	Display Frame 0
195.3296 	EXP 	Display Frame 1
195.4546 	DATA 	Keypress: equal
195.4561 	EXP 	Display Frame 0
195.5797 	EXP 	Display Frame 1
195.7049 	EXP 	Display Frame 0
195.8299 	EXP 	Display Frame 1
195.9549 	EXP 	Display Frame 0
196.0798 	EXP 	Display Frame 1
196.2046 	EXP 	Display Frame 0
196.3300 	EXP 	Display Frame 1
196.4547 	DATA 	Keypress: equal
196.4562 	EXP 	Display Frame 0
196.4690 	EXP 	Display Fixation
197.4388 	DATA 	Keypress: equal
198.4661 	DATA 	Keypress: equal
199.4708 	DATA 	Keypress: equal
200.4979 	DATA 	Keypress: equal
201.5018 	DATA 	Keypress: equal
202.5300 	DATA 	Keypress: equal
203.5350 	DATA 	Keypress: equal
204.5621 	DATA 	Keypress: equal
205.5662 	DATA 	Keypress: equal
206.5935 	DATA 	Keypress: equal
207.5992 	DATA 	Keypress: equal
208.6258 	DATA 	Keypress: equal
209.6295 	DATA 	Keypress: equal
210.6582 	DATA 	Keypress: equal
211.6622 	DATA 	Keypress: equal
212.6899 	DATA 	Keypress: equal
213.6941 	DATA 	Keypress: equal
214.7221 	DATA 	Keypress: equal
215.7260 	DATA 	Keypress: equal
216.7540 	DATA 	Keypress: equal
217.7581 	DATA 	Keypress: equal
218.7870 	DATA 	Keypress: equal
219.7902 	DATA 	Keypress: equal
220.8179 	DATA 	Keypress: equal
221.8223 	DATA 	Keypress: equal
222.8500 	DATA 	Keypress: equal
223.8542 	DATA 	Keypress: equal
224.8823 	DATA 	Keypress: equal
225.8872 	DATA 	Keypress: equal
226.9143 	DATA 	Keypress: equal
227.0404 	EXP 	Display Frame 1
227.1654 	EXP 	Display Frame 0
227.2905 	EXP 	Display Frame 1
227.4156 	EXP 	Display Frame 0
227.5403 	EXP 	Display Frame 1
227.6657 	EXP 	Display Frame 0
227.7903 	EXP 	Display Frame 1
227.9156 	EXP 	Display Frame 0
228.0402 	DATA 	Keypress: equal
228.0416 	EXP 	Display Frame 1
228.1656 	EXP 	Display Frame 0
228.2905 	EXP 	Display Frame 1
228.4153 	EXP 	Display Frame 0
228.5403 	EXP 	Display Frame 1
228.6653 	EXP 	Display Frame 0
228.7907 	EXP 	Display Frame 1
228.9156 	EXP 	Display Frame 0
229.0408 	DATA 	Keypress: equal
229.0423 	EXP 	Display Frame 1
229.1653 	EXP 	Display Frame 0
229.2905 	EXP 	Display Frame 1
229.4153 	EXP 	Display Frame 0
229.5406 	EXP 	Display Frame 1
229.6653 	EXP 	Display Frame 0
229.7903 	EXP 	Display Frame 1
229.9157 	EXP 	Display Frame 0
230.0405 	DATA 	Keypress: equal
230.0416 	EXP 	Display Frame 1
230.1655 	EXP 	Display Frame 0
230.2906 	EXP 	Display Frame 1
230.4155 	EXP 	Display Frame 0
230.5406 	EXP 	Display Frame 1
230.6659 	EXP 	Display Frame 0
230.7905 	EXP 	Display Frame 1
230.9156 	EXP 	Display Frame 0
231.0409 	DATA 	Keypress: equal
231.0425 	EXP 	Display Frame 1
231.1655 	EXP 	Display Frame 0
231.2906 	EXP 	Display Frame 1
231.4156 	EXP 	Display Frame 0
231.5406 	EXP 	Display Frame 1
231.6653 	EXP 	Display Frame 0
231.7906 	EXP 	Display Frame 1
231.9153 	EXP 	Display Frame 0
232.0404 	DATA 	Keypress: equal
232.0418 	EXP 	Display Frame 1
232.1655 	EXP 	Display Frame 0
232.2903 	EXP 	Display Frame 1
232.4153 	EXP 	Display Frame 0
232.5404 	EXP 	Display Frame 1
232.6658 	EXP 	Display Frame 0
232.7905 	EXP 	Display Frame 1
232.9153 	EXP 	Display Frame 0
233.0405 	DATA 	Keypress: equal
233.0416 	EXP 	Display Frame 1
233.1655 	EXP 	Display Frame 0
233.2906 	EXP 	Display Frame 1
233.4156 	EXP 	Display Frame 0
233.5406 	EXP 	Display Frame 1
233.6657 	EXP 	Display Frame 0
233.7903 	EXP 	Display Frame 1
233.9156 	EXP 	Display Frame 0
234.0405 	DATA 	Keypress: equal
234.0416 	EXP 	Display Frame 1
234.1656 	EXP 	Display Frame 0
234.2903 	EXP 	Display Frame 1
234.4156 	EXP 	Display Frame 0
234.5406 	EXP 	Display Frame 1
234.6656 	EXP 	Display Frame 0
234.7906 	EXP 	Display Frame 1
234.9156 	EXP 	Display Frame 0
235.0406 	EXP 	Display Frame 1
235.1655 	DATA 	Keypress: equal
235.1666 	EXP 	Display Frame 0
235.2903 	EXP 	Display Frame 1
235.4156 	EXP 	Display Frame 0
235.5403 	EXP 	Display Frame 1
235.6653 	EXP 	Display Frame 0
235.7906 	EXP 	Display Frame 1
235.9156 	EXP 	Display Frame 0
236.0406 	EXP 	Display Frame 1
236.1656 	DATA 	Keypress: equal
236.1672 	EXP 	Display Frame 0
236.2904 	EXP 	Display Frame 1
236.4155 	EXP 	Display Frame 0
236.5408 	EXP 	Display Frame 1
236.6654 	EXP 	Display Frame 0
236.7905 	EXP 	Display Frame 1
236.9155 	EXP 	Display Frame 0
237.0406 	EXP 	Display Frame 1
237.1659 	DATA 	Keypress: equal
237.1672 	EXP 	Display Frame 0
237.2905 	EXP 	Display Frame 1
237.4153 	EXP 	Display Frame 0
237.5406 	EXP 	Display Frame 1
237.6654 	EXP 	Display Frame 0
237.7906 	EXP 	Display Frame 1
237.9153 	EXP 	Display Frame 0
238.0403 	EXP 	Display Frame 1
238.1652 	DATA 	Keypress: equal
238.1662 	EXP 	Display Frame 0
238.2906 	EXP 	Display Frame 1
238.4155 	EXP 	Display Frame 0
238.5406 	EXP 	Display Frame 1
238.6653 	EXP 	Display Frame 0
238.7902 	EXP 	Display Frame 1
238.9156 	EXP 	Display Frame 0
239.0406 	EXP 	Display Frame 1
239.1657 	DATA 	Keypress: equal
239.1672 	EXP 	Display Frame 0
239.2904 	EXP 	Display Frame 1
239.4156 	EXP 	Display Frame 0
239.5406 	EXP 	Display Frame 1
239.6656 	EXP 	Display Frame 0
239.7906 	EXP 	Display Frame 1
239.9156 	EXP 	Display Frame 0
240.0403 	EXP 	Display Frame 1
240.1654 	DATA 	Keypress: equal
240.1669 	EXP 	Display Frame 0
240.2904 	EXP 	Display Frame 1
240.4155 	EXP 	Display Frame 0
240.5403 	EXP 	Display Frame 1
240.6657 	EXP 	Display Frame 0
240.7906 	EXP 	Display Frame 1
240.9156 	EXP 	Display Frame 0
241.0407 	EXP 	Display Frame 1
241.1656 	DATA 	Keypress: equal
241.1666 	EXP 	Display Frame 0
241.2905 	EXP 	Display Frame 1
241.4153 	EXP 	Display Frame 0
241.5406 	EXP 	Display Frame 1
241.6657 	EXP 	Display Frame 0
241.7903 	EXP 	Display Frame 1
241.9156 	EXP 	Display Frame 0
242.0406 	EXP 	Display Frame 1
242.1652 	DATA 	Keypress: equal
242.1661 	EXP 	Display Frame 0
242.2908 	EXP 	Display Frame 1
242.4155 	EXP 	Display Frame 0
242.5405 	EXP 	Display Frame 1
242.6657 	EXP 	Display Frame 0
242.7906 	EXP 	Display Frame 1
242.9156 	EXP 	Display Frame 0
243.0405 	EXP 	Display Frame 1
243.1654 	EXP 	Display Frame 0
243.2906 	DATA 	Keypress: equal
243.2920 	EXP 	Display Frame 1
243.4155 	EXP 	Display Frame 0
243.5405 	EXP 	Display Frame 1
243.6656 	EXP 	Display Frame 0
243.7903 	EXP 	Display Frame 1
243.9153 	EXP 	Display Frame 0
244.0407 	EXP 	Display Frame 1
244.1654 	EXP 	Display Frame 0
244.2904 	DATA 	Keypress: equal
244.2919 	EXP 	Display Frame 1
244.4155 	EXP 	Display Frame 0
244.5406 	EXP 	Display Frame 1
244.6656 	EXP 	Display Frame 0
244.7906 	EXP 	Display Frame 1
244.9156 	EXP 	Display Frame 0
245.0406 	EXP 	Display Frame 1
245.1656 	EXP 	Display Frame 0
245.2904 	DATA 	Keypress: equal
245.2918 	EXP 	Display Frame 1
245.4154 	EXP 	Display Frame 0
245.5406 	EXP 	Display Frame 1
245.6656 	EXP 	Display Frame 0
245.7904 	EXP 	Display Frame 1
245.9155 	EXP 	Display Frame 0
246.0405 	EXP 	Display Frame 1
246.1656 	EXP 	Display Frame 0
246.2909 	DATA 	Keypress: equal
246.2925 	EXP 	Display Frame 1
246.4153 	EXP 	Display Frame 0
246.5405 	EXP 	Display Frame 1
246.6654 	EXP 	Display Frame 0
246.7905 	EXP 	Display Frame 1
246.9155 	EXP 	Display Frame 0
247.0407 	EXP 	Display Frame 1
247.1656 	EXP 	Display Frame 0
247.2909 	DATA 	Keypress: equal
247.2925 	EXP 	Display Frame 1
247.4154 	EXP 	Display Frame 0
247.5403 	EXP 	Display Frame 1
247.6653 	EXP 	Display Frame 0
247.7906 	EXP 	Display Frame 1
247.9156 	EXP 	Display Frame 0
248.0412 	EXP 	Display Frame 1
248.1654 	EXP 	Display Frame 0
248.2907 	DATA 	Keypress: equal
248.2921 	EXP 	Display Frame 1
248.4154 	EXP 	Display Frame 0
248.5405 	EXP 	Display Frame 1
248.6656 	EXP 	Display Frame 0
248.7907 	EXP 	Display Frame 1
248.9156 	EXP 	Display Frame 0
249.0407 	EXP 	Display Frame 1
249.1656 	EXP 	Display Frame 0
249.2906 	DATA 	Keypress: equal
249.2921 	EXP 	Display Frame 1
249.4155 	EXP 	Display Frame 0
249.5405 	EXP 	Display Frame 1
249.6657 	EXP 	Display Frame 0
249.7907 	EXP 	Display Frame 1
249.9156 	EXP 	Display Frame 0
250.0404 	EXP 	Display Frame 1
250.1658 	EXP 	Display Frame 0
250.2905 	DATA 	Keypress: equal
250.2917 	EXP 	Display Frame 1
250.4155 	EXP 	Display Frame 0
250.5405 	EXP 	Display Frame 1
250.6653 	EXP 	Display Frame 0
250.7903 	EXP 	Display Frame 1
250.9157 	EXP 	Display Frame 0
251.0407 	EXP 	Display Frame 1
251.1656 	EXP 	Display Frame 0
251.2903 	EXP 	Display Frame 1
251.4156 	DATA 	Keypress: equal
251.4166 	EXP 	Display Frame 0
251.5405 	EXP 	Display Frame 1
251.6658 	EXP 	Display Frame 0
251.7906 	EXP 	Display Frame 1
251.9156 	EXP 	Display Frame 0
252.0406 	EXP 	Display Frame 1
252.1656 	EXP 	Display Frame 0
252.2906 	EXP 	Display Frame 1
252.4158 	DATA 	Keypress: equal
252.4173 	EXP 	Display Frame 0
252.5404 	EXP 	Display Frame 1
252.6654 	EXP 	Display Frame 0
252.7906 	EXP 	Display Frame 1
252.9156 	EXP 	Display Frame 0
253.0406 	EXP 	Display Frame 1
253.1656 	EXP 	Display Frame 0
253.2906 	EXP 	Display Frame 1
253.4153 	DATA 	Keypress: equal
253.4163 	EXP 	Display Frame 0
253.5404 	EXP 	Display Frame 1
253.6655 	EXP 	Display Frame 0
253.7911 	EXP 	Display Frame 1
253.9153 	EXP 	Display Frame 0
254.0405 	EXP 	Display Frame 1
254.1654 	EXP 	Display Frame 0
254.2905 	EXP 	Display Frame 1
254.4156 	DATA 	Keypress: equal
254.4171 	EXP 	Display Frame 0
254.5404 	EXP 	Display Frame 1
254.6656 	EXP 	Display Frame 0
254.7906 	EXP 	Display Frame 1
254.9156 	EXP 	Display Frame 0
255.0406 	EXP 	Display Frame 1
255.1653 	EXP 	Display Frame 0
255.2903 	EXP 	Display Frame 1
255.4153 	DATA 	Keypress: equal
255.4168 	EXP 	Display Frame 0
255.5402 	EXP 	Display Frame 1
255.6657 	EXP 	Display Frame 0
255.7903 	EXP 	Display Frame 1
255.9153 	EXP 	Display Frame 0
256.0407 	EXP 	Display Frame 1
256.1653 	EXP 	Display Frame 0
256.2906 	EXP 	Display Frame 1
256.4155 	DATA 	Keypress: equal
256.4167 	EXP 	Display Frame 0
256.5404 	EXP 	Display Frame 1
256.6653 	EXP 	Display Frame 0
256.7907 	EXP 	Display Frame 1
256.9156 	EXP 	Display Frame 0
257.0407 	EXP 	Display Frame 1
257.1653 	EXP 	Display Frame 0
257.2904 	EXP 	Display Frame 1
257.4156 	DATA 	Keypress: equal
257.4169 	EXP 	Display Frame 0
257.4191 	EXP 	Display Fixation
258.3985 	DATA 	Keypress: equal
259.4281 	DATA 	Keypress: equal
260.4305 	DATA 	Keypress: equal
261.4582 	DATA 	Keypress: equal
262.4625 	DATA 	Keypress: equal
263.4902 	DATA 	Keypress: equal
264.4943 	DATA 	Keypress: equal
265.5225 	DATA 	Keypress: equal
266.5268 	DATA 	Keypress: equal
267.5547 	DATA 	Keypress: equal
268.5584 	DATA 	Keypress: equal
269.5862 	DATA 	Keypress: equal
270.5907 	DATA 	Keypress: equal
271.6185 	DATA 	Keypress: equal
272.6227 	DATA 	Keypress: equal
273.6506 	DATA 	Keypress: equal
274.6545 	DATA 	Keypress: equal
275.6825 	DATA 	Keypress: equal
276.6864 	DATA 	Keypress: equal
277.7147 	DATA 	Keypress: equal
278.7187 	DATA 	Keypress: equal
279.7466 	DATA 	Keypress: equal
280.7503 	DATA 	Keypress: equal
281.7788 	DATA 	Keypress: equal
282.7826 	DATA 	Keypress: equal
283.8105 	DATA 	Keypress: equal
284.8143 	DATA 	Keypress: equal
285.8427 	DATA 	Keypress: equal
286.8466 	DATA 	Keypress: equal
287.8739 	DATA 	Keypress: equal
288.0002 	EXP 	Display Frame 1
288.1249 	EXP 	Display Frame 0
288.2498 	EXP 	Display Frame 1
288.3751 	EXP 	Display Frame 0
288.5012 	EXP 	Display Frame 1
288.6251 	EXP 	Display Frame 0
288.7500 	EXP 	Display Frame 1
288.8749 	EXP 	Display Frame 0
289.0001 	DATA 	Keypress: equal
289.0015 	EXP 	Display Frame 1
289.1248 	EXP 	Display Frame 0
289.2499 	EXP 	Display Frame 1
289.3751 	EXP 	Display Frame 0
289.5001 	EXP 	Display Frame 1
289.6251 	EXP 	Display Frame 0
289.7498 	EXP 	Display Frame 1
289.8751 	EXP 	Display Frame 0
290.0000 	DATA 	Keypress: equal
290.0014 	EXP 	Display Frame 1
290.1250 	EXP 	Display Frame 0
290.2500 	EXP 	Display Frame 1
290.3751 	EXP 	Display Frame 0
290.5001 	EXP 	Display Frame 1
290.6248 	EXP 	Display Frame 0
290.7507 	EXP 	Display Frame 1
290.8750 	EXP 	Display Frame 0
291.0002 	DATA 	Keypress: equal
291.0015 	EXP 	Display Frame 1
291.1250 	EXP 	Display Frame 0
291.2501 	EXP 	Display Frame 1
291.3750 	EXP 	Display Frame 0
291.5001 	EXP 	Display Frame 1
291.6252 	EXP 	Display Frame 0
291.7500 	EXP 	Display Frame 1
291.8751 	EXP 	Display Frame 0
292.0002 	DATA 	Keypress: equal
292.0016 	EXP 	Display Frame 1
292.1250 	EXP 	Display Frame 0
292.2500 	EXP 	Display Frame 1
292.3751 	EXP 	Display Frame 0
292.5001 	EXP 	Display Frame 1
292.6250 	EXP 	Display Frame 0
292.7501 	EXP 	Display Frame 1
292.8749 	EXP 	Display Frame 0
293.0001 	DATA 	Keypress: equal
293.0016 	EXP 	Display Frame 1
293.1250 	EXP 	Display Frame 0
293.2501 	EXP 	Display Frame 1
293.3748 	EXP 	Display Frame 0
293.5001 	EXP 	Display Frame 1
293.6252 	EXP 	Display Frame 0
293.7501 	EXP 	Display Frame 1
293.8748 	EXP 	Display Frame 0
294.0003 	DATA 	Keypress: equal
294.0017 	EXP 	Display Frame 1
294.1249 	EXP 	Display Frame 0
294.2502 	EXP 	Display Frame 1
294.3752 	EXP 	Display Frame 0
294.5002 	EXP 	Display Frame 1
294.6252 	EXP 	Display Frame 0
294.7499 	EXP 	Display Frame 1
294.8749 	EXP 	Display Frame 0
294.9998 	DATA 	Keypress: equal
295.0011 	EXP 	Display Frame 1
295.1248 	EXP 	Display Frame 0
295.2504 	EXP 	Display Frame 1
295.3750 	EXP 	Display Frame 0
295.5001 	EXP 	Display Frame 1
295.6251 	EXP 	Display Frame 0
295.7501 	EXP 	Display Frame 1
295.8751 	EXP 	Display Frame 0
295.9999 	EXP 	Display Frame 1
296.1249 	DATA 	Keypress: equal
296.1261 	EXP 	Display Frame 0
296.2500 	EXP 	Display Frame 1
296.3751 	EXP 	Display Frame 0
296.5003 	EXP 	Display Frame 1
296.6249 	EXP 	Display Frame 0
296.7500 	EXP 	Display Frame 1
296.8749 	EXP 	Display Frame 0
297.0001 	EXP 	Display Frame 1
297.1253 	DATA 	Keypress: equal
297.1264 	EXP 	Display Frame 0
297.2501 	EXP 	Display Frame 1
297.3748 	EXP 	Display Frame 0
297.5001 	EXP 	Display Frame 1
297.6251 	EXP 	Display Frame 0
297.7502 	EXP 	Display Frame 1
297.8752 	EXP 	Display Frame 0
298.0000 	EXP 	Display Frame 1
298.1252 	DATA 	Keypress: equal
298.1265 	EXP 	Display Frame 0
298.2499 	EXP 	Display Frame 1
298.3751 	EXP 	Display Frame 0
298.5001 	EXP 	Display Frame 1
298.6251 	EXP 	Display Frame 0
298.7498 	EXP 	Display Frame 1
298.8752 	EXP 	Display Frame 0
299.0001 	EXP 	Display Frame 1
299.1249 	DATA 	Keypress: equal
299.1259 	EXP 	Display Frame 0
299.2500 	EXP 	Display Frame 1
299.3751 	EXP 	Display Frame 0
299.5001 	EXP 	Display Frame 1
299.6252 	EXP 	Display Frame 0
299.7501 	EXP 	Display Frame 1
299.8751 	EXP 	Display Frame 0
300.0001 	EXP 	Display Frame 1
300.1247 	DATA 	Keypress: equal
300.1261 	EXP 	Display Frame 0
300.2500 	EXP 	Display Frame 1
300.3749 	EXP 	Display Frame 0
300.5001 	EXP 	Display Frame 1
300.6252 	EXP 	Display Frame 0
300.7501 	EXP 	Display Frame 1
300.8751 	EXP 	Display Frame 0
301.0001 	EXP 	Display Frame 1
301.1252 	DATA 	Keypress: equal
301.1262 	EXP 	Display Frame 0
301.2500 	EXP 	Display Frame 1
301.3751 	EXP 	Display Frame 0
301.4999 	EXP 	Display Frame 1
301.6251 	EXP 	Display Frame 0
301.7498 	EXP 	Display Frame 1
301.8751 	EXP 	Display Frame 0
302.0001 	EXP 	Display Frame 1
302.1249 	DATA 	Keypress: equal
302.1263 	EXP 	Display Frame 0
302.2503 	EXP 	Display Frame 1
302.3751 	EXP 	Display Frame 0
302.5002 	EXP 	Display Frame 1
302.6251 	EXP 	Display Frame 0
302.7501 	EXP 	Display Frame 1
302.8751 	EXP 	Display Frame 0
303.0002 	EXP 	Display Frame 1
303.1253 	DATA 	Keypress: equal
303.1263 	EXP 	Display Frame 0
303.2500 	EXP 	Display Frame 1
303.3751 	EXP 	Display Frame 0
303.5000 	EXP 	Display Frame 1
303.6249 	EXP 	Display Frame 0
303.7499 	EXP 	Display Frame 1
303.8749 	EXP 	Display Frame 0
304.0001 	EXP 	Display Frame 1
304.1252 	EXP 	Display Frame 0
304.2504 	DATA 	Keypress: equal
304.2519 	EXP 	Display Frame 1
304.3751 	EXP 	Display Frame 0
304.5001 	EXP 	Display Frame 1
304.6251 	EXP 	Display Frame 0
304.7502 	EXP 	Display Frame 1
304.8752 	EXP 	Display Frame 0
305.0002 	EXP 	Display Frame 1
305.1251 	EXP 	Display Frame 0
305.2503 	DATA 	Keypress: equal
305.2518 	EXP 	Display Frame 1
305.3750 	EXP 	Display Frame 0
305.5000 	EXP 	Display Frame 1
305.6252 	EXP 	Display Frame 0
305.7501 	EXP 	Display Frame 1
305.8751 	EXP 	Display Frame 0
306.0001 	EXP 	Display Frame 1
306.1251 	EXP 	Display Frame 0
306.2497 	DATA 	Keypress: equal
306.2507 	EXP 	Display Frame 1
306.3750 	EXP 	Display Frame 0
306.5001 	EXP 	Display Frame 1
306.6252 	EXP 	Display Frame 0
306.7500 	EXP 	Display Frame 1
306.8749 	EXP 	Display Frame 0
307.0001 	EXP 	Display Frame 1
307.1250 	EXP 	Display Frame 0
307.2504 	DATA 	Keypress: equal
307.2518 	EXP 	Display Frame 1
307.3750 	EXP 	Display Frame 0
307.5000 	EXP 	Display Frame 1
307.6248 	EXP 	Display Frame 0
307.7501 	EXP 	Display Frame 1
307.8751 	EXP 	Display Frame 0
308.0005 	EXP 	Display Frame 1
308.1248 	EXP 	Display Frame 0
308.2503 	DATA 	Keypress: equal
308.2517 	EXP 	Display Frame 1
308.3751 	EXP 	Display Frame 0
308.5000 	EXP 	Display Frame 1
308.6251 	EXP 	Display Frame 0
308.7501 	EXP 	Display Frame 1
308.8749 	EXP 	Display Frame 0
309.0002 	EXP 	Display Frame 1
309.1251 	EXP 	Display Frame 0
309.2505 	DATA 	Keypress: equal
309.2518 	EXP 	Display Frame 1
309.3751 	EXP 	Display Frame 0
309.4999 	EXP 	Display Frame 1
309.6252 	EXP 	Display Frame 0
309.7502 	EXP 	Display Frame 1
309.8753 	EXP 	Display Frame 0
310.0001 	EXP 	Display Frame 1
310.1249 	EXP 	Display Frame 0
310.2498 	DATA 	Keypress: equal
310.2512 	EXP 	Display Frame 1
310.3750 	EXP 	Display Frame 0
310.5001 	EXP 	Display Frame 1
310.6252 	EXP 	Display Frame 0
310.7501 	EXP 	Display Frame 1
310.8751 	EXP 	Display Frame 0
311.0001 	EXP 	Display Frame 1
311.1252 	EXP 	Display Frame 0
311.2502 	DATA 	Keypress: equal
311.2518 	EXP 	Display Frame 1
311.3750 	EXP 	Display Frame 0
311.5000 	EXP 	Display Frame 1
311.6252 	EXP 	Display Frame 0
311.7503 	EXP 	Display Frame 1
311.8749 	EXP 	Display Frame 0
312.0002 	EXP 	Display Frame 1
312.1249 	EXP 	Display Frame 0
312.2501 	EXP 	Display Frame 1
312.3747 	DATA 	Keypress: equal
312.3760 	EXP 	Display Frame 0
312.5000 	EXP 	Display Frame 1
312.6251 	EXP 	Display Frame 0
312.7502 	EXP 	Display Frame 1
312.8751 	EXP 	Display Frame 0
313.0002 	EXP 	Display Frame 1
313.1249 	EXP 	Display Frame 0
313.2502 	EXP 	Display Frame 1
313.3749 	DATA 	Keypress: equal
313.3760 	EXP 	Display Frame 0
313.5000 	EXP 	Display Frame 1
313.6251 	EXP 	Display Frame 0
313.7505 	EXP 	Display Frame 1
313.8750 	EXP 	Display Frame 0
314.0002 	EXP 	Display Frame 1
314.1249 	EXP 	Display Frame 0
314.2501 	EXP 	Display Frame 1
314.3753 	DATA 	Keypress: equal
314.3767 	EXP 	Display Frame 0
314.4998 	EXP 	Display Frame 1
314.6252 	EXP 	Display Frame 0
314.7502 	EXP 	Display Frame 1
314.8751 	EXP 	Display Frame 0
315.0001 	EXP 	Display Frame 1
315.1247 	EXP 	Display Frame 0
315.2498 	EXP 	Display Frame 1
315.3748 	DATA 	Keypress: equal
315.3759 	EXP 	Display Frame 0
315.4999 	EXP 	Display Frame 1
315.6251 	EXP 	Display Frame 0
315.7501 	EXP 	Display Frame 1
315.8751 	EXP 	Display Frame 0
316.0001 	EXP 	Display Frame 1
316.1251 	EXP 	Display Frame 0
316.2501 	EXP 	Display Frame 1
316.3748 	DATA 	Keypress: equal
316.3763 	EXP 	Display Frame 0
316.5001 	EXP 	Display Frame 1
316.6252 	EXP 	Display Frame 0
316.7502 	EXP 	Display Frame 1
316.8751 	EXP 	Display Frame 0
317.0001 	EXP 	Display Frame 1
317.1251 	EXP 	Display Frame 0
317.2600 	EXP 	Display Frame 1
317.3749 	DATA 	Keypress: equal
317.3760 	EXP 	Display Frame 0
317.4999 	EXP 	Display Frame 1
317.6249 	EXP 	Display Frame 0
317.7501 	EXP 	Display Frame 1
317.8751 	EXP 	Display Frame 0
318.0002 	EXP 	Display Frame 1
318.1252 	EXP 	Display Frame 0
318.2506 	EXP 	Display Frame 1
318.3748 	EXP 	Display Frame 0
318.4998 	EXP 	Display Frame 1
318.6251 	EXP 	Display Frame 0
318.7498 	EXP 	Display Frame 1
318.8748 	EXP 	Display Frame 0
319.0001 	EXP 	Display Frame 1
319.1251 	EXP 	Display Frame 0
319.2501 	EXP 	Display Frame 1
319.3751 	EXP 	Display Frame 0
319.5002 	EXP 	Display Frame 1
319.6254 	EXP 	Display Frame 0
319.7501 	EXP 	Display Frame 1
319.8749 	EXP 	Display Frame 0
320.0001 	EXP 	Display Frame 1
320.1252 	EXP 	Display Frame 0
320.2502 	EXP 	Display Frame 1
320.3751 	EXP 	Display Frame 0
320.4999 	EXP 	Display Frame 1
320.6252 	EXP 	Display Frame 0
320.7501 	EXP 	Display Frame 1
320.8751 	EXP 	Display Frame 0
321.0001 	EXP 	Display Frame 1
321.1251 	EXP 	Display Frame 0
321.2501 	EXP 	Display Frame 1
321.3751 	EXP 	Display Frame 0
321.5028 	EXP 	Display Frame 1
321.6252 	EXP 	Display Frame 0
321.7498 	EXP 	Display Frame 1
321.8753 	EXP 	Display Frame 0
322.0000 	EXP 	Display Frame 1
322.1250 	EXP 	Display Frame 0
322.2502 	EXP 	Display Frame 1
322.3751 	EXP 	Display Frame 0
322.5002 	DATA 	Keypress: equal
322.5014 	EXP 	Display Frame 1
322.5028 	EXP 	Display Fixation
322.6337 	DATA 	Keypress: equal
416.1583 	DATA 	Keypress: equal
416.6052 	DATA 	Keypress: equal
417.1449 	DATA 	Keypress: q
417.1551 	EXP 	topMsg: height = 0.1
417.1551 	EXP 	topMsg: height = 0.1
417.1551 	EXP 	topMsg: text = "Thank you very much! \n\nThat's it with the tapping"
417.1551 	EXP 	bottomMsg: height = 0.1
417.1551 	EXP 	bottomMsg: height = 0.1
417.1551 	EXP 	bottomMsg: text = "Please relax for the ramaining time \n\n Press 'q' or 'escape' to end the session."
417.1551 	EXP 	Display TheEnd
417.2909 	DATA 	Keypress: q
417.3720 	EXP 	win: mouseVisible = True
