0.9423 	WARNING 	We strongly recommend you activate the PTB sound engine in PsychoPy prefs as the preferred audio engine. Its timing is vastly superior. Your prefs are currently set to use ['sounddevice', 'PTB', 'pyo', 'pygame'] (in that order).
137.3247 	INFO 	---START PARAMETERS---
137.3248 	INFO 	filename: TappingWithTrTiming_Movie_d3.py-1tt============-248-Mar_04_1609
137.3248 	INFO 	subject: 1tt============
137.3249 	INFO 	session: 248
137.3249 	INFO 	date: Mar_04_1609
137.3249 	INFO 	blockDur_TRs: 20
137.3249 	INFO 	condition: TapRight
137.3249 	INFO 	fixCrossPos: [0, 0]
137.3249 	INFO 	fixCrossSize: 100
137.3249 	INFO 	fullScreen: True
137.3249 	INFO 	movieFolder: Images/
137.3249 	INFO 	movieSize: (1600, 1000)
137.3249 	INFO 	nBlocks: 68
137.3249 	INFO 	promptDir: Text/
137.3249 	INFO 	restDur_TRs: 20
137.3249 	INFO 	screenColor: (128, 128, 128)
137.3249 	INFO 	screenToShow: 1
137.3249 	INFO 	skipPrompts: False
137.3249 	INFO 	tStartup_TRs: 0
137.3249 	INFO 	textHeight: 40
137.3250 	INFO 	triggerKey: equal
137.3250 	INFO 	---END PARAMETERS---
138.1695 	INFO 	Loaded monitor calibration from ['2022_03_25 08:03']
139.3005 	WARNING 	Couldn't measure a consistent frame rate!
  - Is your graphics card set to sync to vertical blank?
  - Are you running other processes on your computer?

139.3021 	EXP 	Created win = Window(allowGUI=False, allowStencil=False, autoLog=True, backendConf=UNKNOWN, bitsMode=UNKNOWN, blendMode='avg', bpc=(8, 8, 8), color=array([128, 128, 128]), colorSpace='rgb255', depthBits=8, fullscr=<method-wrapper '__getattribute__' of attributeSetter object at 0x7f892120b250>, gamma=None, gammaErrorPolicy='raise', lms=UNKNOWN, monitor=<psychopy.monitors.calibTools.Monitor object at 0x7f8a00d5b280>, multiSample=False, name='win', numSamples=2, pos=[0.0, 0.0], screen=1, size=array([1920, 1080]), stencilBits=0, stereo=False, units='deg', useFBO=False, useRetina=False, viewOri=0.0, viewPos=None, viewScale=None, waitBlanking=True, winType='pyglet')
139.3026 	EXP 	win: mouseVisible = True
139.3105 	EXP 	Created fixCross = ShapeStim(__class__=<class 'psychopy.visual.shape.ShapeStim'>, anchor=('center', 'center'), autoDraw=False, autoLog=True, closeShape=False, color=method-wrapper(...), colorSpace='rgb', contrast=None, depth=0, fillColor=array([0, 0, 0]), fillColorSpace='rgb', fillRGB=array([0, 0, 0]), interpolate=True, lineColor=array([-1., -1., -1.]), lineColorSpace='rgb', lineRGB=array([-1., -1., -1.]), lineWidth=3.0, name='fixCross', opacity=0.5, ori=0.0, pos=array([0., 0.]), size=array([1., 1.]), units='pix', vertices=ndarray(...), win=Window(...), windingRule=None)
139.3115 	WARNING 	TextStim.alignHoriz is deprecated. Use alignText and anchorHoriz attributes instead
139.3434 	EXP 	Created topMsg = TextStim(__class__=<class 'psychopy.visual.text.TextStim'>, alignHoriz='center', alignText='center', alignVert=method-wrapper(...), anchorHoriz='center', anchorVert='center', antialias=True, autoLog=True, bold=False, color=array([-1., -1., -1.]), colorSpace='rgb', contrast=1.0, depth=0, flipHoriz=False, flipVert=False, font='', fontFiles=[], height=0.1, italic=False, languageStyle='LTR', name='topMsg', opacity=1.0, ori=0.0, pos=array([0. , 0.5]), rgb=UNKNOWN, text='aaa', units='norm', win=Window(...), wrapWidth=1.5)
139.3436 	WARNING 	TextStim.alignHoriz is deprecated. Use alignText and anchorHoriz attributes instead
139.3460 	EXP 	Created bottomMsg = TextStim(__class__=<class 'psychopy.visual.text.TextStim'>, alignHoriz='center', alignText='center', alignVert=method-wrapper(...), anchorHoriz='center', anchorVert='center', antialias=True, autoLog=True, bold=False, color=array([-1., -1., -1.]), colorSpace='rgb', contrast=1.0, depth=0, flipHoriz=False, flipVert=False, font='', fontFiles=[], height=0.1, italic=False, languageStyle='LTR', name='bottomMsg', opacity=1.0, ori=0.0, pos=array([ 0. , -0.5]), rgb=UNKNOWN, text='bbb', units='norm', win=Window(...), wrapWidth=1.5)
139.4234 	EXP 	Created Movie Frame 0 = ImageStim(__class__=<class 'psychopy.visual.image.ImageStim'>, anchor=('center', 'center'), autoLog=True, color=array([1., 1., 1.]), colorSpace='rgb', contrast=1.0, depth=0, flipHoriz=False, flipVert=False, image='Images/right_0.png', interpolate=False, mask=None, maskParams=None, name='Movie Frame 0', opacity=1, ori=0.0, pos=array([0., 0.]), size=array([1600., 1000.]), texRes=128, units='pix', win=Window(...))
139.4937 	EXP 	Created Movie Frame 1 = ImageStim(__class__=<class 'psychopy.visual.image.ImageStim'>, anchor=('center', 'center'), autoLog=True, color=array([1., 1., 1.]), colorSpace='rgb', contrast=1.0, depth=0, flipHoriz=False, flipVert=False, image='Images/right_1.png', interpolate=False, mask=None, maskParams=None, name='Movie Frame 1', opacity=1, ori=0.0, pos=array([0., 0.]), size=array([1600., 1000.]), texRes=128, units='pix', win=Window(...))
139.5593 	EXP 	Created Movie Frame 2 = ImageStim(__class__=<class 'psychopy.visual.image.ImageStim'>, anchor=('center', 'center'), autoLog=True, color=array([1., 1., 1.]), colorSpace='rgb', contrast=1.0, depth=0, flipHoriz=False, flipVert=False, image='Images/right_2.png', interpolate=False, mask=None, maskParams=None, name='Movie Frame 2', opacity=1, ori=0.0, pos=array([0., 0.]), size=array([1600., 1000.]), texRes=128, units='pix', win=Window(...))
139.6199 	EXP 	Created Movie Frame 3 = ImageStim(__class__=<class 'psychopy.visual.image.ImageStim'>, anchor=('center', 'center'), autoLog=True, color=array([1., 1., 1.]), colorSpace='rgb', contrast=1.0, depth=0, flipHoriz=False, flipVert=False, image='Images/right_3.png', interpolate=False, mask=None, maskParams=None, name='Movie Frame 3', opacity=1, ori=0.0, pos=array([0., 0.]), size=array([1600., 1000.]), texRes=128, units='pix', win=Window(...))
139.6804 	EXP 	Created Movie Frame 4 = ImageStim(__class__=<class 'psychopy.visual.image.ImageStim'>, anchor=('center', 'center'), autoLog=True, color=array([1., 1., 1.]), colorSpace='rgb', contrast=1.0, depth=0, flipHoriz=False, flipVert=False, image='Images/right_4.png', interpolate=False, mask=None, maskParams=None, name='Movie Frame 4', opacity=1, ori=0.0, pos=array([0., 0.]), size=array([1600., 1000.]), texRes=128, units='pix', win=Window(...))
139.7414 	EXP 	Created Movie Frame 5 = ImageStim(__class__=<class 'psychopy.visual.image.ImageStim'>, anchor=('center', 'center'), autoLog=True, color=array([1., 1., 1.]), colorSpace='rgb', contrast=1.0, depth=0, flipHoriz=False, flipVert=False, image='Images/right_5.png', interpolate=False, mask=None, maskParams=None, name='Movie Frame 5', opacity=1, ori=0.0, pos=array([0., 0.]), size=array([1600., 1000.]), texRes=128, units='pix', win=Window(...))
139.8018 	EXP 	Created Movie Frame 6 = ImageStim(__class__=<class 'psychopy.visual.image.ImageStim'>, anchor=('center', 'center'), autoLog=True, color=array([1., 1., 1.]), colorSpace='rgb', contrast=1.0, depth=0, flipHoriz=False, flipVert=False, image='Images/right_6.png', interpolate=False, mask=None, maskParams=None, name='Movie Frame 6', opacity=1, ori=0.0, pos=array([0., 0.]), size=array([1600., 1000.]), texRes=128, units='pix', win=Window(...))
139.8610 	EXP 	Created Movie Frame 7 = ImageStim(__class__=<class 'psychopy.visual.image.ImageStim'>, anchor=('center', 'center'), autoLog=True, color=array([1., 1., 1.]), colorSpace='rgb', contrast=1.0, depth=0, flipHoriz=False, flipVert=False, image='Images/right_7.png', interpolate=False, mask=None, maskParams=None, name='Movie Frame 7', opacity=1, ori=0.0, pos=array([0., 0.]), size=array([1600., 1000.]), texRes=128, units='pix', win=Window(...))
139.9208 	EXP 	Created Movie Frame 8 = ImageStim(__class__=<class 'psychopy.visual.image.ImageStim'>, anchor=('center', 'center'), autoLog=True, color=array([1., 1., 1.]), colorSpace='rgb', contrast=1.0, depth=0, flipHoriz=False, flipVert=False, image='Images/right_8.png', interpolate=False, mask=None, maskParams=None, name='Movie Frame 8', opacity=1, ori=0.0, pos=array([0., 0.]), size=array([1600., 1000.]), texRes=128, units='pix', win=Window(...))
139.9814 	EXP 	Created Movie Frame 9 = ImageStim(__class__=<class 'psychopy.visual.image.ImageStim'>, anchor=('center', 'center'), autoLog=True, color=array([1., 1., 1.]), colorSpace='rgb', contrast=1.0, depth=0, flipHoriz=False, flipVert=False, image='Images/right_9.png', interpolate=False, mask=None, maskParams=None, name='Movie Frame 9', opacity=1, ori=0.0, pos=array([0., 0.]), size=array([1600., 1000.]), texRes=128, units='pix', win=Window(...))
139.9887 	EXP 	Created unnamed TextStim = TextStim(__class__=<class 'psychopy.visual.text.TextStim'>, alignHoriz=method-wrapper(...), alignText='center', alignVert=method-wrapper(...), anchorHoriz='center', anchorVert='center', antialias=True, autoLog=True, bold=False, color=array([-1., -1., -1.]), colorSpace='rgb', contrast=1.0, depth=0, flipHoriz=False, flipVert=False, font='', fontFiles=[], height=40.0, italic=False, languageStyle='LTR', name='unnamed TextStim', opacity=1.0, ori=0.0, pos=array([  0., 580.]), rgb=UNKNOWN, text='Tap along with the video.', units='pix', win=Window(...), wrapWidth=1600)
140.0036 	WARNING 	t of last frame was 703.37ms (=1/1)
140.0036 	EXP 	topMsg: height = 0.1
140.0036 	EXP 	topMsg: height = 0.1
140.0036 	EXP 	topMsg: text = 'You will see a movie of a finger tapping. When it is on the screen, try to use the hand indicated to tap your fingers at the same times as the movie does. When the fixation cross appears, relax and stare at the cross.'
140.0036 	EXP 	bottomMsg: height = 0.1
140.0036 	EXP 	bottomMsg: height = 0.1
140.0036 	EXP 	bottomMsg: text = 'The experiment will begin shortly'
140.0036 	EXP 	Display Instructions1
142.3275 	DATA 	Keypress: equal
142.3413 	WARNING 	t of last frame was 2337.65ms (=1/0)
142.3413 	EXP 	topMsg: height = 0.1
142.3413 	EXP 	topMsg: height = 0.1
142.3413 	EXP 	topMsg: text = "Please don't move..."
142.3413 	EXP 	bottomMsg: height = 0.1
142.3413 	EXP 	bottomMsg: height = 0.1
142.3413 	EXP 	bottomMsg: text = ''
142.3413 	EXP 	PleaseDontMove
142.6354 	DATA 	Keypress: equal
142.6380 	WARNING 	t of last frame was 296.79ms (=1/3)
142.6380 	EXP 	Display Fixation
142.6381 	EXP 	---START EXPERIMENT---
142.6401 	EXP 	Display Fixation
142.7552 	DATA 	Keypress: equal
142.9032 	DATA 	Keypress: equal
143.0402 	DATA 	Keypress: equal
143.1798 	DATA 	Keypress: equal
143.3148 	DATA 	Keypress: equal
143.4541 	DATA 	Keypress: equal
143.5911 	DATA 	Keypress: equal
143.7282 	DATA 	Keypress: equal
143.8480 	DATA 	Keypress: equal
143.9745 	DATA 	Keypress: equal
144.0993 	DATA 	Keypress: equal
144.2512 	DATA 	Keypress: equal
144.4055 	DATA 	Keypress: equal
144.5551 	DATA 	Keypress: equal
144.6991 	DATA 	Keypress: equal
144.8295 	DATA 	Keypress: equal
144.9792 	DATA 	Keypress: equal
145.1202 	DATA 	Keypress: equal
145.2410 	DATA 	Keypress: equal
145.3881 	DATA 	Keypress: equal
145.3988 	WARNING 	t of last frame was 2758.75ms (=1/0)
145.4905 	WARNING 	Multiple dropped frames have occurred - I'll stop bothering you about them!
145.4905 	EXP 	Display Frame 1
145.5891 	DATA 	Keypress: equal
145.5907 	EXP 	Display Frame 2
145.6888 	DATA 	Keypress: equal
145.6900 	EXP 	Display Frame 3
145.7897 	EXP 	Display Frame 4
145.8888 	DATA 	Keypress: equal
145.8904 	EXP 	Display Frame 5
145.9887 	DATA 	Keypress: equal
145.9900 	EXP 	Display Frame 6
146.0889 	DATA 	Keypress: equal
146.0902 	EXP 	Display Frame 7
146.1896 	EXP 	Display Frame 8
146.2894 	EXP 	Display Frame 9
146.3895 	EXP 	Display Frame 0
146.4894 	EXP 	Display Frame 1
146.5894 	EXP 	Display Frame 2
146.6896 	EXP 	Display Frame 3
146.7896 	EXP 	Display Frame 4
146.8895 	EXP 	Display Frame 5
146.9898 	EXP 	Display Frame 6
147.0898 	EXP 	Display Frame 7
147.1897 	EXP 	Display Frame 8
147.2897 	EXP 	Display Frame 9
147.3977 	DATA 	Keypress: escape
147.3994 	EXP 	Display Frame 0
147.4070 	EXP 	topMsg: height = 0.1
147.4070 	EXP 	topMsg: height = 0.1
147.4070 	EXP 	topMsg: text = "Thank you very much! \n\nThat's it with the tapping"
147.4070 	EXP 	bottomMsg: height = 0.1
147.4070 	EXP 	bottomMsg: height = 0.1
147.4070 	EXP 	bottomMsg: text = "Please relax for the ramaining time \n\n Press 'q' or 'escape' to end the session."
147.4070 	EXP 	Display TheEnd
148.5015 	DATA 	Keypress: escape
148.5749 	EXP 	win: mouseVisible = True
