0.9611 	WARNING 	We strongly recommend you activate the PTB sound engine in PsychoPy prefs as the preferred audio engine. Its timing is vastly superior. Your prefs are currently set to use ['sounddevice', 'PTB', 'pyo', 'pygame'] (in that order).
9.6288 	INFO 	---START PARAMETERS---
9.6289 	INFO 	filename: TappingWithTrTiming_Movie_d3.py-1tt==============-259-Apr_17_1531
9.6289 	INFO 	subject: 1tt==============
9.6289 	INFO 	session: 259
9.6289 	INFO 	date: Apr_17_1531
9.6289 	INFO 	blockDur_TRs: 20
9.6289 	INFO 	condition: vis
9.6289 	INFO 	fixCrossPos: [0, 0]
9.6289 	INFO 	fixCrossSize: 100
9.6289 	INFO 	fullScreen: True
9.6289 	INFO 	movieFolder: Images/
9.6289 	INFO 	movieSize: (1600, 1000)
9.6289 	INFO 	nBlocks: 68
9.6289 	INFO 	promptDir: Text/
9.6289 	INFO 	restDur_TRs: 20
9.6289 	INFO 	screenColor: (128, 128, 128)
9.6290 	INFO 	screenToShow: 0
9.6290 	INFO 	skipPrompts: False
9.6290 	INFO 	tStartup_TRs: 0
9.6290 	INFO 	textHeight: 40
9.6290 	INFO 	triggerKey: equal
9.6290 	INFO 	---END PARAMETERS---
10.5424 	INFO 	Loaded monitor calibration from ['2022_03_25 08:03']
11.7166 	WARNING 	Couldn't measure a consistent frame rate!
  - Is your graphics card set to sync to vertical blank?
  - Are you running other processes on your computer?

11.7180 	EXP 	Created win = Window(allowGUI=False, allowStencil=False, autoLog=True, backendConf=UNKNOWN, bitsMode=UNKNOWN, blendMode='avg', bpc=(8, 8, 8), color=array([128, 128, 128]), colorSpace='rgb255', depthBits=8, fullscr=<method-wrapper '__getattribute__' of attributeSetter object at 0x7fbc907e4190>, gamma=None, gammaErrorPolicy='raise', lms=UNKNOWN, monitor=<psychopy.monitors.calibTools.Monitor object at 0x7fbce8afc220>, multiSample=False, name='win', numSamples=2, pos=[0.0, 0.0], screen=0, size=array([1920, 1080]), stencilBits=0, stereo=False, units='deg', useFBO=False, useRetina=False, viewOri=0.0, viewPos=None, viewScale=None, waitBlanking=True, winType='pyglet')
11.7189 	EXP 	win: mouseVisible = True
11.7288 	EXP 	Created fixCross = ShapeStim(__class__=<class 'psychopy.visual.shape.ShapeStim'>, anchor=('center', 'center'), autoDraw=False, autoLog=True, closeShape=False, color=method-wrapper(...), colorSpace='rgb', contrast=None, depth=0, fillColor=array([0, 0, 0]), fillColorSpace='rgb', fillRGB=array([0, 0, 0]), interpolate=True, lineColor=array([-1., -1., -1.]), lineColorSpace='rgb', lineRGB=array([-1., -1., -1.]), lineWidth=3.0, name='fixCross', opacity=0.5, ori=0.0, pos=array([0., 0.]), size=array([1., 1.]), units='pix', vertices=ndarray(...), win=Window(...), windingRule=None)
11.7296 	WARNING 	TextStim.alignHoriz is deprecated. Use alignText and anchorHoriz attributes instead
11.7592 	EXP 	Created topMsg = TextStim(__class__=<class 'psychopy.visual.text.TextStim'>, alignHoriz='center', alignText='center', alignVert=method-wrapper(...), anchorHoriz='center', anchorVert='center', antialias=True, autoLog=True, bold=False, color=array([-1., -1., -1.]), colorSpace='rgb', contrast=1.0, depth=0, flipHoriz=False, flipVert=False, font='', fontFiles=[], height=0.1, italic=False, languageStyle='LTR', name='topMsg', opacity=1.0, ori=0.0, pos=array([0. , 0.5]), rgb=UNKNOWN, text='aaa', units='norm', win=Window(...), wrapWidth=1.5)
11.7593 	WARNING 	TextStim.alignHoriz is deprecated. Use alignText and anchorHoriz attributes instead
11.7617 	EXP 	Created bottomMsg = TextStim(__class__=<class 'psychopy.visual.text.TextStim'>, alignHoriz='center', alignText='center', alignVert=method-wrapper(...), anchorHoriz='center', anchorVert='center', antialias=True, autoLog=True, bold=False, color=array([-1., -1., -1.]), colorSpace='rgb', contrast=1.0, depth=0, flipHoriz=False, flipVert=False, font='', fontFiles=[], height=0.1, italic=False, languageStyle='LTR', name='bottomMsg', opacity=1.0, ori=0.0, pos=array([ 0. , -0.5]), rgb=UNKNOWN, text='bbb', units='norm', win=Window(...), wrapWidth=1.5)
11.7858 	EXP 	Created Movie Frame 0 = ImageStim(__class__=<class 'psychopy.visual.image.ImageStim'>, anchor=('center', 'center'), autoLog=True, color=array([1., 1., 1.]), colorSpace='rgb', contrast=1.0, depth=0, flipHoriz=False, flipVert=False, image='Images/visual_0.png', interpolate=False, mask=None, maskParams=None, name='Movie Frame 0', opacity=1, ori=0.0, pos=array([0., 0.]), size=array([1600., 1000.]), texRes=128, units='pix', win=Window(...))
11.7967 	EXP 	Created Movie Frame 1 = ImageStim(__class__=<class 'psychopy.visual.image.ImageStim'>, anchor=('center', 'center'), autoLog=True, color=array([1., 1., 1.]), colorSpace='rgb', contrast=1.0, depth=0, flipHoriz=False, flipVert=False, image='Images/visual_1.png', interpolate=False, mask=None, maskParams=None, name='Movie Frame 1', opacity=1, ori=0.0, pos=array([0., 0.]), size=array([1600., 1000.]), texRes=128, units='pix', win=Window(...))
11.8032 	EXP 	Created unnamed TextStim = TextStim(__class__=<class 'psychopy.visual.text.TextStim'>, alignHoriz=method-wrapper(...), alignText='center', alignVert=method-wrapper(...), anchorHoriz='center', anchorVert='center', antialias=True, autoLog=True, bold=False, color=array([-1., -1., -1.]), colorSpace='rgb', contrast=1.0, depth=0, flipHoriz=False, flipVert=False, font='', fontFiles=[], height=40.0, italic=False, languageStyle='LTR', name='unnamed TextStim', opacity=1.0, ori=0.0, pos=array([  0., 580.]), rgb=UNKNOWN, text='look at the center', units='pix', win=Window(...), wrapWidth=1600)
11.8187 	WARNING 	t of last frame was 102.44ms (=1/9)
11.8187 	EXP 	topMsg: height = 0.1
11.8187 	EXP 	topMsg: height = 0.1
11.8187 	EXP 	topMsg: text = 'You will see a flickering checkerboard. When it is on the screen, try to fixate the center of the checkerboard. When the fixation cross appears, relax and stare at the cross.'
11.8187 	EXP 	bottomMsg: height = 0.1
11.8187 	EXP 	bottomMsg: height = 0.1
11.8187 	EXP 	bottomMsg: text = 'The experiment will begin shortly'
11.8187 	EXP 	Display Instructions1
25.8833 	DATA 	Keypress: s
25.8994 	WARNING 	t of last frame was 14080.71ms (=1/0)
25.8994 	EXP 	topMsg: height = 0.1
25.8994 	EXP 	topMsg: height = 0.1
25.8994 	EXP 	topMsg: text = "Please don't move..."
25.8994 	EXP 	bottomMsg: height = 0.1
25.8994 	EXP 	bottomMsg: height = 0.1
25.8994 	EXP 	bottomMsg: text = ''
25.8994 	EXP 	PleaseDontMove
34.9447 	DATA 	Keypress: escape
35.8237 	DATA 	Keypress: q
35.8355 	WARNING 	t of last frame was 9936.04ms (=1/0)
35.8355 	EXP 	Display Fixation
35.8357 	EXP 	---START EXPERIMENT---
35.8413 	EXP 	Display Fixation
35.8501 	EXP 	topMsg: height = 0.1
35.8501 	EXP 	topMsg: height = 0.1
35.8501 	EXP 	topMsg: text = "Thank you very much! \n\nThat's it with the tapping"
35.8501 	EXP 	bottomMsg: height = 0.1
35.8501 	EXP 	bottomMsg: height = 0.1
35.8501 	EXP 	bottomMsg: text = "Please relax for the ramaining time \n\n Press 'q' or 'escape' to end the session."
35.8501 	EXP 	Display TheEnd
36.1722 	DATA 	Keypress: escape
36.2552 	EXP 	win: mouseVisible = True
