1.0251 	WARNING 	We strongly recommend you activate the PTB sound engine in PsychoPy prefs as the preferred audio engine. Its timing is vastly superior. Your prefs are currently set to use ['sounddevice', 'PTB', 'pyo', 'pygame'] (in that order).
6.4478 	INFO 	---START PARAMETERS---
6.4478 	INFO 	filename: TappingWithTrTiming_Movie_d3.py-1tt============ =====-381-Apr_29_1627
6.4479 	INFO 	subject: 1tt============ =====
6.4479 	INFO 	session: 381
6.4479 	INFO 	date: Apr_29_1627
6.4479 	INFO 	block2Dur_TRs: 0
6.4479 	INFO 	blockDur_TRs: 30
6.4479 	INFO 	condition: vis
6.4479 	INFO 	fixCrossPos: [0, 0]
6.4479 	INFO 	fixCrossSize: 100
6.4479 	INFO 	fullScreen: True
6.4479 	INFO 	movieFolder: images/
6.4479 	INFO 	movieFolder2: images/
6.4480 	INFO 	movieSize: (1600, 1000)
6.4480 	INFO 	nBlocks: 68
6.4480 	INFO 	promptDir: Text/
6.4480 	INFO 	restDur_TRs: 30
6.4480 	INFO 	screenColor: (119, 119, 119)
6.4480 	INFO 	screenToShow: 1
6.4480 	INFO 	skipPrompts: False
6.4480 	INFO 	tStartup_TRs: 0
6.4480 	INFO 	textHeight: 40
6.4480 	INFO 	triggerKey: equal
6.4480 	INFO 	---END PARAMETERS---
7.2357 	INFO 	Loaded monitor calibration from ['2022_03_25 08:03']
8.3326 	WARNING 	Couldn't measure a consistent frame rate!
  - Is your graphics card set to sync to vertical blank?
  - Are you running other processes on your computer?

8.3332 	EXP 	Created win = Window(allowGUI=False, allowStencil=False, autoLog=True, backendConf=UNKNOWN, bitsMode=UNKNOWN, blendMode='avg', bpc=(8, 8, 8), color=array([119, 119, 119]), colorSpace='rgb255', depthBits=8, fullscr=<method-wrapper '__getattribute__' of attributeSetter object at 0x7f806f9cc160>, gamma=None, gammaErrorPolicy='raise', lms=UNKNOWN, monitor=<psychopy.monitors.calibTools.Monitor object at 0x7f7ff890fd00>, multiSample=False, name='win', numSamples=2, pos=[0.0, 0.0], screen=1, size=array([1920, 1080]), stencilBits=0, stereo=False, units='deg', useFBO=False, useRetina=False, viewOri=0.0, viewPos=None, viewScale=None, waitBlanking=True, winType='pyglet')
8.3334 	EXP 	win: mouseVisible = True
8.3394 	EXP 	Created fixCross = ShapeStim(__class__=<class 'psychopy.visual.shape.ShapeStim'>, anchor=('center', 'center'), autoDraw=False, autoLog=True, closeShape=False, color=method-wrapper(...), colorSpace='rgb', contrast=None, depth=0, fillColor=array([0, 0, 0]), fillColorSpace='rgb', fillRGB=array([0, 0, 0]), interpolate=True, lineColor=array([-1., -1., -1.]), lineColorSpace='rgb', lineRGB=array([-1., -1., -1.]), lineWidth=3.0, name='fixCross', opacity=0.5, ori=0.0, pos=array([0., 0.]), size=array([1., 1.]), units='pix', vertices=ndarray(...), win=Window(...), windingRule=None)
8.3398 	WARNING 	TextStim.alignHoriz is deprecated. Use alignText and anchorHoriz attributes instead
8.3659 	EXP 	Created topMsg = TextStim(__class__=<class 'psychopy.visual.text.TextStim'>, alignHoriz='center', alignText='center', alignVert=method-wrapper(...), anchorHoriz='center', anchorVert='center', antialias=True, autoLog=True, bold=False, color=array([-1., -1., -1.]), colorSpace='rgb', contrast=1.0, depth=0, flipHoriz=False, flipVert=False, font='', fontFiles=[], height=0.1, italic=False, languageStyle='LTR', name='topMsg', opacity=1.0, ori=0.0, pos=array([0. , 0.5]), rgb=UNKNOWN, text='aaa', units='norm', win=Window(...), wrapWidth=1.5)
8.3660 	WARNING 	TextStim.alignHoriz is deprecated. Use alignText and anchorHoriz attributes instead
8.3681 	EXP 	Created bottomMsg = TextStim(__class__=<class 'psychopy.visual.text.TextStim'>, alignHoriz='center', alignText='center', alignVert=method-wrapper(...), anchorHoriz='center', anchorVert='center', antialias=True, autoLog=True, bold=False, color=array([-1., -1., -1.]), colorSpace='rgb', contrast=1.0, depth=0, flipHoriz=False, flipVert=False, font='', fontFiles=[], height=0.1, italic=False, languageStyle='LTR', name='bottomMsg', opacity=1.0, ori=0.0, pos=array([ 0. , -0.5]), rgb=UNKNOWN, text='bbb', units='norm', win=Window(...), wrapWidth=1.5)
8.3895 	EXP 	Created Movie Frame 0 = ImageStim(__class__=<class 'psychopy.visual.image.ImageStim'>, anchor=('center', 'center'), autoLog=True, color=array([1., 1., 1.]), colorSpace='rgb', contrast=1.0, depth=0, flipHoriz=False, flipVert=False, image='images/visual_0.png', interpolate=False, mask=None, maskParams=None, name='Movie Frame 0', opacity=1, ori=0.0, pos=array([0., 0.]), size=array([1600., 1000.]), texRes=128, units='pix', win=Window(...))
8.4024 	EXP 	Created Movie Frame 1 = ImageStim(__class__=<class 'psychopy.visual.image.ImageStim'>, anchor=('center', 'center'), autoLog=True, color=array([1., 1., 1.]), colorSpace='rgb', contrast=1.0, depth=0, flipHoriz=False, flipVert=False, image='images/visual_1.png', interpolate=False, mask=None, maskParams=None, name='Movie Frame 1', opacity=1, ori=0.0, pos=array([0., 0.]), size=array([1600., 1000.]), texRes=128, units='pix', win=Window(...))
8.4118 	EXP 	Created Movie Frame 0 = ImageStim(__class__=<class 'psychopy.visual.image.ImageStim'>, anchor=('center', 'center'), autoLog=True, color=array([1., 1., 1.]), colorSpace='rgb', contrast=1.0, depth=0, flipHoriz=False, flipVert=False, image='images/visual_0.png', interpolate=False, mask=None, maskParams=None, name='Movie Frame 0', opacity=1, ori=0.0, pos=array([0., 0.]), size=array([1600., 1000.]), texRes=128, units='pix', win=Window(...))
8.4210 	EXP 	Created Movie Frame 1 = ImageStim(__class__=<class 'psychopy.visual.image.ImageStim'>, anchor=('center', 'center'), autoLog=True, color=array([1., 1., 1.]), colorSpace='rgb', contrast=1.0, depth=0, flipHoriz=False, flipVert=False, image='images/visual_1.png', interpolate=False, mask=None, maskParams=None, name='Movie Frame 1', opacity=1, ori=0.0, pos=array([0., 0.]), size=array([1600., 1000.]), texRes=128, units='pix', win=Window(...))
8.4309 	EXP 	Created unnamed TextStim = TextStim(__class__=<class 'psychopy.visual.text.TextStim'>, alignHoriz=method-wrapper(...), alignText='center', alignVert=method-wrapper(...), anchorHoriz='center', anchorVert='center', antialias=True, autoLog=True, bold=False, color=array([-1., -1., -1.]), colorSpace='rgb', contrast=1.0, depth=0, flipHoriz=False, flipVert=False, font='', fontFiles=[], height=40.0, italic=False, languageStyle='LTR', name='unnamed TextStim', opacity=1.0, ori=0.0, pos=array([  0., 580.]), rgb=UNKNOWN, text='look at the center', units='pix', win=Window(...), wrapWidth=1600)
8.4427 	WARNING 	t of last frame was 110.23ms (=1/9)
8.4427 	EXP 	topMsg: height = 0.1
8.4427 	EXP 	topMsg: height = 0.1
8.4427 	EXP 	topMsg: text = 'You will see a flickering checkerboard. When it is on the screen, try to fixate the center of the checkerboard. When the fixation cross appears, relax and stare at the cross.'
8.4427 	EXP 	bottomMsg: height = 0.1
8.4427 	EXP 	bottomMsg: height = 0.1
8.4427 	EXP 	bottomMsg: text = 'The experiment will begin shortly'
8.4427 	EXP 	Display Instructions1
9.7706 	DATA 	Keypress: equal
9.7768 	WARNING 	t of last frame was 1334.03ms (=1/0)
9.7768 	EXP 	topMsg: height = 0.1
9.7768 	EXP 	topMsg: height = 0.1
9.7768 	EXP 	topMsg: text = "Please don't move..."
9.7768 	EXP 	bottomMsg: height = 0.1
9.7768 	EXP 	bottomMsg: height = 0.1
9.7768 	EXP 	bottomMsg: text = ''
9.7768 	EXP 	PleaseDontMove
9.9473 	DATA 	Keypress: equal
9.9502 	WARNING 	t of last frame was 173.41ms (=1/5)
9.9502 	EXP 	Display Fixation
9.9502 	EXP 	---START EXPERIMENT---
9.9511 	EXP 	Display Fixation
10.0941 	DATA 	Keypress: equal
10.2280 	DATA 	Keypress: equal
10.3770 	DATA 	Keypress: equal
12.4164 	DATA 	Keypress: equal
12.5567 	DATA 	Keypress: equal
12.6909 	DATA 	Keypress: equal
12.9114 	DATA 	Keypress: equal
13.0419 	DATA 	Keypress: equal
13.1816 	DATA 	Keypress: equal
13.3016 	DATA 	Keypress: equal
13.4249 	DATA 	Keypress: equal
13.5663 	DATA 	Keypress: equal
13.7031 	DATA 	Keypress: equal
13.8501 	DATA 	Keypress: equal
13.9826 	DATA 	Keypress: equal
14.1277 	DATA 	Keypress: equal
14.2730 	DATA 	Keypress: equal
14.4128 	DATA 	Keypress: equal
14.5557 	DATA 	Keypress: equal
14.6938 	DATA 	Keypress: equal
14.8378 	DATA 	Keypress: equal
14.9877 	DATA 	Keypress: equal
15.1256 	DATA 	Keypress: equal
15.2684 	DATA 	Keypress: equal
15.4106 	DATA 	Keypress: equal
15.5525 	DATA 	Keypress: equal
15.6957 	DATA 	Keypress: equal
15.8395 	DATA 	Keypress: equal
15.9716 	DATA 	Keypress: equal
16.1107 	DATA 	Keypress: equal
16.1142 	WARNING 	t of last frame was 6163.19ms (=1/0)
16.2370 	WARNING 	Multiple dropped frames have occurred - I'll stop bothering you about them!
16.2370 	EXP 	Display Frame 1
16.3614 	DATA 	Keypress: equal
16.3626 	EXP 	Display Frame 0
16.4863 	DATA 	Keypress: equal
16.4873 	EXP 	Display Frame 1
16.6117 	EXP 	Display Frame 0
16.7368 	EXP 	Display Frame 1
16.8618 	EXP 	Display Frame 0
16.9868 	EXP 	Display Frame 1
17.1118 	EXP 	Display Frame 0
17.2369 	EXP 	Display Frame 1
17.3616 	EXP 	Display Frame 0
17.4866 	EXP 	Display Frame 1
17.6118 	EXP 	Display Frame 0
17.7366 	EXP 	Display Frame 1
17.8617 	EXP 	Display Frame 0
17.9867 	EXP 	Display Frame 1
18.1116 	EXP 	Display Frame 0
18.2367 	EXP 	Display Frame 1
18.3618 	EXP 	Display Frame 0
18.4868 	EXP 	Display Frame 1
18.6118 	EXP 	Display Frame 0
18.7367 	EXP 	Display Frame 1
18.8618 	EXP 	Display Frame 0
18.9868 	EXP 	Display Frame 1
19.1115 	EXP 	Display Frame 0
19.2368 	EXP 	Display Frame 1
19.3618 	EXP 	Display Frame 0
19.4868 	EXP 	Display Frame 1
19.6116 	EXP 	Display Frame 0
19.7366 	EXP 	Display Frame 1
19.8619 	EXP 	Display Frame 0
19.9867 	EXP 	Display Frame 1
20.1116 	EXP 	Display Frame 0
20.2368 	EXP 	Display Frame 1
20.3618 	EXP 	Display Frame 0
20.4867 	EXP 	Display Frame 1
20.6118 	EXP 	Display Frame 0
20.7368 	EXP 	Display Frame 1
20.8620 	EXP 	Display Frame 0
20.9867 	EXP 	Display Frame 1
21.1118 	EXP 	Display Frame 0
21.2368 	EXP 	Display Frame 1
21.3618 	EXP 	Display Frame 0
21.4868 	EXP 	Display Frame 1
21.6118 	EXP 	Display Frame 0
21.7368 	EXP 	Display Frame 1
21.8617 	EXP 	Display Frame 0
21.9867 	EXP 	Display Frame 1
22.1117 	EXP 	Display Frame 0
22.2366 	EXP 	Display Frame 1
22.3635 	EXP 	Display Frame 0
22.4867 	EXP 	Display Frame 1
22.6115 	EXP 	Display Frame 0
22.7368 	EXP 	Display Frame 1
22.8622 	EXP 	Display Frame 0
22.9866 	EXP 	Display Frame 1
23.1118 	EXP 	Display Frame 0
23.2369 	EXP 	Display Frame 1
23.3619 	EXP 	Display Frame 0
23.4869 	EXP 	Display Frame 1
23.6117 	EXP 	Display Frame 0
23.7365 	EXP 	Display Frame 1
23.8619 	EXP 	Display Frame 0
23.9867 	EXP 	Display Frame 1
24.1118 	EXP 	Display Frame 0
24.2367 	EXP 	Display Frame 1
24.3618 	EXP 	Display Frame 0
24.4868 	EXP 	Display Frame 1
24.6119 	EXP 	Display Frame 0
24.7368 	EXP 	Display Frame 1
24.8616 	EXP 	Display Frame 0
24.9870 	EXP 	Display Frame 1
25.1118 	EXP 	Display Frame 0
25.2368 	EXP 	Display Frame 1
25.3619 	EXP 	Display Frame 0
25.4869 	EXP 	Display Frame 1
25.6119 	EXP 	Display Frame 0
25.7369 	EXP 	Display Frame 1
25.8618 	EXP 	Display Frame 0
25.9868 	EXP 	Display Frame 1
26.1115 	EXP 	Display Frame 0
26.2369 	EXP 	Display Frame 1
26.3617 	EXP 	Display Frame 0
26.4869 	EXP 	Display Frame 1
26.6119 	EXP 	Display Frame 0
26.7368 	EXP 	Display Frame 1
26.8618 	EXP 	Display Frame 0
26.9868 	EXP 	Display Frame 1
27.1119 	EXP 	Display Frame 0
27.2368 	EXP 	Display Frame 1
27.3618 	EXP 	Display Frame 0
27.4869 	EXP 	Display Frame 1
27.6118 	EXP 	Display Frame 0
27.7369 	EXP 	Display Frame 1
27.8618 	EXP 	Display Frame 0
27.9865 	EXP 	Display Frame 1
28.1118 	EXP 	Display Frame 0
28.2367 	EXP 	Display Frame 1
28.3619 	EXP 	Display Frame 0
28.4866 	EXP 	Display Frame 1
28.6121 	EXP 	Display Frame 0
28.7368 	EXP 	Display Frame 1
28.8619 	EXP 	Display Frame 0
28.9869 	EXP 	Display Frame 1
29.1119 	EXP 	Display Frame 0
29.2369 	EXP 	Display Frame 1
29.3618 	EXP 	Display Frame 0
29.4868 	EXP 	Display Frame 1
29.6117 	EXP 	Display Frame 0
29.7367 	EXP 	Display Frame 1
29.8617 	EXP 	Display Frame 0
29.9868 	EXP 	Display Frame 1
30.1118 	EXP 	Display Frame 0
30.2369 	EXP 	Display Frame 1
30.3658 	EXP 	Display Frame 0
30.4866 	EXP 	Display Frame 1
30.6118 	EXP 	Display Frame 0
30.7368 	EXP 	Display Frame 1
30.8619 	EXP 	Display Frame 0
30.9868 	EXP 	Display Frame 1
31.1119 	EXP 	Display Frame 0
31.2369 	EXP 	Display Frame 1
31.3619 	EXP 	Display Frame 0
31.4869 	EXP 	Display Frame 1
31.6118 	EXP 	Display Frame 0
31.7368 	EXP 	Display Frame 1
31.8619 	EXP 	Display Frame 0
31.9867 	EXP 	Display Frame 1
32.1119 	EXP 	Display Frame 0
32.2369 	EXP 	Display Frame 1
32.3620 	EXP 	Display Frame 0
32.4869 	EXP 	Display Frame 1
32.6116 	EXP 	Display Frame 0
32.7369 	EXP 	Display Frame 1
32.8618 	EXP 	Display Frame 0
32.9867 	EXP 	Display Frame 1
33.1119 	EXP 	Display Frame 0
33.2369 	EXP 	Display Frame 1
33.3620 	EXP 	Display Frame 0
33.4868 	EXP 	Display Frame 1
33.6118 	EXP 	Display Frame 0
33.7368 	EXP 	Display Frame 1
33.8619 	EXP 	Display Frame 0
33.9868 	EXP 	Display Frame 1
34.1119 	EXP 	Display Frame 0
34.2368 	EXP 	Display Frame 1
34.3622 	EXP 	Display Frame 0
34.4868 	EXP 	Display Frame 1
34.6118 	EXP 	Display Frame 0
34.7369 	EXP 	Display Frame 1
34.8618 	EXP 	Display Frame 0
34.9869 	EXP 	Display Frame 1
35.1118 	EXP 	Display Frame 0
35.2368 	EXP 	Display Frame 1
35.3619 	EXP 	Display Frame 0
35.4868 	EXP 	Display Frame 1
35.6119 	EXP 	Display Frame 0
35.7369 	EXP 	Display Frame 1
35.8619 	EXP 	Display Frame 0
35.9869 	EXP 	Display Frame 1
36.1118 	EXP 	Display Frame 0
36.2368 	EXP 	Display Frame 1
36.3619 	EXP 	Display Frame 0
36.4868 	EXP 	Display Frame 1
36.6118 	EXP 	Display Frame 0
36.7370 	EXP 	Display Frame 1
36.8620 	EXP 	Display Frame 0
36.9868 	EXP 	Display Frame 1
37.1118 	EXP 	Display Frame 0
37.2368 	EXP 	Display Frame 1
37.3617 	EXP 	Display Frame 0
37.4882 	EXP 	Display Frame 1
37.6117 	EXP 	Display Frame 0
37.7368 	EXP 	Display Frame 1
37.8618 	EXP 	Display Frame 0
37.9866 	EXP 	Display Frame 1
38.1121 	EXP 	Display Frame 0
38.2367 	EXP 	Display Frame 1
38.3618 	EXP 	Display Frame 0
38.4868 	EXP 	Display Frame 1
38.6118 	EXP 	Display Frame 0
38.7368 	EXP 	Display Frame 1
38.8618 	EXP 	Display Frame 0
38.9869 	EXP 	Display Frame 1
39.1118 	EXP 	Display Frame 0
39.2369 	EXP 	Display Frame 1
39.3616 	EXP 	Display Frame 0
39.4865 	EXP 	Display Frame 1
39.6118 	EXP 	Display Frame 0
39.7367 	EXP 	Display Frame 1
39.8618 	EXP 	Display Frame 0
39.9867 	DATA 	Keypress: q
39.9887 	EXP 	Display Frame 1
39.9991 	EXP 	topMsg: height = 0.1
39.9991 	EXP 	topMsg: height = 0.1
39.9991 	EXP 	topMsg: text = "Thank you very much! \n\nThat's it with the tapping"
39.9991 	EXP 	bottomMsg: height = 0.1
39.9991 	EXP 	bottomMsg: height = 0.1
39.9991 	EXP 	bottomMsg: text = "Please relax for the ramaining time \n\n Press 'q' or 'escape' to end the session."
39.9991 	EXP 	Display TheEnd
40.2170 	DATA 	Keypress: q
40.2967 	EXP 	win: mouseVisible = True
