1.0618 	WARNING 	We strongly recommend you activate the PTB sound engine in PsychoPy prefs as the preferred audio engine. Its timing is vastly superior. Your prefs are currently set to use ['sounddevice', 'PTB', 'pyo', 'pygame'] (in that order).
7.2825 	INFO 	---START PARAMETERS---
7.2826 	INFO 	filename: TappingWithTrTiming_Movie_d3.py-1tt============-235-Dec_29_1609
7.2826 	INFO 	subject: 1tt============
7.2826 	INFO 	session: 235
7.2826 	INFO 	date: Dec_29_1609
7.2826 	INFO 	blockDur_TRs: 6
7.2826 	INFO 	condition: TapFast
7.2826 	INFO 	fixCrossPos: [0, 0]
7.2827 	INFO 	fixCrossSize: 100
7.2827 	INFO 	fullScreen: True
7.2827 	INFO 	movieFolder: Images/
7.2827 	INFO 	movieSize: (1600, 1000)
7.2827 	INFO 	nBlocks: 68
7.2827 	INFO 	promptDir: Text/
7.2827 	INFO 	restDur_TRs: 6
7.2827 	INFO 	screenColor: (128, 128, 128)
7.2827 	INFO 	screenToShow: 1
7.2827 	INFO 	skipPrompts: False
7.2827 	INFO 	tStartup_TRs: 0
7.2827 	INFO 	textHeight: 40
7.2827 	INFO 	triggerKey: equal
7.2827 	INFO 	---END PARAMETERS---
8.2043 	INFO 	Loaded monitor calibration from ['2022_03_25 08:03']
9.3636 	WARNING 	Couldn't measure a consistent frame rate!
  - Is your graphics card set to sync to vertical blank?
  - Are you running other processes on your computer?

9.3643 	EXP 	Created win = Window(allowGUI=False, allowStencil=False, autoLog=True, backendConf=UNKNOWN, bitsMode=UNKNOWN, blendMode='avg', bpc=(8, 8, 8), color=array([128, 128, 128]), colorSpace='rgb255', depthBits=8, fullscr=<method-wrapper '__getattribute__' of attributeSetter object at 0x7fd57bab8310>, gamma=None, gammaErrorPolicy='raise', lms=UNKNOWN, monitor=<psychopy.monitors.calibTools.Monitor object at 0x7fd6097331f0>, multiSample=False, name='win', numSamples=2, pos=[0.0, 0.0], screen=1, size=array([1920, 1080]), stencilBits=0, stereo=False, units='deg', useFBO=False, useRetina=False, viewOri=0.0, viewPos=None, viewScale=None, waitBlanking=True, winType='pyglet')
9.3646 	EXP 	win: mouseVisible = True
9.3721 	EXP 	Created fixCross = ShapeStim(__class__=<class 'psychopy.visual.shape.ShapeStim'>, anchor=('center', 'center'), autoDraw=False, autoLog=True, closeShape=False, color=method-wrapper(...), colorSpace='rgb', contrast=None, depth=0, fillColor=array([0, 0, 0]), fillColorSpace='rgb', fillRGB=array([0, 0, 0]), interpolate=True, lineColor=array([-1., -1., -1.]), lineColorSpace='rgb', lineRGB=array([-1., -1., -1.]), lineWidth=3.0, name='fixCross', opacity=0.5, ori=0.0, pos=array([0., 0.]), size=array([1., 1.]), units='pix', vertices=ndarray(...), win=Window(...), windingRule=None)
9.3727 	WARNING 	TextStim.alignHoriz is deprecated. Use alignText and anchorHoriz attributes instead
9.4021 	EXP 	Created topMsg = TextStim(__class__=<class 'psychopy.visual.text.TextStim'>, alignHoriz='center', alignText='center', alignVert=method-wrapper(...), anchorHoriz='center', anchorVert='center', antialias=True, autoLog=True, bold=False, color=array([-1., -1., -1.]), colorSpace='rgb', contrast=1.0, depth=0, flipHoriz=False, flipVert=False, font='', fontFiles=[], height=0.1, italic=False, languageStyle='LTR', name='topMsg', opacity=1.0, ori=0.0, pos=array([0. , 0.5]), rgb=UNKNOWN, text='aaa', units='norm', win=Window(...), wrapWidth=1.5)
9.4022 	WARNING 	TextStim.alignHoriz is deprecated. Use alignText and anchorHoriz attributes instead
9.4047 	EXP 	Created bottomMsg = TextStim(__class__=<class 'psychopy.visual.text.TextStim'>, alignHoriz='center', alignText='center', alignVert=method-wrapper(...), anchorHoriz='center', anchorVert='center', antialias=True, autoLog=True, bold=False, color=array([-1., -1., -1.]), colorSpace='rgb', contrast=1.0, depth=0, flipHoriz=False, flipVert=False, font='', fontFiles=[], height=0.1, italic=False, languageStyle='LTR', name='bottomMsg', opacity=1.0, ori=0.0, pos=array([ 0. , -0.5]), rgb=UNKNOWN, text='bbb', units='norm', win=Window(...), wrapWidth=1.5)
9.4809 	EXP 	Created Movie Frame 0 = ImageStim(__class__=<class 'psychopy.visual.image.ImageStim'>, anchor=('center', 'center'), autoLog=True, color=array([1., 1., 1.]), colorSpace='rgb', contrast=1.0, depth=0, flipHoriz=False, flipVert=False, image='Images/right_0.png', interpolate=False, mask=None, maskParams=None, name='Movie Frame 0', opacity=1, ori=0.0, pos=array([0., 0.]), size=array([1600., 1000.]), texRes=128, units='pix', win=Window(...))
9.5533 	EXP 	Created Movie Frame 1 = ImageStim(__class__=<class 'psychopy.visual.image.ImageStim'>, anchor=('center', 'center'), autoLog=True, color=array([1., 1., 1.]), colorSpace='rgb', contrast=1.0, depth=0, flipHoriz=False, flipVert=False, image='Images/right_1.png', interpolate=False, mask=None, maskParams=None, name='Movie Frame 1', opacity=1, ori=0.0, pos=array([0., 0.]), size=array([1600., 1000.]), texRes=128, units='pix', win=Window(...))
9.6158 	EXP 	Created Movie Frame 2 = ImageStim(__class__=<class 'psychopy.visual.image.ImageStim'>, anchor=('center', 'center'), autoLog=True, color=array([1., 1., 1.]), colorSpace='rgb', contrast=1.0, depth=0, flipHoriz=False, flipVert=False, image='Images/right_2.png', interpolate=False, mask=None, maskParams=None, name='Movie Frame 2', opacity=1, ori=0.0, pos=array([0., 0.]), size=array([1600., 1000.]), texRes=128, units='pix', win=Window(...))
9.6803 	EXP 	Created Movie Frame 3 = ImageStim(__class__=<class 'psychopy.visual.image.ImageStim'>, anchor=('center', 'center'), autoLog=True, color=array([1., 1., 1.]), colorSpace='rgb', contrast=1.0, depth=0, flipHoriz=False, flipVert=False, image='Images/right_3.png', interpolate=False, mask=None, maskParams=None, name='Movie Frame 3', opacity=1, ori=0.0, pos=array([0., 0.]), size=array([1600., 1000.]), texRes=128, units='pix', win=Window(...))
9.7431 	EXP 	Created Movie Frame 4 = ImageStim(__class__=<class 'psychopy.visual.image.ImageStim'>, anchor=('center', 'center'), autoLog=True, color=array([1., 1., 1.]), colorSpace='rgb', contrast=1.0, depth=0, flipHoriz=False, flipVert=False, image='Images/right_4.png', interpolate=False, mask=None, maskParams=None, name='Movie Frame 4', opacity=1, ori=0.0, pos=array([0., 0.]), size=array([1600., 1000.]), texRes=128, units='pix', win=Window(...))
9.8044 	EXP 	Created Movie Frame 5 = ImageStim(__class__=<class 'psychopy.visual.image.ImageStim'>, anchor=('center', 'center'), autoLog=True, color=array([1., 1., 1.]), colorSpace='rgb', contrast=1.0, depth=0, flipHoriz=False, flipVert=False, image='Images/right_5.png', interpolate=False, mask=None, maskParams=None, name='Movie Frame 5', opacity=1, ori=0.0, pos=array([0., 0.]), size=array([1600., 1000.]), texRes=128, units='pix', win=Window(...))
9.8675 	EXP 	Created Movie Frame 6 = ImageStim(__class__=<class 'psychopy.visual.image.ImageStim'>, anchor=('center', 'center'), autoLog=True, color=array([1., 1., 1.]), colorSpace='rgb', contrast=1.0, depth=0, flipHoriz=False, flipVert=False, image='Images/right_6.png', interpolate=False, mask=None, maskParams=None, name='Movie Frame 6', opacity=1, ori=0.0, pos=array([0., 0.]), size=array([1600., 1000.]), texRes=128, units='pix', win=Window(...))
9.9294 	EXP 	Created Movie Frame 7 = ImageStim(__class__=<class 'psychopy.visual.image.ImageStim'>, anchor=('center', 'center'), autoLog=True, color=array([1., 1., 1.]), colorSpace='rgb', contrast=1.0, depth=0, flipHoriz=False, flipVert=False, image='Images/right_7.png', interpolate=False, mask=None, maskParams=None, name='Movie Frame 7', opacity=1, ori=0.0, pos=array([0., 0.]), size=array([1600., 1000.]), texRes=128, units='pix', win=Window(...))
9.9898 	EXP 	Created Movie Frame 8 = ImageStim(__class__=<class 'psychopy.visual.image.ImageStim'>, anchor=('center', 'center'), autoLog=True, color=array([1., 1., 1.]), colorSpace='rgb', contrast=1.0, depth=0, flipHoriz=False, flipVert=False, image='Images/right_8.png', interpolate=False, mask=None, maskParams=None, name='Movie Frame 8', opacity=1, ori=0.0, pos=array([0., 0.]), size=array([1600., 1000.]), texRes=128, units='pix', win=Window(...))
10.0510 	EXP 	Created Movie Frame 9 = ImageStim(__class__=<class 'psychopy.visual.image.ImageStim'>, anchor=('center', 'center'), autoLog=True, color=array([1., 1., 1.]), colorSpace='rgb', contrast=1.0, depth=0, flipHoriz=False, flipVert=False, image='Images/right_9.png', interpolate=False, mask=None, maskParams=None, name='Movie Frame 9', opacity=1, ori=0.0, pos=array([0., 0.]), size=array([1600., 1000.]), texRes=128, units='pix', win=Window(...))
10.0582 	EXP 	Created unnamed TextStim = TextStim(__class__=<class 'psychopy.visual.text.TextStim'>, alignHoriz=method-wrapper(...), alignText='center', alignVert=method-wrapper(...), anchorHoriz='center', anchorVert='center', antialias=True, autoLog=True, bold=False, color=array([-1., -1., -1.]), colorSpace='rgb', contrast=1.0, depth=0, flipHoriz=False, flipVert=False, font='', fontFiles=[], height=40.0, italic=False, languageStyle='LTR', name='unnamed TextStim', opacity=1.0, ori=0.0, pos=array([  0., 580.]), rgb=UNKNOWN, text='Tap along with the video.', units='pix', win=Window(...), wrapWidth=1600)
10.0729 	WARNING 	t of last frame was 709.58ms (=1/1)
10.0729 	EXP 	topMsg: height = 0.1
10.0729 	EXP 	topMsg: height = 0.1
10.0729 	EXP 	topMsg: text = 'You will see a movie of a finger tapping. When it is on the screen, try to use the hand indicated to tap your fingers at the same times as the movie does. When the fixation cross appears, relax and stare at the cross.'
10.0729 	EXP 	bottomMsg: height = 0.1
10.0729 	EXP 	bottomMsg: height = 0.1
10.0729 	EXP 	bottomMsg: text = 'The experiment will begin shortly'
10.0729 	EXP 	Display Instructions1
10.9513 	DATA 	Keypress: t
10.9565 	WARNING 	t of last frame was 883.58ms (=1/1)
10.9565 	EXP 	topMsg: height = 0.1
10.9565 	EXP 	topMsg: height = 0.1
10.9565 	EXP 	topMsg: text = "Please don't move..."
10.9565 	EXP 	bottomMsg: height = 0.1
10.9565 	EXP 	bottomMsg: height = 0.1
10.9565 	EXP 	bottomMsg: text = ''
10.9565 	EXP 	PleaseDontMove
11.4026 	DATA 	Keypress: equal
11.4049 	WARNING 	t of last frame was 448.37ms (=1/2)
11.4049 	EXP 	Display Fixation
11.4049 	EXP 	---START EXPERIMENT---
11.4088 	EXP 	Display Fixation
11.5625 	DATA 	Keypress: equal
11.7105 	DATA 	Keypress: equal
11.8485 	DATA 	Keypress: equal
11.9867 	DATA 	Keypress: equal
12.1288 	DATA 	Keypress: equal
12.2697 	DATA 	Keypress: equal
12.2719 	WARNING 	t of last frame was 863.04ms (=1/1)
12.3049 	WARNING 	Multiple dropped frames have occurred - I'll stop bothering you about them!
12.3049 	EXP 	Display Frame 1
12.3384 	EXP 	Display Frame 2
12.3715 	EXP 	Display Frame 3
12.4044 	DATA 	Keypress: equal
12.4060 	EXP 	Display Frame 4
12.4382 	EXP 	Display Frame 5
12.4716 	EXP 	Display Frame 6
12.5045 	EXP 	Display Frame 7
12.5379 	EXP 	Display Frame 8
12.5708 	DATA 	Keypress: equal
12.5722 	EXP 	Display Frame 9
12.6049 	EXP 	Display Frame 0
12.6378 	EXP 	Display Frame 1
12.6711 	EXP 	Display Frame 2
12.7044 	EXP 	Display Frame 3
12.7377 	EXP 	Display Frame 4
12.7710 	EXP 	Display Frame 5
12.8044 	EXP 	Display Frame 6
12.8377 	EXP 	Display Frame 7
12.8710 	EXP 	Display Frame 8
12.9044 	EXP 	Display Frame 9
12.9377 	EXP 	Display Frame 0
12.9710 	EXP 	Display Frame 1
13.0044 	EXP 	Display Frame 2
13.0377 	EXP 	Display Frame 3
13.0711 	EXP 	Display Frame 4
13.1044 	EXP 	Display Frame 5
13.1377 	EXP 	Display Frame 6
13.1711 	EXP 	Display Frame 7
13.2043 	EXP 	Display Frame 8
13.2377 	EXP 	Display Frame 9
13.2710 	EXP 	Display Frame 0
13.3050 	EXP 	Display Frame 1
13.3378 	EXP 	Display Frame 2
13.3711 	EXP 	Display Frame 3
13.4044 	EXP 	Display Frame 4
13.4379 	EXP 	Display Frame 5
13.4711 	EXP 	Display Frame 6
13.5044 	EXP 	Display Frame 7
13.5392 	EXP 	Display Frame 8
13.5711 	EXP 	Display Frame 9
13.6044 	EXP 	Display Frame 0
13.6377 	EXP 	Display Frame 1
13.6710 	EXP 	Display Frame 2
13.7043 	EXP 	Display Frame 3
13.7377 	EXP 	Display Frame 4
13.7711 	EXP 	Display Frame 5
13.8043 	EXP 	Display Frame 6
13.8377 	EXP 	Display Frame 7
13.8710 	DATA 	Keypress: q
13.8723 	EXP 	Display Frame 8
13.8799 	EXP 	topMsg: height = 0.1
13.8799 	EXP 	topMsg: height = 0.1
13.8799 	EXP 	topMsg: text = "Thank you very much! \n\nThat's it with the tapping"
13.8799 	EXP 	bottomMsg: height = 0.1
13.8799 	EXP 	bottomMsg: height = 0.1
13.8799 	EXP 	bottomMsg: text = "Please relax for the ramaining time \n\n Press 'q' or 'escape' to end the session."
13.8799 	EXP 	Display TheEnd
710.9682 	DATA 	Keypress: q
711.0422 	EXP 	win: mouseVisible = True
