1.2078 	WARNING 	We strongly recommend you activate the PTB sound engine in PsychoPy prefs as the preferred audio engine. Its timing is vastly superior. Your prefs are currently set to use ['sounddevice', 'PTB', 'pyo', 'pygame'] (in that order).
8.0254 	INFO 	---START PARAMETERS---
8.0254 	INFO 	filename: TappingWithTrTiming_Movie_d3.py-1tt============ =====-379-Apr_24_1739
8.0254 	INFO 	subject: 1tt============ =====
8.0254 	INFO 	session: 379
8.0254 	INFO 	date: Apr_24_1739
8.0254 	INFO 	block2Dur_TRs: 0
8.0254 	INFO 	blockDur_TRs: 20
8.0254 	INFO 	condition: vis
8.0254 	INFO 	fixCrossPos: [0, 0]
8.0254 	INFO 	fixCrossSize: 100
8.0254 	INFO 	fullScreen: True
8.0254 	INFO 	movieFolder: images/
8.0255 	INFO 	movieFolder2: images/
8.0255 	INFO 	movieSize: (1600, 1000)
8.0255 	INFO 	nBlocks: 68
8.0255 	INFO 	promptDir: Text/
8.0255 	INFO 	restDur_TRs: 20
8.0255 	INFO 	screenColor: (119, 119, 119)
8.0255 	INFO 	screenToShow: 1
8.0255 	INFO 	skipPrompts: False
8.0255 	INFO 	tStartup_TRs: 0
8.0255 	INFO 	textHeight: 40
8.0255 	INFO 	triggerKey: equal
8.0255 	INFO 	---END PARAMETERS---
8.9176 	INFO 	Loaded monitor calibration from ['2022_03_25 08:03']
10.0507 	WARNING 	Couldn't measure a consistent frame rate!
  - Is your graphics card set to sync to vertical blank?
  - Are you running other processes on your computer?

10.0510 	EXP 	Created win = Window(allowGUI=False, allowStencil=False, autoLog=True, backendConf=UNKNOWN, bitsMode=UNKNOWN, blendMode='avg', bpc=(8, 8, 8), color=array([119, 119, 119]), colorSpace='rgb255', depthBits=8, fullscr=<method-wrapper '__getattribute__' of attributeSetter object at 0x7f95c3cc0040>, gamma=None, gammaErrorPolicy='raise', lms=UNKNOWN, monitor=<psychopy.monitors.calibTools.Monitor object at 0x7f966883fd30>, multiSample=False, name='win', numSamples=2, pos=[0.0, 0.0], screen=1, size=array([1920, 1080]), stencilBits=0, stereo=False, units='deg', useFBO=False, useRetina=False, viewOri=0.0, viewPos=None, viewScale=None, waitBlanking=True, winType='pyglet')
10.0511 	EXP 	win: mouseVisible = True
10.0543 	EXP 	Created fixCross = ShapeStim(__class__=<class 'psychopy.visual.shape.ShapeStim'>, anchor=('center', 'center'), autoDraw=False, autoLog=True, closeShape=False, color=method-wrapper(...), colorSpace='rgb', contrast=None, depth=0, fillColor=array([0, 0, 0]), fillColorSpace='rgb', fillRGB=array([0, 0, 0]), interpolate=True, lineColor=array([-1., -1., -1.]), lineColorSpace='rgb', lineRGB=array([-1., -1., -1.]), lineWidth=3.0, name='fixCross', opacity=0.5, ori=0.0, pos=array([0., 0.]), size=array([1., 1.]), units='pix', vertices=ndarray(...), win=Window(...), windingRule=None)
10.0545 	WARNING 	TextStim.alignHoriz is deprecated. Use alignText and anchorHoriz attributes instead
10.0740 	EXP 	Created topMsg = TextStim(__class__=<class 'psychopy.visual.text.TextStim'>, alignHoriz='center', alignText='center', alignVert=method-wrapper(...), anchorHoriz='center', anchorVert='center', antialias=True, autoLog=True, bold=False, color=array([-1., -1., -1.]), colorSpace='rgb', contrast=1.0, depth=0, flipHoriz=False, flipVert=False, font='', fontFiles=[], height=0.1, italic=False, languageStyle='LTR', name='topMsg', opacity=1.0, ori=0.0, pos=array([0. , 0.5]), rgb=UNKNOWN, text='aaa', units='norm', win=Window(...), wrapWidth=1.5)
10.0741 	WARNING 	TextStim.alignHoriz is deprecated. Use alignText and anchorHoriz attributes instead
10.0759 	EXP 	Created bottomMsg = TextStim(__class__=<class 'psychopy.visual.text.TextStim'>, alignHoriz='center', alignText='center', alignVert=method-wrapper(...), anchorHoriz='center', anchorVert='center', antialias=True, autoLog=True, bold=False, color=array([-1., -1., -1.]), colorSpace='rgb', contrast=1.0, depth=0, flipHoriz=False, flipVert=False, font='', fontFiles=[], height=0.1, italic=False, languageStyle='LTR', name='bottomMsg', opacity=1.0, ori=0.0, pos=array([ 0. , -0.5]), rgb=UNKNOWN, text='bbb', units='norm', win=Window(...), wrapWidth=1.5)
10.0979 	EXP 	Created Movie Frame 0 = ImageStim(__class__=<class 'psychopy.visual.image.ImageStim'>, anchor=('center', 'center'), autoLog=True, color=array([1., 1., 1.]), colorSpace='rgb', contrast=1.0, depth=0, flipHoriz=False, flipVert=False, image='images/visual_0.png', interpolate=False, mask=None, maskParams=None, name='Movie Frame 0', opacity=1, ori=0.0, pos=array([0., 0.]), size=array([1600., 1000.]), texRes=128, units='pix', win=Window(...))
10.1080 	EXP 	Created Movie Frame 1 = ImageStim(__class__=<class 'psychopy.visual.image.ImageStim'>, anchor=('center', 'center'), autoLog=True, color=array([1., 1., 1.]), colorSpace='rgb', contrast=1.0, depth=0, flipHoriz=False, flipVert=False, image='images/visual_1.png', interpolate=False, mask=None, maskParams=None, name='Movie Frame 1', opacity=1, ori=0.0, pos=array([0., 0.]), size=array([1600., 1000.]), texRes=128, units='pix', win=Window(...))
10.1179 	EXP 	Created Movie Frame 0 = ImageStim(__class__=<class 'psychopy.visual.image.ImageStim'>, anchor=('center', 'center'), autoLog=True, color=array([1., 1., 1.]), colorSpace='rgb', contrast=1.0, depth=0, flipHoriz=False, flipVert=False, image='images/visual_0.png', interpolate=False, mask=None, maskParams=None, name='Movie Frame 0', opacity=1, ori=0.0, pos=array([0., 0.]), size=array([1600., 1000.]), texRes=128, units='pix', win=Window(...))
10.1276 	EXP 	Created Movie Frame 1 = ImageStim(__class__=<class 'psychopy.visual.image.ImageStim'>, anchor=('center', 'center'), autoLog=True, color=array([1., 1., 1.]), colorSpace='rgb', contrast=1.0, depth=0, flipHoriz=False, flipVert=False, image='images/visual_1.png', interpolate=False, mask=None, maskParams=None, name='Movie Frame 1', opacity=1, ori=0.0, pos=array([0., 0.]), size=array([1600., 1000.]), texRes=128, units='pix', win=Window(...))
10.1336 	EXP 	Created unnamed TextStim = TextStim(__class__=<class 'psychopy.visual.text.TextStim'>, alignHoriz=method-wrapper(...), alignText='center', alignVert=method-wrapper(...), anchorHoriz='center', anchorVert='center', antialias=True, autoLog=True, bold=False, color=array([-1., -1., -1.]), colorSpace='rgb', contrast=1.0, depth=0, flipHoriz=False, flipVert=False, font='', fontFiles=[], height=40.0, italic=False, languageStyle='LTR', name='unnamed TextStim', opacity=1.0, ori=0.0, pos=array([  0., 580.]), rgb=UNKNOWN, text='look at the center', units='pix', win=Window(...), wrapWidth=1600)
10.1479 	WARNING 	t of last frame was 97.29ms (=1/10)
10.1479 	EXP 	topMsg: height = 0.1
10.1479 	EXP 	topMsg: height = 0.1
10.1479 	EXP 	topMsg: text = 'You will see a flickering checkerboard. When it is on the screen, try to fixate the center of the checkerboard. When the fixation cross appears, relax and stare at the cross.'
10.1479 	EXP 	bottomMsg: height = 0.1
10.1479 	EXP 	bottomMsg: height = 0.1
10.1479 	EXP 	bottomMsg: text = 'The experiment will begin shortly'
10.1479 	EXP 	Display Instructions1
16.9450 	DATA 	Keypress: equal
16.9525 	WARNING 	t of last frame was 6804.58ms (=1/0)
16.9525 	EXP 	topMsg: height = 0.1
16.9525 	EXP 	topMsg: height = 0.1
16.9525 	EXP 	topMsg: text = "Please don't move..."
16.9525 	EXP 	bottomMsg: height = 0.1
16.9525 	EXP 	bottomMsg: height = 0.1
16.9525 	EXP 	bottomMsg: text = ''
16.9525 	EXP 	PleaseDontMove
17.4146 	DATA 	Keypress: equal
17.4170 	WARNING 	t of last frame was 464.53ms (=1/2)
17.4170 	EXP 	Display Fixation
17.4171 	EXP 	---START EXPERIMENT---
17.4301 	EXP 	Display Fixation
18.6572 	DATA 	Keypress: equal
90.3289 	DATA 	Keypress: equal
90.4664 	DATA 	Keypress: equal
90.5987 	DATA 	Keypress: equal
90.7248 	DATA 	Keypress: equal
90.8736 	DATA 	Keypress: equal
90.9951 	DATA 	Keypress: equal
91.1173 	DATA 	Keypress: equal
91.2635 	DATA 	Keypress: equal
91.3917 	DATA 	Keypress: equal
91.5162 	DATA 	Keypress: equal
91.6384 	DATA 	Keypress: equal
91.7774 	DATA 	Keypress: equal
91.9085 	DATA 	Keypress: equal
92.0445 	DATA 	Keypress: equal
92.1885 	DATA 	Keypress: equal
92.3086 	DATA 	Keypress: equal
92.4542 	DATA 	Keypress: equal
92.5895 	DATA 	Keypress: equal
92.7290 	DATA 	Keypress: equal
92.7328 	WARNING 	t of last frame was 75302.68ms (=1/0)
92.8558 	WARNING 	Multiple dropped frames have occurred - I'll stop bothering you about them!
92.8558 	EXP 	Display Frame 1
92.9802 	DATA 	Keypress: equal
92.9815 	EXP 	Display Frame 0
93.1053 	DATA 	Keypress: equal
93.1063 	EXP 	Display Frame 1
93.2301 	EXP 	Display Frame 0
93.3550 	EXP 	Display Frame 1
93.4802 	EXP 	Display Frame 0
93.6063 	EXP 	Display Frame 1
93.7305 	EXP 	Display Frame 0
93.8556 	EXP 	Display Frame 1
93.9804 	EXP 	Display Frame 0
94.1053 	EXP 	Display Frame 1
94.2306 	EXP 	Display Frame 0
94.3558 	EXP 	Display Frame 1
94.4803 	EXP 	Display Frame 0
94.6053 	EXP 	Display Frame 1
94.7341 	EXP 	Display Frame 0
94.8552 	EXP 	Display Frame 1
94.9802 	EXP 	Display Frame 0
95.1066 	EXP 	Display Frame 1
95.2325 	EXP 	Display Frame 0
95.3556 	EXP 	Display Frame 1
95.4801 	EXP 	Display Frame 0
95.6051 	EXP 	Display Frame 1
95.7301 	EXP 	Display Frame 0
95.8551 	EXP 	Display Frame 1
95.9804 	EXP 	Display Frame 0
96.1052 	EXP 	Display Frame 1
96.2301 	EXP 	Display Frame 0
96.3551 	EXP 	Display Frame 1
96.4803 	EXP 	Display Frame 0
96.6051 	EXP 	Display Frame 1
96.7301 	EXP 	Display Frame 0
96.8551 	EXP 	Display Frame 1
96.9802 	EXP 	Display Frame 0
97.1053 	EXP 	Display Frame 1
97.2302 	EXP 	Display Frame 0
97.3552 	EXP 	Display Frame 1
97.4801 	EXP 	Display Frame 0
97.6052 	EXP 	Display Frame 1
97.7304 	EXP 	Display Frame 0
97.8552 	EXP 	Display Frame 1
97.9806 	EXP 	Display Frame 0
98.1051 	EXP 	Display Frame 1
98.2301 	EXP 	Display Frame 0
98.3554 	EXP 	Display Frame 1
98.4809 	EXP 	Display Frame 0
98.6052 	EXP 	Display Frame 1
98.7302 	EXP 	Display Frame 0
98.8552 	EXP 	Display Frame 1
98.9801 	EXP 	Display Frame 0
99.1052 	EXP 	Display Frame 1
99.2303 	EXP 	Display Frame 0
99.3551 	EXP 	Display Frame 1
99.4803 	EXP 	Display Frame 0
99.6051 	EXP 	Display Frame 1
99.7300 	EXP 	Display Frame 0
99.8552 	EXP 	Display Frame 1
99.9806 	EXP 	Display Frame 0
100.1052 	EXP 	Display Frame 1
100.2302 	EXP 	Display Frame 0
100.3551 	EXP 	Display Frame 1
100.4801 	EXP 	Display Frame 0
100.6064 	EXP 	Display Frame 1
100.7303 	EXP 	Display Frame 0
100.8552 	EXP 	Display Frame 1
100.9802 	EXP 	Display Frame 0
101.1052 	EXP 	Display Frame 1
101.2307 	EXP 	Display Frame 0
101.3561 	EXP 	Display Frame 1
101.4803 	EXP 	Display Frame 0
101.6053 	EXP 	Display Frame 1
101.7302 	EXP 	Display Frame 0
101.8551 	EXP 	Display Frame 1
101.9802 	EXP 	Display Frame 0
102.1051 	EXP 	Display Frame 1
102.2302 	EXP 	Display Frame 0
102.3552 	EXP 	Display Frame 1
102.4805 	EXP 	Display Frame 0
102.6053 	EXP 	Display Frame 1
102.7301 	EXP 	Display Frame 0
102.8553 	EXP 	Display Frame 1
102.9801 	EXP 	Display Frame 0
103.1052 	EXP 	Display Frame 1
103.2303 	EXP 	Display Frame 0
103.3551 	EXP 	Display Frame 1
103.4803 	EXP 	Display Frame 0
103.6052 	EXP 	Display Frame 1
103.7302 	EXP 	Display Frame 0
103.8553 	EXP 	Display Frame 1
103.9802 	EXP 	Display Frame 0
104.1053 	EXP 	Display Frame 1
104.2302 	EXP 	Display Frame 0
104.3551 	EXP 	Display Frame 1
104.4804 	EXP 	Display Frame 0
104.6051 	EXP 	Display Frame 1
104.7300 	EXP 	Display Frame 0
104.8563 	EXP 	Display Frame 1
104.9808 	EXP 	Display Frame 0
105.1052 	EXP 	Display Frame 1
105.2302 	EXP 	Display Frame 0
105.3550 	EXP 	Display Frame 1
105.4801 	EXP 	Display Frame 0
105.6051 	EXP 	Display Frame 1
105.7321 	EXP 	Display Frame 0
105.8551 	EXP 	Display Frame 1
105.9800 	EXP 	Display Frame 0
106.1054 	EXP 	Display Frame 1
106.2302 	EXP 	Display Frame 0
106.3551 	EXP 	Display Frame 1
106.4801 	EXP 	Display Frame 0
106.6053 	EXP 	Display Frame 1
106.7302 	EXP 	Display Frame 0
106.8552 	EXP 	Display Frame 1
106.9804 	EXP 	Display Frame 0
107.1052 	EXP 	Display Frame 1
107.2308 	EXP 	Display Frame 0
107.3558 	EXP 	Display Frame 1
107.4805 	EXP 	Display Frame 0
107.6442 	EXP 	Display Frame 1
107.7301 	EXP 	Display Frame 0
107.8552 	EXP 	Display Frame 1
107.9802 	EXP 	Display Frame 0
108.1057 	EXP 	Display Frame 1
108.2301 	EXP 	Display Frame 0
108.3551 	EXP 	Display Frame 1
108.4803 	EXP 	Display Frame 0
108.6053 	EXP 	Display Frame 1
108.7306 	EXP 	Display Frame 0
108.8551 	EXP 	Display Frame 1
108.9801 	EXP 	Display Frame 0
109.1051 	EXP 	Display Frame 1
109.2303 	EXP 	Display Frame 0
109.3553 	EXP 	Display Frame 1
109.4801 	EXP 	Display Frame 0
109.6051 	EXP 	Display Frame 1
109.7303 	EXP 	Display Frame 0
109.8557 	EXP 	Display Frame 1
109.9801 	EXP 	Display Frame 0
110.1052 	EXP 	Display Frame 1
110.2302 	EXP 	Display Frame 0
110.3554 	EXP 	Display Frame 1
110.4800 	EXP 	Display Frame 0
110.6053 	EXP 	Display Frame 1
110.7301 	EXP 	Display Frame 0
110.8551 	EXP 	Display Frame 1
110.9802 	EXP 	Display Frame 0
111.1052 	EXP 	Display Frame 1
111.2301 	EXP 	Display Frame 0
111.3550 	EXP 	Display Frame 1
111.4801 	EXP 	Display Frame 0
111.6051 	EXP 	Display Frame 1
111.7302 	EXP 	Display Frame 0
111.8552 	EXP 	Display Frame 1
111.9801 	EXP 	Display Frame 0
112.1054 	EXP 	Display Frame 1
112.2301 	EXP 	Display Frame 0
112.3553 	EXP 	Display Frame 1
112.4802 	EXP 	Display Frame 0
112.6051 	EXP 	Display Frame 1
112.7302 	EXP 	Display Frame 0
112.8553 	EXP 	Display Frame 1
112.9802 	EXP 	Display Frame 0
113.1051 	EXP 	Display Frame 1
113.2302 	EXP 	Display Frame 0
113.3551 	EXP 	Display Frame 1
113.4801 	EXP 	Display Frame 0
113.6051 	EXP 	Display Frame 1
113.7300 	EXP 	Display Frame 0
113.8557 	EXP 	Display Frame 1
113.9802 	EXP 	Display Frame 0
114.1051 	EXP 	Display Frame 1
114.2302 	EXP 	Display Frame 0
114.3551 	EXP 	Display Frame 1
114.4804 	EXP 	Display Frame 0
114.6053 	EXP 	Display Frame 1
114.7302 	EXP 	Display Frame 0
114.8552 	EXP 	Display Frame 1
114.9803 	EXP 	Display Frame 0
115.1059 	EXP 	Display Frame 1
115.2302 	EXP 	Display Frame 0
115.3552 	EXP 	Display Frame 1
115.4803 	EXP 	Display Frame 0
115.6052 	EXP 	Display Frame 1
115.7302 	EXP 	Display Frame 0
115.8552 	EXP 	Display Frame 1
115.9803 	EXP 	Display Frame 0
116.1054 	EXP 	Display Frame 1
116.2302 	EXP 	Display Frame 0
116.3555 	EXP 	Display Frame 1
116.4802 	EXP 	Display Frame 0
116.6052 	EXP 	Display Frame 1
116.7303 	EXP 	Display Frame 0
116.8552 	EXP 	Display Frame 1
116.9806 	EXP 	Display Frame 0
117.1054 	EXP 	Display Frame 1
117.2302 	EXP 	Display Frame 0
117.3552 	EXP 	Display Frame 1
117.4801 	EXP 	Display Frame 0
117.6052 	EXP 	Display Frame 1
117.7303 	EXP 	Display Frame 0
117.8555 	EXP 	Display Frame 1
117.9802 	EXP 	Display Frame 0
118.1052 	EXP 	Display Frame 1
118.2302 	EXP 	Display Frame 0
118.3552 	EXP 	Display Frame 1
118.4803 	EXP 	Display Frame 0
118.6051 	EXP 	Display Frame 1
118.7302 	EXP 	Display Frame 0
118.8551 	EXP 	Display Frame 1
118.9801 	EXP 	Display Frame 0
119.1052 	EXP 	Display Frame 1
119.2301 	EXP 	Display Frame 0
119.3551 	EXP 	Display Frame 1
119.4802 	EXP 	Display Frame 0
119.6050 	EXP 	Display Frame 1
119.7301 	EXP 	Display Frame 0
119.8552 	EXP 	Display Frame 1
119.9802 	EXP 	Display Frame 0
120.1053 	EXP 	Display Frame 1
120.2304 	EXP 	Display Frame 0
120.3552 	EXP 	Display Frame 1
120.4801 	EXP 	Display Frame 0
120.6051 	EXP 	Display Frame 1
120.7302 	EXP 	Display Frame 0
120.8553 	EXP 	Display Frame 1
120.9801 	EXP 	Display Frame 0
121.1052 	EXP 	Display Frame 1
121.2303 	EXP 	Display Frame 0
121.3553 	EXP 	Display Frame 1
121.4802 	EXP 	Display Frame 0
121.6051 	EXP 	Display Frame 1
121.7301 	EXP 	Display Frame 0
121.8552 	EXP 	Display Frame 1
121.9805 	EXP 	Display Frame 0
122.1051 	EXP 	Display Frame 1
122.2302 	EXP 	Display Frame 0
122.3551 	EXP 	Display Frame 1
122.4804 	EXP 	Display Frame 0
122.6051 	EXP 	Display Frame 1
122.7301 	EXP 	Display Frame 0
122.8552 	EXP 	Display Frame 1
122.9802 	EXP 	Display Frame 0
123.1053 	EXP 	Display Frame 1
123.2301 	EXP 	Display Frame 0
123.3552 	EXP 	Display Frame 1
123.4802 	EXP 	Display Frame 0
123.6059 	EXP 	Display Frame 1
123.7302 	EXP 	Display Frame 0
123.8553 	EXP 	Display Frame 1
123.9801 	EXP 	Display Frame 0
124.1052 	EXP 	Display Frame 1
124.2304 	EXP 	Display Frame 0
124.3552 	EXP 	Display Frame 1
124.4802 	EXP 	Display Frame 0
124.6059 	EXP 	Display Frame 1
124.7301 	EXP 	Display Frame 0
124.8552 	EXP 	Display Frame 1
124.9803 	EXP 	Display Frame 0
125.1054 	EXP 	Display Frame 1
125.2302 	EXP 	Display Frame 0
125.3552 	EXP 	Display Frame 1
125.4802 	EXP 	Display Frame 0
125.6051 	EXP 	Display Frame 1
125.7301 	EXP 	Display Frame 0
125.8552 	EXP 	Display Frame 1
125.9804 	EXP 	Display Frame 0
126.1052 	EXP 	Display Frame 1
126.2302 	EXP 	Display Frame 0
126.3552 	EXP 	Display Frame 1
126.4802 	EXP 	Display Frame 0
126.6054 	EXP 	Display Frame 1
126.7301 	EXP 	Display Frame 0
126.8551 	EXP 	Display Frame 1
126.9801 	EXP 	Display Frame 0
127.1052 	EXP 	Display Frame 1
127.2304 	EXP 	Display Frame 0
127.3552 	EXP 	Display Frame 1
127.4802 	EXP 	Display Frame 0
127.6053 	EXP 	Display Frame 1
127.7303 	EXP 	Display Frame 0
127.8552 	EXP 	Display Frame 1
127.9802 	EXP 	Display Frame 0
128.1051 	EXP 	Display Frame 1
128.2304 	EXP 	Display Frame 0
128.3553 	EXP 	Display Frame 1
128.4801 	EXP 	Display Frame 0
128.6052 	EXP 	Display Frame 1
128.7302 	EXP 	Display Frame 0
128.8554 	EXP 	Display Frame 1
128.9801 	EXP 	Display Frame 0
129.1051 	EXP 	Display Frame 1
129.2301 	EXP 	Display Frame 0
129.3551 	EXP 	Display Frame 1
129.4802 	EXP 	Display Frame 0
129.6053 	EXP 	Display Frame 1
129.7302 	EXP 	Display Frame 0
129.8552 	EXP 	Display Frame 1
129.9805 	EXP 	Display Frame 0
130.1052 	EXP 	Display Frame 1
130.2303 	EXP 	Display Frame 0
130.3552 	EXP 	Display Frame 1
130.4803 	EXP 	Display Frame 0
130.6055 	EXP 	Display Frame 1
130.7301 	EXP 	Display Frame 0
130.8551 	EXP 	Display Frame 1
130.9802 	EXP 	Display Frame 0
131.1052 	EXP 	Display Frame 1
131.2304 	EXP 	Display Frame 0
131.3552 	EXP 	Display Frame 1
131.4809 	EXP 	Display Frame 0
131.6052 	EXP 	Display Frame 1
131.7301 	EXP 	Display Frame 0
131.8551 	EXP 	Display Frame 1
131.9802 	EXP 	Display Frame 0
132.1054 	EXP 	Display Frame 1
132.2303 	EXP 	Display Frame 0
132.3552 	EXP 	Display Frame 1
132.4801 	EXP 	Display Frame 0
132.6051 	EXP 	Display Frame 1
132.7300 	EXP 	Display Frame 0
132.8553 	EXP 	Display Frame 1
132.9802 	EXP 	Display Frame 0
133.1053 	EXP 	Display Frame 1
133.2303 	EXP 	Display Frame 0
133.3551 	EXP 	Display Frame 1
133.4802 	EXP 	Display Frame 0
133.6053 	EXP 	Display Frame 1
133.7301 	EXP 	Display Frame 0
133.8552 	EXP 	Display Frame 1
133.9803 	EXP 	Display Frame 0
134.1053 	EXP 	Display Frame 1
134.2302 	EXP 	Display Frame 0
134.3552 	EXP 	Display Frame 1
134.4801 	EXP 	Display Frame 0
134.6054 	EXP 	Display Frame 1
134.7302 	EXP 	Display Frame 0
134.8551 	EXP 	Display Frame 1
134.9802 	EXP 	Display Frame 0
135.1052 	EXP 	Display Frame 1
135.2304 	EXP 	Display Frame 0
135.3551 	EXP 	Display Frame 1
135.4801 	EXP 	Display Frame 0
135.6052 	EXP 	Display Frame 1
135.7301 	EXP 	Display Frame 0
135.8551 	EXP 	Display Frame 1
135.9800 	EXP 	Display Frame 0
136.1051 	EXP 	Display Frame 1
136.2302 	EXP 	Display Frame 0
136.3557 	EXP 	Display Frame 1
136.4802 	EXP 	Display Frame 0
136.6051 	EXP 	Display Frame 1
136.7302 	EXP 	Display Frame 0
136.8551 	EXP 	Display Frame 1
136.9804 	EXP 	Display Frame 0
137.1051 	EXP 	Display Frame 1
137.2302 	EXP 	Display Frame 0
137.3552 	EXP 	Display Frame 1
137.4801 	EXP 	Display Frame 0
137.6053 	EXP 	Display Frame 1
137.7302 	EXP 	Display Frame 0
137.8551 	EXP 	Display Frame 1
137.9801 	EXP 	Display Frame 0
138.1052 	EXP 	Display Frame 1
138.2302 	EXP 	Display Frame 0
138.3551 	EXP 	Display Frame 1
138.4802 	EXP 	Display Frame 0
138.6051 	EXP 	Display Frame 1
138.7307 	EXP 	Display Frame 0
138.8552 	EXP 	Display Frame 1
138.9802 	EXP 	Display Frame 0
139.1051 	EXP 	Display Frame 1
139.2304 	EXP 	Display Frame 0
139.3551 	EXP 	Display Frame 1
139.4802 	EXP 	Display Frame 0
139.6051 	EXP 	Display Frame 1
139.7301 	EXP 	Display Frame 0
139.8552 	EXP 	Display Frame 1
139.9803 	EXP 	Display Frame 0
140.1053 	EXP 	Display Frame 1
140.2302 	EXP 	Display Frame 0
140.3554 	EXP 	Display Frame 1
140.4801 	EXP 	Display Frame 0
140.6051 	EXP 	Display Frame 1
140.7301 	EXP 	Display Frame 0
140.8552 	EXP 	Display Frame 1
140.9804 	EXP 	Display Frame 0
141.1054 	EXP 	Display Frame 1
141.2302 	EXP 	Display Frame 0
141.3552 	EXP 	Display Frame 1
141.4801 	EXP 	Display Frame 0
141.6054 	EXP 	Display Frame 1
141.7301 	EXP 	Display Frame 0
141.8553 	EXP 	Display Frame 1
141.9802 	EXP 	Display Frame 0
142.1052 	EXP 	Display Frame 1
142.2302 	EXP 	Display Frame 0
142.3551 	EXP 	Display Frame 1
142.4802 	EXP 	Display Frame 0
142.6052 	EXP 	Display Frame 1
142.7304 	EXP 	Display Frame 0
142.8552 	EXP 	Display Frame 1
142.9802 	EXP 	Display Frame 0
143.1051 	EXP 	Display Frame 1
143.2303 	EXP 	Display Frame 0
143.3552 	EXP 	Display Frame 1
143.4802 	EXP 	Display Frame 0
143.6051 	EXP 	Display Frame 1
143.7301 	EXP 	Display Frame 0
143.8552 	EXP 	Display Frame 1
143.9802 	EXP 	Display Frame 0
144.1051 	EXP 	Display Frame 1
144.2302 	EXP 	Display Frame 0
144.3554 	EXP 	Display Frame 1
144.4802 	EXP 	Display Frame 0
144.6051 	EXP 	Display Frame 1
144.7301 	EXP 	Display Frame 0
144.8553 	EXP 	Display Frame 1
144.9801 	EXP 	Display Frame 0
145.1053 	EXP 	Display Frame 1
145.2301 	EXP 	Display Frame 0
145.3551 	EXP 	Display Frame 1
145.4801 	EXP 	Display Frame 0
145.6054 	EXP 	Display Frame 1
145.7303 	EXP 	Display Frame 0
145.8552 	EXP 	Display Frame 1
145.9802 	EXP 	Display Frame 0
146.1051 	EXP 	Display Frame 1
146.2302 	EXP 	Display Frame 0
146.3551 	EXP 	Display Frame 1
146.4804 	EXP 	Display Frame 0
146.6053 	EXP 	Display Frame 1
146.7305 	EXP 	Display Frame 0
146.8552 	EXP 	Display Frame 1
146.9801 	EXP 	Display Frame 0
147.1050 	EXP 	Display Frame 1
147.2303 	EXP 	Display Frame 0
147.3554 	EXP 	Display Frame 1
147.4802 	EXP 	Display Frame 0
147.6052 	EXP 	Display Frame 1
147.7302 	EXP 	Display Frame 0
147.8551 	EXP 	Display Frame 1
147.9802 	EXP 	Display Frame 0
148.1053 	EXP 	Display Frame 1
148.2304 	EXP 	Display Frame 0
148.3551 	EXP 	Display Frame 1
148.4803 	EXP 	Display Frame 0
148.6052 	EXP 	Display Frame 1
148.7300 	EXP 	Display Frame 0
148.8552 	EXP 	Display Frame 1
148.9802 	EXP 	Display Frame 0
149.1055 	EXP 	Display Frame 1
149.2301 	EXP 	Display Frame 0
149.3551 	EXP 	Display Frame 1
149.4801 	EXP 	Display Frame 0
149.6053 	EXP 	Display Frame 1
149.7302 	EXP 	Display Frame 0
149.8551 	EXP 	Display Frame 1
149.9801 	EXP 	Display Frame 0
150.1052 	EXP 	Display Frame 1
150.2302 	EXP 	Display Frame 0
150.3551 	EXP 	Display Frame 1
150.4801 	EXP 	Display Frame 0
150.6053 	EXP 	Display Frame 1
150.7305 	EXP 	Display Frame 0
150.8552 	EXP 	Display Frame 1
150.9801 	EXP 	Display Frame 0
151.1051 	EXP 	Display Frame 1
151.2302 	EXP 	Display Frame 0
151.3550 	EXP 	Display Frame 1
151.4800 	EXP 	Display Frame 0
151.6051 	EXP 	Display Frame 1
151.7301 	EXP 	Display Frame 0
151.8552 	EXP 	Display Frame 1
151.9803 	EXP 	Display Frame 0
152.1051 	EXP 	Display Frame 1
152.2303 	EXP 	Display Frame 0
152.3551 	EXP 	Display Frame 1
152.4802 	EXP 	Display Frame 0
152.6052 	EXP 	Display Frame 1
152.7301 	EXP 	Display Frame 0
152.8551 	EXP 	Display Frame 1
152.9803 	EXP 	Display Frame 0
153.1054 	EXP 	Display Frame 1
153.2302 	EXP 	Display Frame 0
153.3551 	EXP 	Display Frame 1
153.4802 	EXP 	Display Frame 0
153.6052 	EXP 	Display Frame 1
153.7306 	EXP 	Display Frame 0
153.8552 	EXP 	Display Frame 1
153.9802 	EXP 	Display Frame 0
154.1052 	EXP 	Display Frame 1
154.2301 	EXP 	Display Frame 0
154.3550 	EXP 	Display Frame 1
154.4801 	EXP 	Display Frame 0
154.6052 	EXP 	Display Frame 1
154.7302 	EXP 	Display Frame 0
154.8552 	EXP 	Display Frame 1
154.9801 	EXP 	Display Frame 0
155.1051 	EXP 	Display Frame 1
155.2303 	EXP 	Display Frame 0
155.3554 	EXP 	Display Frame 1
155.4802 	EXP 	Display Frame 0
155.6051 	EXP 	Display Frame 1
155.7301 	EXP 	Display Frame 0
155.8551 	EXP 	Display Frame 1
155.9802 	EXP 	Display Frame 0
156.1052 	EXP 	Display Frame 1
156.2305 	EXP 	Display Frame 0
156.3552 	EXP 	Display Frame 1
156.4802 	EXP 	Display Frame 0
156.6051 	EXP 	Display Frame 1
156.7301 	EXP 	Display Frame 0
156.8552 	EXP 	Display Frame 1
156.9801 	EXP 	Display Frame 0
157.1054 	EXP 	Display Frame 1
157.2302 	EXP 	Display Frame 0
157.3551 	EXP 	Display Frame 1
157.4801 	EXP 	Display Frame 0
157.6050 	EXP 	Display Frame 1
157.7304 	EXP 	Display Frame 0
157.8552 	EXP 	Display Frame 1
157.9803 	EXP 	Display Frame 0
158.1051 	EXP 	Display Frame 1
158.2302 	EXP 	Display Frame 0
158.3552 	EXP 	Display Frame 1
158.4800 	EXP 	Display Frame 0
158.6053 	EXP 	Display Frame 1
158.7303 	EXP 	Display Frame 0
158.8552 	EXP 	Display Frame 1
158.9801 	EXP 	Display Frame 0
159.1051 	EXP 	Display Frame 1
159.2302 	EXP 	Display Frame 0
159.3552 	EXP 	Display Frame 1
159.4805 	EXP 	Display Frame 0
159.6053 	EXP 	Display Frame 1
159.7301 	EXP 	Display Frame 0
159.8551 	EXP 	Display Frame 1
159.9801 	EXP 	Display Frame 0
160.1053 	EXP 	Display Frame 1
160.2302 	EXP 	Display Frame 0
160.3552 	EXP 	Display Frame 1
160.4801 	EXP 	Display Frame 0
160.6052 	EXP 	Display Frame 1
160.7301 	EXP 	Display Frame 0
160.8553 	EXP 	Display Frame 1
160.9802 	EXP 	Display Frame 0
161.1053 	EXP 	Display Frame 1
161.2301 	EXP 	Display Frame 0
161.3551 	EXP 	Display Frame 1
161.4802 	EXP 	Display Frame 0
161.6052 	EXP 	Display Frame 1
161.7302 	EXP 	Display Frame 0
161.8553 	EXP 	Display Frame 1
161.9802 	EXP 	Display Frame 0
162.1051 	EXP 	Display Frame 1
162.2301 	EXP 	Display Frame 0
162.3552 	EXP 	Display Frame 1
162.4803 	EXP 	Display Frame 0
162.6052 	EXP 	Display Frame 1
162.7302 	EXP 	Display Frame 0
162.8551 	EXP 	Display Frame 1
162.9801 	EXP 	Display Frame 0
163.1052 	EXP 	Display Frame 1
163.2302 	EXP 	Display Frame 0
163.3552 	EXP 	Display Frame 1
163.4801 	EXP 	Display Frame 0
163.6051 	EXP 	Display Frame 1
163.7302 	EXP 	Display Frame 0
163.8552 	EXP 	Display Frame 1
163.9800 	EXP 	Display Frame 0
164.1054 	EXP 	Display Frame 1
164.2301 	EXP 	Display Frame 0
164.3553 	EXP 	Display Frame 1
164.4801 	EXP 	Display Frame 0
164.6051 	EXP 	Display Frame 1
164.7301 	EXP 	Display Frame 0
164.8552 	EXP 	Display Frame 1
164.9802 	EXP 	Display Frame 0
165.1053 	EXP 	Display Frame 1
165.2304 	EXP 	Display Frame 0
165.3551 	EXP 	Display Frame 1
165.4801 	EXP 	Display Frame 0
165.6050 	EXP 	Display Frame 1
165.7304 	EXP 	Display Frame 0
165.8552 	EXP 	Display Frame 1
165.9801 	EXP 	Display Frame 0
166.1052 	EXP 	Display Frame 1
166.2301 	EXP 	Display Frame 0
166.3552 	EXP 	Display Frame 1
166.4802 	EXP 	Display Frame 0
166.6051 	EXP 	Display Frame 1
166.7303 	EXP 	Display Frame 0
166.8555 	EXP 	Display Frame 1
166.9802 	EXP 	Display Frame 0
167.1052 	EXP 	Display Frame 1
167.2300 	EXP 	Display Frame 0
167.3552 	EXP 	Display Frame 1
167.4804 	EXP 	Display Frame 0
167.6052 	EXP 	Display Frame 1
167.7301 	EXP 	Display Frame 0
167.8551 	EXP 	Display Frame 1
167.9800 	EXP 	Display Frame 0
168.1055 	EXP 	Display Frame 1
168.2300 	EXP 	Display Frame 0
168.3553 	EXP 	Display Frame 1
168.4801 	EXP 	Display Frame 0
168.6051 	EXP 	Display Frame 1
168.7301 	EXP 	Display Frame 0
168.8552 	EXP 	Display Frame 1
168.9801 	EXP 	Display Frame 0
169.1053 	EXP 	Display Frame 1
169.2307 	EXP 	Display Frame 0
169.3551 	EXP 	Display Frame 1
169.4802 	EXP 	Display Frame 0
169.6052 	EXP 	Display Frame 1
169.7302 	EXP 	Display Frame 0
169.8554 	EXP 	Display Frame 1
169.9801 	EXP 	Display Frame 0
170.1050 	EXP 	Display Frame 1
170.2302 	EXP 	Display Frame 0
170.3552 	EXP 	Display Frame 1
170.4801 	EXP 	Display Frame 0
170.6053 	EXP 	Display Frame 1
170.7302 	EXP 	Display Frame 0
170.8554 	EXP 	Display Frame 1
170.9801 	EXP 	Display Frame 0
171.1051 	EXP 	Display Frame 1
171.2302 	EXP 	Display Frame 0
171.3552 	EXP 	Display Frame 1
171.4803 	EXP 	Display Frame 0
171.6055 	EXP 	Display Frame 1
171.7301 	EXP 	Display Frame 0
171.8551 	EXP 	Display Frame 1
171.9801 	EXP 	Display Frame 0
172.1053 	EXP 	Display Frame 1
172.2302 	EXP 	Display Frame 0
172.3553 	EXP 	Display Frame 1
172.4801 	EXP 	Display Frame 0
172.6051 	EXP 	Display Frame 1
172.7301 	EXP 	Display Frame 0
172.8551 	EXP 	Display Frame 1
172.9801 	EXP 	Display Frame 0
173.1052 	EXP 	Display Frame 1
173.2301 	EXP 	Display Frame 0
173.3551 	EXP 	Display Frame 1
173.4801 	EXP 	Display Frame 0
173.6051 	EXP 	Display Frame 1
173.7302 	EXP 	Display Frame 0
173.8555 	EXP 	Display Frame 1
173.9802 	EXP 	Display Frame 0
174.1051 	EXP 	Display Frame 1
174.2302 	EXP 	Display Frame 0
174.3552 	EXP 	Display Frame 1
174.4803 	EXP 	Display Frame 0
174.6050 	EXP 	Display Frame 1
174.7302 	EXP 	Display Frame 0
174.8551 	EXP 	Display Frame 1
174.9801 	EXP 	Display Frame 0
175.1051 	EXP 	Display Frame 1
175.2302 	EXP 	Display Frame 0
175.3551 	EXP 	Display Frame 1
175.4801 	EXP 	Display Frame 0
175.6055 	EXP 	Display Frame 1
175.7301 	EXP 	Display Frame 0
175.8551 	EXP 	Display Frame 1
175.9801 	EXP 	Display Frame 0
176.1052 	EXP 	Display Frame 1
176.2305 	EXP 	Display Frame 0
176.3552 	EXP 	Display Frame 1
176.4802 	EXP 	Display Frame 0
176.6051 	EXP 	Display Frame 1
176.7302 	EXP 	Display Frame 0
176.8553 	EXP 	Display Frame 1
176.9804 	EXP 	Display Frame 0
177.1051 	EXP 	Display Frame 1
177.2304 	EXP 	Display Frame 0
177.3552 	EXP 	Display Frame 1
177.4801 	EXP 	Display Frame 0
177.6052 	EXP 	Display Frame 1
177.7302 	EXP 	Display Frame 0
177.8551 	EXP 	Display Frame 1
177.9804 	EXP 	Display Frame 0
178.1054 	EXP 	Display Frame 1
178.2301 	EXP 	Display Frame 0
178.3552 	EXP 	Display Frame 1
178.4802 	EXP 	Display Frame 0
178.6052 	EXP 	Display Frame 1
178.7302 	EXP 	Display Frame 0
178.8552 	EXP 	Display Frame 1
178.9801 	EXP 	Display Frame 0
179.1052 	EXP 	Display Frame 1
179.2301 	EXP 	Display Frame 0
179.3551 	EXP 	Display Frame 1
179.4803 	EXP 	Display Frame 0
179.6055 	EXP 	Display Frame 1
179.7301 	EXP 	Display Frame 0
179.8551 	EXP 	Display Frame 1
179.9801 	EXP 	Display Frame 0
180.1049 	EXP 	Display Frame 1
180.2304 	EXP 	Display Frame 0
180.3553 	EXP 	Display Frame 1
180.4802 	EXP 	Display Frame 0
180.6051 	EXP 	Display Frame 1
180.7301 	EXP 	Display Frame 0
180.8550 	EXP 	Display Frame 1
180.9801 	EXP 	Display Frame 0
181.1053 	EXP 	Display Frame 1
181.2303 	EXP 	Display Frame 0
181.3552 	EXP 	Display Frame 1
181.4801 	EXP 	Display Frame 0
181.6050 	EXP 	Display Frame 1
181.7301 	EXP 	Display Frame 0
181.8553 	EXP 	Display Frame 1
181.9805 	EXP 	Display Frame 0
182.1051 	EXP 	Display Frame 1
182.2301 	EXP 	Display Frame 0
182.3551 	EXP 	Display Frame 1
182.4802 	EXP 	Display Frame 0
182.6052 	EXP 	Display Frame 1
182.7301 	EXP 	Display Frame 0
182.8553 	EXP 	Display Frame 1
182.9801 	EXP 	Display Frame 0
183.1051 	EXP 	Display Frame 1
183.2302 	EXP 	Display Frame 0
183.3552 	EXP 	Display Frame 1
183.4802 	EXP 	Display Frame 0
183.6051 	EXP 	Display Frame 1
183.7301 	EXP 	Display Frame 0
183.8551 	EXP 	Display Frame 1
183.9801 	EXP 	Display Frame 0
184.1052 	EXP 	Display Frame 1
184.2304 	EXP 	Display Frame 0
184.3551 	EXP 	Display Frame 1
184.4802 	EXP 	Display Frame 0
184.6052 	EXP 	Display Frame 1
184.7302 	EXP 	Display Frame 0
184.8552 	EXP 	Display Frame 1
184.9801 	EXP 	Display Frame 0
185.1051 	EXP 	Display Frame 1
185.2302 	EXP 	Display Frame 0
185.3552 	EXP 	Display Frame 1
185.4802 	EXP 	Display Frame 0
185.6051 	EXP 	Display Frame 1
185.7302 	EXP 	Display Frame 0
185.8552 	EXP 	Display Frame 1
185.9804 	EXP 	Display Frame 0
186.1052 	EXP 	Display Frame 1
186.2303 	EXP 	Display Frame 0
186.3552 	EXP 	Display Frame 1
186.4802 	EXP 	Display Frame 0
186.6054 	EXP 	Display Frame 1
186.7304 	EXP 	Display Frame 0
186.8553 	EXP 	Display Frame 1
186.9802 	EXP 	Display Frame 0
187.1051 	EXP 	Display Frame 1
187.2301 	EXP 	Display Frame 0
187.3553 	EXP 	Display Frame 1
187.4801 	EXP 	Display Frame 0
187.6052 	EXP 	Display Frame 1
187.7301 	EXP 	Display Frame 0
187.8551 	EXP 	Display Frame 1
187.9801 	EXP 	Display Frame 0
188.1050 	EXP 	Display Frame 1
188.2301 	EXP 	Display Frame 0
188.3550 	EXP 	Display Frame 1
188.4802 	EXP 	Display Frame 0
188.6051 	EXP 	Display Frame 1
188.7301 	EXP 	Display Frame 0
188.8552 	EXP 	Display Frame 1
188.9801 	EXP 	Display Frame 0
189.1051 	EXP 	Display Frame 1
189.2303 	EXP 	Display Frame 0
189.3551 	EXP 	Display Frame 1
189.4802 	EXP 	Display Frame 0
189.6051 	EXP 	Display Frame 1
189.7301 	EXP 	Display Frame 0
189.8552 	EXP 	Display Frame 1
189.9805 	EXP 	Display Frame 0
190.1051 	EXP 	Display Frame 1
190.2302 	EXP 	Display Frame 0
190.3551 	EXP 	Display Frame 1
190.4800 	EXP 	Display Frame 0
190.6054 	EXP 	Display Frame 1
190.7301 	EXP 	Display Frame 0
190.8552 	EXP 	Display Frame 1
190.9801 	EXP 	Display Frame 0
191.1052 	EXP 	Display Frame 1
191.2302 	EXP 	Display Frame 0
191.3552 	EXP 	Display Frame 1
191.4803 	EXP 	Display Frame 0
191.6053 	EXP 	Display Frame 1
191.7307 	EXP 	Display Frame 0
191.8551 	EXP 	Display Frame 1
191.9801 	EXP 	Display Frame 0
192.1053 	EXP 	Display Frame 1
192.2303 	EXP 	Display Frame 0
192.3555 	EXP 	Display Frame 1
192.4804 	EXP 	Display Frame 0
192.6052 	EXP 	Display Frame 1
192.7302 	EXP 	Display Frame 0
192.8551 	EXP 	Display Frame 1
192.9803 	EXP 	Display Frame 0
193.1052 	EXP 	Display Frame 1
193.2301 	EXP 	Display Frame 0
193.3551 	EXP 	Display Frame 1
193.4802 	EXP 	Display Frame 0
193.6052 	EXP 	Display Frame 1
193.7302 	EXP 	Display Frame 0
193.8552 	EXP 	Display Frame 1
193.9804 	EXP 	Display Frame 0
194.1051 	EXP 	Display Frame 1
194.2301 	EXP 	Display Frame 0
194.3551 	EXP 	Display Frame 1
194.4801 	EXP 	Display Frame 0
194.6054 	EXP 	Display Frame 1
194.7301 	EXP 	Display Frame 0
194.8554 	EXP 	Display Frame 1
194.9801 	EXP 	Display Frame 0
195.1051 	EXP 	Display Frame 1
195.2302 	EXP 	Display Frame 0
195.3554 	EXP 	Display Frame 1
195.4803 	EXP 	Display Frame 0
195.6051 	EXP 	Display Frame 1
195.7301 	EXP 	Display Frame 0
195.8552 	EXP 	Display Frame 1
195.9802 	EXP 	Display Frame 0
196.1051 	EXP 	Display Frame 1
196.2301 	EXP 	Display Frame 0
196.3554 	EXP 	Display Frame 1
196.4801 	EXP 	Display Frame 0
196.6051 	EXP 	Display Frame 1
196.7301 	EXP 	Display Frame 0
196.8551 	EXP 	Display Frame 1
196.9804 	EXP 	Display Frame 0
197.1053 	EXP 	Display Frame 1
197.2301 	EXP 	Display Frame 0
197.3551 	EXP 	Display Frame 1
197.4802 	EXP 	Display Frame 0
197.6050 	EXP 	Display Frame 1
197.7301 	EXP 	Display Frame 0
197.8548 	EXP 	Display Frame 1
197.9802 	EXP 	Display Frame 0
198.1051 	EXP 	Display Frame 1
198.2301 	EXP 	Display Frame 0
198.3551 	EXP 	Display Frame 1
198.4801 	EXP 	Display Frame 0
198.6052 	EXP 	Display Frame 1
198.7305 	EXP 	Display Frame 0
198.8551 	EXP 	Display Frame 1
198.9801 	EXP 	Display Frame 0
199.1051 	EXP 	Display Frame 1
199.2303 	EXP 	Display Frame 0
199.3552 	EXP 	Display Frame 1
199.4801 	EXP 	Display Frame 0
199.6053 	EXP 	Display Frame 1
199.7301 	EXP 	Display Frame 0
199.8552 	EXP 	Display Frame 1
199.9800 	EXP 	Display Frame 0
200.1051 	EXP 	Display Frame 1
200.2303 	EXP 	Display Frame 0
200.3555 	EXP 	Display Frame 1
200.4801 	EXP 	Display Frame 0
200.6051 	EXP 	Display Frame 1
200.7302 	EXP 	Display Frame 0
200.8551 	EXP 	Display Frame 1
200.9803 	EXP 	Display Frame 0
201.1052 	EXP 	Display Frame 1
201.2301 	EXP 	Display Frame 0
201.3551 	EXP 	Display Frame 1
201.4801 	EXP 	Display Frame 0
201.6052 	EXP 	Display Frame 1
201.7302 	EXP 	Display Frame 0
201.8552 	EXP 	Display Frame 1
201.9804 	EXP 	Display Frame 0
202.1050 	EXP 	Display Frame 1
202.2301 	EXP 	Display Frame 0
202.3552 	EXP 	Display Frame 1
202.4802 	EXP 	Display Frame 0
202.6051 	EXP 	Display Frame 1
202.7305 	EXP 	Display Frame 0
202.8551 	EXP 	Display Frame 1
202.9801 	EXP 	Display Frame 0
203.1051 	EXP 	Display Frame 1
203.2300 	EXP 	Display Frame 0
203.3555 	EXP 	Display Frame 1
203.4802 	EXP 	Display Frame 0
203.6052 	EXP 	Display Frame 1
203.7301 	EXP 	Display Frame 0
203.8552 	EXP 	Display Frame 1
203.9801 	EXP 	Display Frame 0
204.1052 	EXP 	Display Frame 1
204.2301 	EXP 	Display Frame 0
204.3552 	EXP 	Display Frame 1
204.4801 	EXP 	Display Frame 0
204.6051 	EXP 	Display Frame 1
204.7302 	EXP 	Display Frame 0
204.8551 	EXP 	Display Frame 1
204.9804 	EXP 	Display Frame 0
205.1052 	EXP 	Display Frame 1
205.2303 	EXP 	Display Frame 0
205.3551 	EXP 	Display Frame 1
205.4801 	EXP 	Display Frame 0
205.6051 	EXP 	Display Frame 1
205.7302 	EXP 	Display Frame 0
205.8552 	EXP 	Display Frame 1
205.9802 	EXP 	Display Frame 0
206.1051 	EXP 	Display Frame 1
206.2301 	EXP 	Display Frame 0
206.3551 	EXP 	Display Frame 1
206.4802 	EXP 	Display Frame 0
206.6053 	EXP 	Display Frame 1
206.7304 	EXP 	Display Frame 0
206.8551 	EXP 	Display Frame 1
206.9802 	EXP 	Display Frame 0
207.1051 	EXP 	Display Frame 1
207.2305 	EXP 	Display Frame 0
207.3554 	EXP 	Display Frame 1
207.4806 	EXP 	Display Frame 0
207.6054 	EXP 	Display Frame 1
207.7301 	EXP 	Display Frame 0
207.8552 	EXP 	Display Frame 1
207.9800 	EXP 	Display Frame 0
208.1053 	EXP 	Display Frame 1
208.2302 	EXP 	Display Frame 0
208.3552 	EXP 	Display Frame 1
208.4803 	EXP 	Display Frame 0
208.6052 	EXP 	Display Frame 1
208.7301 	EXP 	Display Frame 0
208.8552 	EXP 	Display Frame 1
208.9805 	EXP 	Display Frame 0
209.1055 	EXP 	Display Frame 1
209.2301 	EXP 	Display Frame 0
209.3551 	EXP 	Display Frame 1
209.4801 	EXP 	Display Frame 0
209.6052 	EXP 	Display Frame 1
209.7302 	EXP 	Display Frame 0
209.8551 	EXP 	Display Frame 1
209.9802 	EXP 	Display Frame 0
210.1051 	EXP 	Display Frame 1
210.2302 	EXP 	Display Frame 0
210.3551 	EXP 	Display Frame 1
210.4801 	EXP 	Display Frame 0
210.6052 	EXP 	Display Frame 1
210.7303 	EXP 	Display Frame 0
210.8557 	EXP 	Display Frame 1
210.9802 	EXP 	Display Frame 0
211.1053 	EXP 	Display Frame 1
211.2300 	EXP 	Display Frame 0
211.3554 	EXP 	Display Frame 1
211.4802 	EXP 	Display Frame 0
211.6051 	EXP 	Display Frame 1
211.7301 	EXP 	Display Frame 0
211.8551 	EXP 	Display Frame 1
211.9801 	EXP 	Display Frame 0
212.1051 	EXP 	Display Frame 1
212.2302 	EXP 	Display Frame 0
212.3552 	EXP 	Display Frame 1
212.4801 	EXP 	Display Frame 0
212.6051 	EXP 	Display Frame 1
212.7301 	EXP 	Display Frame 0
212.8552 	EXP 	Display Frame 1
212.9801 	EXP 	Display Frame 0
213.1056 	EXP 	Display Frame 1
213.2304 	EXP 	Display Frame 0
213.3551 	EXP 	Display Frame 1
213.4801 	EXP 	Display Frame 0
213.6052 	EXP 	Display Frame 1
213.7304 	EXP 	Display Frame 0
213.8551 	EXP 	Display Frame 1
213.9801 	EXP 	Display Frame 0
214.1052 	EXP 	Display Frame 1
214.2302 	EXP 	Display Frame 0
214.3552 	EXP 	Display Frame 1
214.4801 	EXP 	Display Frame 0
214.6052 	EXP 	Display Frame 1
214.7303 	EXP 	Display Frame 0
214.8551 	EXP 	Display Frame 1
214.9801 	EXP 	Display Frame 0
215.1052 	EXP 	Display Frame 1
215.2301 	EXP 	Display Frame 0
215.3551 	EXP 	Display Frame 1
215.4806 	EXP 	Display Frame 0
215.6053 	EXP 	Display Frame 1
215.7302 	EXP 	Display Frame 0
215.8551 	EXP 	Display Frame 1
215.9801 	EXP 	Display Frame 0
216.1052 	EXP 	Display Frame 1
216.2302 	EXP 	Display Frame 0
216.3553 	EXP 	Display Frame 1
216.4801 	EXP 	Display Frame 0
216.6052 	EXP 	Display Frame 1
216.7301 	EXP 	Display Frame 0
216.8551 	EXP 	Display Frame 1
216.9801 	EXP 	Display Frame 0
217.1054 	EXP 	Display Frame 1
217.2301 	EXP 	Display Frame 0
217.3552 	EXP 	Display Frame 1
217.4802 	EXP 	Display Frame 0
217.6050 	EXP 	Display Frame 1
217.7304 	EXP 	Display Frame 0
217.8552 	EXP 	Display Frame 1
217.9802 	EXP 	Display Frame 0
218.1051 	EXP 	Display Frame 1
218.2302 	EXP 	Display Frame 0
218.3552 	EXP 	Display Frame 1
218.4802 	EXP 	Display Frame 0
218.6052 	EXP 	Display Frame 1
218.7302 	EXP 	Display Frame 0
218.8551 	EXP 	Display Frame 1
218.9801 	EXP 	Display Frame 0
219.1051 	EXP 	Display Frame 1
219.2302 	EXP 	Display Frame 0
219.3552 	EXP 	Display Frame 1
219.4805 	EXP 	Display Frame 0
219.6051 	EXP 	Display Frame 1
219.7301 	EXP 	Display Frame 0
219.8552 	EXP 	Display Frame 1
219.9803 	EXP 	Display Frame 0
220.1052 	EXP 	Display Frame 1
220.2302 	EXP 	Display Frame 0
220.3551 	EXP 	Display Frame 1
220.4801 	EXP 	Display Frame 0
220.6051 	EXP 	Display Frame 1
220.7301 	EXP 	Display Frame 0
220.8551 	EXP 	Display Frame 1
220.9801 	EXP 	Display Frame 0
221.1053 	EXP 	Display Frame 1
221.2301 	EXP 	Display Frame 0
221.3552 	EXP 	Display Frame 1
221.4801 	EXP 	Display Frame 0
221.6052 	EXP 	Display Frame 1
221.7304 	EXP 	Display Frame 0
221.8555 	EXP 	Display Frame 1
221.9802 	EXP 	Display Frame 0
222.1051 	EXP 	Display Frame 1
222.2301 	EXP 	Display Frame 0
222.3552 	EXP 	Display Frame 1
222.4802 	EXP 	Display Frame 0
222.6053 	EXP 	Display Frame 1
222.7302 	EXP 	Display Frame 0
222.8552 	EXP 	Display Frame 1
222.9802 	EXP 	Display Frame 0
223.1051 	EXP 	Display Frame 1
223.2302 	EXP 	Display Frame 0
223.3552 	EXP 	Display Frame 1
223.4804 	EXP 	Display Frame 0
223.6053 	EXP 	Display Frame 1
223.7301 	EXP 	Display Frame 0
223.8551 	EXP 	Display Frame 1
223.9801 	EXP 	Display Frame 0
224.1054 	EXP 	Display Frame 1
224.2304 	EXP 	Display Frame 0
224.3550 	EXP 	Display Frame 1
224.4803 	EXP 	Display Frame 0
224.6052 	EXP 	Display Frame 1
224.7302 	EXP 	Display Frame 0
224.8552 	EXP 	Display Frame 1
224.9801 	EXP 	Display Frame 0
225.1051 	EXP 	Display Frame 1
225.2306 	EXP 	Display Frame 0
225.3551 	EXP 	Display Frame 1
225.4801 	EXP 	Display Frame 0
225.6051 	EXP 	Display Frame 1
225.7302 	EXP 	Display Frame 0
225.8554 	EXP 	Display Frame 1
225.9802 	EXP 	Display Frame 0
226.1053 	EXP 	Display Frame 1
226.2301 	EXP 	Display Frame 0
226.3552 	EXP 	Display Frame 1
226.4800 	EXP 	Display Frame 0
226.6051 	EXP 	Display Frame 1
226.7301 	EXP 	Display Frame 0
226.8553 	EXP 	Display Frame 1
226.9802 	EXP 	Display Frame 0
227.1051 	EXP 	Display Frame 1
227.2302 	EXP 	Display Frame 0
227.3551 	EXP 	Display Frame 1
227.4804 	EXP 	Display Frame 0
227.6052 	EXP 	Display Frame 1
227.7303 	EXP 	Display Frame 0
227.8551 	EXP 	Display Frame 1
227.9801 	EXP 	Display Frame 0
228.1052 	EXP 	Display Frame 1
228.2302 	EXP 	Display Frame 0
228.3552 	EXP 	Display Frame 1
228.4803 	EXP 	Display Frame 0
228.6051 	EXP 	Display Frame 1
228.7301 	EXP 	Display Frame 0
228.8551 	EXP 	Display Frame 1
228.9801 	EXP 	Display Frame 0
229.1052 	EXP 	Display Frame 1
229.2305 	EXP 	Display Frame 0
229.3551 	EXP 	Display Frame 1
229.4801 	EXP 	Display Frame 0
229.6051 	EXP 	Display Frame 1
229.7302 	EXP 	Display Frame 0
229.8555 	EXP 	Display Frame 1
229.9804 	EXP 	Display Frame 0
230.1053 	EXP 	Display Frame 1
230.2301 	EXP 	Display Frame 0
230.3551 	EXP 	Display Frame 1
230.4802 	EXP 	Display Frame 0
230.6055 	EXP 	Display Frame 1
230.7301 	EXP 	Display Frame 0
230.8551 	EXP 	Display Frame 1
230.9802 	EXP 	Display Frame 0
231.1052 	EXP 	Display Frame 1
231.2301 	EXP 	Display Frame 0
231.3551 	EXP 	Display Frame 1
231.4802 	EXP 	Display Frame 0
231.6054 	EXP 	Display Frame 1
231.7301 	EXP 	Display Frame 0
231.8552 	EXP 	Display Frame 1
231.9801 	EXP 	Display Frame 0
232.1053 	EXP 	Display Frame 1
232.2302 	EXP 	Display Frame 0
232.3552 	EXP 	Display Frame 1
232.4802 	EXP 	Display Frame 0
232.6051 	EXP 	Display Frame 1
232.7302 	EXP 	Display Frame 0
232.8551 	EXP 	Display Frame 1
232.9804 	EXP 	Display Frame 0
233.1051 	EXP 	Display Frame 1
233.2302 	EXP 	Display Frame 0
233.3551 	EXP 	Display Frame 1
233.4801 	EXP 	Display Frame 0
233.6051 	EXP 	Display Frame 1
233.7302 	EXP 	Display Frame 0
233.8554 	EXP 	Display Frame 1
233.9801 	EXP 	Display Frame 0
234.1051 	EXP 	Display Frame 1
234.2301 	EXP 	Display Frame 0
234.3552 	EXP 	Display Frame 1
234.4801 	EXP 	Display Frame 0
234.6052 	EXP 	Display Frame 1
234.7303 	EXP 	Display Frame 0
234.8553 	EXP 	Display Frame 1
234.9801 	EXP 	Display Frame 0
235.1051 	EXP 	Display Frame 1
235.2302 	EXP 	Display Frame 0
235.3552 	EXP 	Display Frame 1
235.4801 	EXP 	Display Frame 0
235.6055 	EXP 	Display Frame 1
235.7301 	EXP 	Display Frame 0
235.8551 	EXP 	Display Frame 1
235.9801 	EXP 	Display Frame 0
236.1050 	EXP 	Display Frame 1
236.2303 	EXP 	Display Frame 0
236.3552 	EXP 	Display Frame 1
236.4802 	EXP 	Display Frame 0
236.6051 	EXP 	Display Frame 1
236.7301 	EXP 	Display Frame 0
236.8551 	EXP 	Display Frame 1
236.9811 	EXP 	Display Frame 0
237.1053 	EXP 	Display Frame 1
237.2303 	EXP 	Display Frame 0
237.3552 	EXP 	Display Frame 1
237.4802 	EXP 	Display Frame 0
237.6051 	EXP 	Display Frame 1
237.7302 	EXP 	Display Frame 0
237.8552 	EXP 	Display Frame 1
237.9803 	EXP 	Display Frame 0
238.1052 	EXP 	Display Frame 1
238.2302 	EXP 	Display Frame 0
238.3552 	EXP 	Display Frame 1
238.4802 	EXP 	Display Frame 0
238.6051 	EXP 	Display Frame 1
238.7302 	EXP 	Display Frame 0
238.8552 	EXP 	Display Frame 1
238.9802 	EXP 	Display Frame 0
239.1052 	EXP 	Display Frame 1
239.2301 	EXP 	Display Frame 0
239.3551 	EXP 	Display Frame 1
239.4803 	EXP 	Display Frame 0
239.6051 	EXP 	Display Frame 1
239.7302 	EXP 	Display Frame 0
239.8551 	EXP 	Display Frame 1
239.9802 	EXP 	Display Frame 0
240.1052 	EXP 	Display Frame 1
240.2303 	EXP 	Display Frame 0
240.3552 	EXP 	Display Frame 1
240.4801 	EXP 	Display Frame 0
240.6053 	EXP 	Display Frame 1
240.7301 	EXP 	Display Frame 0
240.8551 	EXP 	Display Frame 1
240.9802 	EXP 	Display Frame 0
241.1052 	EXP 	Display Frame 1
241.2301 	EXP 	Display Frame 0
241.3552 	EXP 	Display Frame 1
241.4801 	EXP 	Display Frame 0
241.6051 	EXP 	Display Frame 1
241.7300 	EXP 	Display Frame 0
241.8551 	EXP 	Display Frame 1
241.9804 	EXP 	Display Frame 0
242.1053 	EXP 	Display Frame 1
242.2301 	EXP 	Display Frame 0
242.3551 	EXP 	Display Frame 1
242.4801 	EXP 	Display Frame 0
242.6052 	EXP 	Display Frame 1
242.7301 	EXP 	Display Frame 0
242.8552 	EXP 	Display Frame 1
242.9803 	EXP 	Display Frame 0
243.1051 	EXP 	Display Frame 1
243.2301 	EXP 	Display Frame 0
243.3551 	EXP 	Display Frame 1
243.4801 	EXP 	Display Frame 0
243.6051 	EXP 	Display Frame 1
243.7305 	EXP 	Display Frame 0
243.8551 	EXP 	Display Frame 1
243.9801 	EXP 	Display Frame 0
244.1051 	EXP 	Display Frame 1
244.2304 	EXP 	Display Frame 0
244.3552 	EXP 	Display Frame 1
244.4801 	EXP 	Display Frame 0
244.6052 	EXP 	Display Frame 1
244.7301 	EXP 	Display Frame 0
244.8551 	EXP 	Display Frame 1
244.9801 	EXP 	Display Frame 0
245.1051 	EXP 	Display Frame 1
245.2303 	EXP 	Display Frame 0
245.3553 	EXP 	Display Frame 1
245.4802 	EXP 	Display Frame 0
245.6051 	EXP 	Display Frame 1
245.7301 	EXP 	Display Frame 0
245.8551 	EXP 	Display Frame 1
245.9804 	EXP 	Display Frame 0
246.1052 	EXP 	Display Frame 1
246.2301 	EXP 	Display Frame 0
246.3551 	EXP 	Display Frame 1
246.4801 	EXP 	Display Frame 0
246.6054 	EXP 	Display Frame 1
246.7302 	EXP 	Display Frame 0
246.8552 	EXP 	Display Frame 1
246.9804 	EXP 	Display Frame 0
247.1052 	EXP 	Display Frame 1
247.2302 	EXP 	Display Frame 0
247.3551 	EXP 	Display Frame 1
247.4805 	EXP 	Display Frame 0
247.6052 	EXP 	Display Frame 1
247.7304 	EXP 	Display Frame 0
247.8551 	EXP 	Display Frame 1
247.9801 	EXP 	Display Frame 0
248.1051 	EXP 	Display Frame 1
248.2302 	EXP 	Display Frame 0
248.3554 	EXP 	Display Frame 1
248.4805 	EXP 	Display Frame 0
248.6052 	EXP 	Display Frame 1
248.7300 	EXP 	Display Frame 0
248.8551 	EXP 	Display Frame 1
248.9800 	EXP 	Display Frame 0
249.1051 	EXP 	Display Frame 1
249.2303 	EXP 	Display Frame 0
249.3553 	EXP 	Display Frame 1
249.4801 	EXP 	Display Frame 0
249.6051 	EXP 	Display Frame 1
249.7302 	EXP 	Display Frame 0
249.8551 	EXP 	Display Frame 1
249.9804 	EXP 	Display Frame 0
250.1052 	EXP 	Display Frame 1
250.2302 	EXP 	Display Frame 0
250.3552 	EXP 	Display Frame 1
250.4801 	EXP 	Display Frame 0
250.6052 	EXP 	Display Frame 1
250.7301 	EXP 	Display Frame 0
250.8551 	EXP 	Display Frame 1
250.9803 	EXP 	Display Frame 0
251.1051 	EXP 	Display Frame 1
251.2301 	EXP 	Display Frame 0
251.3551 	EXP 	Display Frame 1
251.4801 	EXP 	Display Frame 0
251.6051 	EXP 	Display Frame 1
251.7304 	EXP 	Display Frame 0
251.8552 	EXP 	Display Frame 1
251.9801 	EXP 	Display Frame 0
252.1051 	EXP 	Display Frame 1
252.2301 	EXP 	Display Frame 0
252.3555 	EXP 	Display Frame 1
252.4804 	EXP 	Display Frame 0
252.6053 	EXP 	Display Frame 1
252.7302 	EXP 	Display Frame 0
252.8552 	EXP 	Display Frame 1
252.9801 	EXP 	Display Frame 0
253.1052 	EXP 	Display Frame 1
253.2301 	EXP 	Display Frame 0
253.3552 	EXP 	Display Frame 1
253.4804 	EXP 	Display Frame 0
253.6051 	EXP 	Display Frame 1
253.7301 	EXP 	Display Frame 0
253.8551 	EXP 	Display Frame 1
253.9802 	EXP 	Display Frame 0
254.1055 	EXP 	Display Frame 1
254.2304 	EXP 	Display Frame 0
254.3552 	EXP 	Display Frame 1
254.4801 	EXP 	Display Frame 0
254.6052 	EXP 	Display Frame 1
254.7301 	EXP 	Display Frame 0
254.8552 	EXP 	Display Frame 1
254.9802 	EXP 	Display Frame 0
255.1054 	EXP 	Display Frame 1
255.2301 	EXP 	Display Frame 0
255.3551 	EXP 	Display Frame 1
255.4801 	EXP 	Display Frame 0
255.6052 	EXP 	Display Frame 1
255.7301 	EXP 	Display Frame 0
255.8555 	EXP 	Display Frame 1
255.9803 	EXP 	Display Frame 0
256.1051 	EXP 	Display Frame 1
256.2301 	EXP 	Display Frame 0
256.3554 	EXP 	Display Frame 1
256.4801 	EXP 	Display Frame 0
256.6052 	EXP 	Display Frame 1
256.7300 	EXP 	Display Frame 0
256.8551 	EXP 	Display Frame 1
256.9801 	EXP 	Display Frame 0
257.1050 	EXP 	Display Frame 1
257.2300 	EXP 	Display Frame 0
257.3550 	EXP 	Display Frame 1
257.4805 	EXP 	Display Frame 0
257.6051 	EXP 	Display Frame 1
257.7301 	EXP 	Display Frame 0
257.8552 	EXP 	Display Frame 1
257.9801 	EXP 	Display Frame 0
258.1054 	EXP 	Display Frame 1
258.2302 	EXP 	Display Frame 0
258.3551 	EXP 	Display Frame 1
258.4802 	EXP 	Display Frame 0
258.6052 	EXP 	Display Frame 1
258.7303 	EXP 	Display Frame 0
258.8551 	EXP 	Display Frame 1
258.9802 	EXP 	Display Frame 0
259.1054 	EXP 	Display Frame 1
259.2301 	EXP 	Display Frame 0
259.3552 	EXP 	Display Frame 1
259.4801 	EXP 	Display Frame 0
259.6051 	EXP 	Display Frame 1
259.7302 	EXP 	Display Frame 0
259.8556 	EXP 	Display Frame 1
259.9801 	EXP 	Display Frame 0
260.1051 	EXP 	Display Frame 1
260.2300 	EXP 	Display Frame 0
260.3550 	EXP 	Display Frame 1
260.4804 	EXP 	Display Frame 0
260.6052 	EXP 	Display Frame 1
260.7303 	EXP 	Display Frame 0
260.8551 	EXP 	Display Frame 1
260.9801 	EXP 	Display Frame 0
261.1050 	EXP 	Display Frame 1
261.2302 	EXP 	Display Frame 0
261.3554 	EXP 	Display Frame 1
261.4802 	EXP 	Display Frame 0
261.6052 	EXP 	Display Frame 1
261.7302 	EXP 	Display Frame 0
261.8552 	EXP 	Display Frame 1
261.9802 	EXP 	Display Frame 0
262.1054 	EXP 	Display Frame 1
262.2301 	EXP 	Display Frame 0
262.3554 	EXP 	Display Frame 1
262.4801 	EXP 	Display Frame 0
262.6051 	EXP 	Display Frame 1
262.7301 	EXP 	Display Frame 0
262.8552 	EXP 	Display Frame 1
262.9801 	EXP 	Display Frame 0
263.1052 	EXP 	Display Frame 1
263.2301 	EXP 	Display Frame 0
263.3553 	EXP 	Display Frame 1
263.4801 	EXP 	Display Frame 0
263.6053 	EXP 	Display Frame 1
263.7302 	EXP 	Display Frame 0
263.8555 	EXP 	Display Frame 1
263.9804 	EXP 	Display Frame 0
264.1051 	EXP 	Display Frame 1
264.2301 	EXP 	Display Frame 0
264.3552 	EXP 	Display Frame 1
264.4802 	EXP 	Display Frame 0
264.6053 	EXP 	Display Frame 1
264.7302 	EXP 	Display Frame 0
264.8551 	EXP 	Display Frame 1
264.9801 	EXP 	Display Frame 0
265.1051 	EXP 	Display Frame 1
265.2300 	EXP 	Display Frame 0
265.3551 	EXP 	Display Frame 1
265.4803 	EXP 	Display Frame 0
265.6055 	EXP 	Display Frame 1
265.7301 	EXP 	Display Frame 0
265.8554 	DATA 	Keypress: equal
265.8565 	EXP 	Display Frame 1
265.9805 	DATA 	Keypress: equal
265.9815 	EXP 	Display Frame 0
266.1055 	DATA 	Keypress: equal
266.1066 	EXP 	Display Frame 1
266.2303 	EXP 	Display Frame 0
266.3556 	DATA 	Keypress: equal
266.3567 	EXP 	Display Frame 1
266.4806 	DATA 	Keypress: equal
266.4815 	EXP 	Display Frame 0
266.6055 	DATA 	Keypress: equal
266.6067 	EXP 	Display Frame 1
266.7303 	DATA 	Keypress: equal
266.7315 	EXP 	Display Frame 0
266.8553 	DATA 	Keypress: equal
266.8564 	EXP 	Display Frame 1
266.9802 	DATA 	Keypress: equal
266.9813 	EXP 	Display Frame 0
267.1052 	DATA 	Keypress: equal
267.1064 	EXP 	Display Frame 1
267.2305 	DATA 	Keypress: equal
267.2316 	EXP 	Display Frame 0
267.3553 	EXP 	Display Frame 1
267.4805 	DATA 	Keypress: equal
267.4815 	EXP 	Display Frame 0
267.6055 	DATA 	Keypress: equal
267.6065 	EXP 	Display Frame 1
267.7304 	DATA 	Keypress: equal
267.7314 	EXP 	Display Frame 0
267.8555 	DATA 	Keypress: equal
267.8564 	EXP 	Display Frame 1
267.9803 	DATA 	Keypress: equal
267.9812 	EXP 	Display Frame 0
268.1053 	DATA 	Keypress: equal
268.1062 	EXP 	Display Frame 1
268.2305 	DATA 	Keypress: equal
268.2315 	EXP 	Display Frame 0
268.2348 	EXP 	Display Fixation
268.2852 	DATA 	Keypress: equal
268.4826 	DATA 	Keypress: equal
497.0706 	DATA 	Mouse: Left button down, pos=(1523,852)
497.1539 	DATA 	Mouse:  Left button up, pos=(1523,852)
497.9208 	DATA 	Keypress: q
497.9313 	EXP 	topMsg: height = 0.1
497.9313 	EXP 	topMsg: height = 0.1
497.9313 	EXP 	topMsg: text = "Thank you very much! \n\nThat's it with the tapping"
497.9313 	EXP 	bottomMsg: height = 0.1
497.9313 	EXP 	bottomMsg: height = 0.1
497.9313 	EXP 	bottomMsg: text = "Please relax for the ramaining time \n\n Press 'q' or 'escape' to end the session."
497.9313 	EXP 	Display TheEnd
498.4727 	DATA 	Keypress: equal
498.9276 	DATA 	Keypress: a
500.3821 	DATA 	Keypress: q
500.4759 	EXP 	win: mouseVisible = True
