0.9468 	WARNING 	We strongly recommend you activate the PTB sound engine in PsychoPy prefs as the preferred audio engine. Its timing is vastly superior. Your prefs are currently set to use ['sounddevice', 'PTB', 'pyo', 'pygame'] (in that order).
9.8328 	INFO 	---START PARAMETERS---
9.8329 	INFO 	filename: TappingWithTrTiming_Movie_d3.py-1tt==============-261-Apr_17_1534
9.8329 	INFO 	subject: 1tt==============
9.8329 	INFO 	session: 261
9.8329 	INFO 	date: Apr_17_1534
9.8329 	INFO 	blockDur_TRs: 20
9.8329 	INFO 	condition: vis
9.8329 	INFO 	fixCrossPos: [0, 0]
9.8329 	INFO 	fixCrossSize: 100
9.8329 	INFO 	fullScreen: True
9.8330 	INFO 	movieFolder: Images/
9.8330 	INFO 	movieSize: (1600, 1000)
9.8330 	INFO 	nBlocks: 68
9.8330 	INFO 	promptDir: Text/
9.8330 	INFO 	restDur_TRs: 20
9.8330 	INFO 	screenColor: (128, 128, 128)
9.8330 	INFO 	screenToShow: 0
9.8330 	INFO 	skipPrompts: False
9.8330 	INFO 	tStartup_TRs: 0
9.8330 	INFO 	textHeight: 40
9.8330 	INFO 	triggerKey: s
9.8330 	INFO 	---END PARAMETERS---
10.8246 	INFO 	Loaded monitor calibration from ['2022_03_25 08:03']
11.9746 	WARNING 	Couldn't measure a consistent frame rate!
  - Is your graphics card set to sync to vertical blank?
  - Are you running other processes on your computer?

11.9758 	EXP 	Created win = Window(allowGUI=False, allowStencil=False, autoLog=True, backendConf=UNKNOWN, bitsMode=UNKNOWN, blendMode='avg', bpc=(8, 8, 8), color=array([128, 128, 128]), colorSpace='rgb255', depthBits=8, fullscr=<method-wrapper '__getattribute__' of attributeSetter object at 0x7fd978e9b3a0>, gamma=None, gammaErrorPolicy='raise', lms=UNKNOWN, monitor=<psychopy.monitors.calibTools.Monitor object at 0x7fda28c84220>, multiSample=False, name='win', numSamples=2, pos=[0.0, 0.0], screen=0, size=array([1920, 1080]), stencilBits=0, stereo=False, units='deg', useFBO=False, useRetina=False, viewOri=0.0, viewPos=None, viewScale=None, waitBlanking=True, winType='pyglet')
11.9763 	EXP 	win: mouseVisible = True
11.9868 	EXP 	Created fixCross = ShapeStim(__class__=<class 'psychopy.visual.shape.ShapeStim'>, anchor=('center', 'center'), autoDraw=False, autoLog=True, closeShape=False, color=method-wrapper(...), colorSpace='rgb', contrast=None, depth=0, fillColor=array([0, 0, 0]), fillColorSpace='rgb', fillRGB=array([0, 0, 0]), interpolate=True, lineColor=array([-1., -1., -1.]), lineColorSpace='rgb', lineRGB=array([-1., -1., -1.]), lineWidth=3.0, name='fixCross', opacity=0.5, ori=0.0, pos=array([0., 0.]), size=array([1., 1.]), units='pix', vertices=ndarray(...), win=Window(...), windingRule=None)
11.9877 	WARNING 	TextStim.alignHoriz is deprecated. Use alignText and anchorHoriz attributes instead
12.0187 	EXP 	Created topMsg = TextStim(__class__=<class 'psychopy.visual.text.TextStim'>, alignHoriz='center', alignText='center', alignVert=method-wrapper(...), anchorHoriz='center', anchorVert='center', antialias=True, autoLog=True, bold=False, color=array([-1., -1., -1.]), colorSpace='rgb', contrast=1.0, depth=0, flipHoriz=False, flipVert=False, font='', fontFiles=[], height=0.1, italic=False, languageStyle='LTR', name='topMsg', opacity=1.0, ori=0.0, pos=array([0. , 0.5]), rgb=UNKNOWN, text='aaa', units='norm', win=Window(...), wrapWidth=1.5)
12.0188 	WARNING 	TextStim.alignHoriz is deprecated. Use alignText and anchorHoriz attributes instead
12.0211 	EXP 	Created bottomMsg = TextStim(__class__=<class 'psychopy.visual.text.TextStim'>, alignHoriz='center', alignText='center', alignVert=method-wrapper(...), anchorHoriz='center', anchorVert='center', antialias=True, autoLog=True, bold=False, color=array([-1., -1., -1.]), colorSpace='rgb', contrast=1.0, depth=0, flipHoriz=False, flipVert=False, font='', fontFiles=[], height=0.1, italic=False, languageStyle='LTR', name='bottomMsg', opacity=1.0, ori=0.0, pos=array([ 0. , -0.5]), rgb=UNKNOWN, text='bbb', units='norm', win=Window(...), wrapWidth=1.5)
12.0430 	EXP 	Created Movie Frame 0 = ImageStim(__class__=<class 'psychopy.visual.image.ImageStim'>, anchor=('center', 'center'), autoLog=True, color=array([1., 1., 1.]), colorSpace='rgb', contrast=1.0, depth=0, flipHoriz=False, flipVert=False, image='Images/visual_0.png', interpolate=False, mask=None, maskParams=None, name='Movie Frame 0', opacity=1, ori=0.0, pos=array([0., 0.]), size=array([1600., 1000.]), texRes=128, units='pix', win=Window(...))
12.0611 	EXP 	Created Movie Frame 1 = ImageStim(__class__=<class 'psychopy.visual.image.ImageStim'>, anchor=('center', 'center'), autoLog=True, color=array([1., 1., 1.]), colorSpace='rgb', contrast=1.0, depth=0, flipHoriz=False, flipVert=False, image='Images/visual_1.png', interpolate=False, mask=None, maskParams=None, name='Movie Frame 1', opacity=1, ori=0.0, pos=array([0., 0.]), size=array([1600., 1000.]), texRes=128, units='pix', win=Window(...))
12.0684 	EXP 	Created unnamed TextStim = TextStim(__class__=<class 'psychopy.visual.text.TextStim'>, alignHoriz=method-wrapper(...), alignText='center', alignVert=method-wrapper(...), anchorHoriz='center', anchorVert='center', antialias=True, autoLog=True, bold=False, color=array([-1., -1., -1.]), colorSpace='rgb', contrast=1.0, depth=0, flipHoriz=False, flipVert=False, font='', fontFiles=[], height=40.0, italic=False, languageStyle='LTR', name='unnamed TextStim', opacity=1.0, ori=0.0, pos=array([  0., 580.]), rgb=UNKNOWN, text='look at the center', units='pix', win=Window(...), wrapWidth=1600)
12.0838 	WARNING 	t of last frame was 109.50ms (=1/9)
12.0838 	EXP 	topMsg: height = 0.1
12.0838 	EXP 	topMsg: height = 0.1
12.0838 	EXP 	topMsg: text = 'You will see a flickering checkerboard. When it is on the screen, try to fixate the center of the checkerboard. When the fixation cross appears, relax and stare at the cross.'
12.0838 	EXP 	bottomMsg: height = 0.1
12.0838 	EXP 	bottomMsg: height = 0.1
12.0838 	EXP 	bottomMsg: text = 'The experiment will begin shortly'
12.0838 	EXP 	Display Instructions1
15.3165 	DATA 	Keypress: s
15.3306 	WARNING 	t of last frame was 3246.85ms (=1/0)
15.3306 	EXP 	topMsg: height = 0.1
15.3306 	EXP 	topMsg: height = 0.1
15.3306 	EXP 	topMsg: text = "Please don't move..."
15.3306 	EXP 	bottomMsg: height = 0.1
15.3306 	EXP 	bottomMsg: height = 0.1
15.3306 	EXP 	bottomMsg: text = ''
15.3306 	EXP 	PleaseDontMove
27.8279 	DATA 	Keypress: s
27.8398 	WARNING 	t of last frame was 12509.20ms (=1/0)
27.8398 	EXP 	Display Fixation
27.8402 	EXP 	---START EXPERIMENT---
27.8603 	WARNING 	t of last frame was 20.49ms (=1/48)
27.8603 	EXP 	Display Fixation
40.3374 	DATA 	Keypress: s
43.9604 	DATA 	Keypress: q
43.9777 	WARNING 	Multiple dropped frames have occurred - I'll stop bothering you about them!
43.9777 	EXP 	topMsg: height = 0.1
43.9777 	EXP 	topMsg: height = 0.1
43.9777 	EXP 	topMsg: text = "Thank you very much! \n\nThat's it with the tapping"
43.9777 	EXP 	bottomMsg: height = 0.1
43.9777 	EXP 	bottomMsg: height = 0.1
43.9777 	EXP 	bottomMsg: text = "Please relax for the ramaining time \n\n Press 'q' or 'escape' to end the session."
43.9777 	EXP 	Display TheEnd
44.4542 	DATA 	Keypress: q
44.5311 	EXP 	win: mouseVisible = True
