1.0827 	WARNING 	We strongly recommend you activate the PTB sound engine in PsychoPy prefs as the preferred audio engine. Its timing is vastly superior. Your prefs are currently set to use ['sounddevice', 'PTB', 'pyo', 'pygame'] (in that order).
8.0239 	INFO 	---START PARAMETERS---
8.0240 	INFO 	filename: TappingWithTrTiming_Movie_d3.py-1tt==============-266-Sep_15_1828
8.0240 	INFO 	subject: 1tt==============
8.0240 	INFO 	session: 266
8.0240 	INFO 	date: Sep_15_1828
8.0240 	INFO 	blockDur_TRs: 10
8.0240 	INFO 	condition: TapFast
8.0240 	INFO 	fixCrossPos: [0, 0]
8.0241 	INFO 	fixCrossSize: 100
8.0241 	INFO 	fullScreen: True
8.0241 	INFO 	movieFolder: Images/
8.0241 	INFO 	movieSize: (1600, 1000)
8.0241 	INFO 	nBlocks: 68
8.0241 	INFO 	promptDir: Text/
8.0241 	INFO 	restDur_TRs: 10
8.0241 	INFO 	screenColor: (128, 128, 128)
8.0241 	INFO 	screenToShow: 0
8.0241 	INFO 	skipPrompts: False
8.0241 	INFO 	tStartup_TRs: 0
8.0241 	INFO 	textHeight: 40
8.0241 	INFO 	triggerKey: equal
8.0241 	INFO 	---END PARAMETERS---
8.8105 	INFO 	Loaded monitor calibration from ['2022_03_25 08:03']
9.8436 	EXP 	Created win = Window(allowGUI=False, allowStencil=False, autoLog=True, backendConf=UNKNOWN, bitsMode=UNKNOWN, blendMode='avg', bpc=(8, 8, 8), color=array([128, 128, 128]), colorSpace='rgb255', depthBits=8, fullscr=<method-wrapper '__getattribute__' of attributeSetter object at 0x7fa4d2ea5190>, gamma=None, gammaErrorPolicy='raise', lms=UNKNOWN, monitor=<psychopy.monitors.calibTools.Monitor object at 0x7fa4a0c60d00>, multiSample=False, name='win', numSamples=2, pos=[0.0, 0.0], screen=0, size=array([1280,  720]), stencilBits=0, stereo=False, units='deg', useFBO=False, useRetina=False, viewOri=0.0, viewPos=None, viewScale=None, waitBlanking=True, winType='pyglet')
9.8445 	EXP 	win: mouseVisible = True
9.8521 	EXP 	Created fixCross = ShapeStim(__class__=<class 'psychopy.visual.shape.ShapeStim'>, anchor=('center', 'center'), autoDraw=False, autoLog=True, closeShape=False, color=method-wrapper(...), colorSpace='rgb', contrast=None, depth=0, fillColor=array([0, 0, 0]), fillColorSpace='rgb', fillRGB=array([0, 0, 0]), interpolate=True, lineColor=array([-1., -1., -1.]), lineColorSpace='rgb', lineRGB=array([-1., -1., -1.]), lineWidth=3.0, name='fixCross', opacity=0.5, ori=0.0, pos=array([0., 0.]), size=array([1., 1.]), units='pix', vertices=ndarray(...), win=Window(...), windingRule=None)
9.8525 	WARNING 	TextStim.alignHoriz is deprecated. Use alignText and anchorHoriz attributes instead
9.8807 	EXP 	Created topMsg = TextStim(__class__=<class 'psychopy.visual.text.TextStim'>, alignHoriz='center', alignText='center', alignVert=method-wrapper(...), anchorHoriz='center', anchorVert='center', antialias=True, autoLog=True, bold=False, color=array([-1., -1., -1.]), colorSpace='rgb', contrast=1.0, depth=0, flipHoriz=False, flipVert=False, font='', fontFiles=[], height=0.1, italic=False, languageStyle='LTR', name='topMsg', opacity=1.0, ori=0.0, pos=array([0. , 0.5]), rgb=UNKNOWN, text='aaa', units='norm', win=Window(...), wrapWidth=1.5)
9.8808 	WARNING 	TextStim.alignHoriz is deprecated. Use alignText and anchorHoriz attributes instead
9.8831 	EXP 	Created bottomMsg = TextStim(__class__=<class 'psychopy.visual.text.TextStim'>, alignHoriz='center', alignText='center', alignVert=method-wrapper(...), anchorHoriz='center', anchorVert='center', antialias=True, autoLog=True, bold=False, color=array([-1., -1., -1.]), colorSpace='rgb', contrast=1.0, depth=0, flipHoriz=False, flipVert=False, font='', fontFiles=[], height=0.1, italic=False, languageStyle='LTR', name='bottomMsg', opacity=1.0, ori=0.0, pos=array([ 0. , -0.5]), rgb=UNKNOWN, text='bbb', units='norm', win=Window(...), wrapWidth=1.5)
9.9593 	EXP 	Created Movie Frame 0 = ImageStim(__class__=<class 'psychopy.visual.image.ImageStim'>, anchor=('center', 'center'), autoLog=True, color=array([1., 1., 1.]), colorSpace='rgb', contrast=1.0, depth=0, flipHoriz=False, flipVert=False, image='Images/right_0.png', interpolate=False, mask=None, maskParams=None, name='Movie Frame 0', opacity=1, ori=0.0, pos=array([0., 0.]), size=array([1600., 1000.]), texRes=128, units='pix', win=Window(...))
10.0272 	EXP 	Created Movie Frame 1 = ImageStim(__class__=<class 'psychopy.visual.image.ImageStim'>, anchor=('center', 'center'), autoLog=True, color=array([1., 1., 1.]), colorSpace='rgb', contrast=1.0, depth=0, flipHoriz=False, flipVert=False, image='Images/right_1.png', interpolate=False, mask=None, maskParams=None, name='Movie Frame 1', opacity=1, ori=0.0, pos=array([0., 0.]), size=array([1600., 1000.]), texRes=128, units='pix', win=Window(...))
10.0899 	EXP 	Created Movie Frame 2 = ImageStim(__class__=<class 'psychopy.visual.image.ImageStim'>, anchor=('center', 'center'), autoLog=True, color=array([1., 1., 1.]), colorSpace='rgb', contrast=1.0, depth=0, flipHoriz=False, flipVert=False, image='Images/right_2.png', interpolate=False, mask=None, maskParams=None, name='Movie Frame 2', opacity=1, ori=0.0, pos=array([0., 0.]), size=array([1600., 1000.]), texRes=128, units='pix', win=Window(...))
10.1483 	EXP 	Created Movie Frame 3 = ImageStim(__class__=<class 'psychopy.visual.image.ImageStim'>, anchor=('center', 'center'), autoLog=True, color=array([1., 1., 1.]), colorSpace='rgb', contrast=1.0, depth=0, flipHoriz=False, flipVert=False, image='Images/right_3.png', interpolate=False, mask=None, maskParams=None, name='Movie Frame 3', opacity=1, ori=0.0, pos=array([0., 0.]), size=array([1600., 1000.]), texRes=128, units='pix', win=Window(...))
10.2101 	EXP 	Created Movie Frame 4 = ImageStim(__class__=<class 'psychopy.visual.image.ImageStim'>, anchor=('center', 'center'), autoLog=True, color=array([1., 1., 1.]), colorSpace='rgb', contrast=1.0, depth=0, flipHoriz=False, flipVert=False, image='Images/right_4.png', interpolate=False, mask=None, maskParams=None, name='Movie Frame 4', opacity=1, ori=0.0, pos=array([0., 0.]), size=array([1600., 1000.]), texRes=128, units='pix', win=Window(...))
10.2749 	EXP 	Created Movie Frame 5 = ImageStim(__class__=<class 'psychopy.visual.image.ImageStim'>, anchor=('center', 'center'), autoLog=True, color=array([1., 1., 1.]), colorSpace='rgb', contrast=1.0, depth=0, flipHoriz=False, flipVert=False, image='Images/right_5.png', interpolate=False, mask=None, maskParams=None, name='Movie Frame 5', opacity=1, ori=0.0, pos=array([0., 0.]), size=array([1600., 1000.]), texRes=128, units='pix', win=Window(...))
10.3377 	EXP 	Created Movie Frame 6 = ImageStim(__class__=<class 'psychopy.visual.image.ImageStim'>, anchor=('center', 'center'), autoLog=True, color=array([1., 1., 1.]), colorSpace='rgb', contrast=1.0, depth=0, flipHoriz=False, flipVert=False, image='Images/right_6.png', interpolate=False, mask=None, maskParams=None, name='Movie Frame 6', opacity=1, ori=0.0, pos=array([0., 0.]), size=array([1600., 1000.]), texRes=128, units='pix', win=Window(...))
10.3974 	EXP 	Created Movie Frame 7 = ImageStim(__class__=<class 'psychopy.visual.image.ImageStim'>, anchor=('center', 'center'), autoLog=True, color=array([1., 1., 1.]), colorSpace='rgb', contrast=1.0, depth=0, flipHoriz=False, flipVert=False, image='Images/right_7.png', interpolate=False, mask=None, maskParams=None, name='Movie Frame 7', opacity=1, ori=0.0, pos=array([0., 0.]), size=array([1600., 1000.]), texRes=128, units='pix', win=Window(...))
10.4566 	EXP 	Created Movie Frame 8 = ImageStim(__class__=<class 'psychopy.visual.image.ImageStim'>, anchor=('center', 'center'), autoLog=True, color=array([1., 1., 1.]), colorSpace='rgb', contrast=1.0, depth=0, flipHoriz=False, flipVert=False, image='Images/right_8.png', interpolate=False, mask=None, maskParams=None, name='Movie Frame 8', opacity=1, ori=0.0, pos=array([0., 0.]), size=array([1600., 1000.]), texRes=128, units='pix', win=Window(...))
10.5159 	EXP 	Created Movie Frame 9 = ImageStim(__class__=<class 'psychopy.visual.image.ImageStim'>, anchor=('center', 'center'), autoLog=True, color=array([1., 1., 1.]), colorSpace='rgb', contrast=1.0, depth=0, flipHoriz=False, flipVert=False, image='Images/right_9.png', interpolate=False, mask=None, maskParams=None, name='Movie Frame 9', opacity=1, ori=0.0, pos=array([0., 0.]), size=array([1600., 1000.]), texRes=128, units='pix', win=Window(...))
10.5217 	EXP 	Created unnamed TextStim = TextStim(__class__=<class 'psychopy.visual.text.TextStim'>, alignHoriz=method-wrapper(...), alignText='center', alignVert=method-wrapper(...), anchorHoriz='center', anchorVert='center', antialias=True, autoLog=True, bold=False, color=array([-1., -1., -1.]), colorSpace='rgb', contrast=1.0, depth=0, flipHoriz=False, flipVert=False, font='', fontFiles=[], height=40.0, italic=False, languageStyle='LTR', name='unnamed TextStim', opacity=1.0, ori=0.0, pos=array([  0., 580.]), rgb=UNKNOWN, text='Tap along with the video.', units='pix', win=Window(...), wrapWidth=1600)
10.5350 	EXP 	topMsg: height = 0.1
10.5350 	EXP 	topMsg: height = 0.1
10.5350 	EXP 	topMsg: text = 'You will see a movie of a finger tapping. When it is on the screen, try to BOTH hands to tap your fingers at the same times as the movie does. When the fixation cross appears, relax and stare at the cross.'
10.5350 	EXP 	bottomMsg: height = 0.1
10.5350 	EXP 	bottomMsg: height = 0.1
10.5350 	EXP 	bottomMsg: text = 'The experiment will begin shortly'
10.5350 	EXP 	Display Instructions1
12.4836 	DATA 	Keypress: equal
12.4900 	EXP 	topMsg: height = 0.1
12.4900 	EXP 	topMsg: height = 0.1
12.4900 	EXP 	topMsg: text = "Please don't move..."
12.4900 	EXP 	bottomMsg: height = 0.1
12.4900 	EXP 	bottomMsg: height = 0.1
12.4900 	EXP 	bottomMsg: text = ''
12.4900 	EXP 	PleaseDontMove
12.9067 	DATA 	Keypress: equal
12.9089 	EXP 	Display Fixation
12.9089 	EXP 	---START EXPERIMENT---
12.9204 	EXP 	Display Fixation
13.2477 	DATA 	Keypress: equal
13.4895 	DATA 	Keypress: equal
13.7573 	DATA 	Keypress: equal
14.0147 	DATA 	Keypress: equal
14.2621 	DATA 	Keypress: equal
14.5311 	DATA 	Keypress: equal
14.7874 	DATA 	Keypress: equal
15.0385 	DATA 	Keypress: equal
15.2893 	DATA 	Keypress: equal
15.5590 	DATA 	Keypress: equal
15.5935 	EXP 	Display Frame 1
15.6268 	EXP 	Display Frame 2
15.6600 	EXP 	Display Frame 3
15.6931 	EXP 	Display Frame 4
15.7264 	EXP 	Display Frame 5
15.7597 	EXP 	Display Frame 6
15.7934 	EXP 	Display Frame 7
15.8266 	EXP 	Display Frame 8
15.8598 	EXP 	Display Frame 9
15.8931 	EXP 	Display Frame 0
15.9264 	EXP 	Display Frame 1
15.9597 	EXP 	Display Frame 2
15.9931 	EXP 	Display Frame 3
16.0264 	EXP 	Display Frame 4
16.0597 	EXP 	Display Frame 5
16.0931 	EXP 	Display Frame 6
16.1265 	EXP 	Display Frame 7
16.1597 	EXP 	Display Frame 8
16.1931 	EXP 	Display Frame 9
16.2264 	EXP 	Display Frame 0
16.2597 	EXP 	Display Frame 1
16.2930 	EXP 	Display Frame 2
16.3264 	EXP 	Display Frame 3
16.3598 	EXP 	Display Frame 4
16.3931 	EXP 	Display Frame 5
16.4264 	EXP 	Display Frame 6
16.4597 	EXP 	Display Frame 7
16.4932 	EXP 	Display Frame 8
16.5264 	EXP 	Display Frame 9
16.5598 	EXP 	Display Frame 0
16.5930 	EXP 	Display Frame 1
16.6264 	EXP 	Display Frame 2
16.6597 	EXP 	Display Frame 3
16.6932 	EXP 	Display Frame 4
16.7264 	EXP 	Display Frame 5
16.7598 	EXP 	Display Frame 6
16.7931 	EXP 	Display Frame 7
16.8264 	EXP 	Display Frame 8
16.8598 	EXP 	Display Frame 9
16.8931 	EXP 	Display Frame 0
16.9264 	EXP 	Display Frame 1
16.9598 	EXP 	Display Frame 2
16.9931 	EXP 	Display Frame 3
17.0265 	EXP 	Display Frame 4
17.0597 	EXP 	Display Frame 5
17.0931 	EXP 	Display Frame 6
17.1265 	EXP 	Display Frame 7
17.1598 	EXP 	Display Frame 8
17.1930 	EXP 	Display Frame 9
17.2264 	EXP 	Display Frame 0
17.2598 	EXP 	Display Frame 1
17.2932 	EXP 	Display Frame 2
17.3264 	EXP 	Display Frame 3
17.3598 	EXP 	Display Frame 4
17.3931 	EXP 	Display Frame 5
17.4264 	EXP 	Display Frame 6
17.4597 	EXP 	Display Frame 7
17.4931 	EXP 	Display Frame 8
17.5265 	EXP 	Display Frame 9
17.5597 	EXP 	Display Frame 0
17.5931 	EXP 	Display Frame 1
17.6264 	EXP 	Display Frame 2
17.6598 	EXP 	Display Frame 3
17.6932 	EXP 	Display Frame 4
17.7264 	EXP 	Display Frame 5
17.7599 	EXP 	Display Frame 6
17.7930 	EXP 	Display Frame 7
17.8264 	EXP 	Display Frame 8
17.8598 	EXP 	Display Frame 9
17.8932 	EXP 	Display Frame 0
17.9264 	EXP 	Display Frame 1
17.9598 	EXP 	Display Frame 2
17.9931 	EXP 	Display Frame 3
18.0268 	EXP 	Display Frame 4
18.0599 	EXP 	Display Frame 5
18.0935 	DATA 	Keypress: escape
18.0945 	EXP 	Display Frame 6
18.1172 	EXP 	topMsg: height = 0.1
18.1172 	EXP 	topMsg: height = 0.1
18.1172 	EXP 	topMsg: text = "Thank you very much! \n\nThat's it with the tapping"
18.1172 	EXP 	bottomMsg: height = 0.1
18.1172 	EXP 	bottomMsg: height = 0.1
18.1172 	EXP 	bottomMsg: text = "Please relax for the ramaining time \n\n Press 'q' or 'escape' to end the session."
18.1172 	EXP 	Display TheEnd
18.5575 	DATA 	Keypress: escape
18.6434 	EXP 	win: mouseVisible = True
