1.0338 	WARNING 	We strongly recommend you activate the PTB sound engine in PsychoPy prefs as the preferred audio engine. Its timing is vastly superior. Your prefs are currently set to use ['sounddevice', 'PTB', 'pyo', 'pygame'] (in that order).
6.9526 	INFO 	---START PARAMETERS---
6.9528 	INFO 	filename: TappingWithTrTiming_Movie_d3.py-1tt==============-256-Apr_17_1526
6.9528 	INFO 	subject: 1tt==============
6.9528 	INFO 	session: 256
6.9528 	INFO 	date: Apr_17_1526
6.9528 	INFO 	blockDur_TRs: 20
6.9528 	INFO 	condition: TapRight
6.9528 	INFO 	fixCrossPos: [0, 0]
6.9528 	INFO 	fixCrossSize: 100
6.9528 	INFO 	fullScreen: True
6.9528 	INFO 	movieFolder: Images/
6.9529 	INFO 	movieSize: (1600, 1000)
6.9529 	INFO 	nBlocks: 68
6.9529 	INFO 	promptDir: Text/
6.9529 	INFO 	restDur_TRs: 20
6.9529 	INFO 	screenColor: (128, 128, 128)
6.9529 	INFO 	screenToShow: 1
6.9529 	INFO 	skipPrompts: False
6.9529 	INFO 	tStartup_TRs: 0
6.9529 	INFO 	textHeight: 40
6.9529 	INFO 	triggerKey: s
6.9529 	INFO 	---END PARAMETERS---
