1.0280 	WARNING 	We strongly recommend you activate the PTB sound engine in PsychoPy prefs as the preferred audio engine. Its timing is vastly superior. Your prefs are currently set to use ['sounddevice', 'PTB', 'pyo', 'pygame'] (in that order).
12.4783 	INFO 	---START PARAMETERS---
12.4784 	INFO 	filename: TappingWithTrTiming_Movie_d3.py-1tt============ =====-390-Jun_10_1904
12.4784 	INFO 	subject: 1tt============ =====
12.4784 	INFO 	session: 390
12.4784 	INFO 	date: Jun_10_1904
12.4784 	INFO 	block2Dur_TRs: 0
12.4784 	INFO 	blockDur_TRs: 30
12.4784 	INFO 	condition: TapRight
12.4784 	INFO 	fixCrossPos: [0, 0]
12.4784 	INFO 	fixCrossSize: 100
12.4784 	INFO 	fullScreen: True
12.4784 	INFO 	movieFolder: images/
12.4784 	INFO 	movieFolder2: images/
12.4784 	INFO 	movieSize: (1600, 1000)
12.4784 	INFO 	nBlocks: 68
12.4784 	INFO 	promptDir: Text/
12.4784 	INFO 	restDur_TRs: 30
12.4784 	INFO 	screenColor: (119, 119, 119)
12.4784 	INFO 	screenToShow: 1
12.4784 	INFO 	skipPrompts: False
12.4784 	INFO 	tStartup_TRs: 0
12.4784 	INFO 	textHeight: 40
12.4784 	INFO 	triggerKey: equal
12.4785 	INFO 	---END PARAMETERS---
13.2296 	INFO 	Loaded monitor calibration from ['2022_03_25 08:03']
14.5076 	WARNING 	Couldn't measure a consistent frame rate!
  - Is your graphics card set to sync to vertical blank?
  - Are you running other processes on your computer?

14.5083 	EXP 	Created win = Window(allowGUI=False, allowStencil=False, autoLog=True, backendConf=UNKNOWN, bitsMode=UNKNOWN, blendMode='avg', bpc=(8, 8, 8), color=array([119, 119, 119]), colorSpace='rgb255', depthBits=8, fullscr=<method-wrapper '__getattribute__' of attributeSetter object at 0x7feb7c6c0100>, gamma=None, gammaErrorPolicy='raise', lms=UNKNOWN, monitor=<psychopy.monitors.calibTools.Monitor object at 0x7feb28448d00>, multiSample=False, name='win', numSamples=2, pos=[0.0, 0.0], screen=1, size=array([1280,  720]), stencilBits=0, stereo=False, units='deg', useFBO=False, useRetina=False, viewOri=0.0, viewPos=None, viewScale=None, waitBlanking=True, winType='pyglet')
14.5085 	EXP 	win: mouseVisible = True
14.5142 	EXP 	Created fixCross = ShapeStim(__class__=<class 'psychopy.visual.shape.ShapeStim'>, anchor=('center', 'center'), autoDraw=False, autoLog=True, closeShape=False, color=method-wrapper(...), colorSpace='rgb', contrast=None, depth=0, fillColor=array([0, 0, 0]), fillColorSpace='rgb', fillRGB=array([0, 0, 0]), interpolate=True, lineColor=array([-1., -1., -1.]), lineColorSpace='rgb', lineRGB=array([-1., -1., -1.]), lineWidth=3.0, name='fixCross', opacity=0.5, ori=0.0, pos=array([0., 0.]), size=array([1., 1.]), units='pix', vertices=ndarray(...), win=Window(...), windingRule=None)
14.5148 	WARNING 	TextStim.alignHoriz is deprecated. Use alignText and anchorHoriz attributes instead
14.5433 	EXP 	Created topMsg = TextStim(__class__=<class 'psychopy.visual.text.TextStim'>, alignHoriz='center', alignText='center', alignVert=method-wrapper(...), anchorHoriz='center', anchorVert='center', antialias=True, autoLog=True, bold=False, color=array([-1., -1., -1.]), colorSpace='rgb', contrast=1.0, depth=0, flipHoriz=False, flipVert=False, font='', fontFiles=[], height=0.1, italic=False, languageStyle='LTR', name='topMsg', opacity=1.0, ori=0.0, pos=array([0. , 0.5]), rgb=UNKNOWN, text='aaa', units='norm', win=Window(...), wrapWidth=1.5)
14.5434 	WARNING 	TextStim.alignHoriz is deprecated. Use alignText and anchorHoriz attributes instead
14.5457 	EXP 	Created bottomMsg = TextStim(__class__=<class 'psychopy.visual.text.TextStim'>, alignHoriz='center', alignText='center', alignVert=method-wrapper(...), anchorHoriz='center', anchorVert='center', antialias=True, autoLog=True, bold=False, color=array([-1., -1., -1.]), colorSpace='rgb', contrast=1.0, depth=0, flipHoriz=False, flipVert=False, font='', fontFiles=[], height=0.1, italic=False, languageStyle='LTR', name='bottomMsg', opacity=1.0, ori=0.0, pos=array([ 0. , -0.5]), rgb=UNKNOWN, text='bbb', units='norm', win=Window(...), wrapWidth=1.5)
14.6216 	EXP 	Created Movie Frame 0 = ImageStim(__class__=<class 'psychopy.visual.image.ImageStim'>, anchor=('center', 'center'), autoLog=True, color=array([1., 1., 1.]), colorSpace='rgb', contrast=1.0, depth=0, flipHoriz=False, flipVert=False, image='images/right_0.png', interpolate=False, mask=None, maskParams=None, name='Movie Frame 0', opacity=1, ori=0.0, pos=array([0., 0.]), size=array([1600., 1000.]), texRes=128, units='pix', win=Window(...))
14.6861 	EXP 	Created Movie Frame 1 = ImageStim(__class__=<class 'psychopy.visual.image.ImageStim'>, anchor=('center', 'center'), autoLog=True, color=array([1., 1., 1.]), colorSpace='rgb', contrast=1.0, depth=0, flipHoriz=False, flipVert=False, image='images/right_1.png', interpolate=False, mask=None, maskParams=None, name='Movie Frame 1', opacity=1, ori=0.0, pos=array([0., 0.]), size=array([1600., 1000.]), texRes=128, units='pix', win=Window(...))
14.7461 	EXP 	Created Movie Frame 2 = ImageStim(__class__=<class 'psychopy.visual.image.ImageStim'>, anchor=('center', 'center'), autoLog=True, color=array([1., 1., 1.]), colorSpace='rgb', contrast=1.0, depth=0, flipHoriz=False, flipVert=False, image='images/right_2.png', interpolate=False, mask=None, maskParams=None, name='Movie Frame 2', opacity=1, ori=0.0, pos=array([0., 0.]), size=array([1600., 1000.]), texRes=128, units='pix', win=Window(...))
14.8033 	EXP 	Created Movie Frame 3 = ImageStim(__class__=<class 'psychopy.visual.image.ImageStim'>, anchor=('center', 'center'), autoLog=True, color=array([1., 1., 1.]), colorSpace='rgb', contrast=1.0, depth=0, flipHoriz=False, flipVert=False, image='images/right_3.png', interpolate=False, mask=None, maskParams=None, name='Movie Frame 3', opacity=1, ori=0.0, pos=array([0., 0.]), size=array([1600., 1000.]), texRes=128, units='pix', win=Window(...))
14.8650 	EXP 	Created Movie Frame 4 = ImageStim(__class__=<class 'psychopy.visual.image.ImageStim'>, anchor=('center', 'center'), autoLog=True, color=array([1., 1., 1.]), colorSpace='rgb', contrast=1.0, depth=0, flipHoriz=False, flipVert=False, image='images/right_4.png', interpolate=False, mask=None, maskParams=None, name='Movie Frame 4', opacity=1, ori=0.0, pos=array([0., 0.]), size=array([1600., 1000.]), texRes=128, units='pix', win=Window(...))
14.9236 	EXP 	Created Movie Frame 5 = ImageStim(__class__=<class 'psychopy.visual.image.ImageStim'>, anchor=('center', 'center'), autoLog=True, color=array([1., 1., 1.]), colorSpace='rgb', contrast=1.0, depth=0, flipHoriz=False, flipVert=False, image='images/right_5.png', interpolate=False, mask=None, maskParams=None, name='Movie Frame 5', opacity=1, ori=0.0, pos=array([0., 0.]), size=array([1600., 1000.]), texRes=128, units='pix', win=Window(...))
14.9855 	EXP 	Created Movie Frame 6 = ImageStim(__class__=<class 'psychopy.visual.image.ImageStim'>, anchor=('center', 'center'), autoLog=True, color=array([1., 1., 1.]), colorSpace='rgb', contrast=1.0, depth=0, flipHoriz=False, flipVert=False, image='images/right_6.png', interpolate=False, mask=None, maskParams=None, name='Movie Frame 6', opacity=1, ori=0.0, pos=array([0., 0.]), size=array([1600., 1000.]), texRes=128, units='pix', win=Window(...))
15.0424 	EXP 	Created Movie Frame 7 = ImageStim(__class__=<class 'psychopy.visual.image.ImageStim'>, anchor=('center', 'center'), autoLog=True, color=array([1., 1., 1.]), colorSpace='rgb', contrast=1.0, depth=0, flipHoriz=False, flipVert=False, image='images/right_7.png', interpolate=False, mask=None, maskParams=None, name='Movie Frame 7', opacity=1, ori=0.0, pos=array([0., 0.]), size=array([1600., 1000.]), texRes=128, units='pix', win=Window(...))
15.1020 	EXP 	Created Movie Frame 8 = ImageStim(__class__=<class 'psychopy.visual.image.ImageStim'>, anchor=('center', 'center'), autoLog=True, color=array([1., 1., 1.]), colorSpace='rgb', contrast=1.0, depth=0, flipHoriz=False, flipVert=False, image='images/right_8.png', interpolate=False, mask=None, maskParams=None, name='Movie Frame 8', opacity=1, ori=0.0, pos=array([0., 0.]), size=array([1600., 1000.]), texRes=128, units='pix', win=Window(...))
15.1598 	EXP 	Created Movie Frame 9 = ImageStim(__class__=<class 'psychopy.visual.image.ImageStim'>, anchor=('center', 'center'), autoLog=True, color=array([1., 1., 1.]), colorSpace='rgb', contrast=1.0, depth=0, flipHoriz=False, flipVert=False, image='images/right_9.png', interpolate=False, mask=None, maskParams=None, name='Movie Frame 9', opacity=1, ori=0.0, pos=array([0., 0.]), size=array([1600., 1000.]), texRes=128, units='pix', win=Window(...))
15.2192 	EXP 	Created Movie Frame 0 = ImageStim(__class__=<class 'psychopy.visual.image.ImageStim'>, anchor=('center', 'center'), autoLog=True, color=array([1., 1., 1.]), colorSpace='rgb', contrast=1.0, depth=0, flipHoriz=False, flipVert=False, image='images/right_0.png', interpolate=False, mask=None, maskParams=None, name='Movie Frame 0', opacity=1, ori=0.0, pos=array([0., 0.]), size=array([1600., 1000.]), texRes=128, units='pix', win=Window(...))
15.2834 	EXP 	Created Movie Frame 1 = ImageStim(__class__=<class 'psychopy.visual.image.ImageStim'>, anchor=('center', 'center'), autoLog=True, color=array([1., 1., 1.]), colorSpace='rgb', contrast=1.0, depth=0, flipHoriz=False, flipVert=False, image='images/right_1.png', interpolate=False, mask=None, maskParams=None, name='Movie Frame 1', opacity=1, ori=0.0, pos=array([0., 0.]), size=array([1600., 1000.]), texRes=128, units='pix', win=Window(...))
15.3407 	EXP 	Created Movie Frame 2 = ImageStim(__class__=<class 'psychopy.visual.image.ImageStim'>, anchor=('center', 'center'), autoLog=True, color=array([1., 1., 1.]), colorSpace='rgb', contrast=1.0, depth=0, flipHoriz=False, flipVert=False, image='images/right_2.png', interpolate=False, mask=None, maskParams=None, name='Movie Frame 2', opacity=1, ori=0.0, pos=array([0., 0.]), size=array([1600., 1000.]), texRes=128, units='pix', win=Window(...))
15.3973 	EXP 	Created Movie Frame 3 = ImageStim(__class__=<class 'psychopy.visual.image.ImageStim'>, anchor=('center', 'center'), autoLog=True, color=array([1., 1., 1.]), colorSpace='rgb', contrast=1.0, depth=0, flipHoriz=False, flipVert=False, image='images/right_3.png', interpolate=False, mask=None, maskParams=None, name='Movie Frame 3', opacity=1, ori=0.0, pos=array([0., 0.]), size=array([1600., 1000.]), texRes=128, units='pix', win=Window(...))
15.4547 	EXP 	Created Movie Frame 4 = ImageStim(__class__=<class 'psychopy.visual.image.ImageStim'>, anchor=('center', 'center'), autoLog=True, color=array([1., 1., 1.]), colorSpace='rgb', contrast=1.0, depth=0, flipHoriz=False, flipVert=False, image='images/right_4.png', interpolate=False, mask=None, maskParams=None, name='Movie Frame 4', opacity=1, ori=0.0, pos=array([0., 0.]), size=array([1600., 1000.]), texRes=128, units='pix', win=Window(...))
15.5127 	EXP 	Created Movie Frame 5 = ImageStim(__class__=<class 'psychopy.visual.image.ImageStim'>, anchor=('center', 'center'), autoLog=True, color=array([1., 1., 1.]), colorSpace='rgb', contrast=1.0, depth=0, flipHoriz=False, flipVert=False, image='images/right_5.png', interpolate=False, mask=None, maskParams=None, name='Movie Frame 5', opacity=1, ori=0.0, pos=array([0., 0.]), size=array([1600., 1000.]), texRes=128, units='pix', win=Window(...))
15.5704 	EXP 	Created Movie Frame 6 = ImageStim(__class__=<class 'psychopy.visual.image.ImageStim'>, anchor=('center', 'center'), autoLog=True, color=array([1., 1., 1.]), colorSpace='rgb', contrast=1.0, depth=0, flipHoriz=False, flipVert=False, image='images/right_6.png', interpolate=False, mask=None, maskParams=None, name='Movie Frame 6', opacity=1, ori=0.0, pos=array([0., 0.]), size=array([1600., 1000.]), texRes=128, units='pix', win=Window(...))
15.6271 	EXP 	Created Movie Frame 7 = ImageStim(__class__=<class 'psychopy.visual.image.ImageStim'>, anchor=('center', 'center'), autoLog=True, color=array([1., 1., 1.]), colorSpace='rgb', contrast=1.0, depth=0, flipHoriz=False, flipVert=False, image='images/right_7.png', interpolate=False, mask=None, maskParams=None, name='Movie Frame 7', opacity=1, ori=0.0, pos=array([0., 0.]), size=array([1600., 1000.]), texRes=128, units='pix', win=Window(...))
15.6843 	EXP 	Created Movie Frame 8 = ImageStim(__class__=<class 'psychopy.visual.image.ImageStim'>, anchor=('center', 'center'), autoLog=True, color=array([1., 1., 1.]), colorSpace='rgb', contrast=1.0, depth=0, flipHoriz=False, flipVert=False, image='images/right_8.png', interpolate=False, mask=None, maskParams=None, name='Movie Frame 8', opacity=1, ori=0.0, pos=array([0., 0.]), size=array([1600., 1000.]), texRes=128, units='pix', win=Window(...))
15.7436 	EXP 	Created Movie Frame 9 = ImageStim(__class__=<class 'psychopy.visual.image.ImageStim'>, anchor=('center', 'center'), autoLog=True, color=array([1., 1., 1.]), colorSpace='rgb', contrast=1.0, depth=0, flipHoriz=False, flipVert=False, image='images/right_9.png', interpolate=False, mask=None, maskParams=None, name='Movie Frame 9', opacity=1, ori=0.0, pos=array([0., 0.]), size=array([1600., 1000.]), texRes=128, units='pix', win=Window(...))
15.7495 	EXP 	Created unnamed TextStim = TextStim(__class__=<class 'psychopy.visual.text.TextStim'>, alignHoriz=method-wrapper(...), alignText='center', alignVert=method-wrapper(...), anchorHoriz='center', anchorVert='center', antialias=True, autoLog=True, bold=False, color=array([-1., -1., -1.]), colorSpace='rgb', contrast=1.0, depth=0, flipHoriz=False, flipVert=False, font='', fontFiles=[], height=40.0, italic=False, languageStyle='LTR', name='unnamed TextStim', opacity=1.0, ori=0.0, pos=array([  0., 580.]), rgb=UNKNOWN, text='Tap along with the video.', units='pix', win=Window(...), wrapWidth=1600)
15.7638 	WARNING 	t of last frame was 1256.29ms (=1/0)
15.7638 	EXP 	topMsg: height = 0.1
15.7638 	EXP 	topMsg: height = 0.1
15.7638 	EXP 	topMsg: text = 'You will see a movie of a finger tapping. When it is on the screen, try to BOTH hands to tap your fingers at the same times as the movie does. When the fixation cross appears, relax and stare at the cross.'
15.7638 	EXP 	bottomMsg: height = 0.1
15.7638 	EXP 	bottomMsg: height = 0.1
15.7638 	EXP 	bottomMsg: text = 'The experiment will begin shortly'
15.7638 	EXP 	Display Instructions1
20.6457 	DATA 	Keypress: equal
20.6530 	WARNING 	t of last frame was 4889.27ms (=1/0)
20.6530 	EXP 	topMsg: height = 0.1
20.6530 	EXP 	topMsg: height = 0.1
20.6530 	EXP 	topMsg: text = "Please don't move..."
20.6530 	EXP 	bottomMsg: height = 0.1
20.6530 	EXP 	bottomMsg: height = 0.1
20.6530 	EXP 	bottomMsg: text = ''
20.6530 	EXP 	PleaseDontMove
20.7921 	DATA 	Keypress: equal
20.7949 	WARNING 	t of last frame was 141.88ms (=1/7)
20.7949 	EXP 	Display Fixation
20.7949 	EXP 	---START EXPERIMENT---
20.8101 	EXP 	Display Fixation
20.9272 	DATA 	Keypress: equal
21.0618 	DATA 	Keypress: equal
21.1950 	DATA 	Keypress: equal
21.3116 	DATA 	Keypress: equal
21.4527 	DATA 	Keypress: equal
21.5876 	DATA 	Keypress: equal
21.7319 	DATA 	Keypress: equal
21.8746 	DATA 	Keypress: equal
22.0148 	DATA 	Keypress: equal
22.1439 	DATA 	Keypress: equal
22.2916 	DATA 	Keypress: equal
22.4397 	DATA 	Keypress: equal
22.5717 	DATA 	Keypress: equal
22.7128 	DATA 	Keypress: equal
22.8577 	DATA 	Keypress: equal
23.0086 	DATA 	Keypress: equal
23.1566 	DATA 	Keypress: equal
23.2915 	DATA 	Keypress: equal
23.4416 	DATA 	Keypress: equal
23.5998 	DATA 	Keypress: equal
23.7596 	DATA 	Keypress: equal
23.9029 	DATA 	Keypress: equal
24.0567 	DATA 	Keypress: equal
24.1987 	DATA 	Keypress: equal
24.3567 	DATA 	Keypress: equal
24.5166 	DATA 	Keypress: equal
24.6766 	DATA 	Keypress: equal
24.8297 	DATA 	Keypress: equal
24.9725 	DATA 	Keypress: equal
25.1186 	DATA 	Keypress: equal
25.1222 	WARNING 	t of last frame was 4312.12ms (=1/0)
25.2199 	WARNING 	Multiple dropped frames have occurred - I'll stop bothering you about them!
25.2199 	EXP 	Display Frame 1
25.3194 	DATA 	Keypress: equal
25.3203 	EXP 	Display Frame 2
25.4197 	EXP 	Display Frame 3
25.5193 	DATA 	Keypress: equal
25.5202 	EXP 	Display Frame 4
25.6192 	DATA 	Keypress: equal
25.6201 	EXP 	Display Frame 5
25.7198 	EXP 	Display Frame 6
25.8194 	DATA 	Keypress: equal
25.8203 	EXP 	Display Frame 7
25.9197 	EXP 	Display Frame 8
26.0196 	EXP 	Display Frame 9
26.1198 	EXP 	Display Frame 0
26.2195 	EXP 	Display Frame 1
26.3197 	EXP 	Display Frame 2
26.4198 	EXP 	Display Frame 3
26.5197 	EXP 	Display Frame 4
26.6197 	EXP 	Display Frame 5
26.7197 	EXP 	Display Frame 6
26.8198 	EXP 	Display Frame 7
26.9196 	EXP 	Display Frame 8
27.0197 	EXP 	Display Frame 9
27.1197 	EXP 	Display Frame 0
27.2197 	EXP 	Display Frame 1
27.3197 	EXP 	Display Frame 2
27.4199 	EXP 	Display Frame 3
27.5196 	EXP 	Display Frame 4
27.6196 	EXP 	Display Frame 5
27.7197 	EXP 	Display Frame 6
27.8197 	EXP 	Display Frame 7
27.9197 	EXP 	Display Frame 8
28.0195 	EXP 	Display Frame 9
28.1198 	EXP 	Display Frame 0
28.2196 	EXP 	Display Frame 1
28.3207 	EXP 	Display Frame 2
28.4195 	EXP 	Display Frame 3
28.5196 	EXP 	Display Frame 4
28.6196 	EXP 	Display Frame 5
28.7196 	EXP 	Display Frame 6
28.8196 	EXP 	Display Frame 7
28.9197 	EXP 	Display Frame 8
29.0196 	EXP 	Display Frame 9
29.1196 	EXP 	Display Frame 0
29.2195 	EXP 	Display Frame 1
29.3198 	EXP 	Display Frame 2
29.4196 	EXP 	Display Frame 3
29.5195 	EXP 	Display Frame 4
29.6198 	EXP 	Display Frame 5
29.7198 	EXP 	Display Frame 6
29.8200 	DATA 	Keypress: q
29.8212 	EXP 	Display Frame 7
29.8301 	EXP 	topMsg: height = 0.1
29.8301 	EXP 	topMsg: height = 0.1
29.8301 	EXP 	topMsg: text = "Thank you very much! \n\nThat's it with the tapping"
29.8301 	EXP 	bottomMsg: height = 0.1
29.8301 	EXP 	bottomMsg: height = 0.1
29.8301 	EXP 	bottomMsg: text = "Please relax for the ramaining time \n\n Press 'q' or 'escape' to end the session."
29.8301 	EXP 	Display TheEnd
30.6401 	DATA 	Keypress: t
31.4848 	DATA 	Keypress: q
31.5636 	EXP 	win: mouseVisible = True
