1.0530 	WARNING 	We strongly recommend you activate the PTB sound engine in PsychoPy prefs as the preferred audio engine. Its timing is vastly superior. Your prefs are currently set to use ['sounddevice', 'PTB', 'pyo', 'pygame'] (in that order).
8.0948 	INFO 	---START PARAMETERS---
8.0948 	INFO 	filename: TappingWithTrTiming_Movie_d3.py-1tt============ =====-392-Jun_10_1906
8.0949 	INFO 	subject: 1tt============ =====
8.0949 	INFO 	session: 392
8.0949 	INFO 	date: Jun_10_1906
8.0949 	INFO 	block2Dur_TRs: 0
8.0949 	INFO 	blockDur_TRs: 30
8.0949 	INFO 	condition: TapRight
8.0949 	INFO 	fixCrossPos: [0, 0]
8.0949 	INFO 	fixCrossSize: 100
8.0949 	INFO 	fullScreen: True
8.0949 	INFO 	movieFolder: images/
8.0949 	INFO 	movieFolder2: images/
8.0949 	INFO 	movieSize: (1600, 1000)
8.0949 	INFO 	nBlocks: 68
8.0949 	INFO 	promptDir: Text/
8.0949 	INFO 	restDur_TRs: 30
8.0949 	INFO 	screenColor: (119, 119, 119)
8.0949 	INFO 	screenToShow: 0
8.0949 	INFO 	skipPrompts: False
8.0949 	INFO 	tStartup_TRs: 0
8.0949 	INFO 	textHeight: 40
8.0949 	INFO 	triggerKey: equal
8.0949 	INFO 	---END PARAMETERS---
8.8555 	INFO 	Loaded monitor calibration from ['2022_03_25 08:03']
10.3799 	WARNING 	Couldn't measure a consistent frame rate!
  - Is your graphics card set to sync to vertical blank?
  - Are you running other processes on your computer?

10.3802 	EXP 	Created win = Window(allowGUI=False, allowStencil=False, autoLog=True, backendConf=UNKNOWN, bitsMode=UNKNOWN, blendMode='avg', bpc=(8, 8, 8), color=array([119, 119, 119]), colorSpace='rgb255', depthBits=8, fullscr=<method-wrapper '__getattribute__' of attributeSetter object at 0x7fa7d8749490>, gamma=None, gammaErrorPolicy='raise', lms=UNKNOWN, monitor=<psychopy.monitors.calibTools.Monitor object at 0x7fa8681fed60>, multiSample=False, name='win', numSamples=2, pos=[432.0, 279.25], screen=0, size=array([3456, 2234]), stencilBits=0, stereo=False, units='deg', useFBO=False, useRetina=True, viewOri=0.0, viewPos=None, viewScale=None, waitBlanking=True, winType='pyglet')
10.3803 	EXP 	win: mouseVisible = True
10.3835 	EXP 	Created fixCross = ShapeStim(__class__=<class 'psychopy.visual.shape.ShapeStim'>, anchor=('center', 'center'), autoDraw=False, autoLog=True, closeShape=False, color=method-wrapper(...), colorSpace='rgb', contrast=None, depth=0, fillColor=array([0, 0, 0]), fillColorSpace='rgb', fillRGB=array([0, 0, 0]), interpolate=True, lineColor=array([-1., -1., -1.]), lineColorSpace='rgb', lineRGB=array([-1., -1., -1.]), lineWidth=3.0, name='fixCross', opacity=0.5, ori=0.0, pos=array([0., 0.]), size=array([1., 1.]), units='pix', vertices=ndarray(...), win=Window(...), windingRule=None)
10.3837 	WARNING 	TextStim.alignHoriz is deprecated. Use alignText and anchorHoriz attributes instead
10.4011 	EXP 	Created topMsg = TextStim(__class__=<class 'psychopy.visual.text.TextStim'>, alignHoriz='center', alignText='center', alignVert=method-wrapper(...), anchorHoriz='center', anchorVert='center', antialias=True, autoLog=True, bold=False, color=array([-1., -1., -1.]), colorSpace='rgb', contrast=1.0, depth=0, flipHoriz=False, flipVert=False, font='', fontFiles=[], height=0.1, italic=False, languageStyle='LTR', name='topMsg', opacity=1.0, ori=0.0, pos=array([0. , 0.5]), rgb=UNKNOWN, text='aaa', units='norm', win=Window(...), wrapWidth=1.5)
10.4012 	WARNING 	TextStim.alignHoriz is deprecated. Use alignText and anchorHoriz attributes instead
10.4031 	EXP 	Created bottomMsg = TextStim(__class__=<class 'psychopy.visual.text.TextStim'>, alignHoriz='center', alignText='center', alignVert=method-wrapper(...), anchorHoriz='center', anchorVert='center', antialias=True, autoLog=True, bold=False, color=array([-1., -1., -1.]), colorSpace='rgb', contrast=1.0, depth=0, flipHoriz=False, flipVert=False, font='', fontFiles=[], height=0.1, italic=False, languageStyle='LTR', name='bottomMsg', opacity=1.0, ori=0.0, pos=array([ 0. , -0.5]), rgb=UNKNOWN, text='bbb', units='norm', win=Window(...), wrapWidth=1.5)
10.4884 	EXP 	Created Movie Frame 0 = ImageStim(__class__=<class 'psychopy.visual.image.ImageStim'>, anchor=('center', 'center'), autoLog=True, color=array([1., 1., 1.]), colorSpace='rgb', contrast=1.0, depth=0, flipHoriz=False, flipVert=False, image='images/right_0.png', interpolate=False, mask=None, maskParams=None, name='Movie Frame 0', opacity=1, ori=0.0, pos=array([0., 0.]), size=array([1600., 1000.]), texRes=128, units='pix', win=Window(...))
10.5774 	EXP 	Created Movie Frame 1 = ImageStim(__class__=<class 'psychopy.visual.image.ImageStim'>, anchor=('center', 'center'), autoLog=True, color=array([1., 1., 1.]), colorSpace='rgb', contrast=1.0, depth=0, flipHoriz=False, flipVert=False, image='images/right_1.png', interpolate=False, mask=None, maskParams=None, name='Movie Frame 1', opacity=1, ori=0.0, pos=array([0., 0.]), size=array([1600., 1000.]), texRes=128, units='pix', win=Window(...))
10.6622 	EXP 	Created Movie Frame 2 = ImageStim(__class__=<class 'psychopy.visual.image.ImageStim'>, anchor=('center', 'center'), autoLog=True, color=array([1., 1., 1.]), colorSpace='rgb', contrast=1.0, depth=0, flipHoriz=False, flipVert=False, image='images/right_2.png', interpolate=False, mask=None, maskParams=None, name='Movie Frame 2', opacity=1, ori=0.0, pos=array([0., 0.]), size=array([1600., 1000.]), texRes=128, units='pix', win=Window(...))
10.7431 	EXP 	Created Movie Frame 3 = ImageStim(__class__=<class 'psychopy.visual.image.ImageStim'>, anchor=('center', 'center'), autoLog=True, color=array([1., 1., 1.]), colorSpace='rgb', contrast=1.0, depth=0, flipHoriz=False, flipVert=False, image='images/right_3.png', interpolate=False, mask=None, maskParams=None, name='Movie Frame 3', opacity=1, ori=0.0, pos=array([0., 0.]), size=array([1600., 1000.]), texRes=128, units='pix', win=Window(...))
10.8219 	EXP 	Created Movie Frame 4 = ImageStim(__class__=<class 'psychopy.visual.image.ImageStim'>, anchor=('center', 'center'), autoLog=True, color=array([1., 1., 1.]), colorSpace='rgb', contrast=1.0, depth=0, flipHoriz=False, flipVert=False, image='images/right_4.png', interpolate=False, mask=None, maskParams=None, name='Movie Frame 4', opacity=1, ori=0.0, pos=array([0., 0.]), size=array([1600., 1000.]), texRes=128, units='pix', win=Window(...))
10.9013 	EXP 	Created Movie Frame 5 = ImageStim(__class__=<class 'psychopy.visual.image.ImageStim'>, anchor=('center', 'center'), autoLog=True, color=array([1., 1., 1.]), colorSpace='rgb', contrast=1.0, depth=0, flipHoriz=False, flipVert=False, image='images/right_5.png', interpolate=False, mask=None, maskParams=None, name='Movie Frame 5', opacity=1, ori=0.0, pos=array([0., 0.]), size=array([1600., 1000.]), texRes=128, units='pix', win=Window(...))
10.9815 	EXP 	Created Movie Frame 6 = ImageStim(__class__=<class 'psychopy.visual.image.ImageStim'>, anchor=('center', 'center'), autoLog=True, color=array([1., 1., 1.]), colorSpace='rgb', contrast=1.0, depth=0, flipHoriz=False, flipVert=False, image='images/right_6.png', interpolate=False, mask=None, maskParams=None, name='Movie Frame 6', opacity=1, ori=0.0, pos=array([0., 0.]), size=array([1600., 1000.]), texRes=128, units='pix', win=Window(...))
11.0615 	EXP 	Created Movie Frame 7 = ImageStim(__class__=<class 'psychopy.visual.image.ImageStim'>, anchor=('center', 'center'), autoLog=True, color=array([1., 1., 1.]), colorSpace='rgb', contrast=1.0, depth=0, flipHoriz=False, flipVert=False, image='images/right_7.png', interpolate=False, mask=None, maskParams=None, name='Movie Frame 7', opacity=1, ori=0.0, pos=array([0., 0.]), size=array([1600., 1000.]), texRes=128, units='pix', win=Window(...))
11.1404 	EXP 	Created Movie Frame 8 = ImageStim(__class__=<class 'psychopy.visual.image.ImageStim'>, anchor=('center', 'center'), autoLog=True, color=array([1., 1., 1.]), colorSpace='rgb', contrast=1.0, depth=0, flipHoriz=False, flipVert=False, image='images/right_8.png', interpolate=False, mask=None, maskParams=None, name='Movie Frame 8', opacity=1, ori=0.0, pos=array([0., 0.]), size=array([1600., 1000.]), texRes=128, units='pix', win=Window(...))
11.2193 	EXP 	Created Movie Frame 9 = ImageStim(__class__=<class 'psychopy.visual.image.ImageStim'>, anchor=('center', 'center'), autoLog=True, color=array([1., 1., 1.]), colorSpace='rgb', contrast=1.0, depth=0, flipHoriz=False, flipVert=False, image='images/right_9.png', interpolate=False, mask=None, maskParams=None, name='Movie Frame 9', opacity=1, ori=0.0, pos=array([0., 0.]), size=array([1600., 1000.]), texRes=128, units='pix', win=Window(...))
11.2973 	EXP 	Created Movie Frame 0 = ImageStim(__class__=<class 'psychopy.visual.image.ImageStim'>, anchor=('center', 'center'), autoLog=True, color=array([1., 1., 1.]), colorSpace='rgb', contrast=1.0, depth=0, flipHoriz=False, flipVert=False, image='images/right_0.png', interpolate=False, mask=None, maskParams=None, name='Movie Frame 0', opacity=1, ori=0.0, pos=array([0., 0.]), size=array([1600., 1000.]), texRes=128, units='pix', win=Window(...))
11.3845 	EXP 	Created Movie Frame 1 = ImageStim(__class__=<class 'psychopy.visual.image.ImageStim'>, anchor=('center', 'center'), autoLog=True, color=array([1., 1., 1.]), colorSpace='rgb', contrast=1.0, depth=0, flipHoriz=False, flipVert=False, image='images/right_1.png', interpolate=False, mask=None, maskParams=None, name='Movie Frame 1', opacity=1, ori=0.0, pos=array([0., 0.]), size=array([1600., 1000.]), texRes=128, units='pix', win=Window(...))
11.4625 	EXP 	Created Movie Frame 2 = ImageStim(__class__=<class 'psychopy.visual.image.ImageStim'>, anchor=('center', 'center'), autoLog=True, color=array([1., 1., 1.]), colorSpace='rgb', contrast=1.0, depth=0, flipHoriz=False, flipVert=False, image='images/right_2.png', interpolate=False, mask=None, maskParams=None, name='Movie Frame 2', opacity=1, ori=0.0, pos=array([0., 0.]), size=array([1600., 1000.]), texRes=128, units='pix', win=Window(...))
11.5404 	EXP 	Created Movie Frame 3 = ImageStim(__class__=<class 'psychopy.visual.image.ImageStim'>, anchor=('center', 'center'), autoLog=True, color=array([1., 1., 1.]), colorSpace='rgb', contrast=1.0, depth=0, flipHoriz=False, flipVert=False, image='images/right_3.png', interpolate=False, mask=None, maskParams=None, name='Movie Frame 3', opacity=1, ori=0.0, pos=array([0., 0.]), size=array([1600., 1000.]), texRes=128, units='pix', win=Window(...))
11.6187 	EXP 	Created Movie Frame 4 = ImageStim(__class__=<class 'psychopy.visual.image.ImageStim'>, anchor=('center', 'center'), autoLog=True, color=array([1., 1., 1.]), colorSpace='rgb', contrast=1.0, depth=0, flipHoriz=False, flipVert=False, image='images/right_4.png', interpolate=False, mask=None, maskParams=None, name='Movie Frame 4', opacity=1, ori=0.0, pos=array([0., 0.]), size=array([1600., 1000.]), texRes=128, units='pix', win=Window(...))
11.6976 	EXP 	Created Movie Frame 5 = ImageStim(__class__=<class 'psychopy.visual.image.ImageStim'>, anchor=('center', 'center'), autoLog=True, color=array([1., 1., 1.]), colorSpace='rgb', contrast=1.0, depth=0, flipHoriz=False, flipVert=False, image='images/right_5.png', interpolate=False, mask=None, maskParams=None, name='Movie Frame 5', opacity=1, ori=0.0, pos=array([0., 0.]), size=array([1600., 1000.]), texRes=128, units='pix', win=Window(...))
11.7763 	EXP 	Created Movie Frame 6 = ImageStim(__class__=<class 'psychopy.visual.image.ImageStim'>, anchor=('center', 'center'), autoLog=True, color=array([1., 1., 1.]), colorSpace='rgb', contrast=1.0, depth=0, flipHoriz=False, flipVert=False, image='images/right_6.png', interpolate=False, mask=None, maskParams=None, name='Movie Frame 6', opacity=1, ori=0.0, pos=array([0., 0.]), size=array([1600., 1000.]), texRes=128, units='pix', win=Window(...))
11.8535 	EXP 	Created Movie Frame 7 = ImageStim(__class__=<class 'psychopy.visual.image.ImageStim'>, anchor=('center', 'center'), autoLog=True, color=array([1., 1., 1.]), colorSpace='rgb', contrast=1.0, depth=0, flipHoriz=False, flipVert=False, image='images/right_7.png', interpolate=False, mask=None, maskParams=None, name='Movie Frame 7', opacity=1, ori=0.0, pos=array([0., 0.]), size=array([1600., 1000.]), texRes=128, units='pix', win=Window(...))
11.9327 	EXP 	Created Movie Frame 8 = ImageStim(__class__=<class 'psychopy.visual.image.ImageStim'>, anchor=('center', 'center'), autoLog=True, color=array([1., 1., 1.]), colorSpace='rgb', contrast=1.0, depth=0, flipHoriz=False, flipVert=False, image='images/right_8.png', interpolate=False, mask=None, maskParams=None, name='Movie Frame 8', opacity=1, ori=0.0, pos=array([0., 0.]), size=array([1600., 1000.]), texRes=128, units='pix', win=Window(...))
12.0114 	EXP 	Created Movie Frame 9 = ImageStim(__class__=<class 'psychopy.visual.image.ImageStim'>, anchor=('center', 'center'), autoLog=True, color=array([1., 1., 1.]), colorSpace='rgb', contrast=1.0, depth=0, flipHoriz=False, flipVert=False, image='images/right_9.png', interpolate=False, mask=None, maskParams=None, name='Movie Frame 9', opacity=1, ori=0.0, pos=array([0., 0.]), size=array([1600., 1000.]), texRes=128, units='pix', win=Window(...))
12.0199 	EXP 	Created unnamed TextStim = TextStim(__class__=<class 'psychopy.visual.text.TextStim'>, alignHoriz=method-wrapper(...), alignText='center', alignVert=method-wrapper(...), anchorHoriz='center', anchorVert='center', antialias=True, autoLog=True, bold=False, color=array([-1., -1., -1.]), colorSpace='rgb', contrast=1.0, depth=0, flipHoriz=False, flipVert=False, font='', fontFiles=[], height=40.0, italic=False, languageStyle='LTR', name='unnamed TextStim', opacity=1.0, ori=0.0, pos=array([  0., 580.]), rgb=UNKNOWN, text='Tap along with the video.', units='pix', win=Window(...), wrapWidth=1600)
12.0395 	WARNING 	t of last frame was 1659.65ms (=1/0)
12.0395 	EXP 	topMsg: height = 0.1
12.0395 	EXP 	topMsg: height = 0.1
12.0395 	EXP 	topMsg: text = 'You will see a movie of a finger tapping. When it is on the screen, try to BOTH hands to tap your fingers at the same times as the movie does. When the fixation cross appears, relax and stare at the cross.'
12.0395 	EXP 	bottomMsg: height = 0.1
12.0395 	EXP 	bottomMsg: height = 0.1
12.0395 	EXP 	bottomMsg: text = 'The experiment will begin shortly'
12.0395 	EXP 	Display Instructions1
13.7673 	DATA 	Keypress: equal
13.7769 	WARNING 	t of last frame was 1737.40ms (=1/0)
13.7769 	EXP 	topMsg: height = 0.1
13.7769 	EXP 	topMsg: height = 0.1
13.7769 	EXP 	topMsg: text = "Please don't move..."
13.7769 	EXP 	bottomMsg: height = 0.1
13.7769 	EXP 	bottomMsg: height = 0.1
13.7769 	EXP 	bottomMsg: text = ''
13.7769 	EXP 	PleaseDontMove
14.1512 	DATA 	Keypress: equal
14.1547 	WARNING 	t of last frame was 377.83ms (=1/2)
14.1547 	EXP 	Display Fixation
14.1548 	EXP 	---START EXPERIMENT---
14.1726 	EXP 	Display Fixation
14.3298 	DATA 	Keypress: equal
14.4834 	DATA 	Keypress: equal
14.6442 	DATA 	Keypress: equal
14.7683 	DATA 	Keypress: equal
14.9133 	DATA 	Keypress: equal
15.0601 	DATA 	Keypress: equal
15.2001 	DATA 	Keypress: equal
15.3422 	DATA 	Keypress: equal
15.4810 	DATA 	Keypress: equal
15.6109 	DATA 	Keypress: equal
15.7582 	DATA 	Keypress: equal
15.9052 	DATA 	Keypress: equal
16.0532 	DATA 	Keypress: equal
16.1972 	DATA 	Keypress: equal
16.3473 	DATA 	Keypress: equal
16.4880 	DATA 	Keypress: equal
16.6360 	DATA 	Keypress: equal
16.7878 	DATA 	Keypress: equal
16.9472 	DATA 	Keypress: equal
17.0940 	DATA 	Keypress: equal
17.2519 	DATA 	Keypress: equal
17.4128 	DATA 	Keypress: equal
17.5659 	DATA 	Keypress: equal
17.7297 	DATA 	Keypress: equal
17.8772 	DATA 	Keypress: equal
18.0179 	DATA 	Keypress: equal
18.1690 	DATA 	Keypress: equal
18.3222 	DATA 	Keypress: equal
18.4778 	DATA 	Keypress: equal
18.6269 	DATA 	Keypress: equal
18.6321 	WARNING 	t of last frame was 4459.49ms (=1/0)
18.7301 	WARNING 	Multiple dropped frames have occurred - I'll stop bothering you about them!
18.7301 	EXP 	Display Frame 1
18.8283 	DATA 	Keypress: equal
18.8297 	EXP 	Display Frame 2
18.9295 	EXP 	Display Frame 3
18.9303 	DATA 	Keypress: equal
19.0294 	EXP 	Display Frame 4
19.1283 	DATA 	Keypress: equal
19.1296 	EXP 	Display Frame 5
19.2295 	EXP 	Display Frame 6
19.3286 	EXP 	Display Frame 7
19.4286 	EXP 	Display Frame 8
19.5286 	EXP 	Display Frame 9
19.6286 	EXP 	Display Frame 0
19.7283 	EXP 	Display Frame 1
19.8286 	EXP 	Display Frame 2
19.9283 	EXP 	Display Frame 3
20.0286 	EXP 	Display Frame 4
20.1286 	EXP 	Display Frame 5
20.2286 	EXP 	Display Frame 6
20.3286 	EXP 	Display Frame 7
20.4283 	EXP 	Display Frame 8
20.5286 	EXP 	Display Frame 9
20.6282 	EXP 	Display Frame 0
20.7283 	EXP 	Display Frame 1
20.8287 	EXP 	Display Frame 2
20.9288 	EXP 	Display Frame 3
21.0287 	EXP 	Display Frame 4
21.1287 	EXP 	Display Frame 5
21.2283 	EXP 	Display Frame 6
21.3286 	EXP 	Display Frame 7
21.4283 	EXP 	Display Frame 8
21.5286 	EXP 	Display Frame 9
21.6282 	EXP 	Display Frame 0
21.7283 	EXP 	Display Frame 1
21.8286 	EXP 	Display Frame 2
21.9286 	EXP 	Display Frame 3
22.0283 	EXP 	Display Frame 4
22.1286 	EXP 	Display Frame 5
22.2283 	EXP 	Display Frame 6
22.3282 	EXP 	Display Frame 7
22.4282 	EXP 	Display Frame 8
22.5282 	EXP 	Display Frame 9
22.6288 	EXP 	Display Frame 0
22.7286 	EXP 	Display Frame 1
22.8287 	EXP 	Display Frame 2
22.9286 	EXP 	Display Frame 3
23.0287 	EXP 	Display Frame 4
23.1287 	EXP 	Display Frame 5
23.2286 	EXP 	Display Frame 6
23.3286 	EXP 	Display Frame 7
23.4283 	EXP 	Display Frame 8
23.5283 	EXP 	Display Frame 9
23.6282 	EXP 	Display Frame 0
23.7286 	EXP 	Display Frame 1
23.8287 	EXP 	Display Frame 2
23.9294 	EXP 	Display Frame 3
24.0286 	EXP 	Display Frame 4
24.1283 	EXP 	Display Frame 5
24.2286 	EXP 	Display Frame 6
24.3287 	EXP 	Display Frame 7
24.4283 	EXP 	Display Frame 8
24.5282 	EXP 	Display Frame 9
24.6287 	EXP 	Display Frame 0
24.7286 	EXP 	Display Frame 1
24.8286 	EXP 	Display Frame 2
24.9286 	EXP 	Display Frame 3
25.0286 	EXP 	Display Frame 4
25.1282 	EXP 	Display Frame 5
25.2287 	EXP 	Display Frame 6
25.3287 	EXP 	Display Frame 7
25.4283 	EXP 	Display Frame 8
25.5286 	EXP 	Display Frame 9
25.6283 	EXP 	Display Frame 0
25.7283 	EXP 	Display Frame 1
25.8287 	EXP 	Display Frame 2
25.9286 	EXP 	Display Frame 3
26.0287 	EXP 	Display Frame 4
26.1287 	EXP 	Display Frame 5
26.2286 	EXP 	Display Frame 6
26.3286 	EXP 	Display Frame 7
26.4286 	EXP 	Display Frame 8
26.5286 	EXP 	Display Frame 9
26.6286 	EXP 	Display Frame 0
26.7286 	EXP 	Display Frame 1
26.8287 	EXP 	Display Frame 2
26.9286 	EXP 	Display Frame 3
27.0286 	EXP 	Display Frame 4
27.1283 	EXP 	Display Frame 5
27.2287 	EXP 	Display Frame 6
27.3286 	EXP 	Display Frame 7
27.4286 	EXP 	Display Frame 8
27.5286 	EXP 	Display Frame 9
27.6287 	EXP 	Display Frame 0
27.7285 	EXP 	Display Frame 1
27.8287 	EXP 	Display Frame 2
27.9287 	EXP 	Display Frame 3
28.0287 	EXP 	Display Frame 4
28.1287 	EXP 	Display Frame 5
28.2286 	EXP 	Display Frame 6
28.3287 	EXP 	Display Frame 7
28.4286 	EXP 	Display Frame 8
28.5282 	EXP 	Display Frame 9
28.6283 	EXP 	Display Frame 0
28.7287 	EXP 	Display Frame 1
28.8287 	EXP 	Display Frame 2
28.9288 	EXP 	Display Frame 3
29.0288 	EXP 	Display Frame 4
29.1287 	EXP 	Display Frame 5
29.2286 	EXP 	Display Frame 6
29.3283 	EXP 	Display Frame 7
29.4287 	EXP 	Display Frame 8
29.5286 	EXP 	Display Frame 9
29.6286 	EXP 	Display Frame 0
29.7286 	EXP 	Display Frame 1
29.8287 	EXP 	Display Frame 2
29.9283 	EXP 	Display Frame 3
30.0286 	EXP 	Display Frame 4
30.1286 	EXP 	Display Frame 5
30.2287 	EXP 	Display Frame 6
30.3286 	EXP 	Display Frame 7
30.4283 	EXP 	Display Frame 8
30.5286 	EXP 	Display Frame 9
30.6283 	EXP 	Display Frame 0
30.7286 	EXP 	Display Frame 1
30.8286 	EXP 	Display Frame 2
30.9286 	EXP 	Display Frame 3
31.0286 	EXP 	Display Frame 4
31.1287 	EXP 	Display Frame 5
31.2286 	EXP 	Display Frame 6
31.3287 	EXP 	Display Frame 7
31.4286 	EXP 	Display Frame 8
31.5286 	EXP 	Display Frame 9
31.6287 	EXP 	Display Frame 0
31.7286 	EXP 	Display Frame 1
31.8287 	EXP 	Display Frame 2
31.9282 	EXP 	Display Frame 3
32.0286 	EXP 	Display Frame 4
32.1283 	EXP 	Display Frame 5
32.2283 	EXP 	Display Frame 6
32.3286 	EXP 	Display Frame 7
32.4288 	EXP 	Display Frame 8
32.5287 	EXP 	Display Frame 9
32.6286 	EXP 	Display Frame 0
32.7287 	EXP 	Display Frame 1
32.8287 	EXP 	Display Frame 2
32.9286 	EXP 	Display Frame 3
33.0286 	EXP 	Display Frame 4
33.1286 	EXP 	Display Frame 5
33.2286 	EXP 	Display Frame 6
33.3282 	EXP 	Display Frame 7
33.4286 	EXP 	Display Frame 8
33.5286 	EXP 	Display Frame 9
33.6287 	EXP 	Display Frame 0
33.7286 	EXP 	Display Frame 1
33.8286 	EXP 	Display Frame 2
33.9286 	EXP 	Display Frame 3
34.0283 	EXP 	Display Frame 4
34.1286 	EXP 	Display Frame 5
34.2283 	EXP 	Display Frame 6
34.3287 	EXP 	Display Frame 7
34.4282 	EXP 	Display Frame 8
34.5286 	EXP 	Display Frame 9
34.6286 	EXP 	Display Frame 0
34.7285 	EXP 	Display Frame 1
34.8286 	EXP 	Display Frame 2
34.9282 	EXP 	Display Frame 3
35.0282 	EXP 	Display Frame 4
35.1286 	EXP 	Display Frame 5
35.2283 	EXP 	Display Frame 6
35.3282 	EXP 	Display Frame 7
35.4282 	EXP 	Display Frame 8
35.5286 	EXP 	Display Frame 9
35.6286 	EXP 	Display Frame 0
35.7282 	EXP 	Display Frame 1
35.8286 	EXP 	Display Frame 2
35.9287 	EXP 	Display Frame 3
36.0287 	EXP 	Display Frame 4
36.1287 	EXP 	Display Frame 5
36.2286 	EXP 	Display Frame 6
36.3286 	EXP 	Display Frame 7
36.4286 	EXP 	Display Frame 8
36.5286 	EXP 	Display Frame 9
36.6286 	EXP 	Display Frame 0
36.7286 	EXP 	Display Frame 1
36.8286 	EXP 	Display Frame 2
36.9285 	EXP 	Display Frame 3
37.0286 	EXP 	Display Frame 4
37.1282 	EXP 	Display Frame 5
37.2283 	EXP 	Display Frame 6
37.3286 	EXP 	Display Frame 7
37.4283 	EXP 	Display Frame 8
37.5283 	EXP 	Display Frame 9
37.6286 	EXP 	Display Frame 0
37.7287 	EXP 	Display Frame 1
37.8283 	EXP 	Display Frame 2
37.9283 	EXP 	Display Frame 3
38.0286 	EXP 	Display Frame 4
38.1286 	EXP 	Display Frame 5
38.2282 	EXP 	Display Frame 6
38.3286 	EXP 	Display Frame 7
38.4282 	EXP 	Display Frame 8
38.5285 	EXP 	Display Frame 9
38.6282 	EXP 	Display Frame 0
38.7286 	EXP 	Display Frame 1
38.8283 	EXP 	Display Frame 2
38.9286 	EXP 	Display Frame 3
39.0299 	EXP 	Display Frame 4
39.1286 	EXP 	Display Frame 5
39.2286 	EXP 	Display Frame 6
39.3288 	EXP 	Display Frame 7
39.4287 	EXP 	Display Frame 8
39.5287 	EXP 	Display Frame 9
39.6286 	EXP 	Display Frame 0
39.7287 	EXP 	Display Frame 1
39.8286 	EXP 	Display Frame 2
39.9286 	EXP 	Display Frame 3
40.0286 	EXP 	Display Frame 4
40.1286 	EXP 	Display Frame 5
40.2282 	EXP 	Display Frame 6
40.3286 	EXP 	Display Frame 7
40.4285 	EXP 	Display Frame 8
40.5282 	EXP 	Display Frame 9
40.6283 	EXP 	Display Frame 0
40.7287 	EXP 	Display Frame 1
40.8286 	EXP 	Display Frame 2
40.9282 	EXP 	Display Frame 3
41.0286 	EXP 	Display Frame 4
41.1287 	EXP 	Display Frame 5
41.2286 	EXP 	Display Frame 6
41.3286 	EXP 	Display Frame 7
41.4283 	EXP 	Display Frame 8
41.5286 	EXP 	Display Frame 9
41.6283 	EXP 	Display Frame 0
41.7282 	EXP 	Display Frame 1
41.8283 	EXP 	Display Frame 2
41.9287 	EXP 	Display Frame 3
42.0283 	EXP 	Display Frame 4
42.1286 	EXP 	Display Frame 5
42.2286 	EXP 	Display Frame 6
42.3282 	EXP 	Display Frame 7
42.4282 	EXP 	Display Frame 8
42.5283 	EXP 	Display Frame 9
42.6285 	EXP 	Display Frame 0
42.7282 	EXP 	Display Frame 1
42.8288 	EXP 	Display Frame 2
42.9286 	EXP 	Display Frame 3
43.0287 	EXP 	Display Frame 4
43.1287 	EXP 	Display Frame 5
43.2286 	EXP 	Display Frame 6
43.3282 	EXP 	Display Frame 7
43.4283 	EXP 	Display Frame 8
43.5286 	EXP 	Display Frame 9
43.6286 	EXP 	Display Frame 0
43.7283 	EXP 	Display Frame 1
43.8286 	EXP 	Display Frame 2
43.9282 	EXP 	Display Frame 3
44.0287 	EXP 	Display Frame 4
44.1283 	EXP 	Display Frame 5
44.2286 	EXP 	Display Frame 6
44.3287 	EXP 	Display Frame 7
44.4286 	EXP 	Display Frame 8
44.5282 	EXP 	Display Frame 9
44.6286 	EXP 	Display Frame 0
44.7282 	EXP 	Display Frame 1
44.8283 	EXP 	Display Frame 2
44.9286 	EXP 	Display Frame 3
45.0283 	EXP 	Display Frame 4
45.1286 	EXP 	Display Frame 5
45.2283 	EXP 	Display Frame 6
45.3282 	EXP 	Display Frame 7
45.4286 	EXP 	Display Frame 8
45.5287 	EXP 	Display Frame 9
45.6283 	EXP 	Display Frame 0
45.7286 	EXP 	Display Frame 1
45.8286 	EXP 	Display Frame 2
45.9283 	EXP 	Display Frame 3
46.0287 	EXP 	Display Frame 4
46.1287 	EXP 	Display Frame 5
46.2287 	EXP 	Display Frame 6
46.3286 	EXP 	Display Frame 7
46.4287 	EXP 	Display Frame 8
46.5286 	EXP 	Display Frame 9
46.6283 	EXP 	Display Frame 0
46.7286 	EXP 	Display Frame 1
46.8286 	EXP 	Display Frame 2
46.9286 	EXP 	Display Frame 3
47.0286 	EXP 	Display Frame 4
47.1286 	EXP 	Display Frame 5
47.2285 	EXP 	Display Frame 6
47.3286 	EXP 	Display Frame 7
47.4283 	EXP 	Display Frame 8
47.5282 	EXP 	Display Frame 9
47.6282 	EXP 	Display Frame 0
47.7282 	EXP 	Display Frame 1
47.8282 	EXP 	Display Frame 2
47.9286 	EXP 	Display Frame 3
48.0283 	EXP 	Display Frame 4
48.1286 	EXP 	Display Frame 5
48.2283 	EXP 	Display Frame 6
48.3282 	EXP 	Display Frame 7
48.4286 	EXP 	Display Frame 8
48.5282 	EXP 	Display Frame 9
48.6286 	EXP 	Display Frame 0
48.7282 	EXP 	Display Frame 1
48.8286 	EXP 	Display Frame 2
48.9286 	EXP 	Display Frame 3
49.0286 	EXP 	Display Frame 4
49.1282 	EXP 	Display Frame 5
49.2286 	EXP 	Display Frame 6
49.3282 	EXP 	Display Frame 7
49.4282 	EXP 	Display Frame 8
49.5282 	EXP 	Display Frame 9
49.6287 	EXP 	Display Frame 0
49.7287 	EXP 	Display Frame 1
49.8287 	EXP 	Display Frame 2
49.9286 	EXP 	Display Frame 3
50.0286 	EXP 	Display Frame 4
50.1286 	EXP 	Display Frame 5
50.2286 	EXP 	Display Frame 6
50.3285 	EXP 	Display Frame 7
50.4287 	EXP 	Display Frame 8
50.5286 	EXP 	Display Frame 9
50.6282 	EXP 	Display Frame 0
50.7286 	EXP 	Display Frame 1
50.8286 	EXP 	Display Frame 2
50.9286 	EXP 	Display Frame 3
51.0287 	EXP 	Display Frame 4
51.1286 	EXP 	Display Frame 5
51.2286 	EXP 	Display Frame 6
51.3286 	EXP 	Display Frame 7
51.4286 	EXP 	Display Frame 8
51.5282 	EXP 	Display Frame 9
51.6282 	EXP 	Display Frame 0
51.7286 	EXP 	Display Frame 1
51.8286 	EXP 	Display Frame 2
51.9286 	EXP 	Display Frame 3
52.0282 	EXP 	Display Frame 4
52.1282 	EXP 	Display Frame 5
52.2283 	EXP 	Display Frame 6
52.3286 	EXP 	Display Frame 7
52.4287 	EXP 	Display Frame 8
52.5282 	EXP 	Display Frame 9
52.6286 	EXP 	Display Frame 0
52.7282 	EXP 	Display Frame 1
52.8283 	EXP 	Display Frame 2
52.9286 	EXP 	Display Frame 3
53.0282 	EXP 	Display Frame 4
53.1283 	EXP 	Display Frame 5
53.2288 	EXP 	Display Frame 6
53.3287 	EXP 	Display Frame 7
53.4286 	EXP 	Display Frame 8
53.5286 	EXP 	Display Frame 9
53.6286 	EXP 	Display Frame 0
53.7287 	EXP 	Display Frame 1
53.8286 	EXP 	Display Frame 2
53.9287 	EXP 	Display Frame 3
54.0286 	EXP 	Display Frame 4
54.1286 	EXP 	Display Frame 5
54.2282 	EXP 	Display Frame 6
54.3286 	EXP 	Display Frame 7
54.4286 	EXP 	Display Frame 8
54.5283 	EXP 	Display Frame 9
54.6287 	EXP 	Display Frame 0
54.7286 	EXP 	Display Frame 1
54.8282 	EXP 	Display Frame 2
54.9286 	EXP 	Display Frame 3
55.0287 	EXP 	Display Frame 4
55.1286 	EXP 	Display Frame 5
55.2286 	EXP 	Display Frame 6
55.3282 	EXP 	Display Frame 7
55.4286 	EXP 	Display Frame 8
55.5282 	EXP 	Display Frame 9
55.6286 	EXP 	Display Frame 0
55.7282 	EXP 	Display Frame 1
55.8283 	EXP 	Display Frame 2
55.9287 	EXP 	Display Frame 3
56.0286 	EXP 	Display Frame 4
56.1287 	EXP 	Display Frame 5
56.2286 	EXP 	Display Frame 6
56.3286 	EXP 	Display Frame 7
56.4282 	EXP 	Display Frame 8
56.5286 	EXP 	Display Frame 9
56.6288 	EXP 	Display Frame 0
56.7287 	EXP 	Display Frame 1
56.8286 	EXP 	Display Frame 2
56.9287 	EXP 	Display Frame 3
57.0286 	EXP 	Display Frame 4
57.1286 	EXP 	Display Frame 5
57.2282 	EXP 	Display Frame 6
57.3286 	EXP 	Display Frame 7
57.4282 	EXP 	Display Frame 8
57.5286 	EXP 	Display Frame 9
57.6282 	EXP 	Display Frame 0
57.7287 	EXP 	Display Frame 1
57.8286 	EXP 	Display Frame 2
57.9286 	EXP 	Display Frame 3
58.0282 	EXP 	Display Frame 4
58.1283 	EXP 	Display Frame 5
58.2286 	EXP 	Display Frame 6
58.3286 	EXP 	Display Frame 7
58.4282 	EXP 	Display Frame 8
58.5286 	EXP 	Display Frame 9
58.6286 	EXP 	Display Frame 0
58.7285 	EXP 	Display Frame 1
58.8286 	EXP 	Display Frame 2
58.9286 	EXP 	Display Frame 3
59.0287 	EXP 	Display Frame 4
59.1283 	EXP 	Display Frame 5
59.2286 	EXP 	Display Frame 6
59.3286 	EXP 	Display Frame 7
59.4282 	EXP 	Display Frame 8
59.5282 	EXP 	Display Frame 9
59.6282 	EXP 	Display Frame 0
59.7286 	EXP 	Display Frame 1
59.8282 	EXP 	Display Frame 2
59.9287 	EXP 	Display Frame 3
60.0282 	EXP 	Display Frame 4
60.1287 	EXP 	Display Frame 5
60.2286 	EXP 	Display Frame 6
60.3287 	EXP 	Display Frame 7
60.4287 	EXP 	Display Frame 8
60.5286 	EXP 	Display Frame 9
60.6282 	EXP 	Display Frame 0
60.7285 	EXP 	Display Frame 1
60.8282 	EXP 	Display Frame 2
60.9288 	EXP 	Display Frame 3
61.0287 	EXP 	Display Frame 4
61.1286 	EXP 	Display Frame 5
61.2286 	EXP 	Display Frame 6
61.3282 	EXP 	Display Frame 7
61.4286 	EXP 	Display Frame 8
61.5282 	EXP 	Display Frame 9
61.6282 	EXP 	Display Frame 0
61.7282 	EXP 	Display Frame 1
61.8282 	EXP 	Display Frame 2
61.9286 	EXP 	Display Frame 3
62.0285 	EXP 	Display Frame 4
62.1282 	EXP 	Display Frame 5
62.2286 	EXP 	Display Frame 6
62.3286 	EXP 	Display Frame 7
62.4282 	EXP 	Display Frame 8
62.5282 	EXP 	Display Frame 9
62.6282 	EXP 	Display Frame 0
62.7286 	EXP 	Display Frame 1
62.8282 	EXP 	Display Frame 2
62.9286 	EXP 	Display Frame 3
63.0287 	EXP 	Display Frame 4
63.1286 	EXP 	Display Frame 5
63.2282 	EXP 	Display Frame 6
63.3282 	EXP 	Display Frame 7
63.4282 	EXP 	Display Frame 8
63.5287 	EXP 	Display Frame 9
63.6287 	EXP 	Display Frame 0
63.7286 	EXP 	Display Frame 1
63.8287 	EXP 	Display Frame 2
63.9287 	EXP 	Display Frame 3
64.0286 	EXP 	Display Frame 4
64.1286 	EXP 	Display Frame 5
64.2282 	EXP 	Display Frame 6
64.3283 	EXP 	Display Frame 7
64.4282 	EXP 	Display Frame 8
64.5286 	EXP 	Display Frame 9
64.6282 	EXP 	Display Frame 0
64.7286 	EXP 	Display Frame 1
64.8286 	EXP 	Display Frame 2
64.9287 	EXP 	Display Frame 3
65.0282 	EXP 	Display Frame 4
65.1285 	EXP 	Display Frame 5
65.2286 	EXP 	Display Frame 6
65.3285 	EXP 	Display Frame 7
65.4282 	EXP 	Display Frame 8
65.5283 	EXP 	Display Frame 9
65.6285 	EXP 	Display Frame 0
65.7286 	EXP 	Display Frame 1
65.8282 	EXP 	Display Frame 2
65.9286 	EXP 	Display Frame 3
66.0286 	EXP 	Display Frame 4
66.1287 	EXP 	Display Frame 5
66.2282 	EXP 	Display Frame 6
66.3286 	EXP 	Display Frame 7
66.4282 	EXP 	Display Frame 8
66.5286 	EXP 	Display Frame 9
66.6282 	EXP 	Display Frame 0
66.7286 	EXP 	Display Frame 1
66.8282 	EXP 	Display Frame 2
66.9286 	EXP 	Display Frame 3
67.0288 	EXP 	Display Frame 4
67.1287 	EXP 	Display Frame 5
67.2286 	EXP 	Display Frame 6
67.3287 	EXP 	Display Frame 7
67.4287 	EXP 	Display Frame 8
67.5286 	EXP 	Display Frame 9
67.6282 	EXP 	Display Frame 0
67.7286 	EXP 	Display Frame 1
67.8284 	EXP 	Display Frame 2
67.9286 	EXP 	Display Frame 3
68.0286 	EXP 	Display Frame 4
68.1286 	EXP 	Display Frame 5
68.2282 	EXP 	Display Frame 6
68.3283 	EXP 	Display Frame 7
68.4282 	EXP 	Display Frame 8
68.5284 	EXP 	Display Frame 9
68.6282 	EXP 	Display Frame 0
68.7283 	EXP 	Display Frame 1
68.8282 	EXP 	Display Frame 2
68.9287 	EXP 	Display Frame 3
69.0282 	EXP 	Display Frame 4
69.1286 	EXP 	Display Frame 5
69.2282 	EXP 	Display Frame 6
69.3287 	EXP 	Display Frame 7
69.4286 	EXP 	Display Frame 8
69.5287 	EXP 	Display Frame 9
69.6285 	EXP 	Display Frame 0
69.7284 	EXP 	Display Frame 1
69.8283 	EXP 	Display Frame 2
69.9286 	EXP 	Display Frame 3
70.0284 	EXP 	Display Frame 4
70.1282 	EXP 	Display Frame 5
70.2282 	EXP 	Display Frame 6
70.3282 	EXP 	Display Frame 7
70.4284 	EXP 	Display Frame 8
70.5287 	EXP 	Display Frame 9
70.6285 	EXP 	Display Frame 0
70.7285 	EXP 	Display Frame 1
70.8286 	EXP 	Display Frame 2
70.9287 	EXP 	Display Frame 3
71.0288 	EXP 	Display Frame 4
71.1287 	EXP 	Display Frame 5
71.2284 	EXP 	Display Frame 6
71.3284 	EXP 	Display Frame 7
71.4285 	EXP 	Display Frame 8
71.5282 	EXP 	Display Frame 9
71.6284 	EXP 	Display Frame 0
71.7286 	EXP 	Display Frame 1
71.8286 	EXP 	Display Frame 2
71.9287 	EXP 	Display Frame 3
72.0282 	EXP 	Display Frame 4
72.1284 	EXP 	Display Frame 5
72.2285 	EXP 	Display Frame 6
72.3283 	EXP 	Display Frame 7
72.4282 	EXP 	Display Frame 8
72.5283 	EXP 	Display Frame 9
72.6284 	EXP 	Display Frame 0
72.7282 	EXP 	Display Frame 1
72.8285 	EXP 	Display Frame 2
72.9286 	EXP 	Display Frame 3
73.0284 	EXP 	Display Frame 4
73.1284 	EXP 	Display Frame 5
73.2283 	EXP 	Display Frame 6
73.3282 	EXP 	Display Frame 7
73.4282 	EXP 	Display Frame 8
73.5282 	EXP 	Display Frame 9
73.6284 	EXP 	Display Frame 0
73.7284 	EXP 	Display Frame 1
73.8286 	EXP 	Display Frame 2
73.9287 	EXP 	Display Frame 3
74.0287 	EXP 	Display Frame 4
74.1285 	EXP 	Display Frame 5
74.2287 	EXP 	Display Frame 6
74.3287 	EXP 	Display Frame 7
74.4285 	EXP 	Display Frame 8
74.5284 	EXP 	Display Frame 9
74.6284 	EXP 	Display Frame 0
74.7285 	EXP 	Display Frame 1
74.8282 	EXP 	Display Frame 2
74.9286 	EXP 	Display Frame 3
75.0282 	EXP 	Display Frame 4
75.1284 	EXP 	Display Frame 5
75.2282 	EXP 	Display Frame 6
75.3284 	EXP 	Display Frame 7
75.4285 	EXP 	Display Frame 8
75.5284 	EXP 	Display Frame 9
75.6284 	EXP 	Display Frame 0
75.7284 	EXP 	Display Frame 1
75.8285 	EXP 	Display Frame 2
75.9285 	EXP 	Display Frame 3
76.0285 	EXP 	Display Frame 4
76.1284 	EXP 	Display Frame 5
76.2285 	EXP 	Display Frame 6
76.3287 	EXP 	Display Frame 7
76.4286 	EXP 	Display Frame 8
76.5284 	EXP 	Display Frame 9
76.6283 	EXP 	Display Frame 0
76.7283 	EXP 	Display Frame 1
76.8282 	EXP 	Display Frame 2
76.9285 	EXP 	Display Frame 3
77.0282 	EXP 	Display Frame 4
77.1285 	EXP 	Display Frame 5
77.2284 	EXP 	Display Frame 6
77.3285 	EXP 	Display Frame 7
77.4287 	EXP 	Display Frame 8
77.5285 	EXP 	Display Frame 9
77.6287 	EXP 	Display Frame 0
77.7284 	EXP 	Display Frame 1
77.8285 	EXP 	Display Frame 2
77.9285 	EXP 	Display Frame 3
78.0284 	EXP 	Display Frame 4
78.1287 	EXP 	Display Frame 5
78.2284 	EXP 	Display Frame 6
78.3284 	EXP 	Display Frame 7
78.4283 	EXP 	Display Frame 8
78.5282 	EXP 	Display Frame 9
78.6284 	EXP 	Display Frame 0
78.7282 	EXP 	Display Frame 1
78.8283 	EXP 	Display Frame 2
78.9285 	EXP 	Display Frame 3
79.0284 	EXP 	Display Frame 4
79.1284 	EXP 	Display Frame 5
79.2284 	EXP 	Display Frame 6
79.3282 	EXP 	Display Frame 7
79.4284 	EXP 	Display Frame 8
79.5284 	EXP 	Display Frame 9
79.6284 	EXP 	Display Frame 0
79.7282 	EXP 	Display Frame 1
79.8285 	EXP 	Display Frame 2
79.9285 	EXP 	Display Frame 3
80.0284 	EXP 	Display Frame 4
80.1282 	EXP 	Display Frame 5
80.2285 	EXP 	Display Frame 6
80.3285 	EXP 	Display Frame 7
80.4287 	EXP 	Display Frame 8
80.5282 	EXP 	Display Frame 9
80.6283 	EXP 	Display Frame 0
80.7284 	EXP 	Display Frame 1
80.8286 	EXP 	Display Frame 2
80.9286 	EXP 	Display Frame 3
81.0286 	EXP 	Display Frame 4
81.1287 	EXP 	Display Frame 5
81.2284 	EXP 	Display Frame 6
81.3285 	EXP 	Display Frame 7
81.4287 	EXP 	Display Frame 8
81.5285 	EXP 	Display Frame 9
81.6286 	EXP 	Display Frame 0
81.7287 	EXP 	Display Frame 1
81.8284 	EXP 	Display Frame 2
81.9285 	EXP 	Display Frame 3
82.0284 	EXP 	Display Frame 4
82.1282 	EXP 	Display Frame 5
82.2284 	EXP 	Display Frame 6
82.3285 	EXP 	Display Frame 7
82.4285 	EXP 	Display Frame 8
82.5285 	EXP 	Display Frame 9
82.6284 	EXP 	Display Frame 0
82.7282 	EXP 	Display Frame 1
82.8284 	EXP 	Display Frame 2
82.9286 	EXP 	Display Frame 3
83.0284 	EXP 	Display Frame 4
83.1282 	EXP 	Display Frame 5
83.2283 	EXP 	Display Frame 6
83.3284 	EXP 	Display Frame 7
83.4282 	EXP 	Display Frame 8
83.5284 	EXP 	Display Frame 9
83.6282 	EXP 	Display Frame 0
83.7286 	EXP 	Display Frame 1
83.8285 	EXP 	Display Frame 2
83.9285 	EXP 	Display Frame 3
84.0285 	EXP 	Display Frame 4
84.1284 	EXP 	Display Frame 5
84.2284 	EXP 	Display Frame 6
84.3284 	EXP 	Display Frame 7
84.4285 	EXP 	Display Frame 8
84.5284 	EXP 	Display Frame 9
84.6284 	EXP 	Display Frame 0
84.7283 	EXP 	Display Frame 1
84.8284 	EXP 	Display Frame 2
84.9285 	EXP 	Display Frame 3
85.0284 	EXP 	Display Frame 4
85.1284 	EXP 	Display Frame 5
85.2284 	EXP 	Display Frame 6
85.3284 	EXP 	Display Frame 7
85.4282 	EXP 	Display Frame 8
85.5284 	EXP 	Display Frame 9
85.6282 	EXP 	Display Frame 0
85.7282 	EXP 	Display Frame 1
85.8284 	EXP 	Display Frame 2
85.9285 	EXP 	Display Frame 3
86.0285 	EXP 	Display Frame 4
86.1285 	EXP 	Display Frame 5
86.2283 	EXP 	Display Frame 6
86.3284 	EXP 	Display Frame 7
86.4284 	EXP 	Display Frame 8
86.5283 	EXP 	Display Frame 9
86.6282 	EXP 	Display Frame 0
86.7284 	EXP 	Display Frame 1
86.8282 	EXP 	Display Frame 2
86.9284 	EXP 	Display Frame 3
87.0285 	EXP 	Display Frame 4
87.1284 	EXP 	Display Frame 5
87.2286 	EXP 	Display Frame 6
87.3284 	EXP 	Display Frame 7
87.4284 	EXP 	Display Frame 8
87.5284 	EXP 	Display Frame 9
87.6282 	EXP 	Display Frame 0
87.7284 	EXP 	Display Frame 1
87.8284 	EXP 	Display Frame 2
87.9285 	EXP 	Display Frame 3
88.0284 	EXP 	Display Frame 4
88.1284 	EXP 	Display Frame 5
88.2282 	EXP 	Display Frame 6
88.3284 	EXP 	Display Frame 7
88.4282 	EXP 	Display Frame 8
88.5284 	EXP 	Display Frame 9
88.6285 	EXP 	Display Frame 0
88.7284 	EXP 	Display Frame 1
88.8282 	EXP 	Display Frame 2
88.9285 	EXP 	Display Frame 3
89.0285 	EXP 	Display Frame 4
89.1285 	EXP 	Display Frame 5
89.2284 	EXP 	Display Frame 6
89.3282 	EXP 	Display Frame 7
89.4285 	EXP 	Display Frame 8
89.5284 	EXP 	Display Frame 9
89.6282 	EXP 	Display Frame 0
89.7284 	EXP 	Display Frame 1
89.8282 	EXP 	Display Frame 2
89.9285 	EXP 	Display Frame 3
90.0282 	EXP 	Display Frame 4
90.1284 	EXP 	Display Frame 5
90.2284 	EXP 	Display Frame 6
90.3284 	EXP 	Display Frame 7
90.4282 	EXP 	Display Frame 8
90.5284 	EXP 	Display Frame 9
90.6285 	EXP 	Display Frame 0
90.7285 	EXP 	Display Frame 1
90.8285 	EXP 	Display Frame 2
90.9285 	EXP 	Display Frame 3
91.0285 	EXP 	Display Frame 4
91.1285 	EXP 	Display Frame 5
91.2284 	EXP 	Display Frame 6
91.3284 	EXP 	Display Frame 7
91.4284 	EXP 	Display Frame 8
91.5282 	EXP 	Display Frame 9
91.6284 	EXP 	Display Frame 0
91.7284 	EXP 	Display Frame 1
91.8282 	EXP 	Display Frame 2
91.9285 	EXP 	Display Frame 3
92.0284 	EXP 	Display Frame 4
92.1284 	EXP 	Display Frame 5
92.2282 	EXP 	Display Frame 6
92.3285 	EXP 	Display Frame 7
92.4282 	EXP 	Display Frame 8
92.5284 	EXP 	Display Frame 9
92.6282 	EXP 	Display Frame 0
92.7284 	EXP 	Display Frame 1
92.8283 	EXP 	Display Frame 2
92.9285 	EXP 	Display Frame 3
93.0284 	EXP 	Display Frame 4
93.1284 	EXP 	Display Frame 5
93.2284 	EXP 	Display Frame 6
93.3282 	EXP 	Display Frame 7
93.4282 	EXP 	Display Frame 8
93.5284 	EXP 	Display Frame 9
93.6282 	EXP 	Display Frame 0
93.7282 	EXP 	Display Frame 1
93.8282 	EXP 	Display Frame 2
93.9285 	EXP 	Display Frame 3
94.0282 	EXP 	Display Frame 4
94.1285 	EXP 	Display Frame 5
94.2285 	EXP 	Display Frame 6
94.3285 	EXP 	Display Frame 7
94.4284 	EXP 	Display Frame 8
94.5285 	EXP 	Display Frame 9
94.6284 	EXP 	Display Frame 0
94.7284 	EXP 	Display Frame 1
94.8284 	EXP 	Display Frame 2
94.9285 	EXP 	Display Frame 3
95.0284 	EXP 	Display Frame 4
95.1284 	EXP 	Display Frame 5
95.2284 	EXP 	Display Frame 6
95.3284 	EXP 	Display Frame 7
95.4282 	EXP 	Display Frame 8
95.5282 	EXP 	Display Frame 9
95.6282 	EXP 	Display Frame 0
95.7284 	EXP 	Display Frame 1
95.8284 	EXP 	Display Frame 2
95.9285 	EXP 	Display Frame 3
96.0285 	EXP 	Display Frame 4
96.1285 	EXP 	Display Frame 5
96.2284 	EXP 	Display Frame 6
96.3284 	EXP 	Display Frame 7
96.4282 	EXP 	Display Frame 8
96.5284 	EXP 	Display Frame 9
96.6282 	EXP 	Display Frame 0
96.7285 	EXP 	Display Frame 1
96.8282 	EXP 	Display Frame 2
96.9285 	EXP 	Display Frame 3
97.0282 	EXP 	Display Frame 4
97.1282 	EXP 	Display Frame 5
97.2285 	EXP 	Display Frame 6
97.3282 	EXP 	Display Frame 7
97.4282 	EXP 	Display Frame 8
97.5284 	EXP 	Display Frame 9
97.6286 	EXP 	Display Frame 0
97.7285 	EXP 	Display Frame 1
97.8285 	EXP 	Display Frame 2
97.9285 	EXP 	Display Frame 3
98.0285 	EXP 	Display Frame 4
98.1284 	EXP 	Display Frame 5
98.2284 	EXP 	Display Frame 6
98.3284 	EXP 	Display Frame 7
98.4283 	EXP 	Display Frame 8
98.5285 	EXP 	Display Frame 9
98.6282 	EXP 	Display Frame 0
98.7285 	EXP 	Display Frame 1
98.8284 	EXP 	Display Frame 2
98.9285 	EXP 	Display Frame 3
99.0284 	EXP 	Display Frame 4
99.1282 	EXP 	Display Frame 5
99.2284 	EXP 	Display Frame 6
99.3285 	EXP 	Display Frame 7
99.4284 	EXP 	Display Frame 8
99.5284 	EXP 	Display Frame 9
99.6284 	EXP 	Display Frame 0
99.7282 	EXP 	Display Frame 1
99.8284 	EXP 	Display Frame 2
99.9283 	EXP 	Display Frame 3
100.0284 	EXP 	Display Frame 4
100.1284 	EXP 	Display Frame 5
100.2282 	EXP 	Display Frame 6
100.3283 	EXP 	Display Frame 7
100.4284 	EXP 	Display Frame 8
100.5282 	EXP 	Display Frame 9
100.6282 	EXP 	Display Frame 0
100.7282 	EXP 	Display Frame 1
100.8282 	EXP 	Display Frame 2
100.9285 	EXP 	Display Frame 3
101.0286 	EXP 	Display Frame 4
101.1285 	EXP 	Display Frame 5
101.2285 	EXP 	Display Frame 6
101.3285 	EXP 	Display Frame 7
101.4285 	EXP 	Display Frame 8
101.5284 	EXP 	Display Frame 9
101.6284 	EXP 	Display Frame 0
101.7284 	EXP 	Display Frame 1
101.8284 	EXP 	Display Frame 2
101.9285 	EXP 	Display Frame 3
102.0284 	EXP 	Display Frame 4
102.1284 	EXP 	Display Frame 5
102.2284 	EXP 	Display Frame 6
102.3283 	EXP 	Display Frame 7
102.4284 	EXP 	Display Frame 8
102.5283 	EXP 	Display Frame 9
102.6284 	EXP 	Display Frame 0
102.7284 	EXP 	Display Frame 1
102.8285 	EXP 	Display Frame 2
102.9285 	EXP 	Display Frame 3
103.0285 	EXP 	Display Frame 4
103.1285 	EXP 	Display Frame 5
103.2282 	EXP 	Display Frame 6
103.3285 	EXP 	Display Frame 7
103.4282 	EXP 	Display Frame 8
103.5285 	EXP 	Display Frame 9
103.6284 	EXP 	Display Frame 0
103.7284 	EXP 	Display Frame 1
103.8282 	EXP 	Display Frame 2
103.9284 	EXP 	Display Frame 3
104.0282 	EXP 	Display Frame 4
104.1282 	EXP 	Display Frame 5
104.2282 	EXP 	Display Frame 6
104.3284 	EXP 	Display Frame 7
104.4284 	EXP 	Display Frame 8
104.5286 	EXP 	Display Frame 9
104.6285 	EXP 	Display Frame 0
104.7285 	EXP 	Display Frame 1
104.8284 	EXP 	Display Frame 2
104.9285 	EXP 	Display Frame 3
105.0284 	EXP 	Display Frame 4
105.1284 	EXP 	Display Frame 5
105.2284 	EXP 	Display Frame 6
105.3284 	EXP 	Display Frame 7
105.4282 	EXP 	Display Frame 8
105.5284 	EXP 	Display Frame 9
105.6284 	EXP 	Display Frame 0
105.7285 	EXP 	Display Frame 1
105.8284 	EXP 	Display Frame 2
105.9285 	EXP 	Display Frame 3
106.0285 	EXP 	Display Frame 4
106.1285 	EXP 	Display Frame 5
106.2284 	EXP 	Display Frame 6
106.3282 	EXP 	Display Frame 7
106.4282 	EXP 	Display Frame 8
106.5282 	EXP 	Display Frame 9
106.6284 	EXP 	Display Frame 0
106.7283 	EXP 	Display Frame 1
106.8282 	EXP 	Display Frame 2
106.9284 	EXP 	Display Frame 3
107.0282 	EXP 	Display Frame 4
107.1284 	EXP 	Display Frame 5
107.2284 	EXP 	Display Frame 6
107.3282 	EXP 	Display Frame 7
107.4284 	EXP 	Display Frame 8
107.5284 	EXP 	Display Frame 9
107.6284 	EXP 	Display Frame 0
107.7285 	EXP 	Display Frame 1
107.8283 	EXP 	Display Frame 2
107.9286 	EXP 	Display Frame 3
108.0285 	EXP 	Display Frame 4
108.1285 	EXP 	Display Frame 5
108.2285 	EXP 	Display Frame 6
108.3286 	EXP 	Display Frame 7
108.4285 	EXP 	Display Frame 8
108.5284 	EXP 	Display Frame 9
108.6282 	EXP 	Display Frame 0
108.7285 	EXP 	Display Frame 1
108.8284 	EXP 	Display Frame 2
108.9285 	EXP 	Display Frame 3
109.0282 	EXP 	Display Frame 4
109.1284 	EXP 	Display Frame 5
109.2285 	EXP 	Display Frame 6
109.3285 	EXP 	Display Frame 7
109.4284 	EXP 	Display Frame 8
109.5284 	EXP 	Display Frame 9
109.6282 	EXP 	Display Frame 0
109.7282 	EXP 	Display Frame 1
109.8285 	EXP 	Display Frame 2
109.9285 	EXP 	Display Frame 3
110.0284 	EXP 	Display Frame 4
110.1284 	EXP 	Display Frame 5
110.2283 	EXP 	Display Frame 6
110.3284 	EXP 	Display Frame 7
110.4282 	EXP 	Display Frame 8
110.5282 	EXP 	Display Frame 9
110.6282 	EXP 	Display Frame 0
110.7284 	EXP 	Display Frame 1
110.8282 	EXP 	Display Frame 2
110.9285 	EXP 	Display Frame 3
111.0285 	EXP 	Display Frame 4
111.1285 	EXP 	Display Frame 5
111.2284 	EXP 	Display Frame 6
111.3282 	EXP 	Display Frame 7
111.4286 	EXP 	Display Frame 8
111.5285 	EXP 	Display Frame 9
111.6285 	EXP 	Display Frame 0
111.7285 	EXP 	Display Frame 1
111.8285 	EXP 	Display Frame 2
111.9285 	EXP 	Display Frame 3
112.0284 	EXP 	Display Frame 4
112.1284 	EXP 	Display Frame 5
112.2284 	EXP 	Display Frame 6
112.3283 	EXP 	Display Frame 7
112.4285 	EXP 	Display Frame 8
112.5284 	EXP 	Display Frame 9
112.6282 	EXP 	Display Frame 0
112.7284 	EXP 	Display Frame 1
112.8285 	EXP 	Display Frame 2
112.9284 	EXP 	Display Frame 3
113.0284 	EXP 	Display Frame 4
113.1284 	EXP 	Display Frame 5
113.2284 	EXP 	Display Frame 6
113.3284 	EXP 	Display Frame 7
113.4282 	EXP 	Display Frame 8
113.5282 	EXP 	Display Frame 9
113.6285 	EXP 	Display Frame 0
113.7285 	EXP 	Display Frame 1
113.8284 	EXP 	Display Frame 2
113.9282 	EXP 	Display Frame 3
114.0284 	EXP 	Display Frame 4
114.1284 	EXP 	Display Frame 5
114.2282 	EXP 	Display Frame 6
114.3284 	EXP 	Display Frame 7
114.4283 	EXP 	Display Frame 8
114.5282 	EXP 	Display Frame 9
114.6282 	EXP 	Display Frame 0
114.7284 	EXP 	Display Frame 1
114.8284 	EXP 	Display Frame 2
114.9286 	EXP 	Display Frame 3
115.0285 	EXP 	Display Frame 4
115.1285 	EXP 	Display Frame 5
115.2286 	EXP 	Display Frame 6
115.3285 	EXP 	Display Frame 7
115.4284 	EXP 	Display Frame 8
115.5283 	EXP 	Display Frame 9
115.6285 	EXP 	Display Frame 0
115.7285 	EXP 	Display Frame 1
115.8284 	EXP 	Display Frame 2
115.9282 	EXP 	Display Frame 3
116.0290 	EXP 	Display Frame 4
116.1285 	EXP 	Display Frame 5
116.2284 	EXP 	Display Frame 6
116.3284 	EXP 	Display Frame 7
116.4284 	EXP 	Display Frame 8
116.5282 	EXP 	Display Frame 9
116.6283 	EXP 	Display Frame 0
116.7284 	EXP 	Display Frame 1
116.8282 	EXP 	Display Frame 2
116.9283 	EXP 	Display Frame 3
117.0285 	EXP 	Display Frame 4
117.1282 	EXP 	Display Frame 5
117.2284 	EXP 	Display Frame 6
117.3282 	EXP 	Display Frame 7
117.4285 	EXP 	Display Frame 8
117.5284 	EXP 	Display Frame 9
117.6284 	EXP 	Display Frame 0
117.7284 	EXP 	Display Frame 1
117.8283 	EXP 	Display Frame 2
117.9284 	EXP 	Display Frame 3
118.0284 	EXP 	Display Frame 4
118.1284 	EXP 	Display Frame 5
118.2283 	EXP 	Display Frame 6
118.3286 	EXP 	Display Frame 7
118.4285 	EXP 	Display Frame 8
118.5284 	EXP 	Display Frame 9
118.6284 	EXP 	Display Frame 0
118.7284 	EXP 	Display Frame 1
118.8284 	EXP 	Display Frame 2
118.9284 	EXP 	Display Frame 3
119.0285 	EXP 	Display Frame 4
119.1285 	EXP 	Display Frame 5
119.2284 	EXP 	Display Frame 6
119.3284 	EXP 	Display Frame 7
119.4285 	EXP 	Display Frame 8
119.5285 	EXP 	Display Frame 9
119.6283 	EXP 	Display Frame 0
119.7284 	EXP 	Display Frame 1
119.8284 	EXP 	Display Frame 2
119.9284 	EXP 	Display Frame 3
120.0285 	EXP 	Display Frame 4
120.1284 	EXP 	Display Frame 5
120.2284 	EXP 	Display Frame 6
120.3285 	EXP 	Display Frame 7
120.4284 	EXP 	Display Frame 8
120.5282 	EXP 	Display Frame 9
120.6284 	EXP 	Display Frame 0
120.7282 	EXP 	Display Frame 1
120.8284 	EXP 	Display Frame 2
120.9283 	EXP 	Display Frame 3
121.0285 	EXP 	Display Frame 4
121.1284 	EXP 	Display Frame 5
121.2284 	EXP 	Display Frame 6
121.3284 	EXP 	Display Frame 7
121.4285 	EXP 	Display Frame 8
121.5283 	EXP 	Display Frame 9
121.6284 	EXP 	Display Frame 0
121.7284 	EXP 	Display Frame 1
121.8286 	EXP 	Display Frame 2
121.9285 	EXP 	Display Frame 3
122.0285 	EXP 	Display Frame 4
122.1284 	EXP 	Display Frame 5
122.2284 	EXP 	Display Frame 6
122.3284 	EXP 	Display Frame 7
122.4285 	EXP 	Display Frame 8
122.5284 	EXP 	Display Frame 9
122.6283 	EXP 	Display Frame 0
122.7284 	EXP 	Display Frame 1
122.8284 	EXP 	Display Frame 2
122.9282 	EXP 	Display Frame 3
123.0285 	EXP 	Display Frame 4
123.1284 	EXP 	Display Frame 5
123.2282 	EXP 	Display Frame 6
123.3284 	EXP 	Display Frame 7
123.4284 	EXP 	Display Frame 8
123.5284 	EXP 	Display Frame 9
123.6282 	EXP 	Display Frame 0
123.7284 	EXP 	Display Frame 1
123.8284 	EXP 	Display Frame 2
123.9284 	EXP 	Display Frame 3
124.0283 	EXP 	Display Frame 4
124.1284 	EXP 	Display Frame 5
124.2282 	EXP 	Display Frame 6
124.3285 	EXP 	Display Frame 7
124.4283 	EXP 	Display Frame 8
124.5284 	EXP 	Display Frame 9
124.6284 	EXP 	Display Frame 0
124.7283 	EXP 	Display Frame 1
124.8282 	EXP 	Display Frame 2
124.9282 	EXP 	Display Frame 3
125.0285 	EXP 	Display Frame 4
125.1282 	EXP 	Display Frame 5
125.2285 	EXP 	Display Frame 6
125.3285 	EXP 	Display Frame 7
125.4285 	EXP 	Display Frame 8
125.5284 	EXP 	Display Frame 9
125.6284 	EXP 	Display Frame 0
125.7284 	EXP 	Display Frame 1
125.8285 	EXP 	Display Frame 2
125.9285 	EXP 	Display Frame 3
126.0285 	EXP 	Display Frame 4
126.1285 	EXP 	Display Frame 5
126.2284 	EXP 	Display Frame 6
126.3284 	EXP 	Display Frame 7
126.4284 	EXP 	Display Frame 8
126.5282 	EXP 	Display Frame 9
126.6285 	EXP 	Display Frame 0
126.9240 	EXP 	Display Frame 1
126.9392 	EXP 	Display Frame 2
126.9555 	EXP 	Display Frame 3
127.0284 	EXP 	Display Frame 4
127.1285 	EXP 	Display Frame 5
127.2285 	EXP 	Display Frame 6
127.3286 	EXP 	Display Frame 7
127.4285 	EXP 	Display Frame 8
127.5284 	EXP 	Display Frame 9
127.6284 	EXP 	Display Frame 0
127.7284 	EXP 	Display Frame 1
127.8285 	EXP 	Display Frame 2
127.9284 	EXP 	Display Frame 3
128.0285 	EXP 	Display Frame 4
128.1285 	EXP 	Display Frame 5
128.2284 	EXP 	Display Frame 6
128.3282 	EXP 	Display Frame 7
128.4282 	EXP 	Display Frame 8
128.5282 	EXP 	Display Frame 9
128.6284 	EXP 	Display Frame 0
128.7286 	EXP 	Display Frame 1
128.8285 	EXP 	Display Frame 2
128.9285 	EXP 	Display Frame 3
129.0285 	EXP 	Display Frame 4
129.1285 	EXP 	Display Frame 5
129.2285 	EXP 	Display Frame 6
129.3286 	EXP 	Display Frame 7
129.4284 	EXP 	Display Frame 8
129.5284 	EXP 	Display Frame 9
129.6286 	EXP 	Display Frame 0
129.7285 	EXP 	Display Frame 1
129.8285 	EXP 	Display Frame 2
129.9284 	EXP 	Display Frame 3
130.0285 	EXP 	Display Frame 4
130.1284 	EXP 	Display Frame 5
130.2284 	EXP 	Display Frame 6
130.3285 	EXP 	Display Frame 7
130.4282 	EXP 	Display Frame 8
130.5284 	EXP 	Display Frame 9
130.6282 	EXP 	Display Frame 0
130.7284 	EXP 	Display Frame 1
130.8284 	EXP 	Display Frame 2
130.9284 	EXP 	Display Frame 3
131.0285 	EXP 	Display Frame 4
131.1285 	EXP 	Display Frame 5
131.2284 	EXP 	Display Frame 6
131.3284 	EXP 	Display Frame 7
131.4284 	EXP 	Display Frame 8
131.5282 	EXP 	Display Frame 9
131.6282 	EXP 	Display Frame 0
131.7282 	EXP 	Display Frame 1
131.8282 	EXP 	Display Frame 2
131.9284 	EXP 	Display Frame 3
132.0285 	EXP 	Display Frame 4
132.1284 	EXP 	Display Frame 5
132.2286 	EXP 	Display Frame 6
132.3285 	EXP 	Display Frame 7
132.4285 	EXP 	Display Frame 8
132.5284 	EXP 	Display Frame 9
132.6284 	EXP 	Display Frame 0
132.7283 	EXP 	Display Frame 1
132.8284 	EXP 	Display Frame 2
132.9285 	EXP 	Display Frame 3
133.0285 	EXP 	Display Frame 4
133.1285 	EXP 	Display Frame 5
133.2284 	EXP 	Display Frame 6
133.3284 	EXP 	Display Frame 7
133.4283 	EXP 	Display Frame 8
133.5282 	EXP 	Display Frame 9
133.6284 	EXP 	Display Frame 0
133.7284 	EXP 	Display Frame 1
133.8282 	EXP 	Display Frame 2
133.9283 	EXP 	Display Frame 3
134.0285 	EXP 	Display Frame 4
134.1284 	EXP 	Display Frame 5
134.2284 	EXP 	Display Frame 6
134.3284 	EXP 	Display Frame 7
134.4282 	EXP 	Display Frame 8
134.5282 	EXP 	Display Frame 9
134.6282 	EXP 	Display Frame 0
134.7284 	EXP 	Display Frame 1
134.8283 	EXP 	Display Frame 2
134.9282 	EXP 	Display Frame 3
135.0285 	EXP 	Display Frame 4
135.1285 	EXP 	Display Frame 5
135.2284 	EXP 	Display Frame 6
135.3284 	EXP 	Display Frame 7
135.4285 	EXP 	Display Frame 8
135.5284 	EXP 	Display Frame 9
135.6285 	EXP 	Display Frame 0
135.7285 	EXP 	Display Frame 1
135.8285 	EXP 	Display Frame 2
135.9284 	EXP 	Display Frame 3
136.0285 	EXP 	Display Frame 4
136.1285 	EXP 	Display Frame 5
136.2284 	EXP 	Display Frame 6
136.3283 	EXP 	Display Frame 7
136.4285 	EXP 	Display Frame 8
136.5284 	EXP 	Display Frame 9
136.6284 	EXP 	Display Frame 0
136.7285 	EXP 	Display Frame 1
136.8284 	EXP 	Display Frame 2
136.9283 	EXP 	Display Frame 3
137.0284 	EXP 	Display Frame 4
137.1285 	EXP 	Display Frame 5
137.2282 	EXP 	Display Frame 6
137.3284 	EXP 	Display Frame 7
137.4282 	EXP 	Display Frame 8
137.5284 	EXP 	Display Frame 9
137.6282 	EXP 	Display Frame 0
137.7282 	EXP 	Display Frame 1
137.8282 	EXP 	Display Frame 2
137.9284 	EXP 	Display Frame 3
138.0285 	EXP 	Display Frame 4
138.1284 	EXP 	Display Frame 5
138.2284 	EXP 	Display Frame 6
138.3282 	EXP 	Display Frame 7
138.4282 	EXP 	Display Frame 8
138.5284 	EXP 	Display Frame 9
138.6284 	EXP 	Display Frame 0
138.7283 	EXP 	Display Frame 1
138.8284 	EXP 	Display Frame 2
138.9284 	EXP 	Display Frame 3
139.0284 	EXP 	Display Frame 4
139.1286 	EXP 	Display Frame 5
139.2286 	EXP 	Display Frame 6
139.3284 	EXP 	Display Frame 7
139.4284 	EXP 	Display Frame 8
139.5283 	EXP 	Display Frame 9
139.6284 	EXP 	Display Frame 0
139.7283 	EXP 	Display Frame 1
139.8284 	EXP 	Display Frame 2
139.9283 	EXP 	Display Frame 3
140.0285 	EXP 	Display Frame 4
140.1282 	EXP 	Display Frame 5
140.2284 	EXP 	Display Frame 6
140.3285 	EXP 	Display Frame 7
140.4285 	EXP 	Display Frame 8
140.5284 	EXP 	Display Frame 9
140.6284 	EXP 	Display Frame 0
140.7282 	EXP 	Display Frame 1
140.8286 	EXP 	Display Frame 2
140.9286 	EXP 	Display Frame 3
141.0286 	EXP 	Display Frame 4
141.1285 	EXP 	Display Frame 5
141.2285 	EXP 	Display Frame 6
141.3285 	EXP 	Display Frame 7
141.4284 	EXP 	Display Frame 8
141.5284 	EXP 	Display Frame 9
141.6284 	EXP 	Display Frame 0
141.7282 	EXP 	Display Frame 1
141.8284 	EXP 	Display Frame 2
141.9284 	EXP 	Display Frame 3
142.0285 	EXP 	Display Frame 4
142.1284 	EXP 	Display Frame 5
142.2284 	EXP 	Display Frame 6
142.3282 	EXP 	Display Frame 7
142.4285 	EXP 	Display Frame 8
142.5284 	EXP 	Display Frame 9
142.6286 	EXP 	Display Frame 0
142.7285 	EXP 	Display Frame 1
142.8284 	EXP 	Display Frame 2
142.9283 	EXP 	Display Frame 3
143.0285 	EXP 	Display Frame 4
143.1284 	EXP 	Display Frame 5
143.2284 	EXP 	Display Frame 6
143.3284 	EXP 	Display Frame 7
143.4284 	EXP 	Display Frame 8
143.5282 	EXP 	Display Frame 9
143.6284 	EXP 	Display Frame 0
143.7284 	EXP 	Display Frame 1
143.8284 	EXP 	Display Frame 2
143.9282 	EXP 	Display Frame 3
144.0285 	EXP 	Display Frame 4
144.1284 	EXP 	Display Frame 5
144.2282 	EXP 	Display Frame 6
144.3284 	EXP 	Display Frame 7
144.4283 	EXP 	Display Frame 8
144.5285 	EXP 	Display Frame 9
144.6284 	EXP 	Display Frame 0
144.7284 	EXP 	Display Frame 1
144.8284 	EXP 	Display Frame 2
144.9284 	EXP 	Display Frame 3
145.0285 	EXP 	Display Frame 4
145.1283 	EXP 	Display Frame 5
145.2284 	EXP 	Display Frame 6
145.3287 	EXP 	Display Frame 7
145.4287 	EXP 	Display Frame 8
145.5286 	EXP 	Display Frame 9
145.6286 	EXP 	Display Frame 0
145.7286 	EXP 	Display Frame 1
145.8286 	EXP 	Display Frame 2
145.9285 	EXP 	Display Frame 3
146.0285 	EXP 	Display Frame 4
146.1285 	EXP 	Display Frame 5
146.2284 	EXP 	Display Frame 6
146.3284 	EXP 	Display Frame 7
146.4284 	EXP 	Display Frame 8
146.5284 	EXP 	Display Frame 9
146.6284 	EXP 	Display Frame 0
146.7284 	EXP 	Display Frame 1
146.8284 	EXP 	Display Frame 2
146.9282 	EXP 	Display Frame 3
147.0285 	EXP 	Display Frame 4
147.1284 	EXP 	Display Frame 5
147.2285 	EXP 	Display Frame 6
147.3282 	EXP 	Display Frame 7
147.4282 	EXP 	Display Frame 8
147.5283 	EXP 	Display Frame 9
147.6284 	EXP 	Display Frame 0
147.7285 	EXP 	Display Frame 1
147.8285 	EXP 	Display Frame 2
147.9285 	EXP 	Display Frame 3
148.0285 	EXP 	Display Frame 4
148.1285 	EXP 	Display Frame 5
148.2285 	EXP 	Display Frame 6
148.3284 	EXP 	Display Frame 7
148.4284 	EXP 	Display Frame 8
148.5282 	EXP 	Display Frame 9
148.6284 	EXP 	Display Frame 0
148.7283 	EXP 	Display Frame 1
148.8282 	EXP 	Display Frame 2
148.9283 	EXP 	Display Frame 3
149.0285 	EXP 	Display Frame 4
149.1284 	EXP 	Display Frame 5
149.2284 	EXP 	Display Frame 6
149.3284 	EXP 	Display Frame 7
149.4284 	EXP 	Display Frame 8
149.5284 	EXP 	Display Frame 9
149.6283 	EXP 	Display Frame 0
149.7285 	EXP 	Display Frame 1
149.8284 	EXP 	Display Frame 2
149.9284 	EXP 	Display Frame 3
150.0285 	EXP 	Display Frame 4
150.1284 	EXP 	Display Frame 5
150.2282 	EXP 	Display Frame 6
150.3284 	EXP 	Display Frame 7
150.4283 	EXP 	Display Frame 8
150.5284 	EXP 	Display Frame 9
150.6285 	EXP 	Display Frame 0
150.7282 	EXP 	Display Frame 1
150.8283 	EXP 	Display Frame 2
150.9284 	EXP 	Display Frame 3
151.0285 	EXP 	Display Frame 4
151.1285 	EXP 	Display Frame 5
151.2286 	EXP 	Display Frame 6
151.3285 	EXP 	Display Frame 7
151.4285 	EXP 	Display Frame 8
151.5284 	EXP 	Display Frame 9
151.6285 	EXP 	Display Frame 0
151.7284 	EXP 	Display Frame 1
151.8285 	EXP 	Display Frame 2
151.9285 	EXP 	Display Frame 3
152.0285 	EXP 	Display Frame 4
152.1283 	EXP 	Display Frame 5
152.2284 	EXP 	Display Frame 6
152.3284 	EXP 	Display Frame 7
152.4282 	EXP 	Display Frame 8
152.5282 	EXP 	Display Frame 9
152.6284 	EXP 	Display Frame 0
152.7284 	EXP 	Display Frame 1
152.8282 	EXP 	Display Frame 2
152.9282 	EXP 	Display Frame 3
153.0285 	EXP 	Display Frame 4
153.1284 	EXP 	Display Frame 5
153.2283 	EXP 	Display Frame 6
153.3282 	EXP 	Display Frame 7
153.4282 	EXP 	Display Frame 8
153.5284 	EXP 	Display Frame 9
153.6282 	EXP 	Display Frame 0
153.7284 	EXP 	Display Frame 1
153.8283 	EXP 	Display Frame 2
153.9284 	EXP 	Display Frame 3
154.0285 	EXP 	Display Frame 4
154.1284 	EXP 	Display Frame 5
154.2284 	EXP 	Display Frame 6
154.3282 	EXP 	Display Frame 7
154.4282 	EXP 	Display Frame 8
154.5284 	EXP 	Display Frame 9
154.6282 	EXP 	Display Frame 0
154.7286 	EXP 	Display Frame 1
154.8285 	EXP 	Display Frame 2
154.9283 	EXP 	Display Frame 3
155.0285 	EXP 	Display Frame 4
155.1284 	EXP 	Display Frame 5
155.2284 	EXP 	Display Frame 6
155.3284 	EXP 	Display Frame 7
155.4284 	EXP 	Display Frame 8
155.5284 	EXP 	Display Frame 9
155.6285 	EXP 	Display Frame 0
155.7284 	EXP 	Display Frame 1
155.8284 	EXP 	Display Frame 2
155.9285 	EXP 	Display Frame 3
156.0285 	EXP 	Display Frame 4
156.1285 	EXP 	Display Frame 5
156.2284 	EXP 	Display Frame 6
156.3285 	EXP 	Display Frame 7
156.4285 	EXP 	Display Frame 8
156.5282 	EXP 	Display Frame 9
156.6284 	EXP 	Display Frame 0
156.7284 	EXP 	Display Frame 1
156.8284 	EXP 	Display Frame 2
156.9285 	EXP 	Display Frame 3
157.0285 	EXP 	Display Frame 4
157.1284 	EXP 	Display Frame 5
157.2282 	EXP 	Display Frame 6
157.3282 	EXP 	Display Frame 7
157.4282 	EXP 	Display Frame 8
157.5285 	EXP 	Display Frame 9
157.6284 	EXP 	Display Frame 0
157.7282 	EXP 	Display Frame 1
157.8284 	EXP 	Display Frame 2
157.9284 	EXP 	Display Frame 3
158.0285 	EXP 	Display Frame 4
158.1286 	EXP 	Display Frame 5
158.2285 	EXP 	Display Frame 6
158.3285 	EXP 	Display Frame 7
158.4284 	EXP 	Display Frame 8
158.5285 	EXP 	Display Frame 9
158.6284 	EXP 	Display Frame 0
158.7283 	EXP 	Display Frame 1
158.8282 	EXP 	Display Frame 2
158.9284 	EXP 	Display Frame 3
159.0285 	EXP 	Display Frame 4
159.1282 	EXP 	Display Frame 5
159.2284 	EXP 	Display Frame 6
159.3285 	EXP 	Display Frame 7
159.4283 	EXP 	Display Frame 8
159.5284 	EXP 	Display Frame 9
159.6284 	EXP 	Display Frame 0
159.7284 	EXP 	Display Frame 1
159.8282 	EXP 	Display Frame 2
159.9284 	EXP 	Display Frame 3
160.0283 	EXP 	Display Frame 4
160.1283 	EXP 	Display Frame 5
160.2282 	EXP 	Display Frame 6
160.3285 	EXP 	Display Frame 7
160.4284 	EXP 	Display Frame 8
160.5282 	EXP 	Display Frame 9
160.6282 	EXP 	Display Frame 0
160.7284 	EXP 	Display Frame 1
160.8284 	EXP 	Display Frame 2
160.9283 	EXP 	Display Frame 3
161.0285 	EXP 	Display Frame 4
161.1285 	EXP 	Display Frame 5
161.2284 	EXP 	Display Frame 6
161.3282 	EXP 	Display Frame 7
161.4285 	EXP 	Display Frame 8
161.5283 	EXP 	Display Frame 9
161.6286 	EXP 	Display Frame 0
161.7286 	EXP 	Display Frame 1
161.8285 	EXP 	Display Frame 2
161.9284 	EXP 	Display Frame 3
162.0285 	EXP 	Display Frame 4
162.1285 	EXP 	Display Frame 5
162.2284 	EXP 	Display Frame 6
162.3285 	EXP 	Display Frame 7
162.4282 	EXP 	Display Frame 8
162.5284 	EXP 	Display Frame 9
162.6284 	EXP 	Display Frame 0
162.7284 	EXP 	Display Frame 1
162.8282 	EXP 	Display Frame 2
162.9284 	EXP 	Display Frame 3
163.0285 	EXP 	Display Frame 4
163.1285 	EXP 	Display Frame 5
163.2284 	EXP 	Display Frame 6
163.3285 	DATA 	Keypress: q
163.3308 	EXP 	Display Frame 7
163.3403 	EXP 	topMsg: height = 0.1
163.3403 	EXP 	topMsg: height = 0.1
163.3403 	EXP 	topMsg: text = "Thank you very much! \n\nThat's it with the tapping"
163.3403 	EXP 	bottomMsg: height = 0.1
163.3403 	EXP 	bottomMsg: height = 0.1
163.3403 	EXP 	bottomMsg: text = "Please relax for the ramaining time \n\n Press 'q' or 'escape' to end the session."
163.3403 	EXP 	Display TheEnd
163.4565 	DATA 	Keypress: equal
163.5522 	DATA 	Keypress: q
163.6637 	EXP 	win: mouseVisible = True
