1.0485 	WARNING 	We strongly recommend you activate the PTB sound engine in PsychoPy prefs as the preferred audio engine. Its timing is vastly superior. Your prefs are currently set to use ['sounddevice', 'PTB', 'pyo', 'pygame'] (in that order).
6.1669 	INFO 	---START PARAMETERS---
6.1670 	INFO 	filename: TappingWithTrTiming_Movie_d3.py-1tt==============-270-Sep_15_1855
6.1670 	INFO 	subject: 1tt==============
6.1670 	INFO 	session: 270
6.1670 	INFO 	date: Sep_15_1855
6.1670 	INFO 	blockDur_TRs: 15
6.1670 	INFO 	condition: TapFast
6.1670 	INFO 	fixCrossPos: [0, 0]
6.1670 	INFO 	fixCrossSize: 100
6.1670 	INFO 	fullScreen: True
6.1670 	INFO 	movieFolder: Images/
6.1670 	INFO 	movieSize: (1600, 1000)
6.1670 	INFO 	nBlocks: 68
6.1670 	INFO 	promptDir: Text/
6.1670 	INFO 	restDur_TRs: 15
6.1670 	INFO 	screenColor: (128, 128, 128)
6.1670 	INFO 	screenToShow: 0
6.1670 	INFO 	skipPrompts: False
6.1670 	INFO 	tStartup_TRs: 0
6.1670 	INFO 	textHeight: 40
6.1670 	INFO 	triggerKey: equal
6.1670 	INFO 	---END PARAMETERS---
6.9875 	INFO 	Loaded monitor calibration from ['2022_03_25 08:03']
8.5416 	WARNING 	Couldn't measure a consistent frame rate!
  - Is your graphics card set to sync to vertical blank?
  - Are you running other processes on your computer?

8.5424 	EXP 	Created win = Window(allowGUI=False, allowStencil=False, autoLog=True, backendConf=UNKNOWN, bitsMode=UNKNOWN, blendMode='avg', bpc=(8, 8, 8), color=array([128, 128, 128]), colorSpace='rgb255', depthBits=8, fullscr=<method-wrapper '__getattribute__' of attributeSetter object at 0x7faf463be4c0>, gamma=None, gammaErrorPolicy='raise', lms=UNKNOWN, monitor=<psychopy.monitors.calibTools.Monitor object at 0x7faf50c02ca0>, multiSample=False, name='win', numSamples=2, pos=[0.0, 0.0], screen=0, size=array([1280,  720]), stencilBits=0, stereo=False, units='deg', useFBO=False, useRetina=False, viewOri=0.0, viewPos=None, viewScale=None, waitBlanking=True, winType='pyglet')
8.5428 	EXP 	win: mouseVisible = True
8.5504 	EXP 	Created fixCross = ShapeStim(__class__=<class 'psychopy.visual.shape.ShapeStim'>, anchor=('center', 'center'), autoDraw=False, autoLog=True, closeShape=False, color=method-wrapper(...), colorSpace='rgb', contrast=None, depth=0, fillColor=array([0, 0, 0]), fillColorSpace='rgb', fillRGB=array([0, 0, 0]), interpolate=True, lineColor=array([-1., -1., -1.]), lineColorSpace='rgb', lineRGB=array([-1., -1., -1.]), lineWidth=3.0, name='fixCross', opacity=0.5, ori=0.0, pos=array([0., 0.]), size=array([1., 1.]), units='pix', vertices=ndarray(...), win=Window(...), windingRule=None)
8.5509 	WARNING 	TextStim.alignHoriz is deprecated. Use alignText and anchorHoriz attributes instead
8.5789 	EXP 	Created topMsg = TextStim(__class__=<class 'psychopy.visual.text.TextStim'>, alignHoriz='center', alignText='center', alignVert=method-wrapper(...), anchorHoriz='center', anchorVert='center', antialias=True, autoLog=True, bold=False, color=array([-1., -1., -1.]), colorSpace='rgb', contrast=1.0, depth=0, flipHoriz=False, flipVert=False, font='', fontFiles=[], height=0.1, italic=False, languageStyle='LTR', name='topMsg', opacity=1.0, ori=0.0, pos=array([0. , 0.5]), rgb=UNKNOWN, text='aaa', units='norm', win=Window(...), wrapWidth=1.5)
8.5791 	WARNING 	TextStim.alignHoriz is deprecated. Use alignText and anchorHoriz attributes instead
8.5814 	EXP 	Created bottomMsg = TextStim(__class__=<class 'psychopy.visual.text.TextStim'>, alignHoriz='center', alignText='center', alignVert=method-wrapper(...), anchorHoriz='center', anchorVert='center', antialias=True, autoLog=True, bold=False, color=array([-1., -1., -1.]), colorSpace='rgb', contrast=1.0, depth=0, flipHoriz=False, flipVert=False, font='', fontFiles=[], height=0.1, italic=False, languageStyle='LTR', name='bottomMsg', opacity=1.0, ori=0.0, pos=array([ 0. , -0.5]), rgb=UNKNOWN, text='bbb', units='norm', win=Window(...), wrapWidth=1.5)
8.6575 	EXP 	Created Movie Frame 0 = ImageStim(__class__=<class 'psychopy.visual.image.ImageStim'>, anchor=('center', 'center'), autoLog=True, color=array([1., 1., 1.]), colorSpace='rgb', contrast=1.0, depth=0, flipHoriz=False, flipVert=False, image='Images/right_0.png', interpolate=False, mask=None, maskParams=None, name='Movie Frame 0', opacity=1, ori=0.0, pos=array([0., 0.]), size=array([1600., 1000.]), texRes=128, units='pix', win=Window(...))
8.7235 	EXP 	Created Movie Frame 1 = ImageStim(__class__=<class 'psychopy.visual.image.ImageStim'>, anchor=('center', 'center'), autoLog=True, color=array([1., 1., 1.]), colorSpace='rgb', contrast=1.0, depth=0, flipHoriz=False, flipVert=False, image='Images/right_1.png', interpolate=False, mask=None, maskParams=None, name='Movie Frame 1', opacity=1, ori=0.0, pos=array([0., 0.]), size=array([1600., 1000.]), texRes=128, units='pix', win=Window(...))
8.7849 	EXP 	Created Movie Frame 2 = ImageStim(__class__=<class 'psychopy.visual.image.ImageStim'>, anchor=('center', 'center'), autoLog=True, color=array([1., 1., 1.]), colorSpace='rgb', contrast=1.0, depth=0, flipHoriz=False, flipVert=False, image='Images/right_2.png', interpolate=False, mask=None, maskParams=None, name='Movie Frame 2', opacity=1, ori=0.0, pos=array([0., 0.]), size=array([1600., 1000.]), texRes=128, units='pix', win=Window(...))
8.8459 	EXP 	Created Movie Frame 3 = ImageStim(__class__=<class 'psychopy.visual.image.ImageStim'>, anchor=('center', 'center'), autoLog=True, color=array([1., 1., 1.]), colorSpace='rgb', contrast=1.0, depth=0, flipHoriz=False, flipVert=False, image='Images/right_3.png', interpolate=False, mask=None, maskParams=None, name='Movie Frame 3', opacity=1, ori=0.0, pos=array([0., 0.]), size=array([1600., 1000.]), texRes=128, units='pix', win=Window(...))
8.9087 	EXP 	Created Movie Frame 4 = ImageStim(__class__=<class 'psychopy.visual.image.ImageStim'>, anchor=('center', 'center'), autoLog=True, color=array([1., 1., 1.]), colorSpace='rgb', contrast=1.0, depth=0, flipHoriz=False, flipVert=False, image='Images/right_4.png', interpolate=False, mask=None, maskParams=None, name='Movie Frame 4', opacity=1, ori=0.0, pos=array([0., 0.]), size=array([1600., 1000.]), texRes=128, units='pix', win=Window(...))
8.9696 	EXP 	Created Movie Frame 5 = ImageStim(__class__=<class 'psychopy.visual.image.ImageStim'>, anchor=('center', 'center'), autoLog=True, color=array([1., 1., 1.]), colorSpace='rgb', contrast=1.0, depth=0, flipHoriz=False, flipVert=False, image='Images/right_5.png', interpolate=False, mask=None, maskParams=None, name='Movie Frame 5', opacity=1, ori=0.0, pos=array([0., 0.]), size=array([1600., 1000.]), texRes=128, units='pix', win=Window(...))
9.0322 	EXP 	Created Movie Frame 6 = ImageStim(__class__=<class 'psychopy.visual.image.ImageStim'>, anchor=('center', 'center'), autoLog=True, color=array([1., 1., 1.]), colorSpace='rgb', contrast=1.0, depth=0, flipHoriz=False, flipVert=False, image='Images/right_6.png', interpolate=False, mask=None, maskParams=None, name='Movie Frame 6', opacity=1, ori=0.0, pos=array([0., 0.]), size=array([1600., 1000.]), texRes=128, units='pix', win=Window(...))
9.0920 	EXP 	Created Movie Frame 7 = ImageStim(__class__=<class 'psychopy.visual.image.ImageStim'>, anchor=('center', 'center'), autoLog=True, color=array([1., 1., 1.]), colorSpace='rgb', contrast=1.0, depth=0, flipHoriz=False, flipVert=False, image='Images/right_7.png', interpolate=False, mask=None, maskParams=None, name='Movie Frame 7', opacity=1, ori=0.0, pos=array([0., 0.]), size=array([1600., 1000.]), texRes=128, units='pix', win=Window(...))
9.1541 	EXP 	Created Movie Frame 8 = ImageStim(__class__=<class 'psychopy.visual.image.ImageStim'>, anchor=('center', 'center'), autoLog=True, color=array([1., 1., 1.]), colorSpace='rgb', contrast=1.0, depth=0, flipHoriz=False, flipVert=False, image='Images/right_8.png', interpolate=False, mask=None, maskParams=None, name='Movie Frame 8', opacity=1, ori=0.0, pos=array([0., 0.]), size=array([1600., 1000.]), texRes=128, units='pix', win=Window(...))
9.2151 	EXP 	Created Movie Frame 9 = ImageStim(__class__=<class 'psychopy.visual.image.ImageStim'>, anchor=('center', 'center'), autoLog=True, color=array([1., 1., 1.]), colorSpace='rgb', contrast=1.0, depth=0, flipHoriz=False, flipVert=False, image='Images/right_9.png', interpolate=False, mask=None, maskParams=None, name='Movie Frame 9', opacity=1, ori=0.0, pos=array([0., 0.]), size=array([1600., 1000.]), texRes=128, units='pix', win=Window(...))
9.2210 	EXP 	Created unnamed TextStim = TextStim(__class__=<class 'psychopy.visual.text.TextStim'>, alignHoriz=method-wrapper(...), alignText='center', alignVert=method-wrapper(...), anchorHoriz='center', anchorVert='center', antialias=True, autoLog=True, bold=False, color=array([-1., -1., -1.]), colorSpace='rgb', contrast=1.0, depth=0, flipHoriz=False, flipVert=False, font='', fontFiles=[], height=40.0, italic=False, languageStyle='LTR', name='unnamed TextStim', opacity=1.0, ori=0.0, pos=array([  0., 580.]), rgb=UNKNOWN, text='Tap along with the video.', units='pix', win=Window(...), wrapWidth=1600)
9.2364 	DATA 	Keypress: space
9.2383 	WARNING 	t of last frame was 696.88ms (=1/1)
9.2383 	EXP 	topMsg: height = 0.1
9.2383 	EXP 	topMsg: height = 0.1
9.2383 	EXP 	topMsg: text = 'You will see a movie of a finger tapping. When it is on the screen, try to BOTH hands to tap your fingers at the same times as the movie does. When the fixation cross appears, relax and stare at the cross.'
9.2383 	EXP 	bottomMsg: height = 0.1
9.2383 	EXP 	bottomMsg: height = 0.1
9.2383 	EXP 	bottomMsg: text = 'The experiment will begin shortly'
9.2383 	EXP 	Display Instructions1
9.6963 	DATA 	Keypress: space
9.7006 	WARNING 	t of last frame was 462.26ms (=1/2)
9.7006 	EXP 	topMsg: height = 0.1
9.7006 	EXP 	topMsg: height = 0.1
9.7006 	EXP 	topMsg: text = "Please don't move..."
9.7006 	EXP 	bottomMsg: height = 0.1
9.7006 	EXP 	bottomMsg: height = 0.1
9.7006 	EXP 	bottomMsg: text = ''
9.7006 	EXP 	PleaseDontMove
12.3236 	DATA 	Keypress: equal
12.3332 	WARNING 	t of last frame was 2632.67ms (=1/0)
12.3332 	EXP 	Display Fixation
12.3333 	EXP 	---START EXPERIMENT---
12.3341 	EXP 	Display Fixation
13.8261 	DATA 	Keypress: equal
15.3235 	DATA 	Keypress: equal
16.8239 	DATA 	Keypress: equal
18.3237 	DATA 	Keypress: equal
19.8235 	DATA 	Keypress: equal
21.3238 	DATA 	Keypress: equal
22.8237 	DATA 	Keypress: equal
24.3240 	DATA 	Keypress: equal
25.8235 	DATA 	Keypress: equal
27.3237 	DATA 	Keypress: equal
28.8239 	DATA 	Keypress: equal
30.3239 	DATA 	Keypress: equal
31.8237 	DATA 	Keypress: equal
33.3238 	DATA 	Keypress: equal
34.8239 	DATA 	Keypress: equal
34.8274 	WARNING 	t of last frame was 22493.33ms (=1/0)
34.8583 	WARNING 	Multiple dropped frames have occurred - I'll stop bothering you about them!
34.8583 	EXP 	Display Frame 1
34.8959 	EXP 	Display Frame 2
34.9247 	EXP 	Display Frame 3
34.9581 	EXP 	Display Frame 4
34.9914 	EXP 	Display Frame 5
35.0247 	EXP 	Display Frame 6
35.0580 	EXP 	Display Frame 7
35.0933 	EXP 	Display Frame 8
35.1247 	EXP 	Display Frame 9
35.1580 	EXP 	Display Frame 0
35.1914 	EXP 	Display Frame 1
35.2247 	EXP 	Display Frame 2
35.2580 	EXP 	Display Frame 3
35.2936 	EXP 	Display Frame 4
35.3248 	EXP 	Display Frame 5
35.3580 	EXP 	Display Frame 6
35.3914 	EXP 	Display Frame 7
35.4247 	EXP 	Display Frame 8
35.4580 	EXP 	Display Frame 9
35.4940 	EXP 	Display Frame 0
35.5247 	EXP 	Display Frame 1
35.5580 	EXP 	Display Frame 2
35.5914 	EXP 	Display Frame 3
35.6247 	EXP 	Display Frame 4
35.6580 	EXP 	Display Frame 5
35.6934 	EXP 	Display Frame 6
35.7247 	EXP 	Display Frame 7
35.7580 	EXP 	Display Frame 8
35.7914 	EXP 	Display Frame 9
35.8247 	EXP 	Display Frame 0
35.8580 	EXP 	Display Frame 1
35.8932 	EXP 	Display Frame 2
35.9247 	EXP 	Display Frame 3
35.9580 	EXP 	Display Frame 4
35.9913 	EXP 	Display Frame 5
36.0247 	EXP 	Display Frame 6
36.0580 	EXP 	Display Frame 7
36.0937 	EXP 	Display Frame 8
36.1247 	EXP 	Display Frame 9
36.1580 	EXP 	Display Frame 0
36.1914 	EXP 	Display Frame 1
36.2247 	EXP 	Display Frame 2
36.2580 	EXP 	Display Frame 3
36.2937 	EXP 	Display Frame 4
36.3247 	DATA 	Keypress: equal
36.3255 	EXP 	Display Frame 5
36.3580 	EXP 	Display Frame 6
36.3913 	EXP 	Display Frame 7
36.4247 	EXP 	Display Frame 8
36.4580 	EXP 	Display Frame 9
36.4932 	EXP 	Display Frame 0
36.5247 	EXP 	Display Frame 1
36.5580 	EXP 	Display Frame 2
36.5914 	EXP 	Display Frame 3
36.6247 	EXP 	Display Frame 4
36.6580 	EXP 	Display Frame 5
36.6940 	EXP 	Display Frame 6
36.7247 	EXP 	Display Frame 7
36.7580 	EXP 	Display Frame 8
36.7914 	EXP 	Display Frame 9
36.8247 	EXP 	Display Frame 0
36.8580 	EXP 	Display Frame 1
36.8965 	EXP 	Display Frame 2
36.9251 	EXP 	Display Frame 3
36.9580 	EXP 	Display Frame 4
36.9914 	EXP 	Display Frame 5
37.0255 	EXP 	Display Frame 6
37.0580 	EXP 	Display Frame 7
37.0933 	EXP 	Display Frame 8
37.1247 	EXP 	Display Frame 9
37.1581 	EXP 	Display Frame 0
37.1914 	EXP 	Display Frame 1
37.2247 	EXP 	Display Frame 2
37.2580 	EXP 	Display Frame 3
37.2933 	EXP 	Display Frame 4
37.3247 	EXP 	Display Frame 5
37.3581 	EXP 	Display Frame 6
37.3914 	EXP 	Display Frame 7
37.4247 	EXP 	Display Frame 8
37.4580 	EXP 	Display Frame 9
37.4944 	EXP 	Display Frame 0
37.5247 	EXP 	Display Frame 1
37.5581 	EXP 	Display Frame 2
37.5914 	EXP 	Display Frame 3
37.6247 	EXP 	Display Frame 4
37.6580 	EXP 	Display Frame 5
37.6936 	EXP 	Display Frame 6
37.7247 	EXP 	Display Frame 7
37.7581 	EXP 	Display Frame 8
37.7914 	EXP 	Display Frame 9
37.8249 	DATA 	Keypress: equal
37.8258 	EXP 	Display Frame 0
37.8580 	EXP 	Display Frame 1
37.8935 	EXP 	Display Frame 2
37.9247 	EXP 	Display Frame 3
37.9581 	EXP 	Display Frame 4
37.9914 	EXP 	Display Frame 5
38.0247 	EXP 	Display Frame 6
38.0580 	EXP 	Display Frame 7
38.0923 	EXP 	Display Frame 8
38.1247 	EXP 	Display Frame 9
38.1580 	EXP 	Display Frame 0
38.1914 	EXP 	Display Frame 1
38.2247 	EXP 	Display Frame 2
38.2580 	EXP 	Display Frame 3
38.2936 	EXP 	Display Frame 4
38.3248 	EXP 	Display Frame 5
38.3581 	EXP 	Display Frame 6
38.3914 	EXP 	Display Frame 7
38.4247 	EXP 	Display Frame 8
38.4580 	EXP 	Display Frame 9
38.4936 	EXP 	Display Frame 0
38.5247 	EXP 	Display Frame 1
38.5581 	EXP 	Display Frame 2
38.5914 	EXP 	Display Frame 3
38.6247 	EXP 	Display Frame 4
38.6580 	EXP 	Display Frame 5
38.6919 	EXP 	Display Frame 6
38.7247 	EXP 	Display Frame 7
38.7580 	EXP 	Display Frame 8
38.7914 	EXP 	Display Frame 9
38.8247 	EXP 	Display Frame 0
38.8580 	EXP 	Display Frame 1
38.8913 	EXP 	Display Frame 2
38.9248 	EXP 	Display Frame 3
38.9581 	EXP 	Display Frame 4
38.9913 	EXP 	Display Frame 5
39.0247 	EXP 	Display Frame 6
39.0580 	EXP 	Display Frame 7
39.0934 	EXP 	Display Frame 8
39.1247 	EXP 	Display Frame 9
39.1580 	EXP 	Display Frame 0
39.1914 	EXP 	Display Frame 1
39.2247 	EXP 	Display Frame 2
39.2580 	EXP 	Display Frame 3
39.2936 	EXP 	Display Frame 4
39.3249 	DATA 	Keypress: equal
39.3258 	EXP 	Display Frame 5
39.3580 	EXP 	Display Frame 6
39.3914 	EXP 	Display Frame 7
39.4247 	EXP 	Display Frame 8
39.4580 	EXP 	Display Frame 9
39.4935 	EXP 	Display Frame 0
39.5247 	EXP 	Display Frame 1
39.5580 	EXP 	Display Frame 2
39.5914 	EXP 	Display Frame 3
39.6247 	EXP 	Display Frame 4
39.6580 	EXP 	Display Frame 5
39.6936 	EXP 	Display Frame 6
39.7247 	EXP 	Display Frame 7
39.7581 	EXP 	Display Frame 8
39.7914 	EXP 	Display Frame 9
39.8247 	EXP 	Display Frame 0
39.8580 	EXP 	Display Frame 1
39.8935 	EXP 	Display Frame 2
39.9247 	EXP 	Display Frame 3
39.9580 	EXP 	Display Frame 4
39.9914 	EXP 	Display Frame 5
40.0247 	EXP 	Display Frame 6
40.0580 	EXP 	Display Frame 7
40.0935 	EXP 	Display Frame 8
40.1247 	EXP 	Display Frame 9
40.1580 	EXP 	Display Frame 0
40.1914 	EXP 	Display Frame 1
40.2247 	EXP 	Display Frame 2
40.2580 	EXP 	Display Frame 3
40.2937 	EXP 	Display Frame 4
40.3247 	EXP 	Display Frame 5
40.3580 	EXP 	Display Frame 6
40.3914 	EXP 	Display Frame 7
40.4247 	EXP 	Display Frame 8
40.4580 	EXP 	Display Frame 9
40.4933 	EXP 	Display Frame 0
40.5247 	EXP 	Display Frame 1
40.5580 	EXP 	Display Frame 2
40.5914 	EXP 	Display Frame 3
40.6247 	EXP 	Display Frame 4
40.6580 	EXP 	Display Frame 5
40.6935 	EXP 	Display Frame 6
40.7247 	EXP 	Display Frame 7
40.7580 	EXP 	Display Frame 8
40.7914 	EXP 	Display Frame 9
40.8248 	DATA 	Keypress: equal
40.8254 	EXP 	Display Frame 0
40.8580 	EXP 	Display Frame 1
40.8939 	EXP 	Display Frame 2
40.9247 	EXP 	Display Frame 3
40.9580 	EXP 	Display Frame 4
40.9913 	EXP 	Display Frame 5
41.0247 	EXP 	Display Frame 6
41.0580 	EXP 	Display Frame 7
41.0938 	EXP 	Display Frame 8
41.1247 	EXP 	Display Frame 9
41.1581 	EXP 	Display Frame 0
41.1914 	EXP 	Display Frame 1
41.2247 	EXP 	Display Frame 2
41.2580 	EXP 	Display Frame 3
41.2939 	EXP 	Display Frame 4
41.3247 	EXP 	Display Frame 5
41.3581 	EXP 	Display Frame 6
41.3914 	EXP 	Display Frame 7
41.4247 	EXP 	Display Frame 8
41.4580 	EXP 	Display Frame 9
41.4939 	EXP 	Display Frame 0
41.5247 	EXP 	Display Frame 1
41.5580 	EXP 	Display Frame 2
41.5913 	EXP 	Display Frame 3
41.6247 	EXP 	Display Frame 4
41.6580 	EXP 	Display Frame 5
41.6913 	EXP 	Display Frame 6
41.7247 	EXP 	Display Frame 7
41.7582 	EXP 	Display Frame 8
41.7914 	EXP 	Display Frame 9
41.8247 	EXP 	Display Frame 0
41.8580 	EXP 	Display Frame 1
41.8934 	EXP 	Display Frame 2
41.9247 	EXP 	Display Frame 3
41.9580 	EXP 	Display Frame 4
41.9914 	EXP 	Display Frame 5
42.0247 	EXP 	Display Frame 6
42.0580 	EXP 	Display Frame 7
42.0939 	EXP 	Display Frame 8
42.1247 	EXP 	Display Frame 9
42.1580 	EXP 	Display Frame 0
42.1914 	EXP 	Display Frame 1
42.2247 	EXP 	Display Frame 2
42.2580 	EXP 	Display Frame 3
42.2938 	EXP 	Display Frame 4
42.3249 	DATA 	Keypress: equal
42.3258 	EXP 	Display Frame 5
42.3581 	EXP 	Display Frame 6
42.3914 	EXP 	Display Frame 7
42.4247 	EXP 	Display Frame 8
42.4580 	EXP 	Display Frame 9
42.4938 	EXP 	Display Frame 0
42.5247 	EXP 	Display Frame 1
42.5580 	EXP 	Display Frame 2
42.5914 	EXP 	Display Frame 3
42.6247 	EXP 	Display Frame 4
42.6580 	EXP 	Display Frame 5
42.6936 	EXP 	Display Frame 6
42.7247 	EXP 	Display Frame 7
42.7580 	EXP 	Display Frame 8
42.7914 	EXP 	Display Frame 9
42.8247 	EXP 	Display Frame 0
42.8581 	EXP 	Display Frame 1
42.8934 	EXP 	Display Frame 2
42.9247 	EXP 	Display Frame 3
42.9580 	EXP 	Display Frame 4
42.9914 	EXP 	Display Frame 5
43.0247 	EXP 	Display Frame 6
43.0580 	EXP 	Display Frame 7
43.0930 	EXP 	Display Frame 8
43.1247 	EXP 	Display Frame 9
43.1580 	EXP 	Display Frame 0
43.1914 	EXP 	Display Frame 1
43.2247 	EXP 	Display Frame 2
43.2580 	EXP 	Display Frame 3
43.2934 	EXP 	Display Frame 4
43.3247 	EXP 	Display Frame 5
43.3580 	EXP 	Display Frame 6
43.3914 	EXP 	Display Frame 7
43.4247 	EXP 	Display Frame 8
43.4580 	EXP 	Display Frame 9
43.4938 	EXP 	Display Frame 0
43.5247 	EXP 	Display Frame 1
43.5580 	EXP 	Display Frame 2
43.5914 	EXP 	Display Frame 3
43.6247 	EXP 	Display Frame 4
43.6580 	EXP 	Display Frame 5
43.6935 	EXP 	Display Frame 6
43.7247 	EXP 	Display Frame 7
43.7580 	EXP 	Display Frame 8
43.7914 	EXP 	Display Frame 9
43.8248 	DATA 	Keypress: equal
43.8255 	EXP 	Display Frame 0
43.8580 	EXP 	Display Frame 1
43.8935 	EXP 	Display Frame 2
43.9247 	EXP 	Display Frame 3
43.9581 	EXP 	Display Frame 4
43.9913 	EXP 	Display Frame 5
44.0247 	EXP 	Display Frame 6
44.0580 	EXP 	Display Frame 7
44.0942 	EXP 	Display Frame 8
44.1247 	EXP 	Display Frame 9
44.1580 	EXP 	Display Frame 0
44.1914 	EXP 	Display Frame 1
44.2247 	EXP 	Display Frame 2
44.2582 	EXP 	Display Frame 3
44.2923 	EXP 	Display Frame 4
44.3247 	EXP 	Display Frame 5
44.3581 	EXP 	Display Frame 6
44.3914 	EXP 	Display Frame 7
44.4247 	EXP 	Display Frame 8
44.4580 	EXP 	Display Frame 9
44.4923 	EXP 	Display Frame 0
44.5247 	EXP 	Display Frame 1
44.5581 	EXP 	Display Frame 2
44.5913 	EXP 	Display Frame 3
44.6247 	EXP 	Display Frame 4
44.6580 	EXP 	Display Frame 5
44.6935 	EXP 	Display Frame 6
44.7247 	EXP 	Display Frame 7
44.7580 	EXP 	Display Frame 8
44.7914 	EXP 	Display Frame 9
44.8247 	EXP 	Display Frame 0
44.8580 	EXP 	Display Frame 1
44.8935 	EXP 	Display Frame 2
44.9247 	EXP 	Display Frame 3
44.9580 	EXP 	Display Frame 4
44.9914 	EXP 	Display Frame 5
45.0248 	EXP 	Display Frame 6
45.0580 	EXP 	Display Frame 7
45.0940 	EXP 	Display Frame 8
45.1248 	EXP 	Display Frame 9
45.1580 	EXP 	Display Frame 0
45.1914 	EXP 	Display Frame 1
45.2247 	EXP 	Display Frame 2
45.2580 	EXP 	Display Frame 3
45.2939 	EXP 	Display Frame 4
45.3248 	DATA 	Keypress: equal
45.3257 	EXP 	Display Frame 5
45.3580 	EXP 	Display Frame 6
45.3914 	EXP 	Display Frame 7
45.4247 	EXP 	Display Frame 8
45.4580 	EXP 	Display Frame 9
45.4937 	EXP 	Display Frame 0
45.5247 	EXP 	Display Frame 1
45.5580 	EXP 	Display Frame 2
45.5914 	EXP 	Display Frame 3
45.6247 	EXP 	Display Frame 4
45.6580 	EXP 	Display Frame 5
45.6941 	EXP 	Display Frame 6
45.7247 	EXP 	Display Frame 7
45.7580 	EXP 	Display Frame 8
45.7914 	EXP 	Display Frame 9
45.8247 	EXP 	Display Frame 0
45.8580 	EXP 	Display Frame 1
45.8932 	EXP 	Display Frame 2
45.9247 	EXP 	Display Frame 3
45.9580 	EXP 	Display Frame 4
45.9914 	EXP 	Display Frame 5
46.0247 	EXP 	Display Frame 6
46.0580 	EXP 	Display Frame 7
46.0938 	EXP 	Display Frame 8
46.1247 	EXP 	Display Frame 9
46.1580 	EXP 	Display Frame 0
46.1914 	EXP 	Display Frame 1
46.2247 	EXP 	Display Frame 2
46.2580 	EXP 	Display Frame 3
46.2929 	EXP 	Display Frame 4
46.3247 	EXP 	Display Frame 5
46.3580 	EXP 	Display Frame 6
46.3914 	EXP 	Display Frame 7
46.4247 	EXP 	Display Frame 8
46.4580 	EXP 	Display Frame 9
46.4933 	EXP 	Display Frame 0
46.5247 	EXP 	Display Frame 1
46.5580 	EXP 	Display Frame 2
46.5913 	EXP 	Display Frame 3
46.6247 	EXP 	Display Frame 4
46.6580 	EXP 	Display Frame 5
46.6938 	EXP 	Display Frame 6
46.7247 	EXP 	Display Frame 7
46.7580 	EXP 	Display Frame 8
46.7914 	EXP 	Display Frame 9
46.8246 	DATA 	Keypress: equal
46.8253 	EXP 	Display Frame 0
46.8580 	EXP 	Display Frame 1
46.8937 	EXP 	Display Frame 2
46.9247 	EXP 	Display Frame 3
46.9580 	EXP 	Display Frame 4
46.9914 	EXP 	Display Frame 5
47.0247 	EXP 	Display Frame 6
47.0580 	EXP 	Display Frame 7
47.0932 	EXP 	Display Frame 8
47.1247 	EXP 	Display Frame 9
47.1580 	EXP 	Display Frame 0
47.1914 	EXP 	Display Frame 1
47.2247 	EXP 	Display Frame 2
47.2580 	EXP 	Display Frame 3
47.2913 	EXP 	Display Frame 4
47.3247 	EXP 	Display Frame 5
47.3581 	EXP 	Display Frame 6
47.3914 	EXP 	Display Frame 7
47.4247 	EXP 	Display Frame 8
47.4580 	EXP 	Display Frame 9
47.4936 	EXP 	Display Frame 0
47.5247 	EXP 	Display Frame 1
47.5580 	EXP 	Display Frame 2
47.5914 	EXP 	Display Frame 3
47.6247 	EXP 	Display Frame 4
47.6580 	EXP 	Display Frame 5
47.6934 	EXP 	Display Frame 6
47.7247 	EXP 	Display Frame 7
47.7580 	EXP 	Display Frame 8
47.7914 	EXP 	Display Frame 9
47.8247 	EXP 	Display Frame 0
47.8580 	EXP 	Display Frame 1
47.8934 	EXP 	Display Frame 2
47.9247 	EXP 	Display Frame 3
47.9580 	EXP 	Display Frame 4
47.9914 	EXP 	Display Frame 5
48.0247 	EXP 	Display Frame 6
48.0580 	EXP 	Display Frame 7
48.0939 	EXP 	Display Frame 8
48.1247 	EXP 	Display Frame 9
48.1580 	EXP 	Display Frame 0
48.1914 	EXP 	Display Frame 1
48.2247 	EXP 	Display Frame 2
48.2580 	EXP 	Display Frame 3
48.2917 	EXP 	Display Frame 4
48.3250 	DATA 	Keypress: equal
48.3260 	EXP 	Display Frame 5
48.3582 	EXP 	Display Frame 6
48.3914 	EXP 	Display Frame 7
48.4247 	EXP 	Display Frame 8
48.4585 	EXP 	Display Frame 9
48.4939 	EXP 	Display Frame 0
48.5248 	EXP 	Display Frame 1
48.5581 	EXP 	Display Frame 2
48.5914 	EXP 	Display Frame 3
48.6247 	EXP 	Display Frame 4
48.6581 	EXP 	Display Frame 5
48.6939 	EXP 	Display Frame 6
48.7247 	EXP 	Display Frame 7
48.7580 	EXP 	Display Frame 8
48.7914 	EXP 	Display Frame 9
48.8247 	EXP 	Display Frame 0
48.8580 	EXP 	Display Frame 1
48.8932 	EXP 	Display Frame 2
48.9247 	EXP 	Display Frame 3
48.9581 	EXP 	Display Frame 4
48.9914 	EXP 	Display Frame 5
49.0247 	EXP 	Display Frame 6
49.0580 	EXP 	Display Frame 7
49.0939 	EXP 	Display Frame 8
49.1247 	EXP 	Display Frame 9
49.1581 	EXP 	Display Frame 0
49.1914 	EXP 	Display Frame 1
49.2247 	EXP 	Display Frame 2
49.2580 	EXP 	Display Frame 3
49.2937 	EXP 	Display Frame 4
49.3247 	EXP 	Display Frame 5
49.3580 	EXP 	Display Frame 6
49.3914 	EXP 	Display Frame 7
49.4247 	EXP 	Display Frame 8
49.4580 	EXP 	Display Frame 9
49.4923 	EXP 	Display Frame 0
49.5247 	EXP 	Display Frame 1
49.5581 	EXP 	Display Frame 2
49.5915 	EXP 	Display Frame 3
49.6247 	EXP 	Display Frame 4
49.6580 	EXP 	Display Frame 5
49.6935 	EXP 	Display Frame 6
49.7247 	EXP 	Display Frame 7
49.7580 	EXP 	Display Frame 8
49.7914 	EXP 	Display Frame 9
49.8249 	DATA 	Keypress: equal
49.8258 	EXP 	Display Frame 0
49.8581 	EXP 	Display Frame 1
49.8938 	EXP 	Display Frame 2
49.9247 	EXP 	Display Frame 3
49.9580 	EXP 	Display Frame 4
49.9914 	EXP 	Display Frame 5
50.0247 	EXP 	Display Frame 6
50.0580 	EXP 	Display Frame 7
50.0933 	EXP 	Display Frame 8
50.1247 	EXP 	Display Frame 9
50.1580 	EXP 	Display Frame 0
50.1913 	EXP 	Display Frame 1
50.2247 	EXP 	Display Frame 2
50.2580 	EXP 	Display Frame 3
50.2936 	EXP 	Display Frame 4
50.3247 	EXP 	Display Frame 5
50.3580 	EXP 	Display Frame 6
50.3914 	EXP 	Display Frame 7
50.4247 	EXP 	Display Frame 8
50.4580 	EXP 	Display Frame 9
50.4937 	EXP 	Display Frame 0
50.5247 	EXP 	Display Frame 1
50.5580 	EXP 	Display Frame 2
50.5914 	EXP 	Display Frame 3
50.6247 	EXP 	Display Frame 4
50.6580 	EXP 	Display Frame 5
50.6935 	EXP 	Display Frame 6
50.7247 	EXP 	Display Frame 7
50.7580 	EXP 	Display Frame 8
50.7914 	EXP 	Display Frame 9
50.8247 	EXP 	Display Frame 0
50.8580 	EXP 	Display Frame 1
50.8922 	EXP 	Display Frame 2
50.9247 	EXP 	Display Frame 3
50.9580 	EXP 	Display Frame 4
50.9914 	EXP 	Display Frame 5
51.0247 	EXP 	Display Frame 6
51.0580 	EXP 	Display Frame 7
51.0931 	EXP 	Display Frame 8
51.1247 	EXP 	Display Frame 9
51.1580 	EXP 	Display Frame 0
51.1913 	EXP 	Display Frame 1
51.2247 	EXP 	Display Frame 2
51.2580 	EXP 	Display Frame 3
51.2935 	EXP 	Display Frame 4
51.3247 	DATA 	Keypress: equal
51.3254 	EXP 	Display Frame 5
51.3580 	EXP 	Display Frame 6
51.3914 	EXP 	Display Frame 7
51.4247 	EXP 	Display Frame 8
51.4580 	EXP 	Display Frame 9
51.4921 	EXP 	Display Frame 0
51.5247 	EXP 	Display Frame 1
51.5581 	EXP 	Display Frame 2
51.5914 	EXP 	Display Frame 3
51.6247 	EXP 	Display Frame 4
51.6580 	EXP 	Display Frame 5
51.6936 	EXP 	Display Frame 6
51.7247 	EXP 	Display Frame 7
51.7580 	EXP 	Display Frame 8
51.7914 	EXP 	Display Frame 9
51.8247 	EXP 	Display Frame 0
51.8580 	EXP 	Display Frame 1
51.8942 	EXP 	Display Frame 2
51.9247 	EXP 	Display Frame 3
51.9580 	EXP 	Display Frame 4
51.9914 	EXP 	Display Frame 5
52.0247 	EXP 	Display Frame 6
52.0580 	EXP 	Display Frame 7
52.0929 	EXP 	Display Frame 8
52.1247 	EXP 	Display Frame 9
52.1580 	EXP 	Display Frame 0
52.1914 	EXP 	Display Frame 1
52.2247 	EXP 	Display Frame 2
52.2580 	EXP 	Display Frame 3
52.2941 	EXP 	Display Frame 4
52.3247 	EXP 	Display Frame 5
52.3580 	EXP 	Display Frame 6
52.3914 	EXP 	Display Frame 7
52.4247 	EXP 	Display Frame 8
52.4580 	EXP 	Display Frame 9
52.4940 	EXP 	Display Frame 0
52.5247 	EXP 	Display Frame 1
52.5580 	EXP 	Display Frame 2
52.5914 	EXP 	Display Frame 3
52.6247 	EXP 	Display Frame 4
52.6580 	EXP 	Display Frame 5
52.6940 	EXP 	Display Frame 6
52.7247 	EXP 	Display Frame 7
52.7581 	EXP 	Display Frame 8
52.7914 	EXP 	Display Frame 9
52.8248 	DATA 	Keypress: equal
52.8256 	EXP 	Display Frame 0
52.8580 	EXP 	Display Frame 1
52.8931 	EXP 	Display Frame 2
52.9247 	EXP 	Display Frame 3
52.9581 	EXP 	Display Frame 4
52.9913 	EXP 	Display Frame 5
53.0247 	EXP 	Display Frame 6
53.0580 	EXP 	Display Frame 7
53.0939 	EXP 	Display Frame 8
53.1247 	EXP 	Display Frame 9
53.1580 	EXP 	Display Frame 0
53.1914 	EXP 	Display Frame 1
53.2247 	EXP 	Display Frame 2
53.2580 	EXP 	Display Frame 3
53.2934 	EXP 	Display Frame 4
53.3247 	EXP 	Display Frame 5
53.3581 	EXP 	Display Frame 6
53.3914 	EXP 	Display Frame 7
53.4247 	EXP 	Display Frame 8
53.4580 	EXP 	Display Frame 9
53.4941 	EXP 	Display Frame 0
53.5247 	EXP 	Display Frame 1
53.5580 	EXP 	Display Frame 2
53.5913 	EXP 	Display Frame 3
53.6247 	EXP 	Display Frame 4
53.6580 	EXP 	Display Frame 5
53.6939 	EXP 	Display Frame 6
53.7247 	EXP 	Display Frame 7
53.7581 	EXP 	Display Frame 8
53.7914 	EXP 	Display Frame 9
53.8247 	EXP 	Display Frame 0
53.8580 	EXP 	Display Frame 1
53.8927 	EXP 	Display Frame 2
53.9247 	EXP 	Display Frame 3
53.9580 	EXP 	Display Frame 4
53.9914 	EXP 	Display Frame 5
54.0247 	EXP 	Display Frame 6
54.0580 	EXP 	Display Frame 7
54.0941 	EXP 	Display Frame 8
54.1247 	EXP 	Display Frame 9
54.1581 	EXP 	Display Frame 0
54.1914 	EXP 	Display Frame 1
54.2248 	EXP 	Display Frame 2
54.2581 	EXP 	Display Frame 3
54.2936 	EXP 	Display Frame 4
54.3248 	DATA 	Keypress: equal
54.3257 	EXP 	Display Frame 5
54.3581 	EXP 	Display Frame 6
54.3914 	EXP 	Display Frame 7
54.4247 	EXP 	Display Frame 8
54.4580 	EXP 	Display Frame 9
54.4938 	EXP 	Display Frame 0
54.5247 	EXP 	Display Frame 1
54.5580 	EXP 	Display Frame 2
54.5914 	EXP 	Display Frame 3
54.6247 	EXP 	Display Frame 4
54.6580 	EXP 	Display Frame 5
54.6930 	EXP 	Display Frame 6
54.7247 	EXP 	Display Frame 7
54.7580 	EXP 	Display Frame 8
54.7914 	EXP 	Display Frame 9
54.8247 	EXP 	Display Frame 0
54.8580 	EXP 	Display Frame 1
54.8913 	EXP 	Display Frame 2
54.9249 	EXP 	Display Frame 3
54.9580 	EXP 	Display Frame 4
54.9914 	EXP 	Display Frame 5
55.0247 	EXP 	Display Frame 6
55.0580 	EXP 	Display Frame 7
55.0938 	EXP 	Display Frame 8
55.1247 	EXP 	Display Frame 9
55.1580 	EXP 	Display Frame 0
55.1914 	EXP 	Display Frame 1
55.2247 	EXP 	Display Frame 2
55.2580 	EXP 	Display Frame 3
55.2927 	EXP 	Display Frame 4
55.3247 	EXP 	Display Frame 5
55.3581 	EXP 	Display Frame 6
55.3914 	EXP 	Display Frame 7
55.4247 	EXP 	Display Frame 8
55.4580 	EXP 	Display Frame 9
55.4940 	EXP 	Display Frame 0
55.5247 	EXP 	Display Frame 1
55.5580 	EXP 	Display Frame 2
55.5914 	EXP 	Display Frame 3
55.6247 	EXP 	Display Frame 4
55.6580 	EXP 	Display Frame 5
55.6942 	EXP 	Display Frame 6
55.7247 	EXP 	Display Frame 7
55.7580 	EXP 	Display Frame 8
55.7914 	EXP 	Display Frame 9
55.8249 	DATA 	Keypress: equal
55.8258 	EXP 	Display Frame 0
55.8580 	EXP 	Display Frame 1
55.8938 	EXP 	Display Frame 2
55.9247 	EXP 	Display Frame 3
55.9580 	EXP 	Display Frame 4
55.9913 	EXP 	Display Frame 5
56.0247 	EXP 	Display Frame 6
56.0580 	EXP 	Display Frame 7
56.0936 	EXP 	Display Frame 8
56.1247 	EXP 	Display Frame 9
56.1580 	EXP 	Display Frame 0
56.1914 	EXP 	Display Frame 1
56.2247 	EXP 	Display Frame 2
56.2580 	EXP 	Display Frame 3
56.2935 	EXP 	Display Frame 4
56.3247 	EXP 	Display Frame 5
56.3580 	EXP 	Display Frame 6
56.3914 	EXP 	Display Frame 7
56.4247 	EXP 	Display Frame 8
56.4580 	EXP 	Display Frame 9
56.4931 	EXP 	Display Frame 0
56.5247 	EXP 	Display Frame 1
56.5580 	EXP 	Display Frame 2
56.5914 	EXP 	Display Frame 3
56.6247 	EXP 	Display Frame 4
56.6580 	EXP 	Display Frame 5
56.6914 	EXP 	Display Frame 6
56.7247 	EXP 	Display Frame 7
56.7580 	EXP 	Display Frame 8
56.7914 	EXP 	Display Frame 9
56.8247 	EXP 	Display Frame 0
56.8580 	EXP 	Display Frame 1
56.8937 	EXP 	Display Frame 2
56.9247 	EXP 	Display Frame 3
56.9580 	EXP 	Display Frame 4
56.9913 	EXP 	Display Frame 5
57.0247 	EXP 	Display Frame 6
57.0580 	EXP 	Display Frame 7
57.0938 	EXP 	Display Frame 8
57.1247 	EXP 	Display Frame 9
57.1580 	EXP 	Display Frame 0
57.1914 	EXP 	Display Frame 1
57.2247 	EXP 	Display Frame 2
57.2580 	EXP 	Display Frame 3
57.2929 	EXP 	Display Frame 4
57.3247 	DATA 	Keypress: equal
57.3254 	EXP 	Display Frame 5
57.3409 	EXP 	Display Fixation
58.8239 	DATA 	Keypress: equal
60.3239 	DATA 	Keypress: equal
61.8240 	DATA 	Keypress: equal
63.3237 	DATA 	Keypress: equal
64.8241 	DATA 	Keypress: equal
66.3242 	DATA 	Keypress: equal
69.9868 	DATA 	Keypress: escape
69.9962 	EXP 	topMsg: height = 0.1
69.9962 	EXP 	topMsg: height = 0.1
69.9962 	EXP 	topMsg: text = "Thank you very much! \n\nThat's it with the tapping"
69.9962 	EXP 	bottomMsg: height = 0.1
69.9962 	EXP 	bottomMsg: height = 0.1
69.9962 	EXP 	bottomMsg: text = "Please relax for the ramaining time \n\n Press 'q' or 'escape' to end the session."
69.9962 	EXP 	Display TheEnd
70.1120 	DATA 	Keypress: escape
70.2003 	EXP 	win: mouseVisible = True
