1.0539 	WARNING 	We strongly recommend you activate the PTB sound engine in PsychoPy prefs as the preferred audio engine. Its timing is vastly superior. Your prefs are currently set to use ['sounddevice', 'PTB', 'pyo', 'pygame'] (in that order).
6.3677 	INFO 	---START PARAMETERS---
6.3677 	INFO 	filename: TappingWithTrTiming_Movie_d3.py-1tt==============-265-Sep_04_1918
6.3677 	INFO 	subject: 1tt==============
6.3677 	INFO 	session: 265
6.3677 	INFO 	date: Sep_04_1918
6.3677 	INFO 	blockDur_TRs: 20
6.3677 	INFO 	condition: TapRight
6.3677 	INFO 	fixCrossPos: [0, 0]
6.3677 	INFO 	fixCrossSize: 100
6.3677 	INFO 	fullScreen: True
6.3677 	INFO 	movieFolder: Images/
6.3677 	INFO 	movieSize: (1600, 1000)
6.3677 	INFO 	nBlocks: 68
6.3678 	INFO 	promptDir: Text/
6.3678 	INFO 	restDur_TRs: 20
6.3678 	INFO 	screenColor: (128, 128, 128)
6.3678 	INFO 	screenToShow: 0
6.3678 	INFO 	skipPrompts: False
6.3678 	INFO 	tStartup_TRs: 0
6.3678 	INFO 	textHeight: 40
6.3678 	INFO 	triggerKey: equal
6.3678 	INFO 	---END PARAMETERS---
7.1691 	INFO 	Loaded monitor calibration from ['2022_03_25 08:03']
8.4014 	WARNING 	Couldn't measure a consistent frame rate!
  - Is your graphics card set to sync to vertical blank?
  - Are you running other processes on your computer?

8.4026 	EXP 	Created win = Window(allowGUI=False, allowStencil=False, autoLog=True, backendConf=UNKNOWN, bitsMode=UNKNOWN, blendMode='avg', bpc=(8, 8, 8), color=array([128, 128, 128]), colorSpace='rgb255', depthBits=8, fullscr=<method-wrapper '__getattribute__' of attributeSetter object at 0x7f881609a070>, gamma=None, gammaErrorPolicy='raise', lms=UNKNOWN, monitor=<psychopy.monitors.calibTools.Monitor object at 0x7f88308c0ca0>, multiSample=False, name='win', numSamples=2, pos=[432.0, 279.25], screen=0, size=array([3456, 2234]), stencilBits=0, stereo=False, units='deg', useFBO=False, useRetina=True, viewOri=0.0, viewPos=None, viewScale=None, waitBlanking=True, winType='pyglet')
8.4032 	EXP 	win: mouseVisible = True
8.4135 	EXP 	Created fixCross = ShapeStim(__class__=<class 'psychopy.visual.shape.ShapeStim'>, anchor=('center', 'center'), autoDraw=False, autoLog=True, closeShape=False, color=method-wrapper(...), colorSpace='rgb', contrast=None, depth=0, fillColor=array([0, 0, 0]), fillColorSpace='rgb', fillRGB=array([0, 0, 0]), interpolate=True, lineColor=array([-1., -1., -1.]), lineColorSpace='rgb', lineRGB=array([-1., -1., -1.]), lineWidth=3.0, name='fixCross', opacity=0.5, ori=0.0, pos=array([0., 0.]), size=array([1., 1.]), units='pix', vertices=ndarray(...), win=Window(...), windingRule=None)
8.4140 	WARNING 	TextStim.alignHoriz is deprecated. Use alignText and anchorHoriz attributes instead
8.4405 	EXP 	Created topMsg = TextStim(__class__=<class 'psychopy.visual.text.TextStim'>, alignHoriz='center', alignText='center', alignVert=method-wrapper(...), anchorHoriz='center', anchorVert='center', antialias=True, autoLog=True, bold=False, color=array([-1., -1., -1.]), colorSpace='rgb', contrast=1.0, depth=0, flipHoriz=False, flipVert=False, font='', fontFiles=[], height=0.1, italic=False, languageStyle='LTR', name='topMsg', opacity=1.0, ori=0.0, pos=array([0. , 0.5]), rgb=UNKNOWN, text='aaa', units='norm', win=Window(...), wrapWidth=1.5)
8.4406 	WARNING 	TextStim.alignHoriz is deprecated. Use alignText and anchorHoriz attributes instead
8.4435 	EXP 	Created bottomMsg = TextStim(__class__=<class 'psychopy.visual.text.TextStim'>, alignHoriz='center', alignText='center', alignVert=method-wrapper(...), anchorHoriz='center', anchorVert='center', antialias=True, autoLog=True, bold=False, color=array([-1., -1., -1.]), colorSpace='rgb', contrast=1.0, depth=0, flipHoriz=False, flipVert=False, font='', fontFiles=[], height=0.1, italic=False, languageStyle='LTR', name='bottomMsg', opacity=1.0, ori=0.0, pos=array([ 0. , -0.5]), rgb=UNKNOWN, text='bbb', units='norm', win=Window(...), wrapWidth=1.5)
8.5182 	EXP 	Created Movie Frame 0 = ImageStim(__class__=<class 'psychopy.visual.image.ImageStim'>, anchor=('center', 'center'), autoLog=True, color=array([1., 1., 1.]), colorSpace='rgb', contrast=1.0, depth=0, flipHoriz=False, flipVert=False, image='Images/right_0.png', interpolate=False, mask=None, maskParams=None, name='Movie Frame 0', opacity=1, ori=0.0, pos=array([0., 0.]), size=array([1600., 1000.]), texRes=128, units='pix', win=Window(...))
8.5882 	EXP 	Created Movie Frame 1 = ImageStim(__class__=<class 'psychopy.visual.image.ImageStim'>, anchor=('center', 'center'), autoLog=True, color=array([1., 1., 1.]), colorSpace='rgb', contrast=1.0, depth=0, flipHoriz=False, flipVert=False, image='Images/right_1.png', interpolate=False, mask=None, maskParams=None, name='Movie Frame 1', opacity=1, ori=0.0, pos=array([0., 0.]), size=array([1600., 1000.]), texRes=128, units='pix', win=Window(...))
8.6518 	EXP 	Created Movie Frame 2 = ImageStim(__class__=<class 'psychopy.visual.image.ImageStim'>, anchor=('center', 'center'), autoLog=True, color=array([1., 1., 1.]), colorSpace='rgb', contrast=1.0, depth=0, flipHoriz=False, flipVert=False, image='Images/right_2.png', interpolate=False, mask=None, maskParams=None, name='Movie Frame 2', opacity=1, ori=0.0, pos=array([0., 0.]), size=array([1600., 1000.]), texRes=128, units='pix', win=Window(...))
8.7141 	EXP 	Created Movie Frame 3 = ImageStim(__class__=<class 'psychopy.visual.image.ImageStim'>, anchor=('center', 'center'), autoLog=True, color=array([1., 1., 1.]), colorSpace='rgb', contrast=1.0, depth=0, flipHoriz=False, flipVert=False, image='Images/right_3.png', interpolate=False, mask=None, maskParams=None, name='Movie Frame 3', opacity=1, ori=0.0, pos=array([0., 0.]), size=array([1600., 1000.]), texRes=128, units='pix', win=Window(...))
8.7783 	EXP 	Created Movie Frame 4 = ImageStim(__class__=<class 'psychopy.visual.image.ImageStim'>, anchor=('center', 'center'), autoLog=True, color=array([1., 1., 1.]), colorSpace='rgb', contrast=1.0, depth=0, flipHoriz=False, flipVert=False, image='Images/right_4.png', interpolate=False, mask=None, maskParams=None, name='Movie Frame 4', opacity=1, ori=0.0, pos=array([0., 0.]), size=array([1600., 1000.]), texRes=128, units='pix', win=Window(...))
8.8417 	EXP 	Created Movie Frame 5 = ImageStim(__class__=<class 'psychopy.visual.image.ImageStim'>, anchor=('center', 'center'), autoLog=True, color=array([1., 1., 1.]), colorSpace='rgb', contrast=1.0, depth=0, flipHoriz=False, flipVert=False, image='Images/right_5.png', interpolate=False, mask=None, maskParams=None, name='Movie Frame 5', opacity=1, ori=0.0, pos=array([0., 0.]), size=array([1600., 1000.]), texRes=128, units='pix', win=Window(...))
8.9055 	EXP 	Created Movie Frame 6 = ImageStim(__class__=<class 'psychopy.visual.image.ImageStim'>, anchor=('center', 'center'), autoLog=True, color=array([1., 1., 1.]), colorSpace='rgb', contrast=1.0, depth=0, flipHoriz=False, flipVert=False, image='Images/right_6.png', interpolate=False, mask=None, maskParams=None, name='Movie Frame 6', opacity=1, ori=0.0, pos=array([0., 0.]), size=array([1600., 1000.]), texRes=128, units='pix', win=Window(...))
8.9677 	EXP 	Created Movie Frame 7 = ImageStim(__class__=<class 'psychopy.visual.image.ImageStim'>, anchor=('center', 'center'), autoLog=True, color=array([1., 1., 1.]), colorSpace='rgb', contrast=1.0, depth=0, flipHoriz=False, flipVert=False, image='Images/right_7.png', interpolate=False, mask=None, maskParams=None, name='Movie Frame 7', opacity=1, ori=0.0, pos=array([0., 0.]), size=array([1600., 1000.]), texRes=128, units='pix', win=Window(...))
9.0307 	EXP 	Created Movie Frame 8 = ImageStim(__class__=<class 'psychopy.visual.image.ImageStim'>, anchor=('center', 'center'), autoLog=True, color=array([1., 1., 1.]), colorSpace='rgb', contrast=1.0, depth=0, flipHoriz=False, flipVert=False, image='Images/right_8.png', interpolate=False, mask=None, maskParams=None, name='Movie Frame 8', opacity=1, ori=0.0, pos=array([0., 0.]), size=array([1600., 1000.]), texRes=128, units='pix', win=Window(...))
9.0953 	EXP 	Created Movie Frame 9 = ImageStim(__class__=<class 'psychopy.visual.image.ImageStim'>, anchor=('center', 'center'), autoLog=True, color=array([1., 1., 1.]), colorSpace='rgb', contrast=1.0, depth=0, flipHoriz=False, flipVert=False, image='Images/right_9.png', interpolate=False, mask=None, maskParams=None, name='Movie Frame 9', opacity=1, ori=0.0, pos=array([0., 0.]), size=array([1600., 1000.]), texRes=128, units='pix', win=Window(...))
9.1012 	EXP 	Created unnamed TextStim = TextStim(__class__=<class 'psychopy.visual.text.TextStim'>, alignHoriz=method-wrapper(...), alignText='center', alignVert=method-wrapper(...), anchorHoriz='center', anchorVert='center', antialias=True, autoLog=True, bold=False, color=array([-1., -1., -1.]), colorSpace='rgb', contrast=1.0, depth=0, flipHoriz=False, flipVert=False, font='', fontFiles=[], height=40.0, italic=False, languageStyle='LTR', name='unnamed TextStim', opacity=1.0, ori=0.0, pos=array([  0., 580.]), rgb=UNKNOWN, text='Tap along with the video.', units='pix', win=Window(...), wrapWidth=1600)
9.1136 	WARNING 	t of last frame was 712.60ms (=1/1)
9.1136 	EXP 	topMsg: height = 0.1
9.1136 	EXP 	topMsg: height = 0.1
9.1136 	EXP 	topMsg: text = 'You will see a movie of a finger tapping. When it is on the screen, try to BOTH hands to tap your fingers at the same times as the movie does. When the fixation cross appears, relax and stare at the cross.'
9.1136 	EXP 	bottomMsg: height = 0.1
9.1136 	EXP 	bottomMsg: height = 0.1
9.1136 	EXP 	bottomMsg: text = 'The experiment will begin shortly'
9.1136 	EXP 	Display Instructions1
198.1473 	DATA 	Keypress: equal
198.1574 	WARNING 	t of last frame was 189043.81ms (=1/0)
198.1574 	EXP 	topMsg: height = 0.1
198.1574 	EXP 	topMsg: height = 0.1
198.1574 	EXP 	topMsg: text = "Please don't move..."
198.1574 	EXP 	bottomMsg: height = 0.1
198.1574 	EXP 	bottomMsg: height = 0.1
198.1574 	EXP 	bottomMsg: text = ''
198.1574 	EXP 	PleaseDontMove
202.6844 	DATA 	Keypress: equal
202.6898 	WARNING 	t of last frame was 4532.44ms (=1/0)
202.6898 	EXP 	Display Fixation
202.6898 	EXP 	---START EXPERIMENT---
202.6966 	EXP 	Display Fixation
207.2219 	DATA 	Keypress: equal
211.7611 	DATA 	Keypress: equal
216.3010 	DATA 	Keypress: equal
220.8411 	DATA 	Keypress: equal
225.3800 	DATA 	Keypress: equal
229.9201 	DATA 	Keypress: equal
234.4583 	DATA 	Keypress: equal
238.9991 	DATA 	Keypress: equal
243.5382 	DATA 	Keypress: equal
248.0782 	DATA 	Keypress: equal
252.6173 	DATA 	Keypress: equal
257.1574 	DATA 	Keypress: equal
261.6973 	DATA 	Keypress: equal
266.2365 	DATA 	Keypress: equal
270.7763 	DATA 	Keypress: equal
275.3154 	DATA 	Keypress: equal
279.8555 	DATA 	Keypress: equal
284.3945 	DATA 	Keypress: equal
288.9344 	DATA 	Keypress: equal
293.4745 	DATA 	Keypress: equal
293.4796 	WARNING 	t of last frame was 90782.99ms (=1/0)
293.5762 	WARNING 	Multiple dropped frames have occurred - I'll stop bothering you about them!
293.5762 	EXP 	Display Frame 1
293.6759 	EXP 	Display Frame 2
293.7762 	EXP 	Display Frame 3
293.8761 	EXP 	Display Frame 4
293.9764 	EXP 	Display Frame 5
294.0763 	EXP 	Display Frame 6
294.1762 	EXP 	Display Frame 7
294.2763 	EXP 	Display Frame 8
294.3763 	EXP 	Display Frame 9
294.4763 	EXP 	Display Frame 0
294.5762 	EXP 	Display Frame 1
294.6764 	EXP 	Display Frame 2
294.7763 	EXP 	Display Frame 3
294.8764 	EXP 	Display Frame 4
294.9762 	EXP 	Display Frame 5
295.0763 	EXP 	Display Frame 6
295.1763 	EXP 	Display Frame 7
295.2763 	EXP 	Display Frame 8
295.3766 	EXP 	Display Frame 9
295.4762 	EXP 	Display Frame 0
295.5763 	EXP 	Display Frame 1
295.6764 	EXP 	Display Frame 2
295.7762 	EXP 	Display Frame 3
295.8763 	EXP 	Display Frame 4
295.9764 	EXP 	Display Frame 5
296.0763 	EXP 	Display Frame 6
296.1764 	EXP 	Display Frame 7
296.2764 	EXP 	Display Frame 8
296.3763 	EXP 	Display Frame 9
296.4764 	EXP 	Display Frame 0
296.5762 	EXP 	Display Frame 1
296.6763 	EXP 	Display Frame 2
296.7763 	EXP 	Display Frame 3
296.8764 	EXP 	Display Frame 4
296.9764 	EXP 	Display Frame 5
297.0762 	EXP 	Display Frame 6
297.1763 	EXP 	Display Frame 7
297.2764 	EXP 	Display Frame 8
297.3763 	EXP 	Display Frame 9
297.4764 	EXP 	Display Frame 0
297.5763 	EXP 	Display Frame 1
297.6765 	EXP 	Display Frame 2
297.7764 	EXP 	Display Frame 3
297.8761 	EXP 	Display Frame 4
297.9761 	EXP 	Display Frame 5
298.0757 	DATA 	Keypress: equal
298.0773 	EXP 	Display Frame 6
298.1762 	EXP 	Display Frame 7
298.2763 	EXP 	Display Frame 8
298.3762 	EXP 	Display Frame 9
298.4763 	EXP 	Display Frame 0
298.5763 	EXP 	Display Frame 1
298.6764 	EXP 	Display Frame 2
298.7763 	EXP 	Display Frame 3
298.8764 	EXP 	Display Frame 4
298.9763 	EXP 	Display Frame 5
299.0764 	EXP 	Display Frame 6
299.1764 	EXP 	Display Frame 7
299.2762 	EXP 	Display Frame 8
299.3763 	EXP 	Display Frame 9
299.4764 	EXP 	Display Frame 0
299.5765 	EXP 	Display Frame 1
299.6764 	EXP 	Display Frame 2
299.7764 	EXP 	Display Frame 3
299.8765 	EXP 	Display Frame 4
299.9763 	EXP 	Display Frame 5
300.0763 	EXP 	Display Frame 6
300.1764 	EXP 	Display Frame 7
300.2763 	EXP 	Display Frame 8
300.3764 	EXP 	Display Frame 9
300.4763 	EXP 	Display Frame 0
300.5762 	EXP 	Display Frame 1
300.6763 	EXP 	Display Frame 2
300.7764 	EXP 	Display Frame 3
300.8763 	EXP 	Display Frame 4
300.9764 	EXP 	Display Frame 5
301.0764 	EXP 	Display Frame 6
301.1763 	EXP 	Display Frame 7
301.2765 	EXP 	Display Frame 8
301.3763 	EXP 	Display Frame 9
301.4764 	EXP 	Display Frame 0
301.5763 	EXP 	Display Frame 1
301.6767 	EXP 	Display Frame 2
301.7761 	EXP 	Display Frame 3
301.8763 	EXP 	Display Frame 4
301.9763 	EXP 	Display Frame 5
302.0763 	EXP 	Display Frame 6
302.1764 	EXP 	Display Frame 7
302.2763 	EXP 	Display Frame 8
302.3764 	EXP 	Display Frame 9
302.4764 	EXP 	Display Frame 0
302.5758 	DATA 	Keypress: equal
302.5776 	EXP 	Display Frame 1
302.6763 	EXP 	Display Frame 2
302.7763 	EXP 	Display Frame 3
302.8764 	EXP 	Display Frame 4
302.9762 	EXP 	Display Frame 5
303.0763 	EXP 	Display Frame 6
303.1761 	EXP 	Display Frame 7
303.2762 	EXP 	Display Frame 8
303.3762 	EXP 	Display Frame 9
303.4762 	EXP 	Display Frame 0
303.5762 	EXP 	Display Frame 1
303.6764 	EXP 	Display Frame 2
303.7763 	EXP 	Display Frame 3
303.8763 	EXP 	Display Frame 4
303.9764 	EXP 	Display Frame 5
304.0763 	EXP 	Display Frame 6
304.1764 	EXP 	Display Frame 7
304.2764 	EXP 	Display Frame 8
304.3763 	EXP 	Display Frame 9
304.4763 	EXP 	Display Frame 0
304.5764 	EXP 	Display Frame 1
304.6764 	EXP 	Display Frame 2
304.7764 	EXP 	Display Frame 3
304.8764 	EXP 	Display Frame 4
304.9764 	EXP 	Display Frame 5
305.0764 	EXP 	Display Frame 6
305.1763 	EXP 	Display Frame 7
305.2763 	EXP 	Display Frame 8
305.3763 	EXP 	Display Frame 9
305.4763 	EXP 	Display Frame 0
305.5764 	EXP 	Display Frame 1
305.6762 	EXP 	Display Frame 2
305.7763 	EXP 	Display Frame 3
305.8764 	EXP 	Display Frame 4
305.9763 	EXP 	Display Frame 5
306.0764 	EXP 	Display Frame 6
306.1764 	EXP 	Display Frame 7
306.2763 	EXP 	Display Frame 8
306.3763 	EXP 	Display Frame 9
306.4764 	EXP 	Display Frame 0
306.5763 	EXP 	Display Frame 1
306.6763 	EXP 	Display Frame 2
306.7764 	EXP 	Display Frame 3
306.8763 	EXP 	Display Frame 4
306.9762 	EXP 	Display Frame 5
307.0764 	EXP 	Display Frame 6
307.1758 	DATA 	Keypress: equal
307.1775 	EXP 	Display Frame 7
307.2763 	EXP 	Display Frame 8
307.3762 	EXP 	Display Frame 9
307.4764 	EXP 	Display Frame 0
307.5763 	EXP 	Display Frame 1
307.6764 	EXP 	Display Frame 2
307.7764 	EXP 	Display Frame 3
307.8763 	EXP 	Display Frame 4
307.9766 	EXP 	Display Frame 5
308.0760 	EXP 	Display Frame 6
308.1761 	EXP 	Display Frame 7
308.2764 	EXP 	Display Frame 8
308.3764 	EXP 	Display Frame 9
308.4760 	EXP 	Display Frame 0
308.5760 	EXP 	Display Frame 1
308.6762 	EXP 	Display Frame 2
308.7764 	EXP 	Display Frame 3
308.8763 	EXP 	Display Frame 4
308.9763 	EXP 	Display Frame 5
309.0764 	EXP 	Display Frame 6
309.1764 	EXP 	Display Frame 7
309.2763 	EXP 	Display Frame 8
309.3764 	EXP 	Display Frame 9
309.4763 	EXP 	Display Frame 0
309.5765 	EXP 	Display Frame 1
309.6764 	EXP 	Display Frame 2
309.7764 	EXP 	Display Frame 3
309.8765 	EXP 	Display Frame 4
309.9763 	EXP 	Display Frame 5
310.0764 	EXP 	Display Frame 6
310.1763 	EXP 	Display Frame 7
310.2762 	EXP 	Display Frame 8
310.3764 	EXP 	Display Frame 9
310.4761 	EXP 	Display Frame 0
310.5763 	EXP 	Display Frame 1
310.6763 	EXP 	Display Frame 2
310.7762 	EXP 	Display Frame 3
310.8762 	EXP 	Display Frame 4
310.9763 	EXP 	Display Frame 5
311.0761 	EXP 	Display Frame 6
311.1762 	EXP 	Display Frame 7
311.2763 	EXP 	Display Frame 8
311.3762 	EXP 	Display Frame 9
311.4763 	EXP 	Display Frame 0
311.5763 	EXP 	Display Frame 1
311.6759 	DATA 	Keypress: equal
311.6781 	EXP 	Display Frame 2
311.7762 	EXP 	Display Frame 3
311.8764 	EXP 	Display Frame 4
311.9763 	EXP 	Display Frame 5
312.0764 	EXP 	Display Frame 6
312.1763 	EXP 	Display Frame 7
312.2764 	EXP 	Display Frame 8
312.3763 	EXP 	Display Frame 9
312.4764 	EXP 	Display Frame 0
312.5763 	EXP 	Display Frame 1
312.6764 	EXP 	Display Frame 2
312.7764 	EXP 	Display Frame 3
312.8763 	EXP 	Display Frame 4
312.9764 	EXP 	Display Frame 5
313.0763 	EXP 	Display Frame 6
313.1764 	EXP 	Display Frame 7
313.2764 	EXP 	Display Frame 8
313.3763 	EXP 	Display Frame 9
313.4763 	EXP 	Display Frame 0
313.5763 	EXP 	Display Frame 1
313.6763 	EXP 	Display Frame 2
313.7759 	EXP 	Display Frame 3
313.8761 	EXP 	Display Frame 4
313.9763 	EXP 	Display Frame 5
314.0764 	EXP 	Display Frame 6
314.1764 	EXP 	Display Frame 7
314.2762 	EXP 	Display Frame 8
314.3764 	EXP 	Display Frame 9
314.4762 	EXP 	Display Frame 0
314.5764 	EXP 	Display Frame 1
314.6764 	EXP 	Display Frame 2
314.7763 	EXP 	Display Frame 3
314.8764 	EXP 	Display Frame 4
314.9764 	EXP 	Display Frame 5
315.0763 	EXP 	Display Frame 6
315.1763 	EXP 	Display Frame 7
315.2763 	EXP 	Display Frame 8
315.3764 	EXP 	Display Frame 9
315.4763 	EXP 	Display Frame 0
315.5762 	EXP 	Display Frame 1
315.6764 	EXP 	Display Frame 2
315.7764 	EXP 	Display Frame 3
315.8763 	EXP 	Display Frame 4
315.9763 	EXP 	Display Frame 5
316.0759 	EXP 	Display Frame 6
316.1755 	DATA 	Keypress: equal
316.1769 	EXP 	Display Frame 7
316.2762 	EXP 	Display Frame 8
316.3763 	EXP 	Display Frame 9
316.4762 	EXP 	Display Frame 0
316.5761 	EXP 	Display Frame 1
316.6763 	EXP 	Display Frame 2
316.7764 	EXP 	Display Frame 3
316.8764 	EXP 	Display Frame 4
316.9762 	EXP 	Display Frame 5
317.0764 	EXP 	Display Frame 6
317.1763 	EXP 	Display Frame 7
317.2763 	EXP 	Display Frame 8
317.3765 	EXP 	Display Frame 9
317.4764 	EXP 	Display Frame 0
317.5763 	EXP 	Display Frame 1
317.6763 	EXP 	Display Frame 2
317.7764 	EXP 	Display Frame 3
317.8764 	EXP 	Display Frame 4
317.9764 	EXP 	Display Frame 5
318.0763 	EXP 	Display Frame 6
318.1764 	EXP 	Display Frame 7
318.2763 	EXP 	Display Frame 8
318.3764 	EXP 	Display Frame 9
318.4762 	EXP 	Display Frame 0
318.5763 	EXP 	Display Frame 1
318.6764 	EXP 	Display Frame 2
318.7764 	EXP 	Display Frame 3
318.8764 	EXP 	Display Frame 4
318.9763 	EXP 	Display Frame 5
319.0764 	EXP 	Display Frame 6
319.1761 	EXP 	Display Frame 7
319.2763 	EXP 	Display Frame 8
319.3762 	EXP 	Display Frame 9
319.4763 	EXP 	Display Frame 0
319.5762 	EXP 	Display Frame 1
319.6764 	EXP 	Display Frame 2
319.7764 	EXP 	Display Frame 3
319.8764 	EXP 	Display Frame 4
319.9763 	EXP 	Display Frame 5
320.0763 	EXP 	Display Frame 6
320.1763 	EXP 	Display Frame 7
320.2763 	EXP 	Display Frame 8
320.3763 	EXP 	Display Frame 9
320.4764 	EXP 	Display Frame 0
320.5762 	EXP 	Display Frame 1
320.6766 	EXP 	Display Frame 2
320.7755 	DATA 	Keypress: equal
320.7771 	EXP 	Display Frame 3
320.8760 	EXP 	Display Frame 4
320.9763 	EXP 	Display Frame 5
321.0763 	EXP 	Display Frame 6
321.1764 	EXP 	Display Frame 7
321.2763 	EXP 	Display Frame 8
321.3762 	EXP 	Display Frame 9
321.4763 	EXP 	Display Frame 0
321.5762 	EXP 	Display Frame 1
321.6764 	EXP 	Display Frame 2
321.7763 	EXP 	Display Frame 3
321.8763 	EXP 	Display Frame 4
321.9764 	EXP 	Display Frame 5
322.0764 	EXP 	Display Frame 6
322.1764 	EXP 	Display Frame 7
322.2763 	EXP 	Display Frame 8
322.3765 	EXP 	Display Frame 9
322.4764 	EXP 	Display Frame 0
322.5763 	EXP 	Display Frame 1
322.6762 	EXP 	Display Frame 2
322.7763 	EXP 	Display Frame 3
322.8764 	EXP 	Display Frame 4
322.9758 	EXP 	Display Frame 5
323.0764 	EXP 	Display Frame 6
323.1763 	EXP 	Display Frame 7
323.2763 	EXP 	Display Frame 8
323.3764 	EXP 	Display Frame 9
323.4763 	EXP 	Display Frame 0
323.5762 	EXP 	Display Frame 1
323.6763 	EXP 	Display Frame 2
323.7764 	EXP 	Display Frame 3
323.8763 	EXP 	Display Frame 4
323.9764 	EXP 	Display Frame 5
324.0764 	EXP 	Display Frame 6
324.1764 	EXP 	Display Frame 7
324.2763 	EXP 	Display Frame 8
324.3763 	EXP 	Display Frame 9
324.4763 	EXP 	Display Frame 0
324.5762 	EXP 	Display Frame 1
324.6763 	EXP 	Display Frame 2
324.7763 	EXP 	Display Frame 3
324.8762 	EXP 	Display Frame 4
324.9763 	EXP 	Display Frame 5
325.0763 	EXP 	Display Frame 6
325.1763 	EXP 	Display Frame 7
325.2757 	DATA 	Keypress: equal
325.2776 	EXP 	Display Frame 8
325.3762 	EXP 	Display Frame 9
325.4763 	EXP 	Display Frame 0
325.5762 	EXP 	Display Frame 1
325.6763 	EXP 	Display Frame 2
325.7764 	EXP 	Display Frame 3
325.8764 	EXP 	Display Frame 4
325.9763 	EXP 	Display Frame 5
326.0763 	EXP 	Display Frame 6
326.1764 	EXP 	Display Frame 7
326.2763 	EXP 	Display Frame 8
326.3763 	EXP 	Display Frame 9
326.4763 	EXP 	Display Frame 0
326.5763 	EXP 	Display Frame 1
326.6764 	EXP 	Display Frame 2
326.7765 	EXP 	Display Frame 3
326.8762 	EXP 	Display Frame 4
326.9764 	EXP 	Display Frame 5
327.0766 	EXP 	Display Frame 6
327.1761 	EXP 	Display Frame 7
327.2761 	EXP 	Display Frame 8
327.3763 	EXP 	Display Frame 9
327.4765 	EXP 	Display Frame 0
327.5764 	EXP 	Display Frame 1
327.6764 	EXP 	Display Frame 2
327.7763 	EXP 	Display Frame 3
327.8763 	EXP 	Display Frame 4
327.9763 	EXP 	Display Frame 5
328.0763 	EXP 	Display Frame 6
328.1763 	EXP 	Display Frame 7
328.2764 	EXP 	Display Frame 8
328.3764 	EXP 	Display Frame 9
328.4763 	EXP 	Display Frame 0
328.5763 	EXP 	Display Frame 1
328.6763 	EXP 	Display Frame 2
328.7764 	EXP 	Display Frame 3
328.8764 	EXP 	Display Frame 4
328.9763 	EXP 	Display Frame 5
329.0765 	EXP 	Display Frame 6
329.1763 	EXP 	Display Frame 7
329.2764 	EXP 	Display Frame 8
329.3764 	EXP 	Display Frame 9
329.4763 	EXP 	Display Frame 0
329.5763 	EXP 	Display Frame 1
329.6764 	EXP 	Display Frame 2
329.7761 	EXP 	Display Frame 3
329.8757 	DATA 	Keypress: equal
329.8773 	EXP 	Display Frame 4
329.9762 	EXP 	Display Frame 5
330.0762 	EXP 	Display Frame 6
330.1763 	EXP 	Display Frame 7
330.2763 	EXP 	Display Frame 8
330.3764 	EXP 	Display Frame 9
330.4763 	EXP 	Display Frame 0
330.5762 	EXP 	Display Frame 1
330.6762 	EXP 	Display Frame 2
330.7763 	EXP 	Display Frame 3
330.8763 	EXP 	Display Frame 4
330.9764 	EXP 	Display Frame 5
331.0764 	EXP 	Display Frame 6
331.1763 	EXP 	Display Frame 7
331.2763 	EXP 	Display Frame 8
331.3763 	EXP 	Display Frame 9
331.4763 	EXP 	Display Frame 0
331.5763 	EXP 	Display Frame 1
331.6764 	EXP 	Display Frame 2
331.7764 	EXP 	Display Frame 3
331.8764 	EXP 	Display Frame 4
331.9763 	EXP 	Display Frame 5
332.0764 	EXP 	Display Frame 6
332.1764 	EXP 	Display Frame 7
332.2764 	EXP 	Display Frame 8
332.3764 	EXP 	Display Frame 9
332.4764 	EXP 	Display Frame 0
332.5762 	EXP 	Display Frame 1
332.6763 	EXP 	Display Frame 2
332.7764 	EXP 	Display Frame 3
332.8763 	EXP 	Display Frame 4
332.9764 	EXP 	Display Frame 5
333.0765 	EXP 	Display Frame 6
333.1763 	EXP 	Display Frame 7
333.2764 	EXP 	Display Frame 8
333.3767 	EXP 	Display Frame 9
333.4761 	EXP 	Display Frame 0
333.5762 	EXP 	Display Frame 1
333.6763 	EXP 	Display Frame 2
333.7764 	EXP 	Display Frame 3
333.8763 	EXP 	Display Frame 4
333.9763 	EXP 	Display Frame 5
334.0763 	EXP 	Display Frame 6
334.1763 	EXP 	Display Frame 7
334.2764 	EXP 	Display Frame 8
334.3758 	DATA 	Keypress: equal
334.3779 	EXP 	Display Frame 9
334.4762 	EXP 	Display Frame 0
334.5762 	EXP 	Display Frame 1
334.6763 	EXP 	Display Frame 2
334.7765 	EXP 	Display Frame 3
334.8764 	EXP 	Display Frame 4
334.9762 	EXP 	Display Frame 5
335.0761 	EXP 	Display Frame 6
335.1762 	EXP 	Display Frame 7
335.2763 	EXP 	Display Frame 8
335.3762 	EXP 	Display Frame 9
335.4763 	EXP 	Display Frame 0
335.5762 	EXP 	Display Frame 1
335.6764 	EXP 	Display Frame 2
335.7763 	EXP 	Display Frame 3
335.8764 	EXP 	Display Frame 4
335.9763 	EXP 	Display Frame 5
336.0765 	EXP 	Display Frame 6
336.1764 	EXP 	Display Frame 7
336.2763 	EXP 	Display Frame 8
336.3764 	EXP 	Display Frame 9
336.4763 	EXP 	Display Frame 0
336.5762 	EXP 	Display Frame 1
336.6763 	EXP 	Display Frame 2
336.7763 	EXP 	Display Frame 3
336.8764 	EXP 	Display Frame 4
336.9764 	EXP 	Display Frame 5
337.0764 	EXP 	Display Frame 6
337.1764 	EXP 	Display Frame 7
337.2763 	EXP 	Display Frame 8
337.3763 	EXP 	Display Frame 9
337.4762 	EXP 	Display Frame 0
337.5763 	EXP 	Display Frame 1
337.6764 	EXP 	Display Frame 2
337.7763 	EXP 	Display Frame 3
337.8764 	EXP 	Display Frame 4
337.9763 	EXP 	Display Frame 5
338.0764 	EXP 	Display Frame 6
338.1764 	EXP 	Display Frame 7
338.2764 	EXP 	Display Frame 8
338.3763 	EXP 	Display Frame 9
338.4765 	EXP 	Display Frame 0
338.5763 	EXP 	Display Frame 1
338.6763 	EXP 	Display Frame 2
338.7764 	EXP 	Display Frame 3
338.8761 	DATA 	Keypress: equal
338.8778 	EXP 	Display Frame 4
338.9762 	EXP 	Display Frame 5
339.0763 	EXP 	Display Frame 6
339.1763 	EXP 	Display Frame 7
339.2764 	EXP 	Display Frame 8
339.3763 	EXP 	Display Frame 9
339.4764 	EXP 	Display Frame 0
339.5763 	EXP 	Display Frame 1
339.6764 	EXP 	Display Frame 2
339.7766 	EXP 	Display Frame 3
339.8760 	EXP 	Display Frame 4
339.9762 	EXP 	Display Frame 5
340.0764 	EXP 	Display Frame 6
340.1763 	EXP 	Display Frame 7
340.2761 	EXP 	Display Frame 8
340.3762 	EXP 	Display Frame 9
340.4763 	EXP 	Display Frame 0
340.5762 	EXP 	Display Frame 1
340.6763 	EXP 	Display Frame 2
340.7764 	EXP 	Display Frame 3
340.8763 	EXP 	Display Frame 4
340.9764 	EXP 	Display Frame 5
341.0763 	EXP 	Display Frame 6
341.1764 	EXP 	Display Frame 7
341.2764 	EXP 	Display Frame 8
341.3763 	EXP 	Display Frame 9
341.4762 	EXP 	Display Frame 0
341.5763 	EXP 	Display Frame 1
341.6764 	EXP 	Display Frame 2
341.7763 	EXP 	Display Frame 3
341.8762 	EXP 	Display Frame 4
341.9763 	EXP 	Display Frame 5
342.0764 	EXP 	Display Frame 6
342.1764 	EXP 	Display Frame 7
342.2764 	EXP 	Display Frame 8
342.3764 	EXP 	Display Frame 9
342.4764 	EXP 	Display Frame 0
342.5763 	EXP 	Display Frame 1
342.6763 	EXP 	Display Frame 2
342.7764 	EXP 	Display Frame 3
342.8763 	EXP 	Display Frame 4
342.9764 	EXP 	Display Frame 5
343.0763 	EXP 	Display Frame 6
343.1764 	EXP 	Display Frame 7
343.2764 	EXP 	Display Frame 8
343.3764 	EXP 	Display Frame 9
343.4756 	DATA 	Keypress: equal
343.4775 	EXP 	Display Frame 0
343.5763 	EXP 	Display Frame 1
343.6764 	EXP 	Display Frame 2
343.7763 	EXP 	Display Frame 3
343.8764 	EXP 	Display Frame 4
343.9763 	EXP 	Display Frame 5
344.0764 	EXP 	Display Frame 6
344.1764 	EXP 	Display Frame 7
344.2764 	EXP 	Display Frame 8
344.3763 	EXP 	Display Frame 9
344.4765 	EXP 	Display Frame 0
344.5763 	EXP 	Display Frame 1
344.6766 	EXP 	Display Frame 2
344.7764 	EXP 	Display Frame 3
344.8764 	EXP 	Display Frame 4
344.9764 	EXP 	Display Frame 5
345.0764 	EXP 	Display Frame 6
345.1765 	EXP 	Display Frame 7
345.2764 	EXP 	Display Frame 8
345.3764 	EXP 	Display Frame 9
345.4764 	EXP 	Display Frame 0
345.5763 	EXP 	Display Frame 1
345.6761 	EXP 	Display Frame 2
345.7763 	EXP 	Display Frame 3
345.8762 	EXP 	Display Frame 4
345.9762 	EXP 	Display Frame 5
346.0767 	EXP 	Display Frame 6
346.1762 	EXP 	Display Frame 7
346.2763 	EXP 	Display Frame 8
346.3762 	EXP 	Display Frame 9
346.4762 	EXP 	Display Frame 0
346.5763 	EXP 	Display Frame 1
346.6764 	EXP 	Display Frame 2
346.7763 	EXP 	Display Frame 3
346.8763 	EXP 	Display Frame 4
346.9763 	EXP 	Display Frame 5
347.0763 	EXP 	Display Frame 6
347.1764 	EXP 	Display Frame 7
347.2763 	EXP 	Display Frame 8
347.3764 	EXP 	Display Frame 9
347.4764 	EXP 	Display Frame 0
347.5763 	EXP 	Display Frame 1
347.6763 	EXP 	Display Frame 2
347.7761 	EXP 	Display Frame 3
347.8763 	EXP 	Display Frame 4
347.9757 	DATA 	Keypress: equal
347.9776 	EXP 	Display Frame 5
348.0761 	EXP 	Display Frame 6
348.1763 	EXP 	Display Frame 7
348.2763 	EXP 	Display Frame 8
348.3764 	EXP 	Display Frame 9
348.4765 	EXP 	Display Frame 0
348.5762 	EXP 	Display Frame 1
348.6765 	EXP 	Display Frame 2
348.7764 	EXP 	Display Frame 3
348.8763 	EXP 	Display Frame 4
348.9764 	EXP 	Display Frame 5
349.0764 	EXP 	Display Frame 6
349.1764 	EXP 	Display Frame 7
349.2764 	EXP 	Display Frame 8
349.3764 	EXP 	Display Frame 9
349.4763 	EXP 	Display Frame 0
349.5762 	EXP 	Display Frame 1
349.6763 	EXP 	Display Frame 2
349.7765 	EXP 	Display Frame 3
349.8764 	EXP 	Display Frame 4
349.9762 	EXP 	Display Frame 5
350.0762 	EXP 	Display Frame 6
350.1763 	EXP 	Display Frame 7
350.2763 	EXP 	Display Frame 8
350.3764 	EXP 	Display Frame 9
350.4764 	EXP 	Display Frame 0
350.5763 	EXP 	Display Frame 1
350.6764 	EXP 	Display Frame 2
350.7764 	EXP 	Display Frame 3
350.8764 	EXP 	Display Frame 4
350.9760 	EXP 	Display Frame 5
351.0763 	EXP 	Display Frame 6
351.1763 	EXP 	Display Frame 7
351.2763 	EXP 	Display Frame 8
351.3764 	EXP 	Display Frame 9
351.4758 	EXP 	Display Frame 0
351.5763 	EXP 	Display Frame 1
351.6764 	EXP 	Display Frame 2
351.7764 	EXP 	Display Frame 3
351.8763 	EXP 	Display Frame 4
351.9764 	EXP 	Display Frame 5
352.0764 	EXP 	Display Frame 6
352.1760 	EXP 	Display Frame 7
352.2764 	EXP 	Display Frame 8
352.3763 	EXP 	Display Frame 9
352.4766 	EXP 	Display Frame 0
352.5755 	DATA 	Keypress: equal
352.5773 	EXP 	Display Frame 1
352.6760 	EXP 	Display Frame 2
352.7762 	EXP 	Display Frame 3
352.8764 	EXP 	Display Frame 4
352.9763 	EXP 	Display Frame 5
353.0764 	EXP 	Display Frame 6
353.1763 	EXP 	Display Frame 7
353.2765 	EXP 	Display Frame 8
353.3763 	EXP 	Display Frame 9
353.4763 	EXP 	Display Frame 0
353.5762 	EXP 	Display Frame 1
353.6764 	EXP 	Display Frame 2
353.7764 	EXP 	Display Frame 3
353.8763 	EXP 	Display Frame 4
353.9764 	EXP 	Display Frame 5
354.0765 	EXP 	Display Frame 6
354.1764 	EXP 	Display Frame 7
354.2764 	EXP 	Display Frame 8
354.3763 	EXP 	Display Frame 9
354.4762 	EXP 	Display Frame 0
354.5762 	EXP 	Display Frame 1
354.6763 	EXP 	Display Frame 2
354.7763 	EXP 	Display Frame 3
354.8763 	EXP 	Display Frame 4
354.9763 	EXP 	Display Frame 5
355.0763 	EXP 	Display Frame 6
355.1764 	EXP 	Display Frame 7
355.2764 	EXP 	Display Frame 8
355.3764 	EXP 	Display Frame 9
355.4764 	EXP 	Display Frame 0
355.5764 	EXP 	Display Frame 1
355.6763 	EXP 	Display Frame 2
355.7763 	EXP 	Display Frame 3
355.8763 	EXP 	Display Frame 4
355.9760 	EXP 	Display Frame 5
356.0764 	EXP 	Display Frame 6
356.1763 	EXP 	Display Frame 7
356.2760 	EXP 	Display Frame 8
356.3763 	EXP 	Display Frame 9
356.4763 	EXP 	Display Frame 0
356.5762 	EXP 	Display Frame 1
356.6763 	EXP 	Display Frame 2
356.7764 	EXP 	Display Frame 3
356.8764 	EXP 	Display Frame 4
356.9763 	EXP 	Display Frame 5
357.0758 	DATA 	Keypress: equal
357.0776 	EXP 	Display Frame 6
357.1764 	EXP 	Display Frame 7
357.2763 	EXP 	Display Frame 8
357.3763 	EXP 	Display Frame 9
357.4763 	EXP 	Display Frame 0
357.5764 	EXP 	Display Frame 1
357.6763 	EXP 	Display Frame 2
357.7764 	EXP 	Display Frame 3
357.8763 	EXP 	Display Frame 4
357.9765 	EXP 	Display Frame 5
358.0760 	EXP 	Display Frame 6
358.1763 	EXP 	Display Frame 7
358.2762 	EXP 	Display Frame 8
358.3762 	EXP 	Display Frame 9
358.4762 	EXP 	Display Frame 0
358.5763 	EXP 	Display Frame 1
358.6762 	EXP 	Display Frame 2
358.7763 	EXP 	Display Frame 3
358.8763 	EXP 	Display Frame 4
358.9761 	EXP 	Display Frame 5
359.0762 	EXP 	Display Frame 6
359.1760 	EXP 	Display Frame 7
359.2763 	EXP 	Display Frame 8
359.3762 	EXP 	Display Frame 9
359.4760 	EXP 	Display Frame 0
359.5761 	EXP 	Display Frame 1
359.6763 	EXP 	Display Frame 2
359.7764 	EXP 	Display Frame 3
359.8762 	EXP 	Display Frame 4
359.9763 	EXP 	Display Frame 5
360.0763 	EXP 	Display Frame 6
360.1762 	EXP 	Display Frame 7
360.2763 	EXP 	Display Frame 8
360.3762 	EXP 	Display Frame 9
360.4764 	EXP 	Display Frame 0
360.5762 	EXP 	Display Frame 1
360.6764 	EXP 	Display Frame 2
360.7763 	EXP 	Display Frame 3
360.8763 	EXP 	Display Frame 4
360.9764 	EXP 	Display Frame 5
361.0764 	EXP 	Display Frame 6
361.1763 	EXP 	Display Frame 7
361.2764 	EXP 	Display Frame 8
361.3763 	EXP 	Display Frame 9
361.4763 	EXP 	Display Frame 0
361.5756 	DATA 	Keypress: equal
361.5772 	EXP 	Display Frame 1
361.6763 	EXP 	Display Frame 2
361.7762 	EXP 	Display Frame 3
361.8763 	EXP 	Display Frame 4
361.9763 	EXP 	Display Frame 5
362.0763 	EXP 	Display Frame 6
362.1764 	EXP 	Display Frame 7
362.2764 	EXP 	Display Frame 8
362.3764 	EXP 	Display Frame 9
362.4763 	EXP 	Display Frame 0
362.5764 	EXP 	Display Frame 1
362.6764 	EXP 	Display Frame 2
362.7770 	EXP 	Display Frame 3
362.8760 	EXP 	Display Frame 4
362.9763 	EXP 	Display Frame 5
363.0763 	EXP 	Display Frame 6
363.1763 	EXP 	Display Frame 7
363.2764 	EXP 	Display Frame 8
363.3767 	EXP 	Display Frame 9
363.4760 	EXP 	Display Frame 0
363.5762 	EXP 	Display Frame 1
363.6764 	EXP 	Display Frame 2
363.7764 	EXP 	Display Frame 3
363.8763 	EXP 	Display Frame 4
363.9763 	EXP 	Display Frame 5
364.0764 	EXP 	Display Frame 6
364.1764 	EXP 	Display Frame 7
364.2763 	EXP 	Display Frame 8
364.3764 	EXP 	Display Frame 9
364.4763 	EXP 	Display Frame 0
364.5762 	EXP 	Display Frame 1
364.6764 	EXP 	Display Frame 2
364.7764 	EXP 	Display Frame 3
364.8764 	EXP 	Display Frame 4
364.9765 	EXP 	Display Frame 5
365.0762 	EXP 	Display Frame 6
365.1762 	EXP 	Display Frame 7
365.2764 	EXP 	Display Frame 8
365.3763 	EXP 	Display Frame 9
365.4764 	EXP 	Display Frame 0
365.5763 	EXP 	Display Frame 1
365.6764 	EXP 	Display Frame 2
365.7764 	EXP 	Display Frame 3
365.8764 	EXP 	Display Frame 4
365.9763 	EXP 	Display Frame 5
366.0763 	EXP 	Display Frame 6
366.1761 	DATA 	Keypress: equal
366.1783 	EXP 	Display Frame 7
366.2761 	EXP 	Display Frame 8
366.3762 	EXP 	Display Frame 9
366.4763 	EXP 	Display Frame 0
366.5763 	EXP 	Display Frame 1
366.6763 	EXP 	Display Frame 2
366.7763 	EXP 	Display Frame 3
366.8762 	EXP 	Display Frame 4
366.9761 	EXP 	Display Frame 5
367.0763 	EXP 	Display Frame 6
367.1762 	EXP 	Display Frame 7
367.2763 	EXP 	Display Frame 8
367.3763 	EXP 	Display Frame 9
367.4764 	EXP 	Display Frame 0
367.5763 	EXP 	Display Frame 1
367.6764 	EXP 	Display Frame 2
367.7764 	EXP 	Display Frame 3
367.8764 	EXP 	Display Frame 4
367.9763 	EXP 	Display Frame 5
368.0764 	EXP 	Display Frame 6
368.1763 	EXP 	Display Frame 7
368.2763 	EXP 	Display Frame 8
368.3764 	EXP 	Display Frame 9
368.4764 	EXP 	Display Frame 0
368.5763 	EXP 	Display Frame 1
368.6764 	EXP 	Display Frame 2
368.7763 	EXP 	Display Frame 3
368.8763 	EXP 	Display Frame 4
368.9764 	EXP 	Display Frame 5
369.0763 	EXP 	Display Frame 6
369.1764 	EXP 	Display Frame 7
369.2764 	EXP 	Display Frame 8
369.3765 	EXP 	Display Frame 9
369.4765 	EXP 	Display Frame 0
369.5763 	EXP 	Display Frame 1
369.6765 	EXP 	Display Frame 2
369.7767 	EXP 	Display Frame 3
369.8762 	EXP 	Display Frame 4
369.9763 	EXP 	Display Frame 5
370.0763 	EXP 	Display Frame 6
370.1764 	EXP 	Display Frame 7
370.2764 	EXP 	Display Frame 8
370.3764 	EXP 	Display Frame 9
370.4765 	EXP 	Display Frame 0
370.5762 	EXP 	Display Frame 1
370.6758 	DATA 	Keypress: equal
370.6779 	EXP 	Display Frame 2
370.7762 	EXP 	Display Frame 3
370.8763 	EXP 	Display Frame 4
370.9764 	EXP 	Display Frame 5
371.0764 	EXP 	Display Frame 6
371.1763 	EXP 	Display Frame 7
371.2764 	EXP 	Display Frame 8
371.3764 	EXP 	Display Frame 9
371.4763 	EXP 	Display Frame 0
371.5763 	EXP 	Display Frame 1
371.6765 	EXP 	Display Frame 2
371.7763 	EXP 	Display Frame 3
371.8764 	EXP 	Display Frame 4
371.9764 	EXP 	Display Frame 5
372.0764 	EXP 	Display Frame 6
372.1761 	EXP 	Display Frame 7
372.2762 	EXP 	Display Frame 8
372.3762 	EXP 	Display Frame 9
372.4763 	EXP 	Display Frame 0
372.5763 	EXP 	Display Frame 1
372.6763 	EXP 	Display Frame 2
372.7764 	EXP 	Display Frame 3
372.8764 	EXP 	Display Frame 4
372.9763 	EXP 	Display Frame 5
373.0763 	EXP 	Display Frame 6
373.1763 	EXP 	Display Frame 7
373.2764 	EXP 	Display Frame 8
373.3763 	EXP 	Display Frame 9
373.4760 	EXP 	Display Frame 0
373.5763 	EXP 	Display Frame 1
373.6762 	EXP 	Display Frame 2
373.7764 	EXP 	Display Frame 3
373.8765 	EXP 	Display Frame 4
373.9763 	EXP 	Display Frame 5
374.0764 	EXP 	Display Frame 6
374.1763 	EXP 	Display Frame 7
374.2764 	EXP 	Display Frame 8
374.3764 	EXP 	Display Frame 9
374.4760 	EXP 	Display Frame 0
374.5764 	EXP 	Display Frame 1
374.6762 	EXP 	Display Frame 2
374.7760 	EXP 	Display Frame 3
374.8762 	EXP 	Display Frame 4
374.9763 	EXP 	Display Frame 5
375.0761 	EXP 	Display Frame 6
375.1762 	EXP 	Display Frame 7
375.2757 	DATA 	Keypress: equal
375.2774 	EXP 	Display Frame 8
375.3762 	EXP 	Display Frame 9
375.4763 	EXP 	Display Frame 0
375.5762 	EXP 	Display Frame 1
375.6764 	EXP 	Display Frame 2
375.7763 	EXP 	Display Frame 3
375.8762 	EXP 	Display Frame 4
375.9763 	EXP 	Display Frame 5
376.0762 	EXP 	Display Frame 6
376.1763 	EXP 	Display Frame 7
376.2762 	EXP 	Display Frame 8
376.3763 	EXP 	Display Frame 9
376.4764 	EXP 	Display Frame 0
376.5763 	EXP 	Display Frame 1
376.6763 	EXP 	Display Frame 2
376.7763 	EXP 	Display Frame 3
376.8763 	EXP 	Display Frame 4
376.9764 	EXP 	Display Frame 5
377.0764 	EXP 	Display Frame 6
377.1763 	EXP 	Display Frame 7
377.2764 	EXP 	Display Frame 8
377.3765 	EXP 	Display Frame 9
377.4760 	EXP 	Display Frame 0
377.5761 	EXP 	Display Frame 1
377.6763 	EXP 	Display Frame 2
377.7763 	EXP 	Display Frame 3
377.8763 	EXP 	Display Frame 4
377.9763 	EXP 	Display Frame 5
378.0764 	EXP 	Display Frame 6
378.1763 	EXP 	Display Frame 7
378.2765 	EXP 	Display Frame 8
378.3763 	EXP 	Display Frame 9
378.4761 	EXP 	Display Frame 0
378.5763 	EXP 	Display Frame 1
378.6764 	EXP 	Display Frame 2
378.7763 	EXP 	Display Frame 3
378.8763 	EXP 	Display Frame 4
378.9763 	EXP 	Display Frame 5
379.0764 	EXP 	Display Frame 6
379.1764 	EXP 	Display Frame 7
379.2763 	EXP 	Display Frame 8
379.3764 	EXP 	Display Frame 9
379.4764 	EXP 	Display Frame 0
379.5763 	EXP 	Display Frame 1
379.6764 	EXP 	Display Frame 2
379.7761 	DATA 	Keypress: equal
379.7780 	EXP 	Display Frame 3
379.8761 	EXP 	Display Frame 4
379.9763 	EXP 	Display Frame 5
380.0763 	EXP 	Display Frame 6
380.1763 	EXP 	Display Frame 7
380.2764 	EXP 	Display Frame 8
380.3763 	EXP 	Display Frame 9
380.4764 	EXP 	Display Frame 0
380.5763 	EXP 	Display Frame 1
380.6763 	EXP 	Display Frame 2
380.7760 	EXP 	Display Frame 3
380.8764 	EXP 	Display Frame 4
380.9764 	EXP 	Display Frame 5
381.0763 	EXP 	Display Frame 6
381.1764 	EXP 	Display Frame 7
381.2765 	EXP 	Display Frame 8
381.3764 	EXP 	Display Frame 9
381.4763 	EXP 	Display Frame 0
381.5762 	EXP 	Display Frame 1
381.6764 	EXP 	Display Frame 2
381.7764 	EXP 	Display Frame 3
381.8764 	EXP 	Display Frame 4
381.9765 	EXP 	Display Frame 5
382.0763 	EXP 	Display Frame 6
382.1764 	EXP 	Display Frame 7
382.2764 	EXP 	Display Frame 8
382.3763 	EXP 	Display Frame 9
382.4767 	EXP 	Display Frame 0
382.5762 	EXP 	Display Frame 1
382.6762 	EXP 	Display Frame 2
382.7759 	EXP 	Display Frame 3
382.8761 	EXP 	Display Frame 4
382.9763 	EXP 	Display Frame 5
383.0762 	EXP 	Display Frame 6
383.1764 	EXP 	Display Frame 7
383.2763 	EXP 	Display Frame 8
383.3763 	EXP 	Display Frame 9
383.4762 	EXP 	Display Frame 0
383.5764 	EXP 	Display Frame 1
383.6764 	EXP 	Display Frame 2
383.7764 	EXP 	Display Frame 3
383.8763 	EXP 	Display Frame 4
383.9763 	EXP 	Display Frame 5
384.0764 	EXP 	Display Frame 6
384.1765 	EXP 	Display Frame 7
384.2757 	DATA 	Keypress: equal
384.2774 	EXP 	Display Frame 8
384.2791 	EXP 	Display Fixation
388.8051 	DATA 	Keypress: equal
393.3452 	DATA 	Keypress: equal
397.8852 	DATA 	Keypress: equal
402.4242 	DATA 	Keypress: equal
406.9642 	DATA 	Keypress: equal
411.5033 	DATA 	Keypress: equal
416.0433 	DATA 	Keypress: equal
420.5823 	DATA 	Keypress: equal
425.1223 	DATA 	Keypress: equal
429.6624 	DATA 	Keypress: equal
434.2014 	DATA 	Keypress: equal
438.7414 	DATA 	Keypress: equal
443.2805 	DATA 	Keypress: equal
457.3717 	DATA 	Keypress: escape
457.3824 	EXP 	topMsg: height = 0.1
457.3824 	EXP 	topMsg: height = 0.1
457.3824 	EXP 	topMsg: text = "Thank you very much! \n\nThat's it with the tapping"
457.3824 	EXP 	bottomMsg: height = 0.1
457.3824 	EXP 	bottomMsg: height = 0.1
457.3824 	EXP 	bottomMsg: text = "Please relax for the ramaining time \n\n Press 'q' or 'escape' to end the session."
457.3824 	EXP 	Display TheEnd
458.4500 	DATA 	Keypress: escape
458.5368 	EXP 	win: mouseVisible = True
