1.0631 	WARNING 	We strongly recommend you activate the PTB sound engine in PsychoPy prefs as the preferred audio engine. Its timing is vastly superior. Your prefs are currently set to use ['sounddevice', 'PTB', 'pyo', 'pygame'] (in that order).
6.2126 	INFO 	---START PARAMETERS---
6.2127 	INFO 	filename: TappingWithTrTiming_Movie_d3.py-1tt============ =====-385-Apr_29_1729
6.2127 	INFO 	subject: 1tt============ =====
6.2127 	INFO 	session: 385
6.2127 	INFO 	date: Apr_29_1729
6.2127 	INFO 	block2Dur_TRs: 0
6.2127 	INFO 	blockDur_TRs: 30
6.2127 	INFO 	condition: vis
6.2127 	INFO 	fixCrossPos: [0, 0]
6.2127 	INFO 	fixCrossSize: 100
6.2127 	INFO 	fullScreen: True
6.2127 	INFO 	movieFolder: images/
6.2127 	INFO 	movieFolder2: images/
6.2127 	INFO 	movieSize: (1600, 1000)
6.2127 	INFO 	nBlocks: 68
6.2127 	INFO 	promptDir: Text/
6.2127 	INFO 	restDur_TRs: 30
6.2127 	INFO 	screenColor: (119, 119, 119)
6.2127 	INFO 	screenToShow: 1
6.2127 	INFO 	skipPrompts: False
6.2127 	INFO 	tStartup_TRs: 0
6.2128 	INFO 	textHeight: 40
6.2128 	INFO 	triggerKey: equal
6.2128 	INFO 	---END PARAMETERS---
7.0557 	INFO 	Loaded monitor calibration from ['2022_03_25 08:03']
8.1810 	WARNING 	Couldn't measure a consistent frame rate!
  - Is your graphics card set to sync to vertical blank?
  - Are you running other processes on your computer?

8.1834 	EXP 	Created win = Window(allowGUI=False, allowStencil=False, autoLog=True, backendConf=UNKNOWN, bitsMode=UNKNOWN, blendMode='avg', bpc=(8, 8, 8), color=array([119, 119, 119]), colorSpace='rgb255', depthBits=8, fullscr=<method-wrapper '__getattribute__' of attributeSetter object at 0x7fe78132f070>, gamma=None, gammaErrorPolicy='raise', lms=UNKNOWN, monitor=<psychopy.monitors.calibTools.Monitor object at 0x7fe770257d30>, multiSample=False, name='win', numSamples=2, pos=[0.0, 0.0], screen=1, size=array([1920, 1080]), stencilBits=0, stereo=False, units='deg', useFBO=False, useRetina=False, viewOri=0.0, viewPos=None, viewScale=None, waitBlanking=True, winType='pyglet')
8.1836 	EXP 	win: mouseVisible = True
8.1884 	EXP 	Created fixCross = ShapeStim(__class__=<class 'psychopy.visual.shape.ShapeStim'>, anchor=('center', 'center'), autoDraw=False, autoLog=True, closeShape=False, color=method-wrapper(...), colorSpace='rgb', contrast=None, depth=0, fillColor=array([0, 0, 0]), fillColorSpace='rgb', fillRGB=array([0, 0, 0]), interpolate=True, lineColor=array([-1., -1., -1.]), lineColorSpace='rgb', lineRGB=array([-1., -1., -1.]), lineWidth=3.0, name='fixCross', opacity=0.5, ori=0.0, pos=array([0., 0.]), size=array([1., 1.]), units='pix', vertices=ndarray(...), win=Window(...), windingRule=None)
8.1888 	WARNING 	TextStim.alignHoriz is deprecated. Use alignText and anchorHoriz attributes instead
8.2127 	EXP 	Created topMsg = TextStim(__class__=<class 'psychopy.visual.text.TextStim'>, alignHoriz='center', alignText='center', alignVert=method-wrapper(...), anchorHoriz='center', anchorVert='center', antialias=True, autoLog=True, bold=False, color=array([-1., -1., -1.]), colorSpace='rgb', contrast=1.0, depth=0, flipHoriz=False, flipVert=False, font='', fontFiles=[], height=0.1, italic=False, languageStyle='LTR', name='topMsg', opacity=1.0, ori=0.0, pos=array([0. , 0.5]), rgb=UNKNOWN, text='aaa', units='norm', win=Window(...), wrapWidth=1.5)
8.2128 	WARNING 	TextStim.alignHoriz is deprecated. Use alignText and anchorHoriz attributes instead
8.2149 	EXP 	Created bottomMsg = TextStim(__class__=<class 'psychopy.visual.text.TextStim'>, alignHoriz='center', alignText='center', alignVert=method-wrapper(...), anchorHoriz='center', anchorVert='center', antialias=True, autoLog=True, bold=False, color=array([-1., -1., -1.]), colorSpace='rgb', contrast=1.0, depth=0, flipHoriz=False, flipVert=False, font='', fontFiles=[], height=0.1, italic=False, languageStyle='LTR', name='bottomMsg', opacity=1.0, ori=0.0, pos=array([ 0. , -0.5]), rgb=UNKNOWN, text='bbb', units='norm', win=Window(...), wrapWidth=1.5)
8.2331 	EXP 	Created Movie Frame 0 = ImageStim(__class__=<class 'psychopy.visual.image.ImageStim'>, anchor=('center', 'center'), autoLog=True, color=array([1., 1., 1.]), colorSpace='rgb', contrast=1.0, depth=0, flipHoriz=False, flipVert=False, image='images/visual_0.png', interpolate=False, mask=None, maskParams=None, name='Movie Frame 0', opacity=1, ori=0.0, pos=array([0., 0.]), size=array([1600., 1000.]), texRes=128, units='pix', win=Window(...))
8.2435 	EXP 	Created Movie Frame 1 = ImageStim(__class__=<class 'psychopy.visual.image.ImageStim'>, anchor=('center', 'center'), autoLog=True, color=array([1., 1., 1.]), colorSpace='rgb', contrast=1.0, depth=0, flipHoriz=False, flipVert=False, image='images/visual_1.png', interpolate=False, mask=None, maskParams=None, name='Movie Frame 1', opacity=1, ori=0.0, pos=array([0., 0.]), size=array([1600., 1000.]), texRes=128, units='pix', win=Window(...))
8.2532 	EXP 	Created Movie Frame 0 = ImageStim(__class__=<class 'psychopy.visual.image.ImageStim'>, anchor=('center', 'center'), autoLog=True, color=array([1., 1., 1.]), colorSpace='rgb', contrast=1.0, depth=0, flipHoriz=False, flipVert=False, image='images/visual_0.png', interpolate=False, mask=None, maskParams=None, name='Movie Frame 0', opacity=1, ori=0.0, pos=array([0., 0.]), size=array([1600., 1000.]), texRes=128, units='pix', win=Window(...))
8.2625 	EXP 	Created Movie Frame 1 = ImageStim(__class__=<class 'psychopy.visual.image.ImageStim'>, anchor=('center', 'center'), autoLog=True, color=array([1., 1., 1.]), colorSpace='rgb', contrast=1.0, depth=0, flipHoriz=False, flipVert=False, image='images/visual_1.png', interpolate=False, mask=None, maskParams=None, name='Movie Frame 1', opacity=1, ori=0.0, pos=array([0., 0.]), size=array([1600., 1000.]), texRes=128, units='pix', win=Window(...))
8.2672 	EXP 	Created unnamed TextStim = TextStim(__class__=<class 'psychopy.visual.text.TextStim'>, alignHoriz=method-wrapper(...), alignText='center', alignVert=method-wrapper(...), anchorHoriz='center', anchorVert='center', antialias=True, autoLog=True, bold=False, color=array([-1., -1., -1.]), colorSpace='rgb', contrast=1.0, depth=0, flipHoriz=False, flipVert=False, font='', fontFiles=[], height=40.0, italic=False, languageStyle='LTR', name='unnamed TextStim', opacity=1.0, ori=0.0, pos=array([  0., 580.]), rgb=UNKNOWN, text='look at the center', units='pix', win=Window(...), wrapWidth=1600)
8.2788 	WARNING 	t of last frame was 97.93ms (=1/10)
8.2788 	EXP 	topMsg: height = 0.1
8.2788 	EXP 	topMsg: height = 0.1
8.2788 	EXP 	topMsg: text = 'You will see a flickering checkerboard. When it is on the screen, try to fixate the center of the checkerboard. When the fixation cross appears, relax and stare at the cross.'
8.2788 	EXP 	bottomMsg: height = 0.1
8.2788 	EXP 	bottomMsg: height = 0.1
8.2788 	EXP 	bottomMsg: text = 'The experiment will begin shortly'
8.2788 	EXP 	Display Instructions1
9.6265 	DATA 	Keypress: space
9.6327 	WARNING 	t of last frame was 1353.90ms (=1/0)
9.6327 	EXP 	topMsg: height = 0.1
9.6327 	EXP 	topMsg: height = 0.1
9.6327 	EXP 	topMsg: text = "Please don't move..."
9.6327 	EXP 	bottomMsg: height = 0.1
9.6327 	EXP 	bottomMsg: height = 0.1
9.6327 	EXP 	bottomMsg: text = ''
9.6327 	EXP 	PleaseDontMove
33.9964 	DATA 	Keypress: equal
34.0015 	WARNING 	t of last frame was 24368.76ms (=1/0)
34.0015 	EXP 	Display Fixation
34.0017 	EXP 	---START EXPERIMENT---
34.0027 	EXP 	Display Fixation
35.0086 	DATA 	Keypress: equal
36.0401 	DATA 	Keypress: equal
37.0509 	DATA 	Keypress: equal
38.0848 	DATA 	Keypress: equal
39.0949 	DATA 	Keypress: equal
40.1289 	DATA 	Keypress: equal
41.1400 	DATA 	Keypress: equal
42.1728 	DATA 	Keypress: equal
43.1841 	DATA 	Keypress: equal
44.2177 	DATA 	Keypress: equal
45.2278 	DATA 	Keypress: equal
46.2621 	DATA 	Keypress: equal
47.2728 	DATA 	Keypress: equal
48.3068 	DATA 	Keypress: equal
49.3173 	DATA 	Keypress: equal
50.3509 	DATA 	Keypress: equal
51.3605 	DATA 	Keypress: equal
52.3952 	DATA 	Keypress: equal
53.4059 	DATA 	Keypress: equal
54.4402 	DATA 	Keypress: equal
55.4503 	DATA 	Keypress: equal
56.4842 	DATA 	Keypress: equal
57.4946 	DATA 	Keypress: equal
58.5281 	DATA 	Keypress: equal
59.5392 	DATA 	Keypress: equal
60.5732 	DATA 	Keypress: equal
61.5833 	DATA 	Keypress: equal
62.6173 	DATA 	Keypress: equal
63.6283 	DATA 	Keypress: equal
64.6622 	DATA 	Keypress: equal
64.6663 	WARNING 	t of last frame was 30663.58ms (=1/0)
64.7884 	WARNING 	Multiple dropped frames have occurred - I'll stop bothering you about them!
64.7883 	EXP 	Display Frame 1
64.9133 	EXP 	Display Frame 0
65.0384 	EXP 	Display Frame 1
65.1635 	EXP 	Display Frame 0
65.2884 	EXP 	Display Frame 1
65.4135 	EXP 	Display Frame 0
65.5385 	EXP 	Display Frame 1
65.6632 	EXP 	Display Frame 0
65.7887 	DATA 	Keypress: equal
65.7900 	EXP 	Display Frame 1
65.9134 	EXP 	Display Frame 0
66.0384 	EXP 	Display Frame 1
66.1636 	EXP 	Display Frame 0
66.2884 	EXP 	Display Frame 1
66.4134 	EXP 	Display Frame 0
66.5383 	EXP 	Display Frame 1
66.6632 	EXP 	Display Frame 0
66.7888 	DATA 	Keypress: equal
66.7904 	EXP 	Display Frame 1
66.9135 	EXP 	Display Frame 0
67.0384 	EXP 	Display Frame 1
67.1633 	EXP 	Display Frame 0
67.2882 	EXP 	Display Frame 1
67.4133 	EXP 	Display Frame 0
67.5386 	EXP 	Display Frame 1
67.6634 	EXP 	Display Frame 0
67.7890 	DATA 	Keypress: equal
67.7904 	EXP 	Display Frame 1
67.9134 	EXP 	Display Frame 0
68.0385 	EXP 	Display Frame 1
68.1634 	EXP 	Display Frame 0
68.2881 	EXP 	Display Frame 1
68.4135 	EXP 	Display Frame 0
68.5382 	EXP 	Display Frame 1
68.6637 	EXP 	Display Frame 0
68.7885 	DATA 	Keypress: equal
68.7900 	EXP 	Display Frame 1
68.9134 	EXP 	Display Frame 0
69.0386 	EXP 	Display Frame 1
69.1636 	EXP 	Display Frame 0
69.2884 	EXP 	Display Frame 1
69.4135 	EXP 	Display Frame 0
69.5386 	EXP 	Display Frame 1
69.6634 	EXP 	Display Frame 0
69.7882 	DATA 	Keypress: equal
69.7894 	EXP 	Display Frame 1
69.9132 	EXP 	Display Frame 0
70.0385 	EXP 	Display Frame 1
70.1636 	EXP 	Display Frame 0
70.2884 	EXP 	Display Frame 1
70.4135 	EXP 	Display Frame 0
70.5382 	EXP 	Display Frame 1
70.6632 	EXP 	Display Frame 0
70.7887 	EXP 	Display Frame 1
70.9134 	DATA 	Keypress: equal
70.9151 	EXP 	Display Frame 0
71.0383 	EXP 	Display Frame 1
71.1635 	EXP 	Display Frame 0
71.2882 	EXP 	Display Frame 1
71.4135 	EXP 	Display Frame 0
71.5384 	EXP 	Display Frame 1
71.6637 	EXP 	Display Frame 0
71.7884 	EXP 	Display Frame 1
71.9135 	DATA 	Keypress: equal
71.9146 	EXP 	Display Frame 0
72.0383 	EXP 	Display Frame 1
72.1634 	EXP 	Display Frame 0
72.2884 	EXP 	Display Frame 1
72.4132 	EXP 	Display Frame 0
72.5386 	EXP 	Display Frame 1
72.6635 	EXP 	Display Frame 0
72.7885 	EXP 	Display Frame 1
72.9134 	DATA 	Keypress: equal
72.9148 	EXP 	Display Frame 0
73.0383 	EXP 	Display Frame 1
73.1634 	EXP 	Display Frame 0
73.2884 	EXP 	Display Frame 1
73.4135 	EXP 	Display Frame 0
73.5384 	EXP 	Display Frame 1
73.6635 	EXP 	Display Frame 0
73.7885 	EXP 	Display Frame 1
73.9132 	DATA 	Keypress: equal
73.9146 	EXP 	Display Frame 0
74.0387 	EXP 	Display Frame 1
74.1633 	EXP 	Display Frame 0
74.2883 	EXP 	Display Frame 1
74.4135 	EXP 	Display Frame 0
74.5385 	EXP 	Display Frame 1
74.6635 	EXP 	Display Frame 0
74.7885 	EXP 	Display Frame 1
74.9137 	DATA 	Keypress: equal
74.9157 	EXP 	Display Frame 0
75.0383 	EXP 	Display Frame 1
75.1634 	EXP 	Display Frame 0
75.2884 	EXP 	Display Frame 1
75.4135 	EXP 	Display Frame 0
75.5382 	EXP 	Display Frame 1
75.6636 	EXP 	Display Frame 0
75.7886 	EXP 	Display Frame 1
75.9135 	DATA 	Keypress: equal
75.9152 	EXP 	Display Frame 0
76.0385 	EXP 	Display Frame 1
76.1635 	EXP 	Display Frame 0
76.2882 	EXP 	Display Frame 1
76.4134 	EXP 	Display Frame 0
76.5385 	EXP 	Display Frame 1
76.6635 	EXP 	Display Frame 0
76.7893 	EXP 	Display Frame 1
76.9134 	EXP 	Display Frame 0
77.0385 	DATA 	Keypress: equal
77.0399 	EXP 	Display Frame 1
77.1635 	EXP 	Display Frame 0
77.2883 	EXP 	Display Frame 1
77.4134 	EXP 	Display Frame 0
77.5385 	EXP 	Display Frame 1
77.6635 	EXP 	Display Frame 0
77.7885 	EXP 	Display Frame 1
77.9135 	EXP 	Display Frame 0
78.0386 	DATA 	Keypress: equal
78.0399 	EXP 	Display Frame 1
78.1633 	EXP 	Display Frame 0
78.2883 	EXP 	Display Frame 1
78.4135 	EXP 	Display Frame 0
78.5385 	EXP 	Display Frame 1
78.6635 	EXP 	Display Frame 0
78.7885 	EXP 	Display Frame 1
78.9135 	EXP 	Display Frame 0
79.0381 	DATA 	Keypress: equal
79.0397 	EXP 	Display Frame 1
79.1634 	EXP 	Display Frame 0
79.2883 	EXP 	Display Frame 1
79.4134 	EXP 	Display Frame 0
79.5385 	EXP 	Display Frame 1
79.6634 	EXP 	Display Frame 0
79.7885 	EXP 	Display Frame 1
79.9135 	EXP 	Display Frame 0
80.0387 	DATA 	Keypress: equal
80.0402 	EXP 	Display Frame 1
80.1634 	EXP 	Display Frame 0
80.2883 	EXP 	Display Frame 1
80.4137 	EXP 	Display Frame 0
80.5385 	EXP 	Display Frame 1
80.6636 	EXP 	Display Frame 0
80.7886 	EXP 	Display Frame 1
80.9135 	EXP 	Display Frame 0
81.0387 	DATA 	Keypress: equal
81.0404 	EXP 	Display Frame 1
81.1634 	EXP 	Display Frame 0
81.2883 	EXP 	Display Frame 1
81.4136 	EXP 	Display Frame 0
81.5384 	EXP 	Display Frame 1
81.6636 	EXP 	Display Frame 0
81.7886 	EXP 	Display Frame 1
81.9132 	EXP 	Display Frame 0
82.0386 	DATA 	Keypress: equal
82.0398 	EXP 	Display Frame 1
82.1634 	EXP 	Display Frame 0
82.2883 	EXP 	Display Frame 1
82.4134 	EXP 	Display Frame 0
82.5382 	EXP 	Display Frame 1
82.6631 	EXP 	Display Frame 0
82.7885 	EXP 	Display Frame 1
82.9135 	EXP 	Display Frame 0
83.0385 	EXP 	Display Frame 1
83.1638 	DATA 	Keypress: equal
83.1653 	EXP 	Display Frame 0
83.2881 	EXP 	Display Frame 1
83.4133 	EXP 	Display Frame 0
83.5385 	EXP 	Display Frame 1
83.6634 	EXP 	Display Frame 0
83.7884 	EXP 	Display Frame 1
83.9133 	EXP 	Display Frame 0
84.0385 	EXP 	Display Frame 1
84.1633 	DATA 	Keypress: equal
84.1646 	EXP 	Display Frame 0
84.2883 	EXP 	Display Frame 1
84.4134 	EXP 	Display Frame 0
84.5385 	EXP 	Display Frame 1
84.6636 	EXP 	Display Frame 0
84.7884 	EXP 	Display Frame 1
84.9135 	EXP 	Display Frame 0
85.0385 	EXP 	Display Frame 1
85.1635 	DATA 	Keypress: equal
85.1656 	EXP 	Display Frame 0
85.2881 	EXP 	Display Frame 1
85.4134 	EXP 	Display Frame 0
85.5384 	EXP 	Display Frame 1
85.6632 	EXP 	Display Frame 0
85.7884 	EXP 	Display Frame 1
85.9135 	EXP 	Display Frame 0
86.0385 	EXP 	Display Frame 1
86.1636 	DATA 	Keypress: equal
86.1651 	EXP 	Display Frame 0
86.2883 	EXP 	Display Frame 1
86.4135 	EXP 	Display Frame 0
86.5385 	EXP 	Display Frame 1
86.6631 	EXP 	Display Frame 0
86.7889 	EXP 	Display Frame 1
86.9134 	EXP 	Display Frame 0
87.0385 	EXP 	Display Frame 1
87.1637 	DATA 	Keypress: equal
87.1653 	EXP 	Display Frame 0
87.2883 	EXP 	Display Frame 1
87.4134 	EXP 	Display Frame 0
87.5383 	EXP 	Display Frame 1
87.6634 	EXP 	Display Frame 0
87.7884 	EXP 	Display Frame 1
87.9134 	EXP 	Display Frame 0
88.0384 	EXP 	Display Frame 1
88.1636 	DATA 	Keypress: equal
88.1654 	EXP 	Display Frame 0
88.2882 	EXP 	Display Frame 1
88.4138 	EXP 	Display Frame 0
88.5384 	EXP 	Display Frame 1
88.6635 	EXP 	Display Frame 0
88.7882 	EXP 	Display Frame 1
88.9135 	EXP 	Display Frame 0
89.0385 	EXP 	Display Frame 1
89.1635 	EXP 	Display Frame 0
89.2888 	DATA 	Keypress: equal
89.2903 	EXP 	Display Frame 1
89.4134 	EXP 	Display Frame 0
89.5384 	EXP 	Display Frame 1
89.6635 	EXP 	Display Frame 0
89.7882 	EXP 	Display Frame 1
89.9132 	EXP 	Display Frame 0
90.0385 	EXP 	Display Frame 1
90.1635 	EXP 	Display Frame 0
90.2886 	DATA 	Keypress: equal
90.2899 	EXP 	Display Frame 1
90.4134 	EXP 	Display Frame 0
90.5384 	EXP 	Display Frame 1
90.6635 	EXP 	Display Frame 0
90.7884 	EXP 	Display Frame 1
90.9132 	EXP 	Display Frame 0
91.0385 	EXP 	Display Frame 1
91.1634 	EXP 	Display Frame 0
91.2887 	DATA 	Keypress: equal
91.2902 	EXP 	Display Frame 1
91.4134 	EXP 	Display Frame 0
91.5384 	EXP 	Display Frame 1
91.6635 	EXP 	Display Frame 0
91.7887 	EXP 	Display Frame 1
91.9134 	EXP 	Display Frame 0
92.0384 	EXP 	Display Frame 1
92.1635 	EXP 	Display Frame 0
92.2883 	DATA 	Keypress: equal
92.2894 	EXP 	Display Frame 1
92.4133 	EXP 	Display Frame 0
92.5384 	EXP 	Display Frame 1
92.6634 	EXP 	Display Frame 0
92.7885 	EXP 	Display Frame 1
92.9133 	EXP 	Display Frame 0
93.0384 	EXP 	Display Frame 1
93.1638 	EXP 	Display Frame 0
93.2884 	DATA 	Keypress: equal
93.2899 	EXP 	Display Frame 1
93.4133 	EXP 	Display Frame 0
93.5386 	EXP 	Display Frame 1
93.6634 	EXP 	Display Frame 0
93.7885 	EXP 	Display Frame 1
93.9134 	EXP 	Display Frame 0
94.0385 	EXP 	Display Frame 1
94.1634 	EXP 	Display Frame 0
94.2884 	EXP 	Display Frame 1
94.4135 	DATA 	Keypress: equal
94.4149 	EXP 	Display Frame 0
94.5384 	EXP 	Display Frame 1
94.6634 	EXP 	Display Frame 0
94.7885 	EXP 	Display Frame 1
94.9134 	EXP 	Display Frame 0
95.0384 	EXP 	Display Frame 1
95.1634 	EXP 	Display Frame 0
95.2884 	EXP 	Display Frame 1
95.4132 	DATA 	Keypress: equal
95.4146 	EXP 	Display Frame 0
95.4194 	EXP 	Display Fixation
96.3385 	DATA 	Keypress: equal
97.3725 	DATA 	Keypress: equal
98.3831 	DATA 	Keypress: equal
99.4164 	DATA 	Keypress: equal
100.4271 	DATA 	Keypress: equal
101.4602 	DATA 	Keypress: equal
102.4711 	DATA 	Keypress: equal
103.5055 	DATA 	Keypress: equal
104.5160 	DATA 	Keypress: equal
105.5495 	DATA 	Keypress: equal
106.5601 	DATA 	Keypress: equal
107.5939 	DATA 	Keypress: equal
108.6062 	DATA 	Keypress: equal
109.6384 	DATA 	Keypress: equal
110.6494 	DATA 	Keypress: equal
111.6830 	DATA 	Keypress: equal
112.6932 	DATA 	Keypress: equal
113.7275 	DATA 	Keypress: equal
114.7376 	DATA 	Keypress: equal
115.7715 	DATA 	Keypress: equal
116.7829 	DATA 	Keypress: equal
117.8164 	DATA 	Keypress: equal
118.8262 	DATA 	Keypress: equal
119.8604 	DATA 	Keypress: equal
120.8711 	DATA 	Keypress: equal
121.9046 	DATA 	Keypress: equal
122.9166 	DATA 	Keypress: equal
123.9498 	DATA 	Keypress: equal
124.9597 	DATA 	Keypress: equal
125.9933 	DATA 	Keypress: equal
126.1194 	EXP 	Display Frame 1
126.2444 	EXP 	Display Frame 0
126.3694 	EXP 	Display Frame 1
126.4946 	EXP 	Display Frame 0
126.6195 	EXP 	Display Frame 1
126.7445 	EXP 	Display Frame 0
126.8695 	EXP 	Display Frame 1
126.9945 	EXP 	Display Frame 0
127.1198 	DATA 	Keypress: equal
127.1210 	EXP 	Display Frame 1
127.2443 	EXP 	Display Frame 0
127.3693 	EXP 	Display Frame 1
127.4945 	EXP 	Display Frame 0
127.6196 	EXP 	Display Frame 1
127.7446 	EXP 	Display Frame 0
127.8696 	EXP 	Display Frame 1
127.9945 	EXP 	Display Frame 0
128.1197 	DATA 	Keypress: equal
128.1214 	EXP 	Display Frame 1
128.2444 	EXP 	Display Frame 0
128.3697 	EXP 	Display Frame 1
128.4945 	EXP 	Display Frame 0
128.6197 	EXP 	Display Frame 1
128.7446 	EXP 	Display Frame 0
128.8696 	EXP 	Display Frame 1
128.9945 	EXP 	Display Frame 0
129.1193 	DATA 	Keypress: equal
129.1204 	EXP 	Display Frame 1
129.2443 	EXP 	Display Frame 0
129.3696 	EXP 	Display Frame 1
129.4944 	EXP 	Display Frame 0
129.6194 	EXP 	Display Frame 1
129.7443 	EXP 	Display Frame 0
129.8696 	EXP 	Display Frame 1
129.9946 	EXP 	Display Frame 0
130.1196 	DATA 	Keypress: equal
130.1210 	EXP 	Display Frame 1
130.2444 	EXP 	Display Frame 0
130.3695 	EXP 	Display Frame 1
130.4945 	EXP 	Display Frame 0
130.6195 	EXP 	Display Frame 1
130.7442 	EXP 	Display Frame 0
130.8696 	EXP 	Display Frame 1
130.9945 	EXP 	Display Frame 0
131.1197 	DATA 	Keypress: equal
131.1214 	EXP 	Display Frame 1
131.2444 	EXP 	Display Frame 0
131.3696 	EXP 	Display Frame 1
131.4945 	EXP 	Display Frame 0
131.6196 	EXP 	Display Frame 1
131.7446 	EXP 	Display Frame 0
131.8695 	EXP 	Display Frame 1
131.9944 	EXP 	Display Frame 0
132.1195 	EXP 	Display Frame 1
132.2448 	DATA 	Keypress: equal
132.2463 	EXP 	Display Frame 0
132.3695 	EXP 	Display Frame 1
132.4945 	EXP 	Display Frame 0
132.6195 	EXP 	Display Frame 1
132.7446 	EXP 	Display Frame 0
132.8695 	EXP 	Display Frame 1
132.9947 	EXP 	Display Frame 0
133.1194 	EXP 	Display Frame 1
133.2445 	DATA 	Keypress: equal
133.2459 	EXP 	Display Frame 0
133.3694 	EXP 	Display Frame 1
133.4945 	EXP 	Display Frame 0
133.6195 	EXP 	Display Frame 1
133.7445 	EXP 	Display Frame 0
133.8696 	EXP 	Display Frame 1
133.9945 	EXP 	Display Frame 0
134.1192 	EXP 	Display Frame 1
134.2443 	DATA 	Keypress: equal
134.2458 	EXP 	Display Frame 0
134.3693 	EXP 	Display Frame 1
134.4944 	EXP 	Display Frame 0
134.6195 	EXP 	Display Frame 1
134.7451 	EXP 	Display Frame 0
134.8693 	EXP 	Display Frame 1
134.9945 	EXP 	Display Frame 0
135.1196 	EXP 	Display Frame 1
135.2445 	DATA 	Keypress: equal
135.2458 	EXP 	Display Frame 0
135.3694 	EXP 	Display Frame 1
135.4975 	EXP 	Display Frame 0
135.6195 	EXP 	Display Frame 1
135.7446 	EXP 	Display Frame 0
135.8696 	EXP 	Display Frame 1
135.9945 	EXP 	Display Frame 0
136.1197 	EXP 	Display Frame 1
136.2442 	DATA 	Keypress: equal
136.2455 	EXP 	Display Frame 0
136.3694 	EXP 	Display Frame 1
136.4945 	EXP 	Display Frame 0
136.6195 	EXP 	Display Frame 1
136.7444 	EXP 	Display Frame 0
136.8692 	EXP 	Display Frame 1
136.9945 	EXP 	Display Frame 0
137.1195 	EXP 	Display Frame 1
137.2448 	DATA 	Keypress: equal
137.2463 	EXP 	Display Frame 0
137.3693 	EXP 	Display Frame 1
137.4944 	EXP 	Display Frame 0
137.6195 	EXP 	Display Frame 1
137.7443 	EXP 	Display Frame 0
137.8694 	EXP 	Display Frame 1
137.9945 	EXP 	Display Frame 0
138.1194 	EXP 	Display Frame 1
138.2446 	EXP 	Display Frame 0
138.3695 	DATA 	Keypress: equal
138.3708 	EXP 	Display Frame 1
138.4944 	EXP 	Display Frame 0
138.6194 	EXP 	Display Frame 1
138.7442 	EXP 	Display Frame 0
138.8696 	EXP 	Display Frame 1
138.9945 	EXP 	Display Frame 0
139.1192 	EXP 	Display Frame 1
139.2445 	EXP 	Display Frame 0
139.3697 	DATA 	Keypress: equal
139.3712 	EXP 	Display Frame 1
139.4943 	EXP 	Display Frame 0
139.6195 	EXP 	Display Frame 1
139.7445 	EXP 	Display Frame 0
139.8694 	EXP 	Display Frame 1
139.9943 	EXP 	Display Frame 0
140.1195 	EXP 	Display Frame 1
140.2445 	EXP 	Display Frame 0
140.3695 	DATA 	Keypress: equal
140.3709 	EXP 	Display Frame 1
140.4947 	EXP 	Display Frame 0
140.6195 	EXP 	Display Frame 1
140.7445 	EXP 	Display Frame 0
140.8695 	EXP 	Display Frame 1
140.9946 	EXP 	Display Frame 0
141.1196 	EXP 	Display Frame 1
141.2445 	EXP 	Display Frame 0
141.3698 	DATA 	Keypress: equal
141.3711 	EXP 	Display Frame 1
141.4945 	EXP 	Display Frame 0
141.6195 	EXP 	Display Frame 1
141.7534 	EXP 	Display Frame 0
141.8693 	EXP 	Display Frame 1
141.9944 	EXP 	Display Frame 0
142.1196 	EXP 	Display Frame 1
142.2445 	EXP 	Display Frame 0
142.3694 	DATA 	Keypress: equal
142.3709 	EXP 	Display Frame 1
142.4944 	EXP 	Display Frame 0
142.6195 	EXP 	Display Frame 1
142.7445 	EXP 	Display Frame 0
142.8695 	EXP 	Display Frame 1
142.9947 	EXP 	Display Frame 0
143.1195 	EXP 	Display Frame 1
143.2445 	EXP 	Display Frame 0
143.3693 	DATA 	Keypress: equal
143.3706 	EXP 	Display Frame 1
143.4944 	EXP 	Display Frame 0
143.6195 	EXP 	Display Frame 1
143.7445 	EXP 	Display Frame 0
143.8695 	EXP 	Display Frame 1
143.9945 	EXP 	Display Frame 0
144.1195 	EXP 	Display Frame 1
144.2445 	EXP 	Display Frame 0
144.3695 	EXP 	Display Frame 1
144.4946 	DATA 	Keypress: equal
144.4961 	EXP 	Display Frame 0
144.6194 	EXP 	Display Frame 1
144.7444 	EXP 	Display Frame 0
144.8695 	EXP 	Display Frame 1
144.9945 	EXP 	Display Frame 0
145.1192 	EXP 	Display Frame 1
145.2445 	EXP 	Display Frame 0
145.3694 	EXP 	Display Frame 1
145.4945 	DATA 	Keypress: equal
145.4959 	EXP 	Display Frame 0
145.6195 	EXP 	Display Frame 1
145.7442 	EXP 	Display Frame 0
145.8695 	EXP 	Display Frame 1
145.9945 	EXP 	Display Frame 0
146.1195 	EXP 	Display Frame 1
146.2445 	EXP 	Display Frame 0
146.3694 	EXP 	Display Frame 1
146.4945 	DATA 	Keypress: equal
146.4960 	EXP 	Display Frame 0
146.6194 	EXP 	Display Frame 1
146.7444 	EXP 	Display Frame 0
146.8703 	EXP 	Display Frame 1
146.9945 	EXP 	Display Frame 0
147.1195 	EXP 	Display Frame 1
147.2444 	EXP 	Display Frame 0
147.3694 	EXP 	Display Frame 1
147.4948 	DATA 	Keypress: equal
147.4961 	EXP 	Display Frame 0
147.6194 	EXP 	Display Frame 1
147.7444 	EXP 	Display Frame 0
147.8696 	EXP 	Display Frame 1
147.9945 	EXP 	Display Frame 0
148.1195 	EXP 	Display Frame 1
148.2445 	EXP 	Display Frame 0
148.3695 	EXP 	Display Frame 1
148.4947 	DATA 	Keypress: equal
148.4962 	EXP 	Display Frame 0
148.6194 	EXP 	Display Frame 1
148.7445 	EXP 	Display Frame 0
148.8695 	EXP 	Display Frame 1
148.9945 	EXP 	Display Frame 0
149.1192 	EXP 	Display Frame 1
149.2445 	EXP 	Display Frame 0
149.3694 	EXP 	Display Frame 1
149.4944 	DATA 	Keypress: equal
149.4956 	EXP 	Display Frame 0
149.6194 	EXP 	Display Frame 1
149.7445 	EXP 	Display Frame 0
149.8695 	EXP 	Display Frame 1
149.9945 	EXP 	Display Frame 0
150.1196 	EXP 	Display Frame 1
150.2446 	EXP 	Display Frame 0
150.3694 	EXP 	Display Frame 1
150.4944 	EXP 	Display Frame 0
150.6194 	DATA 	Keypress: equal
150.6207 	EXP 	Display Frame 1
150.7444 	EXP 	Display Frame 0
150.8694 	EXP 	Display Frame 1
150.9943 	EXP 	Display Frame 0
151.1195 	EXP 	Display Frame 1
151.2445 	EXP 	Display Frame 0
151.3695 	EXP 	Display Frame 1
151.4978 	EXP 	Display Frame 0
151.6193 	DATA 	Keypress: equal
151.6206 	EXP 	Display Frame 1
151.7443 	EXP 	Display Frame 0
151.8694 	EXP 	Display Frame 1
151.9945 	EXP 	Display Frame 0
152.1195 	EXP 	Display Frame 1
152.2445 	EXP 	Display Frame 0
152.3693 	EXP 	Display Frame 1
152.4945 	EXP 	Display Frame 0
152.6198 	DATA 	Keypress: equal
152.6213 	EXP 	Display Frame 1
152.7442 	EXP 	Display Frame 0
152.8694 	EXP 	Display Frame 1
152.9946 	EXP 	Display Frame 0
153.1199 	EXP 	Display Frame 1
153.2443 	EXP 	Display Frame 0
153.3695 	EXP 	Display Frame 1
153.4945 	EXP 	Display Frame 0
153.6197 	DATA 	Keypress: equal
153.6212 	EXP 	Display Frame 1
153.7445 	EXP 	Display Frame 0
153.8695 	EXP 	Display Frame 1
153.9945 	EXP 	Display Frame 0
154.1193 	EXP 	Display Frame 1
154.2444 	EXP 	Display Frame 0
154.3696 	EXP 	Display Frame 1
154.4945 	EXP 	Display Frame 0
154.6198 	DATA 	Keypress: equal
154.6209 	EXP 	Display Frame 1
154.7444 	EXP 	Display Frame 0
154.8694 	EXP 	Display Frame 1
154.9945 	EXP 	Display Frame 0
155.1196 	EXP 	Display Frame 1
155.2444 	EXP 	Display Frame 0
155.3695 	EXP 	Display Frame 1
155.4945 	EXP 	Display Frame 0
155.6196 	EXP 	Display Frame 1
155.7444 	DATA 	Keypress: equal
155.7455 	EXP 	Display Frame 0
155.8694 	EXP 	Display Frame 1
155.9944 	EXP 	Display Frame 0
156.1194 	EXP 	Display Frame 1
156.2446 	EXP 	Display Frame 0
156.3693 	EXP 	Display Frame 1
156.4945 	EXP 	Display Frame 0
156.6195 	EXP 	Display Frame 1
156.7445 	DATA 	Keypress: equal
156.7455 	EXP 	Display Frame 0
156.7482 	EXP 	Display Fixation
157.6696 	DATA 	Keypress: equal
158.7036 	DATA 	Keypress: equal
159.7148 	DATA 	Keypress: equal
160.7494 	DATA 	Keypress: equal
161.7587 	DATA 	Keypress: equal
162.7926 	DATA 	Keypress: equal
163.8039 	DATA 	Keypress: equal
164.8367 	DATA 	Keypress: equal
165.8478 	DATA 	Keypress: equal
166.8818 	DATA 	Keypress: equal
167.8917 	DATA 	Keypress: equal
168.9257 	DATA 	Keypress: equal
169.9367 	DATA 	Keypress: equal
170.9706 	DATA 	Keypress: equal
171.9809 	DATA 	Keypress: equal
173.0149 	DATA 	Keypress: equal
174.0260 	DATA 	Keypress: equal
175.0586 	DATA 	Keypress: equal
176.0698 	DATA 	Keypress: equal
177.1040 	DATA 	Keypress: equal
178.1137 	DATA 	Keypress: equal
179.1483 	DATA 	Keypress: equal
180.1588 	DATA 	Keypress: equal
181.1918 	DATA 	Keypress: equal
182.2031 	DATA 	Keypress: equal
183.2367 	DATA 	Keypress: equal
184.2468 	DATA 	Keypress: equal
185.2809 	DATA 	Keypress: equal
186.2918 	DATA 	Keypress: equal
187.3254 	DATA 	Keypress: equal
187.4518 	EXP 	Display Frame 1
187.5766 	EXP 	Display Frame 0
187.7017 	EXP 	Display Frame 1
187.8267 	EXP 	Display Frame 0
187.9518 	EXP 	Display Frame 1
188.0767 	EXP 	Display Frame 0
188.2018 	EXP 	Display Frame 1
188.3267 	EXP 	Display Frame 0
188.4520 	DATA 	Keypress: equal
188.4536 	EXP 	Display Frame 1
188.5767 	EXP 	Display Frame 0
188.7017 	EXP 	Display Frame 1
188.8267 	EXP 	Display Frame 0
188.9517 	EXP 	Display Frame 1
189.0767 	EXP 	Display Frame 0
189.2015 	EXP 	Display Frame 1
189.3267 	EXP 	Display Frame 0
189.4518 	DATA 	Keypress: equal
189.4532 	EXP 	Display Frame 1
189.5765 	EXP 	Display Frame 0
189.7017 	EXP 	Display Frame 1
189.8266 	EXP 	Display Frame 0
189.9517 	EXP 	Display Frame 1
190.0767 	EXP 	Display Frame 0
190.2015 	EXP 	Display Frame 1
190.3265 	EXP 	Display Frame 0
190.4518 	DATA 	Keypress: equal
190.4532 	EXP 	Display Frame 1
190.5766 	EXP 	Display Frame 0
190.7016 	EXP 	Display Frame 1
190.8267 	EXP 	Display Frame 0
190.9516 	EXP 	Display Frame 1
191.0775 	EXP 	Display Frame 0
191.2019 	EXP 	Display Frame 1
191.3267 	EXP 	Display Frame 0
191.4518 	DATA 	Keypress: equal
191.4532 	EXP 	Display Frame 1
191.5767 	EXP 	Display Frame 0
191.7017 	EXP 	Display Frame 1
191.8268 	EXP 	Display Frame 0
191.9517 	EXP 	Display Frame 1
192.0766 	EXP 	Display Frame 0
192.2018 	EXP 	Display Frame 1
192.3267 	EXP 	Display Frame 0
192.4519 	DATA 	Keypress: equal
192.4534 	EXP 	Display Frame 1
192.5765 	EXP 	Display Frame 0
192.7014 	EXP 	Display Frame 1
192.8264 	EXP 	Display Frame 0
192.9514 	EXP 	Display Frame 1
193.0764 	EXP 	Display Frame 0
193.2019 	EXP 	Display Frame 1
193.3266 	EXP 	Display Frame 0
193.4516 	EXP 	Display Frame 1
193.5768 	DATA 	Keypress: equal
193.5782 	EXP 	Display Frame 0
193.7015 	EXP 	Display Frame 1
193.8267 	EXP 	Display Frame 0
193.9517 	EXP 	Display Frame 1
194.0765 	EXP 	Display Frame 0
194.2017 	EXP 	Display Frame 1
194.3267 	EXP 	Display Frame 0
194.4515 	EXP 	Display Frame 1
194.5771 	DATA 	Keypress: equal
194.5787 	EXP 	Display Frame 0
194.7017 	EXP 	Display Frame 1
194.8268 	EXP 	Display Frame 0
194.9519 	EXP 	Display Frame 1
195.0768 	EXP 	Display Frame 0
195.2018 	EXP 	Display Frame 1
195.3267 	EXP 	Display Frame 0
195.4515 	EXP 	Display Frame 1
195.5770 	DATA 	Keypress: equal
195.5786 	EXP 	Display Frame 0
195.7016 	EXP 	Display Frame 1
195.8270 	EXP 	Display Frame 0
195.9517 	EXP 	Display Frame 1
196.0769 	EXP 	Display Frame 0
196.2017 	EXP 	Display Frame 1
196.3266 	EXP 	Display Frame 0
196.4517 	EXP 	Display Frame 1
196.5771 	DATA 	Keypress: equal
196.5787 	EXP 	Display Frame 0
196.7016 	EXP 	Display Frame 1
196.8267 	EXP 	Display Frame 0
196.9518 	EXP 	Display Frame 1
197.0773 	EXP 	Display Frame 0
197.2017 	EXP 	Display Frame 1
197.3269 	EXP 	Display Frame 0
197.4518 	EXP 	Display Frame 1
197.5767 	DATA 	Keypress: equal
197.5781 	EXP 	Display Frame 0
197.7018 	EXP 	Display Frame 1
197.8267 	EXP 	Display Frame 0
197.9516 	EXP 	Display Frame 1
198.0768 	EXP 	Display Frame 0
198.2018 	EXP 	Display Frame 1
198.3268 	EXP 	Display Frame 0
198.4518 	EXP 	Display Frame 1
198.5770 	DATA 	Keypress: equal
198.5784 	EXP 	Display Frame 0
198.7017 	EXP 	Display Frame 1
198.8267 	EXP 	Display Frame 0
198.9518 	EXP 	Display Frame 1
199.0768 	EXP 	Display Frame 0
199.2018 	EXP 	Display Frame 1
199.3267 	EXP 	Display Frame 0
199.4518 	EXP 	Display Frame 1
199.5768 	EXP 	Display Frame 0
199.7020 	DATA 	Keypress: equal
199.7034 	EXP 	Display Frame 1
199.8266 	EXP 	Display Frame 0
199.9517 	EXP 	Display Frame 1
200.0768 	EXP 	Display Frame 0
200.2018 	EXP 	Display Frame 1
200.3267 	EXP 	Display Frame 0
200.4518 	EXP 	Display Frame 1
200.5767 	EXP 	Display Frame 0
200.7016 	DATA 	Keypress: equal
200.7031 	EXP 	Display Frame 1
200.8266 	EXP 	Display Frame 0
200.9518 	EXP 	Display Frame 1
201.0768 	EXP 	Display Frame 0
201.2018 	EXP 	Display Frame 1
201.3267 	EXP 	Display Frame 0
201.4518 	EXP 	Display Frame 1
201.5768 	EXP 	Display Frame 0
201.7018 	DATA 	Keypress: equal
201.7033 	EXP 	Display Frame 1
201.8266 	EXP 	Display Frame 0
201.9516 	EXP 	Display Frame 1
202.0768 	EXP 	Display Frame 0
202.2018 	EXP 	Display Frame 1
202.3267 	EXP 	Display Frame 0
202.4518 	EXP 	Display Frame 1
202.5765 	EXP 	Display Frame 0
202.7018 	DATA 	Keypress: equal
202.7030 	EXP 	Display Frame 1
202.8266 	EXP 	Display Frame 0
202.9517 	EXP 	Display Frame 1
203.0767 	EXP 	Display Frame 0
203.2020 	EXP 	Display Frame 1
203.3269 	EXP 	Display Frame 0
203.4515 	EXP 	Display Frame 1
203.5767 	EXP 	Display Frame 0
203.7020 	DATA 	Keypress: equal
203.7036 	EXP 	Display Frame 1
203.8267 	EXP 	Display Frame 0
203.9518 	EXP 	Display Frame 1
204.0768 	EXP 	Display Frame 0
204.2018 	EXP 	Display Frame 1
204.3266 	EXP 	Display Frame 0
204.4519 	EXP 	Display Frame 1
204.5767 	EXP 	Display Frame 0
204.7018 	DATA 	Keypress: equal
204.7033 	EXP 	Display Frame 1
204.8266 	EXP 	Display Frame 0
204.9518 	EXP 	Display Frame 1
205.0767 	EXP 	Display Frame 0
205.2019 	EXP 	Display Frame 1
205.3266 	EXP 	Display Frame 0
205.4518 	EXP 	Display Frame 1
205.5767 	EXP 	Display Frame 0
205.7017 	EXP 	Display Frame 1
205.8269 	DATA 	Keypress: equal
205.8285 	EXP 	Display Frame 0
205.9516 	EXP 	Display Frame 1
206.0767 	EXP 	Display Frame 0
206.2018 	EXP 	Display Frame 1
206.3267 	EXP 	Display Frame 0
206.4518 	EXP 	Display Frame 1
206.5767 	EXP 	Display Frame 0
206.7018 	EXP 	Display Frame 1
206.8265 	DATA 	Keypress: equal
206.8279 	EXP 	Display Frame 0
206.9516 	EXP 	Display Frame 1
207.0767 	EXP 	Display Frame 0
207.2017 	EXP 	Display Frame 1
207.3267 	EXP 	Display Frame 0
207.4518 	EXP 	Display Frame 1
207.5768 	EXP 	Display Frame 0
207.7018 	EXP 	Display Frame 1
207.8268 	DATA 	Keypress: equal
207.8283 	EXP 	Display Frame 0
207.9537 	EXP 	Display Frame 1
208.0767 	EXP 	Display Frame 0
208.2017 	EXP 	Display Frame 1
208.3267 	EXP 	Display Frame 0
208.4517 	EXP 	Display Frame 1
208.5768 	EXP 	Display Frame 0
208.7017 	EXP 	Display Frame 1
208.8271 	DATA 	Keypress: equal
208.8284 	EXP 	Display Frame 0
208.9516 	EXP 	Display Frame 1
209.0767 	EXP 	Display Frame 0
209.2018 	EXP 	Display Frame 1
209.3267 	EXP 	Display Frame 0
209.4518 	EXP 	Display Frame 1
209.5767 	EXP 	Display Frame 0
209.7022 	EXP 	Display Frame 1
209.8265 	DATA 	Keypress: equal
209.8277 	EXP 	Display Frame 0
209.9516 	EXP 	Display Frame 1
210.0767 	EXP 	Display Frame 0
210.2018 	EXP 	Display Frame 1
210.3267 	EXP 	Display Frame 0
210.4517 	EXP 	Display Frame 1
210.5768 	EXP 	Display Frame 0
210.7018 	EXP 	Display Frame 1
210.8266 	DATA 	Keypress: equal
210.8280 	EXP 	Display Frame 0
210.9515 	EXP 	Display Frame 1
211.0767 	EXP 	Display Frame 0
211.2018 	EXP 	Display Frame 1
211.3267 	EXP 	Display Frame 0
211.4521 	EXP 	Display Frame 1
211.5767 	EXP 	Display Frame 0
211.7017 	EXP 	Display Frame 1
211.8268 	EXP 	Display Frame 0
211.9518 	DATA 	Keypress: equal
211.9531 	EXP 	Display Frame 1
212.0767 	EXP 	Display Frame 0
212.2017 	EXP 	Display Frame 1
212.3267 	EXP 	Display Frame 0
212.4518 	EXP 	Display Frame 1
212.5767 	EXP 	Display Frame 0
212.7018 	EXP 	Display Frame 1
212.8267 	EXP 	Display Frame 0
212.9515 	DATA 	Keypress: equal
212.9531 	EXP 	Display Frame 1
213.0766 	EXP 	Display Frame 0
213.2017 	EXP 	Display Frame 1
213.3267 	EXP 	Display Frame 0
213.4517 	EXP 	Display Frame 1
213.5766 	EXP 	Display Frame 0
213.7019 	EXP 	Display Frame 1
213.8267 	EXP 	Display Frame 0
213.9517 	DATA 	Keypress: equal
213.9531 	EXP 	Display Frame 1
214.0766 	EXP 	Display Frame 0
214.2017 	EXP 	Display Frame 1
214.3266 	EXP 	Display Frame 0
214.4517 	EXP 	Display Frame 1
214.5767 	EXP 	Display Frame 0
214.7018 	EXP 	Display Frame 1
214.8267 	EXP 	Display Frame 0
214.9517 	DATA 	Keypress: equal
214.9531 	EXP 	Display Frame 1
215.0767 	EXP 	Display Frame 0
215.2017 	EXP 	Display Frame 1
215.3267 	EXP 	Display Frame 0
215.4518 	EXP 	Display Frame 1
215.5765 	EXP 	Display Frame 0
215.7018 	EXP 	Display Frame 1
215.8268 	EXP 	Display Frame 0
215.9519 	DATA 	Keypress: equal
215.9530 	EXP 	Display Frame 1
216.0770 	EXP 	Display Frame 0
216.2017 	EXP 	Display Frame 1
216.3267 	EXP 	Display Frame 0
216.4517 	EXP 	Display Frame 1
216.5767 	EXP 	Display Frame 0
216.7019 	EXP 	Display Frame 1
216.8268 	EXP 	Display Frame 0
216.9518 	EXP 	Display Frame 1
217.0771 	DATA 	Keypress: equal
217.0786 	EXP 	Display Frame 0
217.2017 	EXP 	Display Frame 1
217.3267 	EXP 	Display Frame 0
217.4518 	EXP 	Display Frame 1
217.5767 	EXP 	Display Frame 0
217.7017 	EXP 	Display Frame 1
217.8267 	EXP 	Display Frame 0
217.9516 	EXP 	Display Frame 1
218.0768 	EXP 	Display Frame 0
218.2017 	EXP 	Display Frame 1
218.3267 	EXP 	Display Frame 0
218.4516 	EXP 	Display Frame 1
218.5767 	EXP 	Display Frame 0
218.7018 	EXP 	Display Frame 1
218.8267 	EXP 	Display Frame 0
218.9518 	EXP 	Display Frame 1
219.0767 	EXP 	Display Frame 0
219.2019 	EXP 	Display Frame 1
219.3267 	EXP 	Display Frame 0
219.4514 	EXP 	Display Frame 1
219.5767 	EXP 	Display Frame 0
219.7017 	EXP 	Display Frame 1
219.8267 	EXP 	Display Frame 0
219.9518 	EXP 	Display Frame 1
220.0769 	EXP 	Display Frame 0
220.2017 	EXP 	Display Frame 1
220.3267 	EXP 	Display Frame 0
220.4517 	EXP 	Display Frame 1
220.5767 	EXP 	Display Frame 0
220.7017 	EXP 	Display Frame 1
220.8271 	DATA 	Keypress: equal
220.8286 	EXP 	Display Frame 0
220.8322 	EXP 	Display Fixation
261.9103 	DATA 	Keypress: q
261.9202 	EXP 	topMsg: height = 0.1
261.9202 	EXP 	topMsg: height = 0.1
261.9202 	EXP 	topMsg: text = "Thank you very much! \n\nThat's it with the tapping"
261.9202 	EXP 	bottomMsg: height = 0.1
261.9202 	EXP 	bottomMsg: height = 0.1
261.9202 	EXP 	bottomMsg: text = "Please relax for the ramaining time \n\n Press 'q' or 'escape' to end the session."
261.9202 	EXP 	Display TheEnd
262.4634 	DATA 	Keypress: q
262.5438 	EXP 	win: mouseVisible = True
