1.0557 	WARNING 	We strongly recommend you activate the PTB sound engine in PsychoPy prefs as the preferred audio engine. Its timing is vastly superior. Your prefs are currently set to use ['sounddevice', 'PTB', 'pyo', 'pygame'] (in that order).
6.9205 	INFO 	---START PARAMETERS---
6.9206 	INFO 	filename: TappingWithTrTiming_Movie_d3.py-1tt============ =====-384-Apr_29_1724
6.9206 	INFO 	subject: 1tt============ =====
6.9206 	INFO 	session: 384
6.9206 	INFO 	date: Apr_29_1724
6.9206 	INFO 	block2Dur_TRs: 0
6.9206 	INFO 	blockDur_TRs: 30
6.9206 	INFO 	condition: vis
6.9207 	INFO 	fixCrossPos: [0, 0]
6.9207 	INFO 	fixCrossSize: 100
6.9207 	INFO 	fullScreen: True
6.9207 	INFO 	movieFolder: images/
6.9207 	INFO 	movieFolder2: images/
6.9207 	INFO 	movieSize: (1600, 1000)
6.9207 	INFO 	nBlocks: 68
6.9207 	INFO 	promptDir: Text/
6.9207 	INFO 	restDur_TRs: 30
6.9207 	INFO 	screenColor: (119, 119, 119)
6.9207 	INFO 	screenToShow: 1
6.9207 	INFO 	skipPrompts: False
6.9207 	INFO 	tStartup_TRs: 0
6.9207 	INFO 	textHeight: 40
6.9207 	INFO 	triggerKey: equal
6.9207 	INFO 	---END PARAMETERS---
7.7558 	INFO 	Loaded monitor calibration from ['2022_03_25 08:03']
8.8506 	WARNING 	Couldn't measure a consistent frame rate!
  - Is your graphics card set to sync to vertical blank?
  - Are you running other processes on your computer?

8.8513 	EXP 	Created win = Window(allowGUI=False, allowStencil=False, autoLog=True, backendConf=UNKNOWN, bitsMode=UNKNOWN, blendMode='avg', bpc=(8, 8, 8), color=array([119, 119, 119]), colorSpace='rgb255', depthBits=8, fullscr=<method-wrapper '__getattribute__' of attributeSetter object at 0x7f9dc86df730>, gamma=None, gammaErrorPolicy='raise', lms=UNKNOWN, monitor=<psychopy.monitors.calibTools.Monitor object at 0x7f9da8f50d00>, multiSample=False, name='win', numSamples=2, pos=[0.0, 0.0], screen=1, size=array([1920, 1080]), stencilBits=0, stereo=False, units='deg', useFBO=False, useRetina=False, viewOri=0.0, viewPos=None, viewScale=None, waitBlanking=True, winType='pyglet')
8.8515 	EXP 	win: mouseVisible = True
8.8560 	EXP 	Created fixCross = ShapeStim(__class__=<class 'psychopy.visual.shape.ShapeStim'>, anchor=('center', 'center'), autoDraw=False, autoLog=True, closeShape=False, color=method-wrapper(...), colorSpace='rgb', contrast=None, depth=0, fillColor=array([0, 0, 0]), fillColorSpace='rgb', fillRGB=array([0, 0, 0]), interpolate=True, lineColor=array([-1., -1., -1.]), lineColorSpace='rgb', lineRGB=array([-1., -1., -1.]), lineWidth=3.0, name='fixCross', opacity=0.5, ori=0.0, pos=array([0., 0.]), size=array([1., 1.]), units='pix', vertices=ndarray(...), win=Window(...), windingRule=None)
8.8564 	WARNING 	TextStim.alignHoriz is deprecated. Use alignText and anchorHoriz attributes instead
8.8801 	EXP 	Created topMsg = TextStim(__class__=<class 'psychopy.visual.text.TextStim'>, alignHoriz='center', alignText='center', alignVert=method-wrapper(...), anchorHoriz='center', anchorVert='center', antialias=True, autoLog=True, bold=False, color=array([-1., -1., -1.]), colorSpace='rgb', contrast=1.0, depth=0, flipHoriz=False, flipVert=False, font='', fontFiles=[], height=0.1, italic=False, languageStyle='LTR', name='topMsg', opacity=1.0, ori=0.0, pos=array([0. , 0.5]), rgb=UNKNOWN, text='aaa', units='norm', win=Window(...), wrapWidth=1.5)
8.8802 	WARNING 	TextStim.alignHoriz is deprecated. Use alignText and anchorHoriz attributes instead
8.8823 	EXP 	Created bottomMsg = TextStim(__class__=<class 'psychopy.visual.text.TextStim'>, alignHoriz='center', alignText='center', alignVert=method-wrapper(...), anchorHoriz='center', anchorVert='center', antialias=True, autoLog=True, bold=False, color=array([-1., -1., -1.]), colorSpace='rgb', contrast=1.0, depth=0, flipHoriz=False, flipVert=False, font='', fontFiles=[], height=0.1, italic=False, languageStyle='LTR', name='bottomMsg', opacity=1.0, ori=0.0, pos=array([ 0. , -0.5]), rgb=UNKNOWN, text='bbb', units='norm', win=Window(...), wrapWidth=1.5)
8.9056 	EXP 	Created Movie Frame 0 = ImageStim(__class__=<class 'psychopy.visual.image.ImageStim'>, anchor=('center', 'center'), autoLog=True, color=array([1., 1., 1.]), colorSpace='rgb', contrast=1.0, depth=0, flipHoriz=False, flipVert=False, image='images/visual_0.png', interpolate=False, mask=None, maskParams=None, name='Movie Frame 0', opacity=1, ori=0.0, pos=array([0., 0.]), size=array([1600., 1000.]), texRes=128, units='pix', win=Window(...))
8.9157 	EXP 	Created Movie Frame 1 = ImageStim(__class__=<class 'psychopy.visual.image.ImageStim'>, anchor=('center', 'center'), autoLog=True, color=array([1., 1., 1.]), colorSpace='rgb', contrast=1.0, depth=0, flipHoriz=False, flipVert=False, image='images/visual_1.png', interpolate=False, mask=None, maskParams=None, name='Movie Frame 1', opacity=1, ori=0.0, pos=array([0., 0.]), size=array([1600., 1000.]), texRes=128, units='pix', win=Window(...))
8.9252 	EXP 	Created Movie Frame 0 = ImageStim(__class__=<class 'psychopy.visual.image.ImageStim'>, anchor=('center', 'center'), autoLog=True, color=array([1., 1., 1.]), colorSpace='rgb', contrast=1.0, depth=0, flipHoriz=False, flipVert=False, image='images/visual_0.png', interpolate=False, mask=None, maskParams=None, name='Movie Frame 0', opacity=1, ori=0.0, pos=array([0., 0.]), size=array([1600., 1000.]), texRes=128, units='pix', win=Window(...))
8.9344 	EXP 	Created Movie Frame 1 = ImageStim(__class__=<class 'psychopy.visual.image.ImageStim'>, anchor=('center', 'center'), autoLog=True, color=array([1., 1., 1.]), colorSpace='rgb', contrast=1.0, depth=0, flipHoriz=False, flipVert=False, image='images/visual_1.png', interpolate=False, mask=None, maskParams=None, name='Movie Frame 1', opacity=1, ori=0.0, pos=array([0., 0.]), size=array([1600., 1000.]), texRes=128, units='pix', win=Window(...))
8.9397 	EXP 	Created unnamed TextStim = TextStim(__class__=<class 'psychopy.visual.text.TextStim'>, alignHoriz=method-wrapper(...), alignText='center', alignVert=method-wrapper(...), anchorHoriz='center', anchorVert='center', antialias=True, autoLog=True, bold=False, color=array([-1., -1., -1.]), colorSpace='rgb', contrast=1.0, depth=0, flipHoriz=False, flipVert=False, font='', fontFiles=[], height=40.0, italic=False, languageStyle='LTR', name='unnamed TextStim', opacity=1.0, ori=0.0, pos=array([  0., 580.]), rgb=UNKNOWN, text='look at the center', units='pix', win=Window(...), wrapWidth=1600)
8.9511 	WARNING 	t of last frame was 100.57ms (=1/9)
8.9511 	EXP 	topMsg: height = 0.1
8.9511 	EXP 	topMsg: height = 0.1
8.9511 	EXP 	topMsg: text = 'You will see a flickering checkerboard. When it is on the screen, try to fixate the center of the checkerboard. When the fixation cross appears, relax and stare at the cross.'
8.9511 	EXP 	bottomMsg: height = 0.1
8.9511 	EXP 	bottomMsg: height = 0.1
8.9511 	EXP 	bottomMsg: text = 'The experiment will begin shortly'
8.9511 	EXP 	Display Instructions1
9.5299 	DATA 	Keypress: space
9.5349 	WARNING 	t of last frame was 583.78ms (=1/1)
9.5349 	EXP 	topMsg: height = 0.1
9.5349 	EXP 	topMsg: height = 0.1
9.5349 	EXP 	topMsg: text = "Please don't move..."
9.5349 	EXP 	bottomMsg: height = 0.1
9.5349 	EXP 	bottomMsg: height = 0.1
9.5349 	EXP 	bottomMsg: text = ''
9.5349 	EXP 	PleaseDontMove
27.8432 	DATA 	Keypress: equal
27.8481 	WARNING 	t of last frame was 18313.17ms (=1/0)
27.8481 	EXP 	Display Fixation
27.8483 	EXP 	---START EXPERIMENT---
27.8492 	EXP 	Display Fixation
28.8486 	DATA 	Keypress: equal
29.8749 	DATA 	Keypress: equal
30.8789 	DATA 	Keypress: equal
31.9069 	DATA 	Keypress: equal
32.9098 	DATA 	Keypress: equal
33.9390 	DATA 	Keypress: equal
34.9430 	DATA 	Keypress: equal
35.9709 	DATA 	Keypress: equal
36.9747 	DATA 	Keypress: equal
38.0030 	DATA 	Keypress: equal
39.0069 	DATA 	Keypress: equal
40.0348 	DATA 	Keypress: equal
41.0388 	DATA 	Keypress: equal
42.0724 	DATA 	Keypress: equal
43.0710 	DATA 	Keypress: equal
44.0990 	DATA 	Keypress: equal
45.1030 	DATA 	Keypress: equal
46.1311 	DATA 	Keypress: equal
47.1350 	DATA 	Keypress: equal
48.1628 	DATA 	Keypress: equal
49.1670 	DATA 	Keypress: equal
50.1950 	DATA 	Keypress: equal
51.1992 	DATA 	Keypress: equal
52.2271 	DATA 	Keypress: equal
53.2314 	DATA 	Keypress: equal
54.2591 	DATA 	Keypress: equal
55.2631 	DATA 	Keypress: equal
56.2905 	DATA 	Keypress: equal
57.2949 	DATA 	Keypress: equal
58.3231 	DATA 	Keypress: equal
58.3268 	WARNING 	t of last frame was 30477.54ms (=1/0)
58.4492 	WARNING 	Multiple dropped frames have occurred - I'll stop bothering you about them!
58.4492 	EXP 	Display Frame 1
58.5741 	EXP 	Display Frame 0
58.6992 	EXP 	Display Frame 1
58.8243 	EXP 	Display Frame 0
58.9493 	EXP 	Display Frame 1
59.0741 	EXP 	Display Frame 0
59.1993 	EXP 	Display Frame 1
59.3243 	EXP 	Display Frame 0
59.4496 	DATA 	Keypress: equal
59.4511 	EXP 	Display Frame 1
59.5742 	EXP 	Display Frame 0
59.6990 	EXP 	Display Frame 1
59.8242 	EXP 	Display Frame 0
59.9492 	EXP 	Display Frame 1
60.0740 	EXP 	Display Frame 0
60.1993 	EXP 	Display Frame 1
60.3240 	EXP 	Display Frame 0
60.4493 	DATA 	Keypress: equal
60.4508 	EXP 	Display Frame 1
60.5741 	EXP 	Display Frame 0
60.6992 	EXP 	Display Frame 1
60.8240 	EXP 	Display Frame 0
60.9490 	EXP 	Display Frame 1
61.0743 	EXP 	Display Frame 0
61.1993 	EXP 	Display Frame 1
61.3243 	EXP 	Display Frame 0
61.4491 	DATA 	Keypress: equal
61.4506 	EXP 	Display Frame 1
61.5740 	EXP 	Display Frame 0
61.6993 	EXP 	Display Frame 1
61.8244 	EXP 	Display Frame 0
61.9493 	EXP 	Display Frame 1
62.0740 	EXP 	Display Frame 0
62.1993 	EXP 	Display Frame 1
62.3241 	EXP 	Display Frame 0
62.4489 	DATA 	Keypress: equal
62.4502 	EXP 	Display Frame 1
62.5746 	EXP 	Display Frame 0
62.6992 	EXP 	Display Frame 1
62.8241 	EXP 	Display Frame 0
62.9508 	EXP 	Display Frame 1
63.0744 	EXP 	Display Frame 0
63.1994 	EXP 	Display Frame 1
63.3242 	EXP 	Display Frame 0
63.4496 	DATA 	Keypress: equal
63.4512 	EXP 	Display Frame 1
63.5743 	EXP 	Display Frame 0
63.6992 	EXP 	Display Frame 1
63.8243 	EXP 	Display Frame 0
63.9493 	EXP 	Display Frame 1
64.0741 	EXP 	Display Frame 0
64.1993 	EXP 	Display Frame 1
64.3240 	EXP 	Display Frame 0
64.4493 	DATA 	Keypress: equal
64.4503 	EXP 	Display Frame 1
64.5742 	EXP 	Display Frame 0
64.6993 	EXP 	Display Frame 1
64.8241 	EXP 	Display Frame 0
64.9493 	EXP 	Display Frame 1
65.0743 	EXP 	Display Frame 0
65.1992 	EXP 	Display Frame 1
65.3241 	EXP 	Display Frame 0
65.4491 	DATA 	Keypress: equal
65.4502 	EXP 	Display Frame 1
65.5742 	EXP 	Display Frame 0
65.6991 	EXP 	Display Frame 1
65.8254 	EXP 	Display Frame 0
65.9491 	EXP 	Display Frame 1
66.0743 	EXP 	Display Frame 0
66.1991 	EXP 	Display Frame 1
66.3242 	EXP 	Display Frame 0
66.4491 	EXP 	Display Frame 1
66.5747 	DATA 	Keypress: equal
66.5761 	EXP 	Display Frame 0
66.6990 	EXP 	Display Frame 1
66.8243 	EXP 	Display Frame 0
66.9494 	EXP 	Display Frame 1
67.0744 	EXP 	Display Frame 0
67.1993 	EXP 	Display Frame 1
67.3240 	EXP 	Display Frame 0
67.4493 	EXP 	Display Frame 1
67.5739 	DATA 	Keypress: equal
67.5749 	EXP 	Display Frame 0
67.6990 	EXP 	Display Frame 1
67.8243 	EXP 	Display Frame 0
67.9493 	EXP 	Display Frame 1
68.0743 	EXP 	Display Frame 0
68.1992 	EXP 	Display Frame 1
68.3242 	EXP 	Display Frame 0
68.4494 	EXP 	Display Frame 1
68.5745 	DATA 	Keypress: equal
68.5760 	EXP 	Display Frame 0
68.6990 	EXP 	Display Frame 1
68.8243 	EXP 	Display Frame 0
68.9493 	EXP 	Display Frame 1
69.0744 	EXP 	Display Frame 0
69.1991 	EXP 	Display Frame 1
69.3243 	EXP 	Display Frame 0
69.4493 	EXP 	Display Frame 1
69.5747 	DATA 	Keypress: equal
69.5764 	EXP 	Display Frame 0
69.6992 	EXP 	Display Frame 1
69.8241 	EXP 	Display Frame 0
69.9493 	EXP 	Display Frame 1
70.0744 	EXP 	Display Frame 0
70.1994 	EXP 	Display Frame 1
70.3243 	EXP 	Display Frame 0
70.4491 	EXP 	Display Frame 1
70.5743 	DATA 	Keypress: equal
70.5757 	EXP 	Display Frame 0
70.6991 	EXP 	Display Frame 1
70.8243 	EXP 	Display Frame 0
70.9491 	EXP 	Display Frame 1
71.0741 	EXP 	Display Frame 0
71.1990 	EXP 	Display Frame 1
71.3240 	EXP 	Display Frame 0
71.4493 	EXP 	Display Frame 1
71.5744 	DATA 	Keypress: equal
71.5758 	EXP 	Display Frame 0
71.6990 	EXP 	Display Frame 1
71.8243 	EXP 	Display Frame 0
71.9493 	EXP 	Display Frame 1
72.0744 	EXP 	Display Frame 0
72.1990 	EXP 	Display Frame 1
72.3243 	EXP 	Display Frame 0
72.4490 	EXP 	Display Frame 1
72.5743 	DATA 	Keypress: equal
72.5758 	EXP 	Display Frame 0
72.6992 	EXP 	Display Frame 1
72.8243 	EXP 	Display Frame 0
72.9493 	EXP 	Display Frame 1
73.0744 	EXP 	Display Frame 0
73.1994 	EXP 	Display Frame 1
73.3242 	EXP 	Display Frame 0
73.4493 	EXP 	Display Frame 1
73.5743 	DATA 	Keypress: equal
73.5759 	EXP 	Display Frame 0
73.6992 	EXP 	Display Frame 1
73.8243 	EXP 	Display Frame 0
73.9493 	EXP 	Display Frame 1
74.0744 	EXP 	Display Frame 0
74.1992 	EXP 	Display Frame 1
74.3240 	EXP 	Display Frame 0
74.4491 	EXP 	Display Frame 1
74.5744 	EXP 	Display Frame 0
74.6995 	DATA 	Keypress: equal
74.7009 	EXP 	Display Frame 1
74.8242 	EXP 	Display Frame 0
74.9490 	EXP 	Display Frame 1
75.0743 	EXP 	Display Frame 0
75.1995 	EXP 	Display Frame 1
75.3242 	EXP 	Display Frame 0
75.4493 	EXP 	Display Frame 1
75.5740 	EXP 	Display Frame 0
75.6996 	DATA 	Keypress: equal
75.7010 	EXP 	Display Frame 1
75.8242 	EXP 	Display Frame 0
75.9492 	EXP 	Display Frame 1
76.0744 	EXP 	Display Frame 0
76.1993 	EXP 	Display Frame 1
76.3243 	EXP 	Display Frame 0
76.4491 	EXP 	Display Frame 1
76.5744 	EXP 	Display Frame 0
76.6994 	DATA 	Keypress: equal
76.7009 	EXP 	Display Frame 1
76.8240 	EXP 	Display Frame 0
76.9492 	EXP 	Display Frame 1
77.0743 	EXP 	Display Frame 0
77.1993 	EXP 	Display Frame 1
77.3243 	EXP 	Display Frame 0
77.4494 	EXP 	Display Frame 1
77.5744 	EXP 	Display Frame 0
77.6993 	DATA 	Keypress: equal
77.7008 	EXP 	Display Frame 1
77.8242 	EXP 	Display Frame 0
77.9494 	EXP 	Display Frame 1
78.0744 	EXP 	Display Frame 0
78.1992 	EXP 	Display Frame 1
78.3242 	EXP 	Display Frame 0
78.4494 	EXP 	Display Frame 1
78.5743 	EXP 	Display Frame 0
78.6996 	DATA 	Keypress: equal
78.7007 	EXP 	Display Frame 1
78.8242 	EXP 	Display Frame 0
78.9493 	EXP 	Display Frame 1
79.0744 	EXP 	Display Frame 0
79.1994 	EXP 	Display Frame 1
79.3240 	EXP 	Display Frame 0
79.4493 	EXP 	Display Frame 1
79.5743 	EXP 	Display Frame 0
79.6989 	DATA 	Keypress: equal
79.6999 	EXP 	Display Frame 1
79.8242 	EXP 	Display Frame 0
79.9491 	EXP 	Display Frame 1
80.0744 	EXP 	Display Frame 0
80.1993 	EXP 	Display Frame 1
80.3240 	EXP 	Display Frame 0
80.4490 	EXP 	Display Frame 1
80.5743 	EXP 	Display Frame 0
80.6989 	DATA 	Keypress: equal
80.7000 	EXP 	Display Frame 1
80.8244 	EXP 	Display Frame 0
80.9493 	EXP 	Display Frame 1
81.0742 	EXP 	Display Frame 0
81.1992 	EXP 	Display Frame 1
81.3240 	EXP 	Display Frame 0
81.4493 	EXP 	Display Frame 1
81.5748 	EXP 	Display Frame 0
81.6993 	DATA 	Keypress: equal
81.7006 	EXP 	Display Frame 1
81.8242 	EXP 	Display Frame 0
81.9491 	EXP 	Display Frame 1
82.0741 	EXP 	Display Frame 0
82.1991 	EXP 	Display Frame 1
82.3244 	EXP 	Display Frame 0
82.4495 	EXP 	Display Frame 1
82.5743 	EXP 	Display Frame 0
82.6990 	EXP 	Display Frame 1
82.8247 	DATA 	Keypress: equal
82.8264 	EXP 	Display Frame 0
82.9493 	EXP 	Display Frame 1
83.0744 	EXP 	Display Frame 0
83.1990 	EXP 	Display Frame 1
83.3243 	EXP 	Display Frame 0
83.4493 	EXP 	Display Frame 1
83.5741 	EXP 	Display Frame 0
83.6993 	EXP 	Display Frame 1
83.8244 	DATA 	Keypress: equal
83.8258 	EXP 	Display Frame 0
83.9492 	EXP 	Display Frame 1
84.0743 	EXP 	Display Frame 0
84.1990 	EXP 	Display Frame 1
84.3240 	EXP 	Display Frame 0
84.4490 	EXP 	Display Frame 1
84.5742 	EXP 	Display Frame 0
84.6993 	EXP 	Display Frame 1
84.8245 	DATA 	Keypress: equal
84.8262 	EXP 	Display Frame 0
84.9491 	EXP 	Display Frame 1
85.0741 	EXP 	Display Frame 0
85.1991 	EXP 	Display Frame 1
85.3243 	EXP 	Display Frame 0
85.4493 	EXP 	Display Frame 1
85.5741 	EXP 	Display Frame 0
85.6990 	EXP 	Display Frame 1
85.8245 	DATA 	Keypress: equal
85.8261 	EXP 	Display Frame 0
85.9492 	EXP 	Display Frame 1
86.0743 	EXP 	Display Frame 0
86.1994 	EXP 	Display Frame 1
86.3243 	EXP 	Display Frame 0
86.4491 	EXP 	Display Frame 1
86.5741 	EXP 	Display Frame 0
86.6992 	EXP 	Display Frame 1
86.8241 	DATA 	Keypress: equal
86.8254 	EXP 	Display Frame 0
86.9492 	EXP 	Display Frame 1
87.0742 	EXP 	Display Frame 0
87.1994 	EXP 	Display Frame 1
87.3240 	EXP 	Display Frame 0
87.4492 	EXP 	Display Frame 1
87.5744 	EXP 	Display Frame 0
87.6991 	EXP 	Display Frame 1
87.8244 	DATA 	Keypress: equal
87.8260 	EXP 	Display Frame 0
87.9496 	EXP 	Display Frame 1
88.0743 	EXP 	Display Frame 0
88.1991 	EXP 	Display Frame 1
88.3242 	EXP 	Display Frame 0
88.4493 	EXP 	Display Frame 1
88.5744 	EXP 	Display Frame 0
88.6993 	EXP 	Display Frame 1
88.8246 	DATA 	Keypress: equal
88.8260 	EXP 	Display Frame 0
88.8298 	EXP 	Display Fixation
89.8073 	DATA 	Keypress: equal
90.8351 	DATA 	Keypress: equal
91.8393 	DATA 	Keypress: equal
92.8671 	DATA 	Keypress: equal
93.8712 	DATA 	Keypress: equal
94.8996 	DATA 	Keypress: equal
95.9032 	DATA 	Keypress: equal
96.9317 	DATA 	Keypress: equal
97.9353 	DATA 	Keypress: equal
98.9631 	DATA 	Keypress: equal
99.9672 	DATA 	Keypress: equal
100.9954 	DATA 	Keypress: equal
102.0045 	DATA 	Keypress: equal
103.0267 	DATA 	Keypress: equal
104.0311 	DATA 	Keypress: equal
105.0581 	DATA 	Keypress: equal
106.0631 	DATA 	Keypress: equal
107.0902 	DATA 	Keypress: equal
108.0952 	DATA 	Keypress: equal
109.1223 	DATA 	Keypress: equal
110.1274 	DATA 	Keypress: equal
111.1544 	DATA 	Keypress: equal
112.1592 	DATA 	Keypress: equal
113.1865 	DATA 	Keypress: equal
114.1917 	DATA 	Keypress: equal
115.2183 	DATA 	Keypress: equal
116.2233 	DATA 	Keypress: equal
117.2506 	DATA 	Keypress: equal
118.2555 	DATA 	Keypress: equal
119.2845 	DATA 	Keypress: equal
119.4107 	EXP 	Display Frame 1
119.5356 	EXP 	Display Frame 0
119.6612 	EXP 	Display Frame 1
119.7859 	EXP 	Display Frame 0
119.9110 	EXP 	Display Frame 1
120.0360 	EXP 	Display Frame 0
120.1610 	EXP 	Display Frame 1
120.2864 	EXP 	Display Frame 0
120.4109 	DATA 	Keypress: equal
120.4123 	EXP 	Display Frame 1
120.5359 	EXP 	Display Frame 0
120.6607 	EXP 	Display Frame 1
120.7857 	EXP 	Display Frame 0
120.9107 	EXP 	Display Frame 1
121.0359 	EXP 	Display Frame 0
121.1610 	EXP 	Display Frame 1
121.2861 	EXP 	Display Frame 0
121.4109 	DATA 	Keypress: equal
121.4123 	EXP 	Display Frame 1
121.5359 	EXP 	Display Frame 0
121.6609 	EXP 	Display Frame 1
121.7859 	EXP 	Display Frame 0
121.9110 	EXP 	Display Frame 1
122.0359 	EXP 	Display Frame 0
122.1610 	EXP 	Display Frame 1
122.2860 	EXP 	Display Frame 0
122.4107 	DATA 	Keypress: equal
122.4121 	EXP 	Display Frame 1
122.5359 	EXP 	Display Frame 0
122.6609 	EXP 	Display Frame 1
122.7859 	EXP 	Display Frame 0
122.9110 	EXP 	Display Frame 1
123.0361 	EXP 	Display Frame 0
123.1608 	EXP 	Display Frame 1
123.2859 	EXP 	Display Frame 0
123.4113 	DATA 	Keypress: equal
123.4130 	EXP 	Display Frame 1
123.5356 	EXP 	Display Frame 0
123.6610 	EXP 	Display Frame 1
123.7857 	EXP 	Display Frame 0
123.9110 	EXP 	Display Frame 1
124.0357 	EXP 	Display Frame 0
124.1610 	EXP 	Display Frame 1
124.2860 	EXP 	Display Frame 0
124.4107 	DATA 	Keypress: equal
124.4122 	EXP 	Display Frame 1
124.5357 	EXP 	Display Frame 0
124.6610 	EXP 	Display Frame 1
124.7859 	EXP 	Display Frame 0
124.9107 	EXP 	Display Frame 1
125.0360 	EXP 	Display Frame 0
125.1610 	EXP 	Display Frame 1
125.2856 	EXP 	Display Frame 0
125.4105 	DATA 	Keypress: equal
125.4118 	EXP 	Display Frame 1
125.5357 	EXP 	Display Frame 0
125.6609 	EXP 	Display Frame 1
125.7859 	EXP 	Display Frame 0
125.9107 	EXP 	Display Frame 1
126.0361 	EXP 	Display Frame 0
126.1609 	EXP 	Display Frame 1
126.2859 	EXP 	Display Frame 0
126.4110 	DATA 	Keypress: equal
126.4125 	EXP 	Display Frame 1
126.5358 	EXP 	Display Frame 0
126.6609 	EXP 	Display Frame 1
126.7859 	EXP 	Display Frame 0
126.9109 	EXP 	Display Frame 1
127.0360 	EXP 	Display Frame 0
127.1607 	EXP 	Display Frame 1
127.2856 	EXP 	Display Frame 0
127.4106 	EXP 	Display Frame 1
127.4112 	DATA 	Keypress: equal
127.5359 	EXP 	Display Frame 0
127.6611 	EXP 	Display Frame 1
127.7858 	EXP 	Display Frame 0
127.9109 	EXP 	Display Frame 1
128.0361 	EXP 	Display Frame 0
128.1607 	EXP 	Display Frame 1
128.2860 	EXP 	Display Frame 0
128.4106 	EXP 	Display Frame 1
128.5363 	DATA 	Keypress: equal
128.5378 	EXP 	Display Frame 0
128.6609 	EXP 	Display Frame 1
128.7859 	EXP 	Display Frame 0
128.9110 	EXP 	Display Frame 1
129.0360 	EXP 	Display Frame 0
129.1610 	EXP 	Display Frame 1
129.2858 	EXP 	Display Frame 0
129.4109 	EXP 	Display Frame 1
129.5356 	DATA 	Keypress: equal
129.5370 	EXP 	Display Frame 0
129.6606 	EXP 	Display Frame 1
129.7857 	EXP 	Display Frame 0
129.9108 	EXP 	Display Frame 1
130.0359 	EXP 	Display Frame 0
130.1610 	EXP 	Display Frame 1
130.2859 	EXP 	Display Frame 0
130.4107 	EXP 	Display Frame 1
130.5360 	DATA 	Keypress: equal
130.5374 	EXP 	Display Frame 0
130.6608 	EXP 	Display Frame 1
130.7856 	EXP 	Display Frame 0
130.9110 	EXP 	Display Frame 1
131.0357 	EXP 	Display Frame 0
131.1609 	EXP 	Display Frame 1
131.2859 	EXP 	Display Frame 0
131.4110 	EXP 	Display Frame 1
131.5356 	DATA 	Keypress: equal
131.5370 	EXP 	Display Frame 0
131.6609 	EXP 	Display Frame 1
131.7856 	EXP 	Display Frame 0
131.9106 	EXP 	Display Frame 1
132.0360 	EXP 	Display Frame 0
132.1609 	EXP 	Display Frame 1
132.2861 	EXP 	Display Frame 0
132.4110 	EXP 	Display Frame 1
132.5362 	DATA 	Keypress: equal
132.5379 	EXP 	Display Frame 0
132.6609 	EXP 	Display Frame 1
132.7859 	EXP 	Display Frame 0
132.9110 	EXP 	Display Frame 1
133.0359 	EXP 	Display Frame 0
133.1607 	EXP 	Display Frame 1
133.2860 	EXP 	Display Frame 0
133.4109 	EXP 	Display Frame 1
133.5360 	DATA 	Keypress: equal
133.5370 	EXP 	Display Frame 0
133.6606 	EXP 	Display Frame 1
133.7859 	EXP 	Display Frame 0
133.9109 	EXP 	Display Frame 1
134.0356 	EXP 	Display Frame 0
134.1610 	EXP 	Display Frame 1
134.2860 	EXP 	Display Frame 0
134.4110 	EXP 	Display Frame 1
134.5360 	DATA 	Keypress: equal
134.5376 	EXP 	Display Frame 0
134.6606 	EXP 	Display Frame 1
134.7859 	EXP 	Display Frame 0
134.9110 	EXP 	Display Frame 1
135.0359 	EXP 	Display Frame 0
135.1607 	EXP 	Display Frame 1
135.2858 	EXP 	Display Frame 0
135.4107 	EXP 	Display Frame 1
135.5356 	EXP 	Display Frame 0
135.6611 	DATA 	Keypress: equal
135.6624 	EXP 	Display Frame 1
135.7858 	EXP 	Display Frame 0
135.9109 	EXP 	Display Frame 1
136.0359 	EXP 	Display Frame 0
136.1609 	EXP 	Display Frame 1
136.2860 	EXP 	Display Frame 0
136.4110 	EXP 	Display Frame 1
136.5360 	EXP 	Display Frame 0
136.6605 	DATA 	Keypress: equal
136.6615 	EXP 	Display Frame 1
136.7859 	EXP 	Display Frame 0
136.9109 	EXP 	Display Frame 1
137.0360 	EXP 	Display Frame 0
137.1609 	EXP 	Display Frame 1
137.2857 	EXP 	Display Frame 0
137.4106 	EXP 	Display Frame 1
137.5360 	EXP 	Display Frame 0
137.6605 	DATA 	Keypress: equal
137.6615 	EXP 	Display Frame 1
137.7859 	EXP 	Display Frame 0
137.9109 	EXP 	Display Frame 1
138.0357 	EXP 	Display Frame 0
138.1609 	EXP 	Display Frame 1
138.2858 	EXP 	Display Frame 0
138.4109 	EXP 	Display Frame 1
138.5357 	EXP 	Display Frame 0
138.6613 	DATA 	Keypress: equal
138.6628 	EXP 	Display Frame 1
138.7858 	EXP 	Display Frame 0
138.9109 	EXP 	Display Frame 1
139.0360 	EXP 	Display Frame 0
139.1608 	EXP 	Display Frame 1
139.2861 	EXP 	Display Frame 0
139.4107 	EXP 	Display Frame 1
139.5360 	EXP 	Display Frame 0
139.6605 	DATA 	Keypress: equal
139.6615 	EXP 	Display Frame 1
139.7857 	EXP 	Display Frame 0
139.9106 	EXP 	Display Frame 1
140.0358 	EXP 	Display Frame 0
140.1610 	EXP 	Display Frame 1
140.2860 	EXP 	Display Frame 0
140.4108 	EXP 	Display Frame 1
140.5360 	EXP 	Display Frame 0
140.6613 	DATA 	Keypress: equal
140.6624 	EXP 	Display Frame 1
140.7859 	EXP 	Display Frame 0
140.9109 	EXP 	Display Frame 1
141.0357 	EXP 	Display Frame 0
141.1607 	EXP 	Display Frame 1
141.2860 	EXP 	Display Frame 0
141.4110 	EXP 	Display Frame 1
141.5361 	EXP 	Display Frame 0
141.6609 	DATA 	Keypress: equal
141.6624 	EXP 	Display Frame 1
141.7857 	EXP 	Display Frame 0
141.9109 	EXP 	Display Frame 1
142.0359 	EXP 	Display Frame 0
142.1610 	EXP 	Display Frame 1
142.2860 	EXP 	Display Frame 0
142.4107 	EXP 	Display Frame 1
142.5360 	EXP 	Display Frame 0
142.6611 	DATA 	Keypress: equal
142.6622 	EXP 	Display Frame 1
142.7856 	EXP 	Display Frame 0
142.9110 	EXP 	Display Frame 1
143.0357 	EXP 	Display Frame 0
143.1607 	EXP 	Display Frame 1
143.2859 	EXP 	Display Frame 0
143.4109 	EXP 	Display Frame 1
143.5360 	EXP 	Display Frame 0
143.6608 	EXP 	Display Frame 1
143.7856 	DATA 	Keypress: equal
143.7867 	EXP 	Display Frame 0
143.9109 	EXP 	Display Frame 1
144.0356 	EXP 	Display Frame 0
144.1609 	EXP 	Display Frame 1
144.2859 	EXP 	Display Frame 0
144.4109 	EXP 	Display Frame 1
144.5357 	EXP 	Display Frame 0
144.6606 	EXP 	Display Frame 1
144.7863 	DATA 	Keypress: equal
144.7879 	EXP 	Display Frame 0
144.9107 	EXP 	Display Frame 1
145.0358 	EXP 	Display Frame 0
145.1609 	EXP 	Display Frame 1
145.2857 	EXP 	Display Frame 0
145.4109 	EXP 	Display Frame 1
145.5360 	EXP 	Display Frame 0
145.6608 	EXP 	Display Frame 1
145.7858 	DATA 	Keypress: equal
145.7870 	EXP 	Display Frame 0
145.9109 	EXP 	Display Frame 1
146.0359 	EXP 	Display Frame 0
146.1610 	EXP 	Display Frame 1
146.2857 	EXP 	Display Frame 0
146.4110 	EXP 	Display Frame 1
146.5357 	EXP 	Display Frame 0
146.6607 	EXP 	Display Frame 1
146.7860 	DATA 	Keypress: equal
146.7876 	EXP 	Display Frame 0
146.9107 	EXP 	Display Frame 1
147.0359 	EXP 	Display Frame 0
147.1607 	EXP 	Display Frame 1
147.2861 	EXP 	Display Frame 0
147.4110 	EXP 	Display Frame 1
147.5360 	EXP 	Display Frame 0
147.6609 	EXP 	Display Frame 1
147.7855 	DATA 	Keypress: equal
147.7866 	EXP 	Display Frame 0
147.9109 	EXP 	Display Frame 1
148.0358 	EXP 	Display Frame 0
148.1606 	EXP 	Display Frame 1
148.2860 	EXP 	Display Frame 0
148.4110 	EXP 	Display Frame 1
148.5360 	EXP 	Display Frame 0
148.6609 	EXP 	Display Frame 1
148.7855 	DATA 	Keypress: equal
148.7865 	EXP 	Display Frame 0
148.9116 	EXP 	Display Frame 1
149.0359 	EXP 	Display Frame 0
149.1609 	EXP 	Display Frame 1
149.2859 	EXP 	Display Frame 0
149.4106 	EXP 	Display Frame 1
149.5360 	EXP 	Display Frame 0
149.6606 	EXP 	Display Frame 1
149.7862 	DATA 	Keypress: equal
149.7877 	EXP 	Display Frame 0
149.7969 	EXP 	Display Fixation
150.7675 	DATA 	Keypress: equal
151.7947 	DATA 	Keypress: equal
152.7994 	DATA 	Keypress: equal
153.8266 	DATA 	Keypress: equal
154.8318 	DATA 	Keypress: equal
155.8586 	DATA 	Keypress: equal
156.8624 	DATA 	Keypress: equal
157.8907 	DATA 	Keypress: equal
158.8945 	DATA 	Keypress: equal
159.9228 	DATA 	Keypress: equal
160.9264 	DATA 	Keypress: equal
161.9547 	DATA 	Keypress: equal
162.9588 	DATA 	Keypress: equal
163.9866 	DATA 	Keypress: equal
164.9909 	DATA 	Keypress: equal
166.0188 	DATA 	Keypress: equal
167.0226 	DATA 	Keypress: equal
168.0500 	DATA 	Keypress: equal
169.0546 	DATA 	Keypress: equal
170.0828 	DATA 	Keypress: equal
171.0870 	DATA 	Keypress: equal
172.1151 	DATA 	Keypress: equal
173.1181 	DATA 	Keypress: equal
174.1467 	DATA 	Keypress: equal
175.1508 	DATA 	Keypress: equal
176.1786 	DATA 	Keypress: equal
177.1830 	DATA 	Keypress: equal
178.2106 	DATA 	Keypress: equal
179.2152 	DATA 	Keypress: equal
180.2428 	DATA 	Keypress: equal
180.3695 	EXP 	Display Frame 1
180.4941 	EXP 	Display Frame 0
180.6188 	EXP 	Display Frame 1
180.7439 	EXP 	Display Frame 0
180.8689 	EXP 	Display Frame 1
180.9938 	EXP 	Display Frame 0
181.1193 	EXP 	Display Frame 1
181.2442 	EXP 	Display Frame 0
181.3692 	DATA 	Keypress: equal
181.3703 	EXP 	Display Frame 1
181.4941 	EXP 	Display Frame 0
181.6190 	EXP 	Display Frame 1
181.7452 	EXP 	Display Frame 0
181.8689 	EXP 	Display Frame 1
181.9938 	EXP 	Display Frame 0
182.1189 	EXP 	Display Frame 1
182.2441 	EXP 	Display Frame 0
182.3689 	DATA 	Keypress: equal
182.3704 	EXP 	Display Frame 1
182.4940 	EXP 	Display Frame 0
182.6188 	EXP 	Display Frame 1
182.7439 	EXP 	Display Frame 0
182.8691 	EXP 	Display Frame 1
182.9939 	EXP 	Display Frame 0
183.1194 	EXP 	Display Frame 1
183.2441 	EXP 	Display Frame 0
183.3691 	DATA 	Keypress: equal
183.3702 	EXP 	Display Frame 1
183.4941 	EXP 	Display Frame 0
183.6191 	EXP 	Display Frame 1
183.7440 	EXP 	Display Frame 0
183.8690 	EXP 	Display Frame 1
183.9938 	EXP 	Display Frame 0
184.1192 	EXP 	Display Frame 1
184.2441 	EXP 	Display Frame 0
184.3688 	DATA 	Keypress: equal
184.3701 	EXP 	Display Frame 1
184.4941 	EXP 	Display Frame 0
184.6188 	EXP 	Display Frame 1
184.7439 	EXP 	Display Frame 0
184.8689 	EXP 	Display Frame 1
184.9941 	EXP 	Display Frame 0
185.1189 	EXP 	Display Frame 1
185.2439 	EXP 	Display Frame 0
185.3691 	DATA 	Keypress: equal
185.3705 	EXP 	Display Frame 1
185.4941 	EXP 	Display Frame 0
185.6191 	EXP 	Display Frame 1
185.7441 	EXP 	Display Frame 0
185.8688 	EXP 	Display Frame 1
185.9938 	EXP 	Display Frame 0
186.1192 	EXP 	Display Frame 1
186.2441 	EXP 	Display Frame 0
186.3688 	DATA 	Keypress: equal
186.3701 	EXP 	Display Frame 1
186.4940 	EXP 	Display Frame 0
186.6188 	EXP 	Display Frame 1
186.7442 	EXP 	Display Frame 0
186.8691 	EXP 	Display Frame 1
186.9942 	EXP 	Display Frame 0
187.1191 	EXP 	Display Frame 1
187.2441 	EXP 	Display Frame 0
187.3687 	DATA 	Keypress: equal
187.3700 	EXP 	Display Frame 1
187.4939 	EXP 	Display Frame 0
187.6190 	EXP 	Display Frame 1
187.7439 	EXP 	Display Frame 0
187.8688 	EXP 	Display Frame 1
187.9942 	EXP 	Display Frame 0
188.1191 	EXP 	Display Frame 1
188.2442 	EXP 	Display Frame 0
188.3689 	EXP 	Display Frame 1
188.4940 	DATA 	Keypress: equal
188.4951 	EXP 	Display Frame 0
188.6191 	EXP 	Display Frame 1
188.7438 	EXP 	Display Frame 0
188.8692 	EXP 	Display Frame 1
188.9941 	EXP 	Display Frame 0
189.1189 	EXP 	Display Frame 1
189.2441 	EXP 	Display Frame 0
189.3691 	EXP 	Display Frame 1
189.4939 	DATA 	Keypress: equal
189.4950 	EXP 	Display Frame 0
189.6189 	EXP 	Display Frame 1
189.7439 	EXP 	Display Frame 0
189.8692 	EXP 	Display Frame 1
189.9938 	EXP 	Display Frame 0
190.1191 	EXP 	Display Frame 1
190.2444 	EXP 	Display Frame 0
190.3688 	EXP 	Display Frame 1
190.4945 	DATA 	Keypress: equal
190.4958 	EXP 	Display Frame 0
190.6188 	EXP 	Display Frame 1
190.7440 	EXP 	Display Frame 0
190.8691 	EXP 	Display Frame 1
190.9939 	EXP 	Display Frame 0
191.1192 	EXP 	Display Frame 1
191.2442 	EXP 	Display Frame 0
191.3692 	EXP 	Display Frame 1
191.4939 	DATA 	Keypress: equal
191.4955 	EXP 	Display Frame 0
191.6188 	EXP 	Display Frame 1
191.7441 	EXP 	Display Frame 0
191.8691 	EXP 	Display Frame 1
191.9942 	EXP 	Display Frame 0
192.1191 	EXP 	Display Frame 1
192.2438 	EXP 	Display Frame 0
192.3688 	EXP 	Display Frame 1
192.4940 	DATA 	Keypress: equal
192.4956 	EXP 	Display Frame 0
192.6190 	EXP 	Display Frame 1
192.7438 	EXP 	Display Frame 0
192.8691 	EXP 	Display Frame 1
192.9941 	EXP 	Display Frame 0
193.1188 	EXP 	Display Frame 1
193.2442 	EXP 	Display Frame 0
193.3689 	EXP 	Display Frame 1
193.4939 	DATA 	Keypress: equal
193.4951 	EXP 	Display Frame 0
193.6189 	EXP 	Display Frame 1
193.7442 	EXP 	Display Frame 0
193.8691 	EXP 	Display Frame 1
193.9941 	EXP 	Display Frame 0
194.1191 	EXP 	Display Frame 1
194.2441 	EXP 	Display Frame 0
194.3689 	EXP 	Display Frame 1
194.4943 	DATA 	Keypress: equal
194.4958 	EXP 	Display Frame 0
194.6190 	EXP 	Display Frame 1
194.7438 	EXP 	Display Frame 0
194.8692 	EXP 	Display Frame 1
194.9941 	EXP 	Display Frame 0
195.1188 	EXP 	Display Frame 1
195.2442 	EXP 	Display Frame 0
195.3689 	EXP 	Display Frame 1
195.4940 	DATA 	Keypress: equal
195.4952 	EXP 	Display Frame 0
195.6188 	EXP 	Display Frame 1
195.7442 	EXP 	Display Frame 0
195.8693 	EXP 	Display Frame 1
195.9941 	EXP 	Display Frame 0
196.1189 	EXP 	Display Frame 1
196.2442 	EXP 	Display Frame 0
196.3690 	EXP 	Display Frame 1
196.4942 	EXP 	Display Frame 0
196.6193 	DATA 	Keypress: equal
196.6204 	EXP 	Display Frame 1
196.7440 	EXP 	Display Frame 0
196.8691 	EXP 	Display Frame 1
196.9941 	EXP 	Display Frame 0
197.1190 	EXP 	Display Frame 1
197.2438 	EXP 	Display Frame 0
197.3692 	EXP 	Display Frame 1
197.4942 	EXP 	Display Frame 0
197.6189 	DATA 	Keypress: equal
197.6199 	EXP 	Display Frame 1
197.7438 	EXP 	Display Frame 0
197.8688 	EXP 	Display Frame 1
197.9942 	EXP 	Display Frame 0
198.1189 	EXP 	Display Frame 1
198.2441 	EXP 	Display Frame 0
198.3691 	EXP 	Display Frame 1
198.4964 	EXP 	Display Frame 0
198.6193 	DATA 	Keypress: equal
198.6203 	EXP 	Display Frame 1
198.7440 	EXP 	Display Frame 0
198.8690 	EXP 	Display Frame 1
198.9938 	EXP 	Display Frame 0
199.1189 	EXP 	Display Frame 1
199.2439 	EXP 	Display Frame 0
199.3689 	EXP 	Display Frame 1
199.4942 	EXP 	Display Frame 0
199.6189 	DATA 	Keypress: equal
199.6204 	EXP 	Display Frame 1
199.7441 	EXP 	Display Frame 0
199.8688 	EXP 	Display Frame 1
199.9939 	EXP 	Display Frame 0
200.1191 	EXP 	Display Frame 1
200.2441 	EXP 	Display Frame 0
200.3688 	EXP 	Display Frame 1
200.4941 	EXP 	Display Frame 0
200.6192 	DATA 	Keypress: equal
200.6203 	EXP 	Display Frame 1
200.7440 	EXP 	Display Frame 0
200.8692 	EXP 	Display Frame 1
200.9940 	EXP 	Display Frame 0
201.1188 	EXP 	Display Frame 1
201.2439 	EXP 	Display Frame 0
201.3692 	EXP 	Display Frame 1
201.4939 	EXP 	Display Frame 0
201.6195 	DATA 	Keypress: equal
201.6210 	EXP 	Display Frame 1
201.7438 	EXP 	Display Frame 0
201.8688 	EXP 	Display Frame 1
201.9941 	EXP 	Display Frame 0
202.1192 	EXP 	Display Frame 1
202.2441 	EXP 	Display Frame 0
202.3690 	EXP 	Display Frame 1
202.4941 	EXP 	Display Frame 0
202.6194 	DATA 	Keypress: equal
202.6211 	EXP 	Display Frame 1
202.7440 	EXP 	Display Frame 0
202.8688 	EXP 	Display Frame 1
202.9938 	EXP 	Display Frame 0
203.1188 	EXP 	Display Frame 1
203.2442 	EXP 	Display Frame 0
203.3691 	EXP 	Display Frame 1
203.4942 	EXP 	Display Frame 0
203.6191 	DATA 	Keypress: equal
203.6204 	EXP 	Display Frame 1
203.7440 	EXP 	Display Frame 0
203.8689 	EXP 	Display Frame 1
203.9941 	EXP 	Display Frame 0
204.1191 	EXP 	Display Frame 1
204.2442 	EXP 	Display Frame 0
204.3691 	EXP 	Display Frame 1
204.4939 	EXP 	Display Frame 0
204.6191 	EXP 	Display Frame 1
204.7441 	DATA 	Keypress: equal
204.7453 	EXP 	Display Frame 0
204.8689 	EXP 	Display Frame 1
204.9942 	EXP 	Display Frame 0
205.1191 	EXP 	Display Frame 1
205.2438 	EXP 	Display Frame 0
205.3691 	EXP 	Display Frame 1
205.4938 	EXP 	Display Frame 0
205.6188 	EXP 	Display Frame 1
205.7439 	DATA 	Keypress: equal
205.7449 	EXP 	Display Frame 0
205.8688 	EXP 	Display Frame 1
205.9939 	EXP 	Display Frame 0
206.1191 	EXP 	Display Frame 1
206.2441 	EXP 	Display Frame 0
206.3691 	EXP 	Display Frame 1
206.4943 	EXP 	Display Frame 0
206.6189 	EXP 	Display Frame 1
206.7441 	DATA 	Keypress: equal
206.7455 	EXP 	Display Frame 0
206.8688 	EXP 	Display Frame 1
206.9941 	EXP 	Display Frame 0
207.1191 	EXP 	Display Frame 1
207.2442 	EXP 	Display Frame 0
207.3691 	EXP 	Display Frame 1
207.4939 	EXP 	Display Frame 0
207.6192 	EXP 	Display Frame 1
207.7439 	DATA 	Keypress: equal
207.7453 	EXP 	Display Frame 0
207.8688 	EXP 	Display Frame 1
207.9941 	EXP 	Display Frame 0
208.1188 	EXP 	Display Frame 1
208.2441 	EXP 	Display Frame 0
208.3690 	EXP 	Display Frame 1
208.4945 	EXP 	Display Frame 0
208.6188 	EXP 	Display Frame 1
208.7442 	DATA 	Keypress: equal
208.7453 	EXP 	Display Frame 0
208.8689 	EXP 	Display Frame 1
208.9941 	EXP 	Display Frame 0
209.1191 	EXP 	Display Frame 1
209.2442 	EXP 	Display Frame 0
209.3689 	EXP 	Display Frame 1
209.4942 	EXP 	Display Frame 0
209.6188 	EXP 	Display Frame 1
209.7438 	DATA 	Keypress: equal
209.7453 	EXP 	Display Frame 0
209.8688 	EXP 	Display Frame 1
209.9941 	EXP 	Display Frame 0
210.1191 	EXP 	Display Frame 1
210.2437 	EXP 	Display Frame 0
210.3688 	EXP 	Display Frame 1
210.4942 	EXP 	Display Frame 0
210.6191 	EXP 	Display Frame 1
210.7438 	EXP 	Display Frame 0
210.8691 	EXP 	Display Frame 1
210.9941 	EXP 	Display Frame 0
211.1191 	EXP 	Display Frame 1
211.2440 	EXP 	Display Frame 0
211.3689 	EXP 	Display Frame 1
211.4941 	EXP 	Display Frame 0
211.6191 	EXP 	Display Frame 1
211.7441 	EXP 	Display Frame 0
211.8689 	EXP 	Display Frame 1
211.9939 	EXP 	Display Frame 0
212.1191 	EXP 	Display Frame 1
212.2443 	EXP 	Display Frame 0
212.3687 	EXP 	Display Frame 1
212.4938 	EXP 	Display Frame 0
212.6201 	EXP 	Display Frame 1
212.7441 	EXP 	Display Frame 0
212.8693 	EXP 	Display Frame 1
212.9940 	EXP 	Display Frame 0
213.1188 	EXP 	Display Frame 1
213.2439 	EXP 	Display Frame 0
213.3689 	EXP 	Display Frame 1
213.4941 	EXP 	Display Frame 0
213.6188 	EXP 	Display Frame 1
213.7441 	EXP 	Display Frame 0
213.8691 	EXP 	Display Frame 1
213.9942 	EXP 	Display Frame 0
214.1191 	EXP 	Display Frame 1
214.2445 	DATA 	Keypress: equal
214.2456 	EXP 	Display Frame 0
214.2470 	EXP 	Display Fixation
283.2994 	DATA 	Keypress: q
283.3092 	EXP 	topMsg: height = 0.1
283.3092 	EXP 	topMsg: height = 0.1
283.3092 	EXP 	topMsg: text = "Thank you very much! \n\nThat's it with the tapping"
283.3092 	EXP 	bottomMsg: height = 0.1
283.3092 	EXP 	bottomMsg: height = 0.1
283.3092 	EXP 	bottomMsg: text = "Please relax for the ramaining time \n\n Press 'q' or 'escape' to end the session."
283.3092 	EXP 	Display TheEnd
284.9368 	DATA 	Keypress: q
285.0175 	EXP 	win: mouseVisible = True
