1.0180 	WARNING 	We strongly recommend you activate the PTB sound engine in PsychoPy prefs as the preferred audio engine. Its timing is vastly superior. Your prefs are currently set to use ['sounddevice', 'PTB', 'pyo', 'pygame'] (in that order).
6.7444 	INFO 	---START PARAMETERS---
6.7444 	INFO 	filename: TappingWithTrTiming_Movie_d3.py-1tt============ =====-375-Mar_04_1609
6.7444 	INFO 	subject: 1tt============ =====
6.7444 	INFO 	session: 375
6.7445 	INFO 	date: Mar_04_1609
6.7445 	INFO 	block2Dur_TRs: 20
6.7445 	INFO 	blockDur_TRs: 6
6.7445 	INFO 	condition: TapRight
6.7445 	INFO 	fixCrossPos: [0, 0]
6.7445 	INFO 	fixCrossSize: 100
6.7445 	INFO 	fullScreen: True
6.7445 	INFO 	movieFolder: images/
6.7445 	INFO 	movieFolder2: images/
6.7445 	INFO 	movieSize: (1600, 1000)
6.7445 	INFO 	nBlocks: 68
6.7445 	INFO 	promptDir: Text/
6.7445 	INFO 	restDur_TRs: 20
6.7445 	INFO 	screenColor: (119, 119, 119)
6.7445 	INFO 	screenToShow: 1
6.7445 	INFO 	skipPrompts: False
6.7445 	INFO 	tStartup_TRs: 0
6.7445 	INFO 	textHeight: 40
6.7445 	INFO 	triggerKey: equal
6.7445 	INFO 	---END PARAMETERS---
