1.0437 	WARNING 	We strongly recommend you activate the PTB sound engine in PsychoPy prefs as the preferred audio engine. Its timing is vastly superior. Your prefs are currently set to use ['sounddevice', 'PTB', 'pyo', 'pygame'] (in that order).
6.8290 	INFO 	---START PARAMETERS---
6.8290 	INFO 	filename: TappingWithTrTiming_Movie_d3.py-1tt==============-260-Apr_17_1532
6.8290 	INFO 	subject: 1tt==============
6.8290 	INFO 	session: 260
6.8290 	INFO 	date: Apr_17_1532
6.8291 	INFO 	blockDur_TRs: 20
6.8291 	INFO 	condition: vis
6.8291 	INFO 	fixCrossPos: [0, 0]
6.8291 	INFO 	fixCrossSize: 100
6.8291 	INFO 	fullScreen: True
6.8291 	INFO 	movieFolder: Images/
6.8291 	INFO 	movieSize: (1600, 1000)
6.8291 	INFO 	nBlocks: 68
6.8291 	INFO 	promptDir: Text/
6.8291 	INFO 	restDur_TRs: 20
6.8291 	INFO 	screenColor: (128, 128, 128)
6.8291 	INFO 	screenToShow: 0
6.8291 	INFO 	skipPrompts: False
6.8291 	INFO 	tStartup_TRs: 0
6.8291 	INFO 	textHeight: 40
6.8291 	INFO 	triggerKey: s
6.8291 	INFO 	---END PARAMETERS---
7.6727 	INFO 	Loaded monitor calibration from ['2022_03_25 08:03']
8.7879 	WARNING 	Couldn't measure a consistent frame rate!
  - Is your graphics card set to sync to vertical blank?
  - Are you running other processes on your computer?

8.7890 	EXP 	Created win = Window(allowGUI=False, allowStencil=False, autoLog=True, backendConf=UNKNOWN, bitsMode=UNKNOWN, blendMode='avg', bpc=(8, 8, 8), color=array([128, 128, 128]), colorSpace='rgb255', depthBits=8, fullscr=<method-wrapper '__getattribute__' of attributeSetter object at 0x7f848870e0d0>, gamma=None, gammaErrorPolicy='raise', lms=UNKNOWN, monitor=<psychopy.monitors.calibTools.Monitor object at 0x7f84d8e5c220>, multiSample=False, name='win', numSamples=2, pos=[0.0, 0.0], screen=0, size=array([1920, 1080]), stencilBits=0, stereo=False, units='deg', useFBO=False, useRetina=False, viewOri=0.0, viewPos=None, viewScale=None, waitBlanking=True, winType='pyglet')
8.7896 	EXP 	win: mouseVisible = True
8.7992 	EXP 	Created fixCross = ShapeStim(__class__=<class 'psychopy.visual.shape.ShapeStim'>, anchor=('center', 'center'), autoDraw=False, autoLog=True, closeShape=False, color=method-wrapper(...), colorSpace='rgb', contrast=None, depth=0, fillColor=array([0, 0, 0]), fillColorSpace='rgb', fillRGB=array([0, 0, 0]), interpolate=True, lineColor=array([-1., -1., -1.]), lineColorSpace='rgb', lineRGB=array([-1., -1., -1.]), lineWidth=3.0, name='fixCross', opacity=0.5, ori=0.0, pos=array([0., 0.]), size=array([1., 1.]), units='pix', vertices=ndarray(...), win=Window(...), windingRule=None)
8.8000 	WARNING 	TextStim.alignHoriz is deprecated. Use alignText and anchorHoriz attributes instead
8.8311 	EXP 	Created topMsg = TextStim(__class__=<class 'psychopy.visual.text.TextStim'>, alignHoriz='center', alignText='center', alignVert=method-wrapper(...), anchorHoriz='center', anchorVert='center', antialias=True, autoLog=True, bold=False, color=array([-1., -1., -1.]), colorSpace='rgb', contrast=1.0, depth=0, flipHoriz=False, flipVert=False, font='', fontFiles=[], height=0.1, italic=False, languageStyle='LTR', name='topMsg', opacity=1.0, ori=0.0, pos=array([0. , 0.5]), rgb=UNKNOWN, text='aaa', units='norm', win=Window(...), wrapWidth=1.5)
8.8312 	WARNING 	TextStim.alignHoriz is deprecated. Use alignText and anchorHoriz attributes instead
8.8337 	EXP 	Created bottomMsg = TextStim(__class__=<class 'psychopy.visual.text.TextStim'>, alignHoriz='center', alignText='center', alignVert=method-wrapper(...), anchorHoriz='center', anchorVert='center', antialias=True, autoLog=True, bold=False, color=array([-1., -1., -1.]), colorSpace='rgb', contrast=1.0, depth=0, flipHoriz=False, flipVert=False, font='', fontFiles=[], height=0.1, italic=False, languageStyle='LTR', name='bottomMsg', opacity=1.0, ori=0.0, pos=array([ 0. , -0.5]), rgb=UNKNOWN, text='bbb', units='norm', win=Window(...), wrapWidth=1.5)
8.8529 	EXP 	Created Movie Frame 0 = ImageStim(__class__=<class 'psychopy.visual.image.ImageStim'>, anchor=('center', 'center'), autoLog=True, color=array([1., 1., 1.]), colorSpace='rgb', contrast=1.0, depth=0, flipHoriz=False, flipVert=False, image='Images/visual_0.png', interpolate=False, mask=None, maskParams=None, name='Movie Frame 0', opacity=1, ori=0.0, pos=array([0., 0.]), size=array([1600., 1000.]), texRes=128, units='pix', win=Window(...))
8.8641 	EXP 	Created Movie Frame 1 = ImageStim(__class__=<class 'psychopy.visual.image.ImageStim'>, anchor=('center', 'center'), autoLog=True, color=array([1., 1., 1.]), colorSpace='rgb', contrast=1.0, depth=0, flipHoriz=False, flipVert=False, image='Images/visual_1.png', interpolate=False, mask=None, maskParams=None, name='Movie Frame 1', opacity=1, ori=0.0, pos=array([0., 0.]), size=array([1600., 1000.]), texRes=128, units='pix', win=Window(...))
8.8710 	EXP 	Created unnamed TextStim = TextStim(__class__=<class 'psychopy.visual.text.TextStim'>, alignHoriz=method-wrapper(...), alignText='center', alignVert=method-wrapper(...), anchorHoriz='center', anchorVert='center', antialias=True, autoLog=True, bold=False, color=array([-1., -1., -1.]), colorSpace='rgb', contrast=1.0, depth=0, flipHoriz=False, flipVert=False, font='', fontFiles=[], height=40.0, italic=False, languageStyle='LTR', name='unnamed TextStim', opacity=1.0, ori=0.0, pos=array([  0., 580.]), rgb=UNKNOWN, text='look at the center', units='pix', win=Window(...), wrapWidth=1600)
8.8864 	WARNING 	t of last frame was 98.75ms (=1/10)
8.8864 	EXP 	topMsg: height = 0.1
8.8864 	EXP 	topMsg: height = 0.1
8.8864 	EXP 	topMsg: text = 'You will see a flickering checkerboard. When it is on the screen, try to fixate the center of the checkerboard. When the fixation cross appears, relax and stare at the cross.'
8.8864 	EXP 	bottomMsg: height = 0.1
8.8864 	EXP 	bottomMsg: height = 0.1
8.8864 	EXP 	bottomMsg: text = 'The experiment will begin shortly'
8.8864 	EXP 	Display Instructions1
12.4595 	DATA 	Keypress: s
12.4737 	WARNING 	t of last frame was 3587.27ms (=1/0)
12.4737 	EXP 	topMsg: height = 0.1
12.4737 	EXP 	topMsg: height = 0.1
12.4737 	EXP 	topMsg: text = "Please don't move..."
12.4737 	EXP 	bottomMsg: height = 0.1
12.4737 	EXP 	bottomMsg: height = 0.1
12.4737 	EXP 	bottomMsg: text = ''
12.4737 	EXP 	PleaseDontMove
24.9724 	DATA 	Keypress: s
24.9847 	WARNING 	t of last frame was 12511.03ms (=1/0)
24.9847 	EXP 	Display Fixation
24.9850 	EXP 	---START EXPERIMENT---
24.9961 	EXP 	Display Fixation
37.4816 	DATA 	Keypress: s
49.9937 	DATA 	Keypress: s
62.5057 	DATA 	Keypress: s
74.6847 	DATA 	Mouse: Left button down, pos=(684,572)
74.8224 	DATA 	Mouse:  Left button up, pos=(684,572)
75.0174 	DATA 	Keypress: s
87.5405 	DATA 	Keypress: s
90.9664 	DATA 	Keypress: q
90.9838 	WARNING 	t of last frame was 65987.67ms (=1/0)
90.9838 	EXP 	topMsg: height = 0.1
90.9838 	EXP 	topMsg: height = 0.1
90.9838 	EXP 	topMsg: text = "Thank you very much! \n\nThat's it with the tapping"
90.9838 	EXP 	bottomMsg: height = 0.1
90.9838 	EXP 	bottomMsg: height = 0.1
90.9838 	EXP 	bottomMsg: text = "Please relax for the ramaining time \n\n Press 'q' or 'escape' to end the session."
90.9838 	EXP 	Display TheEnd
91.2589 	DATA 	Keypress: escape
91.3286 	EXP 	win: mouseVisible = True
