1.0581 	WARNING 	We strongly recommend you activate the PTB sound engine in PsychoPy prefs as the preferred audio engine. Its timing is vastly superior. Your prefs are currently set to use ['sounddevice', 'PTB', 'pyo', 'pygame'] (in that order).
6.4957 	INFO 	---START PARAMETERS---
6.4957 	INFO 	filename: TappingWithTrTiming_Movie_d3.py-1tt============ =====-386-Apr_29_1738
6.4957 	INFO 	subject: 1tt============ =====
6.4957 	INFO 	session: 386
6.4957 	INFO 	date: Apr_29_1738
6.4957 	INFO 	block2Dur_TRs: 0
6.4957 	INFO 	blockDur_TRs: 30
6.4957 	INFO 	condition: vis
6.4957 	INFO 	fixCrossPos: [0, 0]
6.4957 	INFO 	fixCrossSize: 100
6.4958 	INFO 	fullScreen: True
6.4958 	INFO 	movieFolder: images/
6.4958 	INFO 	movieFolder2: images/
6.4958 	INFO 	movieSize: (1600, 1000)
6.4958 	INFO 	nBlocks: 68
6.4958 	INFO 	promptDir: Text/
6.4958 	INFO 	restDur_TRs: 30
6.4958 	INFO 	screenColor: (119, 119, 119)
6.4958 	INFO 	screenToShow: 1
6.4958 	INFO 	skipPrompts: False
6.4958 	INFO 	tStartup_TRs: 0
6.4958 	INFO 	textHeight: 40
6.4958 	INFO 	triggerKey: equal
6.4958 	INFO 	---END PARAMETERS---
7.3049 	INFO 	Loaded monitor calibration from ['2022_03_25 08:03']
8.4337 	WARNING 	Couldn't measure a consistent frame rate!
  - Is your graphics card set to sync to vertical blank?
  - Are you running other processes on your computer?

8.4345 	EXP 	Created win = Window(allowGUI=False, allowStencil=False, autoLog=True, backendConf=UNKNOWN, bitsMode=UNKNOWN, blendMode='avg', bpc=(8, 8, 8), color=array([119, 119, 119]), colorSpace='rgb255', depthBits=8, fullscr=<method-wrapper '__getattribute__' of attributeSetter object at 0x7fd80c92e7f0>, gamma=None, gammaErrorPolicy='raise', lms=UNKNOWN, monitor=<psychopy.monitors.calibTools.Monitor object at 0x7fd7b8278d00>, multiSample=False, name='win', numSamples=2, pos=[0.0, 0.0], screen=1, size=array([1920, 1080]), stencilBits=0, stereo=False, units='deg', useFBO=False, useRetina=False, viewOri=0.0, viewPos=None, viewScale=None, waitBlanking=True, winType='pyglet')
8.4347 	EXP 	win: mouseVisible = True
8.4401 	EXP 	Created fixCross = ShapeStim(__class__=<class 'psychopy.visual.shape.ShapeStim'>, anchor=('center', 'center'), autoDraw=False, autoLog=True, closeShape=False, color=method-wrapper(...), colorSpace='rgb', contrast=None, depth=0, fillColor=array([0, 0, 0]), fillColorSpace='rgb', fillRGB=array([0, 0, 0]), interpolate=True, lineColor=array([-1., -1., -1.]), lineColorSpace='rgb', lineRGB=array([-1., -1., -1.]), lineWidth=3.0, name='fixCross', opacity=0.5, ori=0.0, pos=array([0., 0.]), size=array([1., 1.]), units='pix', vertices=ndarray(...), win=Window(...), windingRule=None)
8.4406 	WARNING 	TextStim.alignHoriz is deprecated. Use alignText and anchorHoriz attributes instead
8.4655 	EXP 	Created topMsg = TextStim(__class__=<class 'psychopy.visual.text.TextStim'>, alignHoriz='center', alignText='center', alignVert=method-wrapper(...), anchorHoriz='center', anchorVert='center', antialias=True, autoLog=True, bold=False, color=array([-1., -1., -1.]), colorSpace='rgb', contrast=1.0, depth=0, flipHoriz=False, flipVert=False, font='', fontFiles=[], height=0.1, italic=False, languageStyle='LTR', name='topMsg', opacity=1.0, ori=0.0, pos=array([0. , 0.5]), rgb=UNKNOWN, text='aaa', units='norm', win=Window(...), wrapWidth=1.5)
8.4657 	WARNING 	TextStim.alignHoriz is deprecated. Use alignText and anchorHoriz attributes instead
8.4680 	EXP 	Created bottomMsg = TextStim(__class__=<class 'psychopy.visual.text.TextStim'>, alignHoriz='center', alignText='center', alignVert=method-wrapper(...), anchorHoriz='center', anchorVert='center', antialias=True, autoLog=True, bold=False, color=array([-1., -1., -1.]), colorSpace='rgb', contrast=1.0, depth=0, flipHoriz=False, flipVert=False, font='', fontFiles=[], height=0.1, italic=False, languageStyle='LTR', name='bottomMsg', opacity=1.0, ori=0.0, pos=array([ 0. , -0.5]), rgb=UNKNOWN, text='bbb', units='norm', win=Window(...), wrapWidth=1.5)
8.4876 	EXP 	Created Movie Frame 0 = ImageStim(__class__=<class 'psychopy.visual.image.ImageStim'>, anchor=('center', 'center'), autoLog=True, color=array([1., 1., 1.]), colorSpace='rgb', contrast=1.0, depth=0, flipHoriz=False, flipVert=False, image='images/visual_0.png', interpolate=False, mask=None, maskParams=None, name='Movie Frame 0', opacity=1, ori=0.0, pos=array([0., 0.]), size=array([1600., 1000.]), texRes=128, units='pix', win=Window(...))
8.4981 	EXP 	Created Movie Frame 1 = ImageStim(__class__=<class 'psychopy.visual.image.ImageStim'>, anchor=('center', 'center'), autoLog=True, color=array([1., 1., 1.]), colorSpace='rgb', contrast=1.0, depth=0, flipHoriz=False, flipVert=False, image='images/visual_1.png', interpolate=False, mask=None, maskParams=None, name='Movie Frame 1', opacity=1, ori=0.0, pos=array([0., 0.]), size=array([1600., 1000.]), texRes=128, units='pix', win=Window(...))
8.5080 	EXP 	Created Movie Frame 0 = ImageStim(__class__=<class 'psychopy.visual.image.ImageStim'>, anchor=('center', 'center'), autoLog=True, color=array([1., 1., 1.]), colorSpace='rgb', contrast=1.0, depth=0, flipHoriz=False, flipVert=False, image='images/visual_0.png', interpolate=False, mask=None, maskParams=None, name='Movie Frame 0', opacity=1, ori=0.0, pos=array([0., 0.]), size=array([1600., 1000.]), texRes=128, units='pix', win=Window(...))
8.5173 	EXP 	Created Movie Frame 1 = ImageStim(__class__=<class 'psychopy.visual.image.ImageStim'>, anchor=('center', 'center'), autoLog=True, color=array([1., 1., 1.]), colorSpace='rgb', contrast=1.0, depth=0, flipHoriz=False, flipVert=False, image='images/visual_1.png', interpolate=False, mask=None, maskParams=None, name='Movie Frame 1', opacity=1, ori=0.0, pos=array([0., 0.]), size=array([1600., 1000.]), texRes=128, units='pix', win=Window(...))
8.5224 	EXP 	Created unnamed TextStim = TextStim(__class__=<class 'psychopy.visual.text.TextStim'>, alignHoriz=method-wrapper(...), alignText='center', alignVert=method-wrapper(...), anchorHoriz='center', anchorVert='center', antialias=True, autoLog=True, bold=False, color=array([-1., -1., -1.]), colorSpace='rgb', contrast=1.0, depth=0, flipHoriz=False, flipVert=False, font='', fontFiles=[], height=40.0, italic=False, languageStyle='LTR', name='unnamed TextStim', opacity=1.0, ori=0.0, pos=array([  0., 580.]), rgb=UNKNOWN, text='look at the center', units='pix', win=Window(...), wrapWidth=1600)
8.5347 	WARNING 	t of last frame was 101.07ms (=1/9)
8.5347 	EXP 	topMsg: height = 0.1
8.5347 	EXP 	topMsg: height = 0.1
8.5347 	EXP 	topMsg: text = 'You will see a flickering checkerboard. When it is on the screen, try to fixate the center of the checkerboard. When the fixation cross appears, relax and stare at the cross.'
8.5347 	EXP 	bottomMsg: height = 0.1
8.5347 	EXP 	bottomMsg: height = 0.1
8.5347 	EXP 	bottomMsg: text = 'The experiment will begin shortly'
8.5347 	EXP 	Display Instructions1
9.2470 	DATA 	Keypress: space
9.2513 	WARNING 	t of last frame was 716.57ms (=1/1)
9.2513 	EXP 	topMsg: height = 0.1
9.2513 	EXP 	topMsg: height = 0.1
9.2513 	EXP 	topMsg: text = "Please don't move..."
9.2513 	EXP 	bottomMsg: height = 0.1
9.2513 	EXP 	bottomMsg: height = 0.1
9.2513 	EXP 	bottomMsg: text = ''
9.2513 	EXP 	PleaseDontMove
23.8096 	DATA 	Keypress: equal
23.8146 	WARNING 	t of last frame was 14563.34ms (=1/0)
23.8146 	EXP 	Display Fixation
23.8149 	EXP 	---START EXPERIMENT---
23.8158 	EXP 	Display Fixation
24.8221 	DATA 	Keypress: equal
25.8534 	DATA 	Keypress: equal
26.8643 	DATA 	Keypress: equal
27.8974 	DATA 	Keypress: equal
28.9082 	DATA 	Keypress: equal
29.9425 	DATA 	Keypress: equal
30.9521 	DATA 	Keypress: equal
31.9863 	DATA 	Keypress: equal
32.9975 	DATA 	Keypress: equal
34.0312 	DATA 	Keypress: equal
35.0416 	DATA 	Keypress: equal
36.0756 	DATA 	Keypress: equal
37.0866 	DATA 	Keypress: equal
38.1189 	DATA 	Keypress: equal
39.1305 	DATA 	Keypress: equal
40.1642 	DATA 	Keypress: equal
41.1745 	DATA 	Keypress: equal
42.2081 	DATA 	Keypress: equal
43.2195 	DATA 	Keypress: equal
44.2531 	DATA 	Keypress: equal
45.2634 	DATA 	Keypress: equal
46.2971 	DATA 	Keypress: equal
47.3087 	DATA 	Keypress: equal
48.3416 	DATA 	Keypress: equal
49.3524 	DATA 	Keypress: equal
50.3861 	DATA 	Keypress: equal
51.3964 	DATA 	Keypress: equal
52.4303 	DATA 	Keypress: equal
53.4415 	DATA 	Keypress: equal
54.4746 	DATA 	Keypress: equal
54.4784 	WARNING 	t of last frame was 30662.51ms (=1/0)
54.6016 	WARNING 	Multiple dropped frames have occurred - I'll stop bothering you about them!
54.6016 	EXP 	Display Frame 1
54.7261 	EXP 	Display Frame 0
54.8514 	EXP 	Display Frame 1
54.9759 	EXP 	Display Frame 0
55.1011 	EXP 	Display Frame 1
55.2259 	EXP 	Display Frame 0
55.3517 	EXP 	Display Frame 1
55.4759 	EXP 	Display Frame 0
55.6007 	DATA 	Keypress: equal
55.6018 	EXP 	Display Frame 1
55.7258 	EXP 	Display Frame 0
55.8510 	EXP 	Display Frame 1
55.9762 	EXP 	Display Frame 0
56.1013 	EXP 	Display Frame 1
56.2259 	EXP 	Display Frame 0
56.3511 	EXP 	Display Frame 1
56.4759 	EXP 	Display Frame 0
56.6009 	DATA 	Keypress: equal
56.6019 	EXP 	Display Frame 1
56.7259 	EXP 	Display Frame 0
56.8518 	EXP 	Display Frame 1
56.9759 	EXP 	Display Frame 0
57.1015 	EXP 	Display Frame 1
57.2256 	EXP 	Display Frame 0
57.3516 	EXP 	Display Frame 1
57.4757 	EXP 	Display Frame 0
57.6011 	DATA 	Keypress: equal
57.6026 	EXP 	Display Frame 1
57.7258 	EXP 	Display Frame 0
57.8510 	EXP 	Display Frame 1
57.9756 	EXP 	Display Frame 0
58.1014 	EXP 	Display Frame 1
58.2258 	EXP 	Display Frame 0
58.3513 	EXP 	Display Frame 1
58.4758 	EXP 	Display Frame 0
58.6006 	DATA 	Keypress: equal
58.6017 	EXP 	Display Frame 1
58.7259 	EXP 	Display Frame 0
58.8509 	EXP 	Display Frame 1
58.9781 	EXP 	Display Frame 0
59.1017 	EXP 	Display Frame 1
59.2258 	EXP 	Display Frame 0
59.3518 	EXP 	Display Frame 1
59.4757 	EXP 	Display Frame 0
59.6008 	DATA 	Keypress: equal
59.6019 	EXP 	Display Frame 1
59.7256 	EXP 	Display Frame 0
59.8516 	EXP 	Display Frame 1
59.9757 	EXP 	Display Frame 0
60.1005 	EXP 	Display Frame 1
60.2259 	EXP 	Display Frame 0
60.3516 	EXP 	Display Frame 1
60.4755 	EXP 	Display Frame 0
60.6019 	EXP 	Display Frame 1
60.7257 	DATA 	Keypress: equal
60.7270 	EXP 	Display Frame 0
60.8512 	EXP 	Display Frame 1
60.9758 	EXP 	Display Frame 0
61.1012 	EXP 	Display Frame 1
61.2259 	EXP 	Display Frame 0
61.3512 	EXP 	Display Frame 1
61.4759 	EXP 	Display Frame 0
61.6015 	EXP 	Display Frame 1
61.7263 	DATA 	Keypress: equal
61.7278 	EXP 	Display Frame 0
61.8510 	EXP 	Display Frame 1
61.9759 	EXP 	Display Frame 0
62.1013 	EXP 	Display Frame 1
62.2260 	EXP 	Display Frame 0
62.3506 	EXP 	Display Frame 1
62.4756 	EXP 	Display Frame 0
62.6013 	EXP 	Display Frame 1
62.7255 	DATA 	Keypress: equal
62.7268 	EXP 	Display Frame 0
62.8509 	EXP 	Display Frame 1
62.9757 	EXP 	Display Frame 0
63.1017 	EXP 	Display Frame 1
63.2258 	EXP 	Display Frame 0
63.3514 	EXP 	Display Frame 1
63.4756 	EXP 	Display Frame 0
63.6019 	EXP 	Display Frame 1
63.7256 	DATA 	Keypress: equal
63.7271 	EXP 	Display Frame 0
63.8519 	EXP 	Display Frame 1
63.9758 	EXP 	Display Frame 0
64.1012 	EXP 	Display Frame 1
64.2256 	EXP 	Display Frame 0
64.3515 	EXP 	Display Frame 1
64.4756 	EXP 	Display Frame 0
64.6012 	EXP 	Display Frame 1
64.7262 	DATA 	Keypress: equal
64.7277 	EXP 	Display Frame 0
64.8517 	EXP 	Display Frame 1
64.9758 	EXP 	Display Frame 0
65.1013 	EXP 	Display Frame 1
65.2259 	EXP 	Display Frame 0
65.3515 	EXP 	Display Frame 1
65.4759 	EXP 	Display Frame 0
65.6014 	EXP 	Display Frame 1
65.7261 	DATA 	Keypress: equal
65.7277 	EXP 	Display Frame 0
65.8514 	EXP 	Display Frame 1
65.9758 	EXP 	Display Frame 0
66.1015 	EXP 	Display Frame 1
66.2258 	EXP 	Display Frame 0
66.3512 	EXP 	Display Frame 1
66.4756 	EXP 	Display Frame 0
66.6019 	EXP 	Display Frame 1
66.7259 	EXP 	Display Frame 0
66.8508 	DATA 	Keypress: equal
66.8521 	EXP 	Display Frame 1
66.9756 	EXP 	Display Frame 0
67.1016 	EXP 	Display Frame 1
67.2257 	EXP 	Display Frame 0
67.3514 	EXP 	Display Frame 1
67.4756 	EXP 	Display Frame 0
67.6019 	EXP 	Display Frame 1
67.7259 	EXP 	Display Frame 0
67.8506 	DATA 	Keypress: equal
67.8517 	EXP 	Display Frame 1
67.9757 	EXP 	Display Frame 0
68.1015 	EXP 	Display Frame 1
68.2258 	EXP 	Display Frame 0
68.3514 	EXP 	Display Frame 1
68.4756 	EXP 	Display Frame 0
68.6016 	EXP 	Display Frame 1
68.7256 	EXP 	Display Frame 0
68.8509 	DATA 	Keypress: equal
68.8524 	EXP 	Display Frame 1
68.9756 	EXP 	Display Frame 0
69.1009 	EXP 	Display Frame 1
69.2258 	EXP 	Display Frame 0
69.3516 	EXP 	Display Frame 1
69.4758 	EXP 	Display Frame 0
69.6020 	EXP 	Display Frame 1
69.7259 	EXP 	Display Frame 0
69.8510 	DATA 	Keypress: equal
69.8522 	EXP 	Display Frame 1
69.9758 	EXP 	Display Frame 0
70.1008 	EXP 	Display Frame 1
70.2259 	EXP 	Display Frame 0
70.3516 	EXP 	Display Frame 1
70.4758 	EXP 	Display Frame 0
70.6009 	EXP 	Display Frame 1
70.7258 	EXP 	Display Frame 0
70.8508 	DATA 	Keypress: equal
70.8519 	EXP 	Display Frame 1
70.9757 	EXP 	Display Frame 0
71.1015 	EXP 	Display Frame 1
71.2256 	EXP 	Display Frame 0
71.3513 	EXP 	Display Frame 1
71.4757 	EXP 	Display Frame 0
71.6018 	EXP 	Display Frame 1
71.7258 	EXP 	Display Frame 0
71.8510 	DATA 	Keypress: equal
71.8525 	EXP 	Display Frame 1
71.9756 	EXP 	Display Frame 0
72.1008 	EXP 	Display Frame 1
72.2259 	EXP 	Display Frame 0
72.3515 	EXP 	Display Frame 1
72.4757 	EXP 	Display Frame 0
72.6015 	EXP 	Display Frame 1
72.7258 	EXP 	Display Frame 0
72.8505 	EXP 	Display Frame 1
72.9754 	DATA 	Keypress: equal
72.9764 	EXP 	Display Frame 0
73.1007 	EXP 	Display Frame 1
73.2256 	EXP 	Display Frame 0
73.3509 	EXP 	Display Frame 1
73.4759 	EXP 	Display Frame 0
73.6006 	EXP 	Display Frame 1
73.7260 	EXP 	Display Frame 0
73.8517 	EXP 	Display Frame 1
73.9756 	DATA 	Keypress: equal
73.9771 	EXP 	Display Frame 0
74.1008 	EXP 	Display Frame 1
74.2256 	EXP 	Display Frame 0
74.3508 	EXP 	Display Frame 1
74.4757 	EXP 	Display Frame 0
74.6008 	EXP 	Display Frame 1
74.7260 	EXP 	Display Frame 0
74.8517 	EXP 	Display Frame 1
74.9761 	DATA 	Keypress: equal
74.9788 	EXP 	Display Frame 0
75.1006 	EXP 	Display Frame 1
75.2259 	EXP 	Display Frame 0
75.3505 	EXP 	Display Frame 1
75.4760 	EXP 	Display Frame 0
75.6008 	EXP 	Display Frame 1
75.7256 	EXP 	Display Frame 0
75.8506 	EXP 	Display Frame 1
75.9756 	DATA 	Keypress: equal
75.9768 	EXP 	Display Frame 0
76.1008 	EXP 	Display Frame 1
76.2259 	EXP 	Display Frame 0
76.3508 	EXP 	Display Frame 1
76.4760 	EXP 	Display Frame 0
76.6017 	EXP 	Display Frame 1
76.7268 	EXP 	Display Frame 0
76.8516 	EXP 	Display Frame 1
76.9760 	DATA 	Keypress: equal
76.9775 	EXP 	Display Frame 0
77.1007 	EXP 	Display Frame 1
77.2258 	EXP 	Display Frame 0
77.3509 	EXP 	Display Frame 1
77.4760 	EXP 	Display Frame 0
77.6006 	EXP 	Display Frame 1
77.7261 	EXP 	Display Frame 0
77.8509 	EXP 	Display Frame 1
77.9756 	DATA 	Keypress: equal
77.9766 	EXP 	Display Frame 0
78.1006 	EXP 	Display Frame 1
78.2256 	EXP 	Display Frame 0
78.3516 	EXP 	Display Frame 1
78.4757 	EXP 	Display Frame 0
78.6019 	EXP 	Display Frame 1
78.7257 	EXP 	Display Frame 0
78.8506 	EXP 	Display Frame 1
78.9756 	EXP 	Display Frame 0
79.1011 	DATA 	Keypress: equal
79.1027 	EXP 	Display Frame 1
79.2258 	EXP 	Display Frame 0
79.3509 	EXP 	Display Frame 1
79.4757 	EXP 	Display Frame 0
79.6006 	EXP 	Display Frame 1
79.7259 	EXP 	Display Frame 0
79.8517 	EXP 	Display Frame 1
79.9758 	EXP 	Display Frame 0
80.1009 	DATA 	Keypress: equal
80.1024 	EXP 	Display Frame 1
80.2258 	EXP 	Display Frame 0
80.3509 	EXP 	Display Frame 1
80.4757 	EXP 	Display Frame 0
80.6008 	EXP 	Display Frame 1
80.7258 	EXP 	Display Frame 0
80.8506 	EXP 	Display Frame 1
80.9760 	EXP 	Display Frame 0
81.1008 	DATA 	Keypress: equal
81.1023 	EXP 	Display Frame 1
81.2258 	EXP 	Display Frame 0
81.3508 	EXP 	Display Frame 1
81.4757 	EXP 	Display Frame 0
81.6009 	EXP 	Display Frame 1
81.7259 	EXP 	Display Frame 0
81.8515 	EXP 	Display Frame 1
81.9760 	EXP 	Display Frame 0
82.1008 	DATA 	Keypress: equal
82.1018 	EXP 	Display Frame 1
82.2257 	EXP 	Display Frame 0
82.3508 	EXP 	Display Frame 1
82.4758 	EXP 	Display Frame 0
82.6009 	EXP 	Display Frame 1
82.7257 	EXP 	Display Frame 0
82.8509 	EXP 	Display Frame 1
82.9759 	EXP 	Display Frame 0
83.1008 	DATA 	Keypress: equal
83.1019 	EXP 	Display Frame 1
83.2257 	EXP 	Display Frame 0
83.3508 	EXP 	Display Frame 1
83.4759 	EXP 	Display Frame 0
83.6019 	EXP 	Display Frame 1
83.7259 	EXP 	Display Frame 0
83.8514 	EXP 	Display Frame 1
83.9758 	EXP 	Display Frame 0
84.1016 	EXP 	Display Frame 1
84.2261 	DATA 	Keypress: equal
84.2276 	EXP 	Display Frame 0
84.3506 	EXP 	Display Frame 1
84.4757 	EXP 	Display Frame 0
84.6005 	EXP 	Display Frame 1
84.7257 	EXP 	Display Frame 0
84.8509 	EXP 	Display Frame 1
84.9758 	EXP 	Display Frame 0
85.1007 	EXP 	Display Frame 1
85.2259 	DATA 	Keypress: equal
85.2272 	EXP 	Display Frame 0
85.2339 	EXP 	Display Fixation
86.1524 	DATA 	Keypress: equal
87.1855 	DATA 	Keypress: equal
88.1955 	DATA 	Keypress: equal
89.2293 	DATA 	Keypress: equal
90.2400 	DATA 	Keypress: equal
91.2738 	DATA 	Keypress: equal
92.2854 	DATA 	Keypress: equal
93.3187 	DATA 	Keypress: equal
94.3285 	DATA 	Keypress: equal
95.3628 	DATA 	Keypress: equal
96.3739 	DATA 	Keypress: equal
97.4076 	DATA 	Keypress: equal
98.4176 	DATA 	Keypress: equal
99.4524 	DATA 	Keypress: equal
100.4627 	DATA 	Keypress: equal
101.4959 	DATA 	Keypress: equal
102.5066 	DATA 	Keypress: equal
103.5405 	DATA 	Keypress: equal
104.5506 	DATA 	Keypress: equal
105.5840 	DATA 	Keypress: equal
106.5959 	DATA 	Keypress: equal
107.6301 	DATA 	Keypress: equal
108.6397 	DATA 	Keypress: equal
109.6736 	DATA 	Keypress: equal
110.6838 	DATA 	Keypress: equal
111.7178 	DATA 	Keypress: equal
112.7287 	DATA 	Keypress: equal
113.7628 	DATA 	Keypress: equal
114.7728 	DATA 	Keypress: equal
115.8070 	DATA 	Keypress: equal
115.9332 	EXP 	Display Frame 1
116.0584 	EXP 	Display Frame 0
116.1834 	EXP 	Display Frame 1
116.3083 	EXP 	Display Frame 0
116.4334 	EXP 	Display Frame 1
116.5583 	EXP 	Display Frame 0
116.6833 	EXP 	Display Frame 1
116.8083 	EXP 	Display Frame 0
116.9335 	DATA 	Keypress: equal
116.9349 	EXP 	Display Frame 1
117.0580 	EXP 	Display Frame 0
117.1831 	EXP 	Display Frame 1
117.3084 	EXP 	Display Frame 0
117.4333 	EXP 	Display Frame 1
117.5582 	EXP 	Display Frame 0
117.6834 	EXP 	Display Frame 1
117.8080 	EXP 	Display Frame 0
117.9331 	DATA 	Keypress: equal
117.9341 	EXP 	Display Frame 1
118.0580 	EXP 	Display Frame 0
118.1834 	EXP 	Display Frame 1
118.3082 	EXP 	Display Frame 0
118.4333 	EXP 	Display Frame 1
118.5580 	EXP 	Display Frame 0
118.6833 	EXP 	Display Frame 1
118.8083 	EXP 	Display Frame 0
118.9334 	DATA 	Keypress: equal
118.9349 	EXP 	Display Frame 1
119.0582 	EXP 	Display Frame 0
119.1834 	EXP 	Display Frame 1
119.3084 	EXP 	Display Frame 0
119.4333 	EXP 	Display Frame 1
119.5581 	EXP 	Display Frame 0
119.6833 	EXP 	Display Frame 1
119.8083 	EXP 	Display Frame 0
119.9335 	DATA 	Keypress: equal
119.9349 	EXP 	Display Frame 1
120.0583 	EXP 	Display Frame 0
120.1834 	EXP 	Display Frame 1
120.3082 	EXP 	Display Frame 0
120.4331 	EXP 	Display Frame 1
120.5581 	EXP 	Display Frame 0
120.6831 	EXP 	Display Frame 1
120.8081 	EXP 	Display Frame 0
120.9331 	DATA 	Keypress: equal
120.9342 	EXP 	Display Frame 1
121.0581 	EXP 	Display Frame 0
121.1830 	EXP 	Display Frame 1
121.3083 	EXP 	Display Frame 0
121.4333 	EXP 	Display Frame 1
121.5579 	EXP 	Display Frame 0
121.6833 	EXP 	Display Frame 1
121.8082 	EXP 	Display Frame 0
121.9333 	EXP 	Display Frame 1
122.0586 	DATA 	Keypress: equal
122.0600 	EXP 	Display Frame 0
122.1832 	EXP 	Display Frame 1
122.3083 	EXP 	Display Frame 0
122.4329 	EXP 	Display Frame 1
122.5580 	EXP 	Display Frame 0
122.6833 	EXP 	Display Frame 1
122.8083 	EXP 	Display Frame 0
122.9332 	EXP 	Display Frame 1
123.0579 	DATA 	Keypress: equal
123.0594 	EXP 	Display Frame 0
123.1831 	EXP 	Display Frame 1
123.3082 	EXP 	Display Frame 0
123.4330 	EXP 	Display Frame 1
123.5580 	EXP 	Display Frame 0
123.6831 	EXP 	Display Frame 1
123.8083 	EXP 	Display Frame 0
123.9333 	EXP 	Display Frame 1
124.0585 	DATA 	Keypress: equal
124.0596 	EXP 	Display Frame 0
124.1830 	EXP 	Display Frame 1
124.3083 	EXP 	Display Frame 0
124.4330 	EXP 	Display Frame 1
124.5657 	EXP 	Display Frame 0
124.6831 	EXP 	Display Frame 1
124.8082 	EXP 	Display Frame 0
124.9332 	EXP 	Display Frame 1
125.0586 	DATA 	Keypress: equal
125.0597 	EXP 	Display Frame 0
125.1832 	EXP 	Display Frame 1
125.3082 	EXP 	Display Frame 0
125.4331 	EXP 	Display Frame 1
125.5581 	EXP 	Display Frame 0
125.6833 	EXP 	Display Frame 1
125.8084 	EXP 	Display Frame 0
125.9330 	EXP 	Display Frame 1
126.0581 	DATA 	Keypress: equal
126.0595 	EXP 	Display Frame 0
126.1831 	EXP 	Display Frame 1
126.3081 	EXP 	Display Frame 0
126.4332 	EXP 	Display Frame 1
126.5581 	EXP 	Display Frame 0
126.6833 	EXP 	Display Frame 1
126.8081 	EXP 	Display Frame 0
126.9333 	EXP 	Display Frame 1
127.0585 	DATA 	Keypress: equal
127.0596 	EXP 	Display Frame 0
127.1832 	EXP 	Display Frame 1
127.3083 	EXP 	Display Frame 0
127.4331 	EXP 	Display Frame 1
127.5582 	EXP 	Display Frame 0
127.6834 	EXP 	Display Frame 1
127.8084 	EXP 	Display Frame 0
127.9333 	EXP 	Display Frame 1
128.0581 	EXP 	Display Frame 0
128.1837 	DATA 	Keypress: equal
128.1853 	EXP 	Display Frame 1
128.3083 	EXP 	Display Frame 0
128.4332 	EXP 	Display Frame 1
128.5582 	EXP 	Display Frame 0
128.6831 	EXP 	Display Frame 1
128.8083 	EXP 	Display Frame 0
128.9335 	EXP 	Display Frame 1
129.0580 	EXP 	Display Frame 0
129.1837 	DATA 	Keypress: equal
129.1853 	EXP 	Display Frame 1
129.3081 	EXP 	Display Frame 0
129.4333 	EXP 	Display Frame 1
129.5583 	EXP 	Display Frame 0
129.6833 	EXP 	Display Frame 1
129.8081 	EXP 	Display Frame 0
129.9333 	EXP 	Display Frame 1
130.0580 	EXP 	Display Frame 0
130.1837 	DATA 	Keypress: equal
130.1850 	EXP 	Display Frame 1
130.3080 	EXP 	Display Frame 0
130.4330 	EXP 	Display Frame 1
130.5582 	EXP 	Display Frame 0
130.6831 	EXP 	Display Frame 1
130.8080 	EXP 	Display Frame 0
130.9337 	EXP 	Display Frame 1
131.0583 	EXP 	Display Frame 0
131.1832 	DATA 	Keypress: equal
131.1843 	EXP 	Display Frame 1
131.3082 	EXP 	Display Frame 0
131.4335 	EXP 	Display Frame 1
131.5581 	EXP 	Display Frame 0
131.6832 	EXP 	Display Frame 1
131.8081 	EXP 	Display Frame 0
131.9334 	EXP 	Display Frame 1
132.0581 	EXP 	Display Frame 0
132.1834 	DATA 	Keypress: equal
132.1849 	EXP 	Display Frame 1
132.3081 	EXP 	Display Frame 0
132.4331 	EXP 	Display Frame 1
132.5582 	EXP 	Display Frame 0
132.6833 	EXP 	Display Frame 1
132.8082 	EXP 	Display Frame 0
132.9332 	EXP 	Display Frame 1
133.0580 	EXP 	Display Frame 0
133.1832 	DATA 	Keypress: equal
133.1843 	EXP 	Display Frame 1
133.3082 	EXP 	Display Frame 0
133.4332 	EXP 	Display Frame 1
133.5583 	EXP 	Display Frame 0
133.6834 	EXP 	Display Frame 1
133.8082 	EXP 	Display Frame 0
133.9332 	EXP 	Display Frame 1
134.0580 	EXP 	Display Frame 0
134.1833 	EXP 	Display Frame 1
134.3079 	DATA 	Keypress: equal
134.3090 	EXP 	Display Frame 0
134.4331 	EXP 	Display Frame 1
134.5582 	EXP 	Display Frame 0
134.6832 	EXP 	Display Frame 1
134.8082 	EXP 	Display Frame 0
134.9334 	EXP 	Display Frame 1
135.0581 	EXP 	Display Frame 0
135.1831 	EXP 	Display Frame 1
135.3086 	DATA 	Keypress: equal
135.3100 	EXP 	Display Frame 0
135.4330 	EXP 	Display Frame 1
135.5582 	EXP 	Display Frame 0
135.6831 	EXP 	Display Frame 1
135.8084 	EXP 	Display Frame 0
135.9333 	EXP 	Display Frame 1
136.0582 	EXP 	Display Frame 0
136.1833 	EXP 	Display Frame 1
136.3084 	DATA 	Keypress: equal
136.3099 	EXP 	Display Frame 0
136.4332 	EXP 	Display Frame 1
136.5582 	EXP 	Display Frame 0
136.6835 	EXP 	Display Frame 1
136.8084 	EXP 	Display Frame 0
136.9332 	EXP 	Display Frame 1
137.0583 	EXP 	Display Frame 0
137.1833 	EXP 	Display Frame 1
137.3084 	DATA 	Keypress: equal
137.3095 	EXP 	Display Frame 0
137.4332 	EXP 	Display Frame 1
137.5580 	EXP 	Display Frame 0
137.6835 	EXP 	Display Frame 1
137.8080 	EXP 	Display Frame 0
137.9333 	EXP 	Display Frame 1
138.0580 	EXP 	Display Frame 0
138.1833 	EXP 	Display Frame 1
138.3080 	DATA 	Keypress: equal
138.3097 	EXP 	Display Frame 0
138.4329 	EXP 	Display Frame 1
138.5582 	EXP 	Display Frame 0
138.6831 	EXP 	Display Frame 1
138.8080 	EXP 	Display Frame 0
138.9333 	EXP 	Display Frame 1
139.0583 	EXP 	Display Frame 0
139.1830 	EXP 	Display Frame 1
139.3085 	DATA 	Keypress: equal
139.3095 	EXP 	Display Frame 0
139.4331 	EXP 	Display Frame 1
139.5582 	EXP 	Display Frame 0
139.6831 	EXP 	Display Frame 1
139.8085 	EXP 	Display Frame 0
139.9333 	EXP 	Display Frame 1
140.0581 	EXP 	Display Frame 0
140.1830 	EXP 	Display Frame 1
140.3083 	EXP 	Display Frame 0
140.4329 	DATA 	Keypress: equal
140.4344 	EXP 	Display Frame 1
140.5581 	EXP 	Display Frame 0
140.6832 	EXP 	Display Frame 1
140.8081 	EXP 	Display Frame 0
140.9333 	EXP 	Display Frame 1
141.0583 	EXP 	Display Frame 0
141.1833 	EXP 	Display Frame 1
141.3083 	EXP 	Display Frame 0
141.4335 	DATA 	Keypress: equal
141.4350 	EXP 	Display Frame 1
141.5581 	EXP 	Display Frame 0
141.6830 	EXP 	Display Frame 1
141.8083 	EXP 	Display Frame 0
141.9334 	EXP 	Display Frame 1
142.0580 	EXP 	Display Frame 0
142.1834 	EXP 	Display Frame 1
142.3082 	EXP 	Display Frame 0
142.4334 	DATA 	Keypress: equal
142.4348 	EXP 	Display Frame 1
142.5581 	EXP 	Display Frame 0
142.6830 	EXP 	Display Frame 1
142.8082 	EXP 	Display Frame 0
142.9331 	EXP 	Display Frame 1
143.0585 	EXP 	Display Frame 0
143.1832 	EXP 	Display Frame 1
143.3081 	EXP 	Display Frame 0
143.4334 	DATA 	Keypress: equal
143.4352 	EXP 	Display Frame 1
143.5580 	EXP 	Display Frame 0
143.6831 	EXP 	Display Frame 1
143.8083 	EXP 	Display Frame 0
143.9333 	EXP 	Display Frame 1
144.0582 	EXP 	Display Frame 0
144.1835 	EXP 	Display Frame 1
144.3083 	EXP 	Display Frame 0
144.4335 	DATA 	Keypress: equal
144.4349 	EXP 	Display Frame 1
144.5580 	EXP 	Display Frame 0
144.6830 	EXP 	Display Frame 1
144.8084 	EXP 	Display Frame 0
144.9333 	EXP 	Display Frame 1
145.0584 	EXP 	Display Frame 0
145.1833 	EXP 	Display Frame 1
145.3083 	EXP 	Display Frame 0
145.4332 	EXP 	Display Frame 1
145.5582 	DATA 	Keypress: equal
145.5594 	EXP 	Display Frame 0
145.6830 	EXP 	Display Frame 1
145.8082 	EXP 	Display Frame 0
145.9330 	EXP 	Display Frame 1
146.0583 	EXP 	Display Frame 0
146.1833 	EXP 	Display Frame 1
146.3083 	EXP 	Display Frame 0
146.4331 	EXP 	Display Frame 1
146.5583 	DATA 	Keypress: equal
146.5598 	EXP 	Display Frame 0
146.5677 	EXP 	Display Fixation
147.4831 	DATA 	Keypress: equal
148.5169 	DATA 	Keypress: equal
149.5281 	DATA 	Keypress: equal
150.5619 	DATA 	Keypress: equal
151.5720 	DATA 	Keypress: equal
152.6059 	DATA 	Keypress: equal
153.6165 	DATA 	Keypress: equal
154.6499 	DATA 	Keypress: equal
155.6612 	DATA 	Keypress: equal
156.6953 	DATA 	Keypress: equal
157.7051 	DATA 	Keypress: equal
158.7392 	DATA 	Keypress: equal
159.7499 	DATA 	Keypress: equal
160.7841 	DATA 	Keypress: equal
161.7941 	DATA 	Keypress: equal
162.8282 	DATA 	Keypress: equal
163.8393 	DATA 	Keypress: equal
164.8720 	DATA 	Keypress: equal
165.8829 	DATA 	Keypress: equal
166.9172 	DATA 	Keypress: equal
167.9262 	DATA 	Keypress: equal
168.9613 	DATA 	Keypress: equal
169.9721 	DATA 	Keypress: equal
171.0051 	DATA 	Keypress: equal
172.0165 	DATA 	Keypress: equal
173.0503 	DATA 	Keypress: equal
174.0602 	DATA 	Keypress: equal
175.0943 	DATA 	Keypress: equal
176.1051 	DATA 	Keypress: equal
177.1383 	DATA 	Keypress: equal
177.2644 	EXP 	Display Frame 1
177.3895 	EXP 	Display Frame 0
177.5144 	EXP 	Display Frame 1
177.6395 	EXP 	Display Frame 0
177.7642 	EXP 	Display Frame 1
177.8896 	EXP 	Display Frame 0
178.0145 	EXP 	Display Frame 1
178.1394 	EXP 	Display Frame 0
178.2644 	DATA 	Keypress: equal
178.2658 	EXP 	Display Frame 1
178.3892 	EXP 	Display Frame 0
178.5142 	EXP 	Display Frame 1
178.6431 	EXP 	Display Frame 0
178.7642 	EXP 	Display Frame 1
178.8894 	EXP 	Display Frame 0
179.0144 	EXP 	Display Frame 1
179.1392 	EXP 	Display Frame 0
179.2642 	DATA 	Keypress: equal
179.2656 	EXP 	Display Frame 1
179.3894 	EXP 	Display Frame 0
179.5143 	EXP 	Display Frame 1
179.6395 	EXP 	Display Frame 0
179.7642 	EXP 	Display Frame 1
179.8894 	EXP 	Display Frame 0
180.0145 	EXP 	Display Frame 1
180.1394 	EXP 	Display Frame 0
180.2643 	DATA 	Keypress: equal
180.2653 	EXP 	Display Frame 1
180.3894 	EXP 	Display Frame 0
180.5144 	EXP 	Display Frame 1
180.6394 	EXP 	Display Frame 0
180.7646 	EXP 	Display Frame 1
180.8897 	EXP 	Display Frame 0
181.0142 	EXP 	Display Frame 1
181.1401 	EXP 	Display Frame 0
181.2644 	DATA 	Keypress: equal
181.2655 	EXP 	Display Frame 1
181.3895 	EXP 	Display Frame 0
181.5146 	EXP 	Display Frame 1
181.6394 	EXP 	Display Frame 0
181.7646 	EXP 	Display Frame 1
181.8896 	EXP 	Display Frame 0
182.0146 	EXP 	Display Frame 1
182.1396 	EXP 	Display Frame 0
182.2647 	DATA 	Keypress: equal
182.2660 	EXP 	Display Frame 1
182.3894 	EXP 	Display Frame 0
182.5144 	EXP 	Display Frame 1
182.6395 	EXP 	Display Frame 0
182.7645 	EXP 	Display Frame 1
182.8891 	EXP 	Display Frame 0
183.0143 	EXP 	Display Frame 1
183.1396 	EXP 	Display Frame 0
183.2645 	EXP 	Display Frame 1
183.3893 	DATA 	Keypress: equal
183.3904 	EXP 	Display Frame 0
183.5145 	EXP 	Display Frame 1
183.6395 	EXP 	Display Frame 0
183.7645 	EXP 	Display Frame 1
183.8895 	EXP 	Display Frame 0
184.0145 	EXP 	Display Frame 1
184.1392 	EXP 	Display Frame 0
184.2645 	EXP 	Display Frame 1
184.3897 	DATA 	Keypress: equal
184.3911 	EXP 	Display Frame 0
184.5144 	EXP 	Display Frame 1
184.6394 	EXP 	Display Frame 0
184.7642 	EXP 	Display Frame 1
184.8895 	EXP 	Display Frame 0
185.0145 	EXP 	Display Frame 1
185.1395 	EXP 	Display Frame 0
185.2645 	EXP 	Display Frame 1
185.3892 	DATA 	Keypress: equal
185.3906 	EXP 	Display Frame 0
185.5144 	EXP 	Display Frame 1
185.6395 	EXP 	Display Frame 0
185.7646 	EXP 	Display Frame 1
185.8895 	EXP 	Display Frame 0
186.0142 	EXP 	Display Frame 1
186.1395 	EXP 	Display Frame 0
186.2645 	EXP 	Display Frame 1
186.3892 	DATA 	Keypress: equal
186.3904 	EXP 	Display Frame 0
186.5145 	EXP 	Display Frame 1
186.6392 	EXP 	Display Frame 0
186.7643 	EXP 	Display Frame 1
186.8895 	EXP 	Display Frame 0
187.0145 	EXP 	Display Frame 1
187.1395 	EXP 	Display Frame 0
187.2645 	EXP 	Display Frame 1
187.3895 	DATA 	Keypress: equal
187.3906 	EXP 	Display Frame 0
187.5143 	EXP 	Display Frame 1
187.6395 	EXP 	Display Frame 0
187.7645 	EXP 	Display Frame 1
187.8893 	EXP 	Display Frame 0
188.0146 	EXP 	Display Frame 1
188.1395 	EXP 	Display Frame 0
188.2644 	EXP 	Display Frame 1
188.3898 	DATA 	Keypress: equal
188.3910 	EXP 	Display Frame 0
188.5144 	EXP 	Display Frame 1
188.6395 	EXP 	Display Frame 0
188.7644 	EXP 	Display Frame 1
188.8894 	EXP 	Display Frame 0
189.0145 	EXP 	Display Frame 1
189.1395 	EXP 	Display Frame 0
189.2643 	EXP 	Display Frame 1
189.3895 	EXP 	Display Frame 0
189.5148 	DATA 	Keypress: equal
189.5161 	EXP 	Display Frame 1
189.6394 	EXP 	Display Frame 0
189.7645 	EXP 	Display Frame 1
189.8896 	EXP 	Display Frame 0
190.0145 	EXP 	Display Frame 1
190.1395 	EXP 	Display Frame 0
190.2645 	EXP 	Display Frame 1
190.3895 	EXP 	Display Frame 0
190.5142 	DATA 	Keypress: equal
190.5153 	EXP 	Display Frame 1
190.6392 	EXP 	Display Frame 0
190.7645 	EXP 	Display Frame 1
190.8895 	EXP 	Display Frame 0
191.0145 	EXP 	Display Frame 1
191.1392 	EXP 	Display Frame 0
191.2645 	EXP 	Display Frame 1
191.3892 	EXP 	Display Frame 0
191.5146 	DATA 	Keypress: equal
191.5161 	EXP 	Display Frame 1
191.6394 	EXP 	Display Frame 0
191.7643 	EXP 	Display Frame 1
191.8896 	EXP 	Display Frame 0
192.0145 	EXP 	Display Frame 1
192.1396 	EXP 	Display Frame 0
192.2646 	EXP 	Display Frame 1
192.3895 	EXP 	Display Frame 0
192.5142 	DATA 	Keypress: equal
192.5152 	EXP 	Display Frame 1
192.6394 	EXP 	Display Frame 0
192.7645 	EXP 	Display Frame 1
192.8895 	EXP 	Display Frame 0
193.0142 	EXP 	Display Frame 1
193.1392 	EXP 	Display Frame 0
193.2643 	EXP 	Display Frame 1
193.3896 	EXP 	Display Frame 0
193.5142 	DATA 	Keypress: equal
193.5156 	EXP 	Display Frame 1
193.6392 	EXP 	Display Frame 0
193.7645 	EXP 	Display Frame 1
193.8895 	EXP 	Display Frame 0
194.0146 	EXP 	Display Frame 1
194.1395 	EXP 	Display Frame 0
194.2643 	EXP 	Display Frame 1
194.3892 	EXP 	Display Frame 0
194.5146 	DATA 	Keypress: equal
194.5162 	EXP 	Display Frame 1
194.6394 	EXP 	Display Frame 0
194.7645 	EXP 	Display Frame 1
194.8893 	EXP 	Display Frame 0
195.0143 	EXP 	Display Frame 1
195.1392 	EXP 	Display Frame 0
195.2644 	EXP 	Display Frame 1
195.3895 	EXP 	Display Frame 0
195.5144 	EXP 	Display Frame 1
195.6396 	DATA 	Keypress: equal
195.6406 	EXP 	Display Frame 0
195.7644 	EXP 	Display Frame 1
195.8892 	EXP 	Display Frame 0
196.0149 	EXP 	Display Frame 1
196.1395 	EXP 	Display Frame 0
196.2643 	EXP 	Display Frame 1
196.3893 	EXP 	Display Frame 0
196.5145 	EXP 	Display Frame 1
196.6396 	DATA 	Keypress: equal
196.6411 	EXP 	Display Frame 0
196.7643 	EXP 	Display Frame 1
196.8894 	EXP 	Display Frame 0
197.0145 	EXP 	Display Frame 1
197.1396 	EXP 	Display Frame 0
197.2642 	EXP 	Display Frame 1
197.3896 	EXP 	Display Frame 0
197.5142 	EXP 	Display Frame 1
197.6397 	DATA 	Keypress: equal
197.6410 	EXP 	Display Frame 0
197.7644 	EXP 	Display Frame 1
197.8895 	EXP 	Display Frame 0
198.0142 	EXP 	Display Frame 1
198.1392 	EXP 	Display Frame 0
198.2645 	EXP 	Display Frame 1
198.3896 	EXP 	Display Frame 0
198.5147 	EXP 	Display Frame 1
198.6394 	DATA 	Keypress: equal
198.6407 	EXP 	Display Frame 0
198.7642 	EXP 	Display Frame 1
198.8895 	EXP 	Display Frame 0
199.0142 	EXP 	Display Frame 1
199.1395 	EXP 	Display Frame 0
199.2642 	EXP 	Display Frame 1
199.3894 	EXP 	Display Frame 0
199.5142 	EXP 	Display Frame 1
199.6393 	DATA 	Keypress: equal
199.6435 	EXP 	Display Frame 0
199.7642 	EXP 	Display Frame 1
199.8895 	EXP 	Display Frame 0
200.0145 	EXP 	Display Frame 1
200.1400 	EXP 	Display Frame 0
200.2645 	EXP 	Display Frame 1
200.3895 	EXP 	Display Frame 0
200.5145 	EXP 	Display Frame 1
200.6399 	DATA 	Keypress: equal
200.6411 	EXP 	Display Frame 0
200.7643 	EXP 	Display Frame 1
200.8893 	EXP 	Display Frame 0
201.0144 	EXP 	Display Frame 1
201.1395 	EXP 	Display Frame 0
201.2645 	EXP 	Display Frame 1
201.3893 	EXP 	Display Frame 0
201.5145 	EXP 	Display Frame 1
201.6395 	EXP 	Display Frame 0
201.7648 	DATA 	Keypress: equal
201.7663 	EXP 	Display Frame 1
201.8892 	EXP 	Display Frame 0
202.0144 	EXP 	Display Frame 1
202.1395 	EXP 	Display Frame 0
202.2642 	EXP 	Display Frame 1
202.3895 	EXP 	Display Frame 0
202.5145 	EXP 	Display Frame 1
202.6393 	EXP 	Display Frame 0
202.7646 	DATA 	Keypress: equal
202.7662 	EXP 	Display Frame 1
202.8894 	EXP 	Display Frame 0
203.0144 	EXP 	Display Frame 1
203.1395 	EXP 	Display Frame 0
203.2645 	EXP 	Display Frame 1
203.3894 	EXP 	Display Frame 0
203.5145 	EXP 	Display Frame 1
203.6395 	EXP 	Display Frame 0
203.7648 	DATA 	Keypress: equal
203.7662 	EXP 	Display Frame 1
203.8895 	EXP 	Display Frame 0
204.0142 	EXP 	Display Frame 1
204.1396 	EXP 	Display Frame 0
204.2642 	EXP 	Display Frame 1
204.3895 	EXP 	Display Frame 0
204.5146 	EXP 	Display Frame 1
204.6394 	EXP 	Display Frame 0
204.7643 	DATA 	Keypress: equal
204.7654 	EXP 	Display Frame 1
204.8895 	EXP 	Display Frame 0
205.0145 	EXP 	Display Frame 1
205.1392 	EXP 	Display Frame 0
205.2645 	EXP 	Display Frame 1
205.3892 	EXP 	Display Frame 0
205.5142 	EXP 	Display Frame 1
205.6395 	EXP 	Display Frame 0
205.7642 	DATA 	Keypress: equal
205.7653 	EXP 	Display Frame 1
205.8892 	EXP 	Display Frame 0
206.0145 	EXP 	Display Frame 1
206.1392 	EXP 	Display Frame 0
206.2646 	EXP 	Display Frame 1
206.3893 	EXP 	Display Frame 0
206.5144 	EXP 	Display Frame 1
206.6395 	EXP 	Display Frame 0
206.7645 	EXP 	Display Frame 1
206.8896 	DATA 	Keypress: equal
206.8907 	EXP 	Display Frame 0
207.0143 	EXP 	Display Frame 1
207.1394 	EXP 	Display Frame 0
207.2645 	EXP 	Display Frame 1
207.3895 	EXP 	Display Frame 0
207.5145 	EXP 	Display Frame 1
207.6395 	EXP 	Display Frame 0
207.7643 	EXP 	Display Frame 1
207.8895 	EXP 	Display Frame 0
208.0143 	EXP 	Display Frame 1
208.1396 	EXP 	Display Frame 0
208.2643 	EXP 	Display Frame 1
208.3892 	EXP 	Display Frame 0
208.5142 	EXP 	Display Frame 1
208.6395 	EXP 	Display Frame 0
208.7645 	EXP 	Display Frame 1
208.8892 	EXP 	Display Frame 0
209.0145 	EXP 	Display Frame 1
209.1396 	EXP 	Display Frame 0
209.2645 	EXP 	Display Frame 1
209.3895 	EXP 	Display Frame 0
209.5145 	EXP 	Display Frame 1
209.6395 	EXP 	Display Frame 0
209.7645 	EXP 	Display Frame 1
209.8893 	EXP 	Display Frame 0
210.0143 	EXP 	Display Frame 1
210.1392 	EXP 	Display Frame 0
210.2645 	EXP 	Display Frame 1
210.3895 	EXP 	Display Frame 0
210.5145 	EXP 	Display Frame 1
210.6394 	EXP 	Display Frame 0
210.7645 	EXP 	Display Frame 1
210.8892 	EXP 	Display Frame 0
211.0145 	EXP 	Display Frame 1
211.1392 	EXP 	Display Frame 0
211.2645 	EXP 	Display Frame 1
211.3892 	EXP 	Display Frame 0
211.5142 	EXP 	Display Frame 1
211.6396 	EXP 	Display Frame 0
211.7645 	EXP 	Display Frame 1
211.8892 	EXP 	Display Frame 0
212.0143 	EXP 	Display Frame 1
212.1395 	EXP 	Display Frame 0
212.2645 	EXP 	Display Frame 1
212.3895 	EXP 	Display Frame 0
212.5145 	EXP 	Display Frame 1
212.6395 	EXP 	Display Frame 0
212.7642 	EXP 	Display Frame 1
212.8902 	EXP 	Display Frame 0
213.0145 	EXP 	Display Frame 1
213.1395 	EXP 	Display Frame 0
213.2643 	EXP 	Display Frame 1
213.3893 	EXP 	Display Frame 0
213.5142 	EXP 	Display Frame 1
213.6393 	EXP 	Display Frame 0
213.7645 	EXP 	Display Frame 1
213.8895 	EXP 	Display Frame 0
214.0142 	EXP 	Display Frame 1
214.1395 	EXP 	Display Frame 0
214.2645 	EXP 	Display Frame 1
214.3896 	EXP 	Display Frame 0
214.5146 	EXP 	Display Frame 1
214.6392 	EXP 	Display Frame 0
214.7644 	EXP 	Display Frame 1
214.8895 	EXP 	Display Frame 0
215.0142 	EXP 	Display Frame 1
215.1396 	EXP 	Display Frame 0
215.2645 	EXP 	Display Frame 1
215.3894 	EXP 	Display Frame 0
215.5145 	EXP 	Display Frame 1
215.6395 	EXP 	Display Frame 0
215.7645 	EXP 	Display Frame 1
215.8942 	EXP 	Display Frame 0
216.0144 	EXP 	Display Frame 1
216.1392 	EXP 	Display Frame 0
216.2644 	EXP 	Display Frame 1
216.3892 	EXP 	Display Frame 0
216.5142 	EXP 	Display Frame 1
216.6394 	EXP 	Display Frame 0
216.7644 	EXP 	Display Frame 1
216.8895 	EXP 	Display Frame 0
217.0144 	EXP 	Display Frame 1
217.1395 	EXP 	Display Frame 0
217.2644 	EXP 	Display Frame 1
217.3895 	EXP 	Display Frame 0
217.5144 	EXP 	Display Frame 1
217.6396 	EXP 	Display Frame 0
217.7642 	EXP 	Display Frame 1
217.8895 	EXP 	Display Frame 0
218.0145 	EXP 	Display Frame 1
218.1395 	EXP 	Display Frame 0
218.2644 	EXP 	Display Frame 1
218.3894 	EXP 	Display Frame 0
218.5145 	EXP 	Display Frame 1
218.6394 	EXP 	Display Frame 0
218.7644 	EXP 	Display Frame 1
218.8895 	EXP 	Display Frame 0
219.0145 	EXP 	Display Frame 1
219.1397 	EXP 	Display Frame 0
219.2644 	EXP 	Display Frame 1
219.3895 	EXP 	Display Frame 0
219.5142 	EXP 	Display Frame 1
219.6395 	EXP 	Display Frame 0
219.7643 	EXP 	Display Frame 1
219.8896 	EXP 	Display Frame 0
220.0146 	EXP 	Display Frame 1
220.1392 	EXP 	Display Frame 0
220.2645 	EXP 	Display Frame 1
220.3893 	EXP 	Display Frame 0
220.5144 	EXP 	Display Frame 1
220.6396 	EXP 	Display Frame 0
220.7644 	EXP 	Display Frame 1
220.8896 	EXP 	Display Frame 0
221.0142 	EXP 	Display Frame 1
221.1418 	EXP 	Display Frame 0
221.2645 	EXP 	Display Frame 1
221.3895 	EXP 	Display Frame 0
221.5142 	EXP 	Display Frame 1
221.6392 	EXP 	Display Frame 0
221.7645 	EXP 	Display Frame 1
221.8895 	EXP 	Display Frame 0
222.0145 	EXP 	Display Frame 1
222.1395 	EXP 	Display Frame 0
222.2642 	EXP 	Display Frame 1
222.3895 	EXP 	Display Frame 0
222.5145 	EXP 	Display Frame 1
222.6395 	EXP 	Display Frame 0
222.7645 	EXP 	Display Frame 1
222.8895 	EXP 	Display Frame 0
223.0142 	EXP 	Display Frame 1
223.1396 	EXP 	Display Frame 0
223.2645 	EXP 	Display Frame 1
223.3895 	EXP 	Display Frame 0
223.5142 	EXP 	Display Frame 1
223.6392 	EXP 	Display Frame 0
223.7645 	EXP 	Display Frame 1
223.8892 	EXP 	Display Frame 0
224.0145 	EXP 	Display Frame 1
224.1392 	EXP 	Display Frame 0
224.2642 	EXP 	Display Frame 1
224.3892 	EXP 	Display Frame 0
224.5144 	EXP 	Display Frame 1
224.6392 	EXP 	Display Frame 0
224.7643 	EXP 	Display Frame 1
224.8892 	EXP 	Display Frame 0
225.0145 	EXP 	Display Frame 1
225.1394 	EXP 	Display Frame 0
225.2646 	EXP 	Display Frame 1
225.3892 	EXP 	Display Frame 0
225.5147 	EXP 	Display Frame 1
225.6392 	EXP 	Display Frame 0
225.7646 	EXP 	Display Frame 1
225.8894 	EXP 	Display Frame 0
226.0145 	EXP 	Display Frame 1
226.1396 	EXP 	Display Frame 0
226.2645 	EXP 	Display Frame 1
226.3892 	EXP 	Display Frame 0
226.5144 	EXP 	Display Frame 1
226.6395 	EXP 	Display Frame 0
226.7645 	EXP 	Display Frame 1
226.8895 	EXP 	Display Frame 0
227.0142 	EXP 	Display Frame 1
227.1396 	EXP 	Display Frame 0
227.2647 	EXP 	Display Frame 1
227.3894 	EXP 	Display Frame 0
227.5142 	EXP 	Display Frame 1
227.6396 	EXP 	Display Frame 0
227.7645 	EXP 	Display Frame 1
227.8893 	EXP 	Display Frame 0
228.0146 	EXP 	Display Frame 1
228.1395 	EXP 	Display Frame 0
228.2642 	EXP 	Display Frame 1
228.3895 	EXP 	Display Frame 0
228.5145 	EXP 	Display Frame 1
228.6392 	EXP 	Display Frame 0
228.7645 	EXP 	Display Frame 1
228.8896 	EXP 	Display Frame 0
229.0145 	EXP 	Display Frame 1
229.1395 	EXP 	Display Frame 0
229.2642 	EXP 	Display Frame 1
229.3895 	EXP 	Display Frame 0
229.5145 	EXP 	Display Frame 1
229.6395 	EXP 	Display Frame 0
229.7645 	EXP 	Display Frame 1
229.8895 	EXP 	Display Frame 0
230.0146 	EXP 	Display Frame 1
230.1396 	EXP 	Display Frame 0
230.2644 	EXP 	Display Frame 1
230.3893 	EXP 	Display Frame 0
230.5145 	EXP 	Display Frame 1
230.6392 	EXP 	Display Frame 0
230.7646 	EXP 	Display Frame 1
230.8892 	EXP 	Display Frame 0
231.0145 	EXP 	Display Frame 1
231.1395 	EXP 	Display Frame 0
231.2645 	EXP 	Display Frame 1
231.3892 	EXP 	Display Frame 0
231.5145 	EXP 	Display Frame 1
231.6394 	EXP 	Display Frame 0
231.7642 	EXP 	Display Frame 1
231.8892 	EXP 	Display Frame 0
232.0145 	EXP 	Display Frame 1
232.1394 	EXP 	Display Frame 0
232.2646 	EXP 	Display Frame 1
232.3892 	EXP 	Display Frame 0
232.5146 	EXP 	Display Frame 1
232.6395 	EXP 	Display Frame 0
232.7645 	EXP 	Display Frame 1
232.8892 	EXP 	Display Frame 0
233.0145 	EXP 	Display Frame 1
233.1392 	EXP 	Display Frame 0
233.2648 	EXP 	Display Frame 1
233.3894 	EXP 	Display Frame 0
233.5145 	EXP 	Display Frame 1
233.6393 	EXP 	Display Frame 0
233.7645 	EXP 	Display Frame 1
233.8895 	EXP 	Display Frame 0
234.0147 	EXP 	Display Frame 1
234.1397 	EXP 	Display Frame 0
234.2645 	EXP 	Display Frame 1
234.3895 	EXP 	Display Frame 0
234.5145 	EXP 	Display Frame 1
234.6393 	EXP 	Display Frame 0
234.7645 	EXP 	Display Frame 1
234.8895 	EXP 	Display Frame 0
235.0145 	EXP 	Display Frame 1
235.1396 	EXP 	Display Frame 0
235.2647 	EXP 	Display Frame 1
235.3894 	EXP 	Display Frame 0
235.5143 	EXP 	Display Frame 1
235.6392 	EXP 	Display Frame 0
235.7642 	EXP 	Display Frame 1
235.8895 	EXP 	Display Frame 0
236.0142 	EXP 	Display Frame 1
236.1396 	EXP 	Display Frame 0
236.2642 	EXP 	Display Frame 1
236.3892 	EXP 	Display Frame 0
236.5143 	EXP 	Display Frame 1
236.6396 	EXP 	Display Frame 0
236.7644 	EXP 	Display Frame 1
236.8892 	EXP 	Display Frame 0
237.0145 	EXP 	Display Frame 1
237.1395 	EXP 	Display Frame 0
237.2644 	EXP 	Display Frame 1
237.3895 	EXP 	Display Frame 0
237.5142 	EXP 	Display Frame 1
237.6397 	EXP 	Display Frame 0
237.7644 	EXP 	Display Frame 1
237.8895 	EXP 	Display Frame 0
238.0146 	EXP 	Display Frame 1
238.1393 	EXP 	Display Frame 0
238.2643 	EXP 	Display Frame 1
238.3895 	EXP 	Display Frame 0
238.5144 	EXP 	Display Frame 1
238.6395 	EXP 	Display Frame 0
238.7643 	EXP 	Display Frame 1
238.8893 	EXP 	Display Frame 0
239.0142 	EXP 	Display Frame 1
239.1396 	EXP 	Display Frame 0
239.2645 	EXP 	Display Frame 1
239.3892 	EXP 	Display Frame 0
239.5142 	EXP 	Display Frame 1
239.6395 	EXP 	Display Frame 0
239.7646 	EXP 	Display Frame 1
239.8895 	EXP 	Display Frame 0
240.0142 	EXP 	Display Frame 1
240.1392 	EXP 	Display Frame 0
240.2646 	EXP 	Display Frame 1
240.3892 	EXP 	Display Frame 0
240.5145 	EXP 	Display Frame 1
240.6393 	EXP 	Display Frame 0
240.7642 	EXP 	Display Frame 1
240.8895 	EXP 	Display Frame 0
241.0143 	EXP 	Display Frame 1
241.1395 	EXP 	Display Frame 0
241.2646 	EXP 	Display Frame 1
241.3895 	EXP 	Display Frame 0
241.5146 	EXP 	Display Frame 1
241.6396 	EXP 	Display Frame 0
241.7646 	EXP 	Display Frame 1
241.8893 	EXP 	Display Frame 0
242.0142 	EXP 	Display Frame 1
242.1395 	EXP 	Display Frame 0
242.2645 	EXP 	Display Frame 1
242.3895 	EXP 	Display Frame 0
242.5145 	EXP 	Display Frame 1
242.6395 	EXP 	Display Frame 0
242.7646 	EXP 	Display Frame 1
242.8895 	EXP 	Display Frame 0
243.0145 	EXP 	Display Frame 1
243.1395 	EXP 	Display Frame 0
243.2642 	EXP 	Display Frame 1
243.3895 	EXP 	Display Frame 0
243.5145 	EXP 	Display Frame 1
243.6397 	EXP 	Display Frame 0
243.7646 	EXP 	Display Frame 1
243.8892 	EXP 	Display Frame 0
244.0146 	EXP 	Display Frame 1
244.1395 	EXP 	Display Frame 0
244.2646 	EXP 	Display Frame 1
244.3895 	EXP 	Display Frame 0
244.5142 	EXP 	Display Frame 1
244.6393 	EXP 	Display Frame 0
244.7643 	EXP 	Display Frame 1
244.8896 	EXP 	Display Frame 0
245.0146 	EXP 	Display Frame 1
245.1395 	EXP 	Display Frame 0
245.2643 	EXP 	Display Frame 1
245.3895 	EXP 	Display Frame 0
245.5142 	EXP 	Display Frame 1
245.6395 	EXP 	Display Frame 0
245.7644 	EXP 	Display Frame 1
245.8896 	EXP 	Display Frame 0
246.0146 	EXP 	Display Frame 1
246.1395 	EXP 	Display Frame 0
246.2645 	EXP 	Display Frame 1
246.3892 	EXP 	Display Frame 0
246.5142 	EXP 	Display Frame 1
246.6395 	EXP 	Display Frame 0
246.7645 	EXP 	Display Frame 1
246.8892 	EXP 	Display Frame 0
247.0142 	EXP 	Display Frame 1
247.1395 	EXP 	Display Frame 0
247.2644 	EXP 	Display Frame 1
247.3894 	EXP 	Display Frame 0
247.5145 	EXP 	Display Frame 1
247.6392 	EXP 	Display Frame 0
247.7642 	EXP 	Display Frame 1
247.8895 	EXP 	Display Frame 0
248.0142 	EXP 	Display Frame 1
248.1395 	EXP 	Display Frame 0
248.2645 	EXP 	Display Frame 1
248.3895 	EXP 	Display Frame 0
248.5145 	EXP 	Display Frame 1
248.6392 	EXP 	Display Frame 0
248.7645 	EXP 	Display Frame 1
248.8891 	EXP 	Display Frame 0
249.0142 	EXP 	Display Frame 1
249.1396 	EXP 	Display Frame 0
249.2642 	EXP 	Display Frame 1
249.3892 	EXP 	Display Frame 0
249.5145 	EXP 	Display Frame 1
249.6396 	EXP 	Display Frame 0
249.7646 	EXP 	Display Frame 1
249.8895 	EXP 	Display Frame 0
250.0142 	EXP 	Display Frame 1
250.1396 	EXP 	Display Frame 0
250.2642 	EXP 	Display Frame 1
250.3900 	EXP 	Display Frame 0
250.5145 	EXP 	Display Frame 1
250.6393 	EXP 	Display Frame 0
250.7645 	EXP 	Display Frame 1
250.8892 	EXP 	Display Frame 0
251.0145 	EXP 	Display Frame 1
251.1395 	EXP 	Display Frame 0
251.2645 	EXP 	Display Frame 1
251.3892 	EXP 	Display Frame 0
251.5146 	EXP 	Display Frame 1
251.6393 	EXP 	Display Frame 0
251.7646 	EXP 	Display Frame 1
251.8895 	EXP 	Display Frame 0
252.0145 	EXP 	Display Frame 1
252.1396 	EXP 	Display Frame 0
252.2645 	EXP 	Display Frame 1
252.3892 	EXP 	Display Frame 0
252.5143 	EXP 	Display Frame 1
252.6394 	EXP 	Display Frame 0
252.7644 	EXP 	Display Frame 1
252.8892 	EXP 	Display Frame 0
253.0145 	EXP 	Display Frame 1
253.1392 	EXP 	Display Frame 0
253.2646 	EXP 	Display Frame 1
253.3892 	EXP 	Display Frame 0
253.5146 	EXP 	Display Frame 1
253.6393 	EXP 	Display Frame 0
253.7646 	EXP 	Display Frame 1
253.8895 	EXP 	Display Frame 0
254.0142 	EXP 	Display Frame 1
254.1392 	EXP 	Display Frame 0
254.2642 	EXP 	Display Frame 1
254.3896 	EXP 	Display Frame 0
254.5142 	EXP 	Display Frame 1
254.6392 	EXP 	Display Frame 0
254.7646 	EXP 	Display Frame 1
254.8895 	EXP 	Display Frame 0
255.0142 	EXP 	Display Frame 1
255.1395 	EXP 	Display Frame 0
255.2645 	EXP 	Display Frame 1
255.3896 	EXP 	Display Frame 0
255.5144 	EXP 	Display Frame 1
255.6395 	EXP 	Display Frame 0
255.7642 	EXP 	Display Frame 1
255.8895 	EXP 	Display Frame 0
256.0143 	EXP 	Display Frame 1
256.1396 	EXP 	Display Frame 0
256.2644 	EXP 	Display Frame 1
256.3892 	EXP 	Display Frame 0
256.5144 	EXP 	Display Frame 1
256.6395 	EXP 	Display Frame 0
256.7645 	EXP 	Display Frame 1
256.8896 	EXP 	Display Frame 0
257.0146 	EXP 	Display Frame 1
257.1395 	EXP 	Display Frame 0
257.2642 	EXP 	Display Frame 1
257.3895 	EXP 	Display Frame 0
257.5142 	EXP 	Display Frame 1
257.6395 	EXP 	Display Frame 0
257.7645 	EXP 	Display Frame 1
257.8894 	EXP 	Display Frame 0
258.0145 	EXP 	Display Frame 1
258.1394 	EXP 	Display Frame 0
258.2644 	EXP 	Display Frame 1
258.3896 	EXP 	Display Frame 0
258.5142 	EXP 	Display Frame 1
258.6395 	EXP 	Display Frame 0
258.7645 	EXP 	Display Frame 1
258.8895 	EXP 	Display Frame 0
259.0145 	EXP 	Display Frame 1
259.1393 	EXP 	Display Frame 0
259.2647 	DATA 	Keypress: equal
259.2656 	EXP 	Display Frame 1
259.2683 	EXP 	Display Fixation
286.3153 	DATA 	Keypress: q
286.3258 	EXP 	topMsg: height = 0.1
286.3258 	EXP 	topMsg: height = 0.1
286.3258 	EXP 	topMsg: text = "Thank you very much! \n\nThat's it with the tapping"
286.3258 	EXP 	bottomMsg: height = 0.1
286.3258 	EXP 	bottomMsg: height = 0.1
286.3258 	EXP 	bottomMsg: text = "Please relax for the ramaining time \n\n Press 'q' or 'escape' to end the session."
286.3258 	EXP 	Display TheEnd
286.7285 	DATA 	Keypress: q
286.8121 	EXP 	win: mouseVisible = True
