1.0781 	WARNING 	We strongly recommend you activate the PTB sound engine in PsychoPy prefs as the preferred audio engine. Its timing is vastly superior. Your prefs are currently set to use ['sounddevice', 'PTB', 'pyo', 'pygame'] (in that order).
8.7346 	INFO 	---START PARAMETERS---
8.7346 	INFO 	filename: TappingWithTrTiming_Movie_d3.py-1tt============ =====-380-Apr_29_1625
8.7347 	INFO 	subject: 1tt============ =====
8.7347 	INFO 	session: 380
8.7347 	INFO 	date: Apr_29_1625
8.7347 	INFO 	block2Dur_TRs: 0
8.7347 	INFO 	blockDur_TRs: 30
8.7347 	INFO 	condition: TapRight
8.7347 	INFO 	fixCrossPos: [0, 0]
8.7347 	INFO 	fixCrossSize: 100
8.7347 	INFO 	fullScreen: True
8.7347 	INFO 	movieFolder: images/
8.7347 	INFO 	movieFolder2: images/
8.7347 	INFO 	movieSize: (1600, 1000)
8.7347 	INFO 	nBlocks: 68
8.7348 	INFO 	promptDir: Text/
8.7348 	INFO 	restDur_TRs: 30
8.7348 	INFO 	screenColor: (119, 119, 119)
8.7348 	INFO 	screenToShow: 1
8.7348 	INFO 	skipPrompts: False
8.7348 	INFO 	tStartup_TRs: 0
8.7348 	INFO 	textHeight: 40
8.7348 	INFO 	triggerKey: equal
8.7348 	INFO 	---END PARAMETERS---
