1.0479 	WARNING 	We strongly recommend you activate the PTB sound engine in PsychoPy prefs as the preferred audio engine. Its timing is vastly superior. Your prefs are currently set to use ['sounddevice', 'PTB', 'pyo', 'pygame'] (in that order).
8.4856 	INFO 	---START PARAMETERS---
8.4856 	INFO 	filename: TappingWithTrTiming_Movie_d3.py-1tt==============-267-Sep_15_1828
8.4856 	INFO 	subject: 1tt==============
8.4856 	INFO 	session: 267
8.4857 	INFO 	date: Sep_15_1828
8.4857 	INFO 	blockDur_TRs: 10
8.4857 	INFO 	condition: TapRight
8.4857 	INFO 	fixCrossPos: [0, 0]
8.4857 	INFO 	fixCrossSize: 100
8.4857 	INFO 	fullScreen: True
8.4857 	INFO 	movieFolder: Images/
8.4857 	INFO 	movieSize: (1600, 1000)
8.4857 	INFO 	nBlocks: 68
8.4857 	INFO 	promptDir: Text/
8.4857 	INFO 	restDur_TRs: 10
8.4857 	INFO 	screenColor: (128, 128, 128)
8.4857 	INFO 	screenToShow: 0
8.4857 	INFO 	skipPrompts: False
8.4857 	INFO 	tStartup_TRs: 0
8.4857 	INFO 	textHeight: 40
8.4857 	INFO 	triggerKey: equal
8.4857 	INFO 	---END PARAMETERS---
9.2729 	INFO 	Loaded monitor calibration from ['2022_03_25 08:03']
10.3257 	EXP 	Created win = Window(allowGUI=False, allowStencil=False, autoLog=True, backendConf=UNKNOWN, bitsMode=UNKNOWN, blendMode='avg', bpc=(8, 8, 8), color=array([128, 128, 128]), colorSpace='rgb255', depthBits=8, fullscr=<method-wrapper '__getattribute__' of attributeSetter object at 0x7fe1448f0040>, gamma=None, gammaErrorPolicy='raise', lms=UNKNOWN, monitor=<psychopy.monitors.calibTools.Monitor object at 0x7fe1080a2ca0>, multiSample=False, name='win', numSamples=2, pos=[0.0, 0.0], screen=0, size=array([1280,  720]), stencilBits=0, stereo=False, units='deg', useFBO=False, useRetina=False, viewOri=0.0, viewPos=None, viewScale=None, waitBlanking=True, winType='pyglet')
10.3260 	EXP 	win: mouseVisible = True
10.3306 	EXP 	Created fixCross = ShapeStim(__class__=<class 'psychopy.visual.shape.ShapeStim'>, anchor=('center', 'center'), autoDraw=False, autoLog=True, closeShape=False, color=method-wrapper(...), colorSpace='rgb', contrast=None, depth=0, fillColor=array([0, 0, 0]), fillColorSpace='rgb', fillRGB=array([0, 0, 0]), interpolate=True, lineColor=array([-1., -1., -1.]), lineColorSpace='rgb', lineRGB=array([-1., -1., -1.]), lineWidth=3.0, name='fixCross', opacity=0.5, ori=0.0, pos=array([0., 0.]), size=array([1., 1.]), units='pix', vertices=ndarray(...), win=Window(...), windingRule=None)
10.3309 	WARNING 	TextStim.alignHoriz is deprecated. Use alignText and anchorHoriz attributes instead
10.3536 	EXP 	Created topMsg = TextStim(__class__=<class 'psychopy.visual.text.TextStim'>, alignHoriz='center', alignText='center', alignVert=method-wrapper(...), anchorHoriz='center', anchorVert='center', antialias=True, autoLog=True, bold=False, color=array([-1., -1., -1.]), colorSpace='rgb', contrast=1.0, depth=0, flipHoriz=False, flipVert=False, font='', fontFiles=[], height=0.1, italic=False, languageStyle='LTR', name='topMsg', opacity=1.0, ori=0.0, pos=array([0. , 0.5]), rgb=UNKNOWN, text='aaa', units='norm', win=Window(...), wrapWidth=1.5)
10.3537 	WARNING 	TextStim.alignHoriz is deprecated. Use alignText and anchorHoriz attributes instead
10.3562 	EXP 	Created bottomMsg = TextStim(__class__=<class 'psychopy.visual.text.TextStim'>, alignHoriz='center', alignText='center', alignVert=method-wrapper(...), anchorHoriz='center', anchorVert='center', antialias=True, autoLog=True, bold=False, color=array([-1., -1., -1.]), colorSpace='rgb', contrast=1.0, depth=0, flipHoriz=False, flipVert=False, font='', fontFiles=[], height=0.1, italic=False, languageStyle='LTR', name='bottomMsg', opacity=1.0, ori=0.0, pos=array([ 0. , -0.5]), rgb=UNKNOWN, text='bbb', units='norm', win=Window(...), wrapWidth=1.5)
10.4342 	EXP 	Created Movie Frame 0 = ImageStim(__class__=<class 'psychopy.visual.image.ImageStim'>, anchor=('center', 'center'), autoLog=True, color=array([1., 1., 1.]), colorSpace='rgb', contrast=1.0, depth=0, flipHoriz=False, flipVert=False, image='Images/right_0.png', interpolate=False, mask=None, maskParams=None, name='Movie Frame 0', opacity=1, ori=0.0, pos=array([0., 0.]), size=array([1600., 1000.]), texRes=128, units='pix', win=Window(...))
10.5016 	EXP 	Created Movie Frame 1 = ImageStim(__class__=<class 'psychopy.visual.image.ImageStim'>, anchor=('center', 'center'), autoLog=True, color=array([1., 1., 1.]), colorSpace='rgb', contrast=1.0, depth=0, flipHoriz=False, flipVert=False, image='Images/right_1.png', interpolate=False, mask=None, maskParams=None, name='Movie Frame 1', opacity=1, ori=0.0, pos=array([0., 0.]), size=array([1600., 1000.]), texRes=128, units='pix', win=Window(...))
10.5646 	EXP 	Created Movie Frame 2 = ImageStim(__class__=<class 'psychopy.visual.image.ImageStim'>, anchor=('center', 'center'), autoLog=True, color=array([1., 1., 1.]), colorSpace='rgb', contrast=1.0, depth=0, flipHoriz=False, flipVert=False, image='Images/right_2.png', interpolate=False, mask=None, maskParams=None, name='Movie Frame 2', opacity=1, ori=0.0, pos=array([0., 0.]), size=array([1600., 1000.]), texRes=128, units='pix', win=Window(...))
10.6267 	EXP 	Created Movie Frame 3 = ImageStim(__class__=<class 'psychopy.visual.image.ImageStim'>, anchor=('center', 'center'), autoLog=True, color=array([1., 1., 1.]), colorSpace='rgb', contrast=1.0, depth=0, flipHoriz=False, flipVert=False, image='Images/right_3.png', interpolate=False, mask=None, maskParams=None, name='Movie Frame 3', opacity=1, ori=0.0, pos=array([0., 0.]), size=array([1600., 1000.]), texRes=128, units='pix', win=Window(...))
10.6884 	EXP 	Created Movie Frame 4 = ImageStim(__class__=<class 'psychopy.visual.image.ImageStim'>, anchor=('center', 'center'), autoLog=True, color=array([1., 1., 1.]), colorSpace='rgb', contrast=1.0, depth=0, flipHoriz=False, flipVert=False, image='Images/right_4.png', interpolate=False, mask=None, maskParams=None, name='Movie Frame 4', opacity=1, ori=0.0, pos=array([0., 0.]), size=array([1600., 1000.]), texRes=128, units='pix', win=Window(...))
10.7487 	EXP 	Created Movie Frame 5 = ImageStim(__class__=<class 'psychopy.visual.image.ImageStim'>, anchor=('center', 'center'), autoLog=True, color=array([1., 1., 1.]), colorSpace='rgb', contrast=1.0, depth=0, flipHoriz=False, flipVert=False, image='Images/right_5.png', interpolate=False, mask=None, maskParams=None, name='Movie Frame 5', opacity=1, ori=0.0, pos=array([0., 0.]), size=array([1600., 1000.]), texRes=128, units='pix', win=Window(...))
10.8104 	EXP 	Created Movie Frame 6 = ImageStim(__class__=<class 'psychopy.visual.image.ImageStim'>, anchor=('center', 'center'), autoLog=True, color=array([1., 1., 1.]), colorSpace='rgb', contrast=1.0, depth=0, flipHoriz=False, flipVert=False, image='Images/right_6.png', interpolate=False, mask=None, maskParams=None, name='Movie Frame 6', opacity=1, ori=0.0, pos=array([0., 0.]), size=array([1600., 1000.]), texRes=128, units='pix', win=Window(...))
10.8687 	EXP 	Created Movie Frame 7 = ImageStim(__class__=<class 'psychopy.visual.image.ImageStim'>, anchor=('center', 'center'), autoLog=True, color=array([1., 1., 1.]), colorSpace='rgb', contrast=1.0, depth=0, flipHoriz=False, flipVert=False, image='Images/right_7.png', interpolate=False, mask=None, maskParams=None, name='Movie Frame 7', opacity=1, ori=0.0, pos=array([0., 0.]), size=array([1600., 1000.]), texRes=128, units='pix', win=Window(...))
10.9290 	EXP 	Created Movie Frame 8 = ImageStim(__class__=<class 'psychopy.visual.image.ImageStim'>, anchor=('center', 'center'), autoLog=True, color=array([1., 1., 1.]), colorSpace='rgb', contrast=1.0, depth=0, flipHoriz=False, flipVert=False, image='Images/right_8.png', interpolate=False, mask=None, maskParams=None, name='Movie Frame 8', opacity=1, ori=0.0, pos=array([0., 0.]), size=array([1600., 1000.]), texRes=128, units='pix', win=Window(...))
10.9887 	EXP 	Created Movie Frame 9 = ImageStim(__class__=<class 'psychopy.visual.image.ImageStim'>, anchor=('center', 'center'), autoLog=True, color=array([1., 1., 1.]), colorSpace='rgb', contrast=1.0, depth=0, flipHoriz=False, flipVert=False, image='Images/right_9.png', interpolate=False, mask=None, maskParams=None, name='Movie Frame 9', opacity=1, ori=0.0, pos=array([0., 0.]), size=array([1600., 1000.]), texRes=128, units='pix', win=Window(...))
10.9947 	EXP 	Created unnamed TextStim = TextStim(__class__=<class 'psychopy.visual.text.TextStim'>, alignHoriz=method-wrapper(...), alignText='center', alignVert=method-wrapper(...), anchorHoriz='center', anchorVert='center', antialias=True, autoLog=True, bold=False, color=array([-1., -1., -1.]), colorSpace='rgb', contrast=1.0, depth=0, flipHoriz=False, flipVert=False, font='', fontFiles=[], height=40.0, italic=False, languageStyle='LTR', name='unnamed TextStim', opacity=1.0, ori=0.0, pos=array([  0., 580.]), rgb=UNKNOWN, text='Tap along with the video.', units='pix', win=Window(...), wrapWidth=1600)
11.0066 	EXP 	topMsg: height = 0.1
11.0066 	EXP 	topMsg: height = 0.1
11.0066 	EXP 	topMsg: text = 'You will see a movie of a finger tapping. When it is on the screen, try to BOTH hands to tap your fingers at the same times as the movie does. When the fixation cross appears, relax and stare at the cross.'
11.0066 	EXP 	bottomMsg: height = 0.1
11.0066 	EXP 	bottomMsg: height = 0.1
11.0066 	EXP 	bottomMsg: text = 'The experiment will begin shortly'
11.0066 	EXP 	Display Instructions1
156.7981 	DATA 	Keypress: equal
156.8047 	EXP 	topMsg: height = 0.1
156.8047 	EXP 	topMsg: height = 0.1
156.8047 	EXP 	topMsg: text = "Please don't move..."
156.8047 	EXP 	bottomMsg: height = 0.1
156.8047 	EXP 	bottomMsg: height = 0.1
156.8047 	EXP 	bottomMsg: text = ''
156.8047 	EXP 	PleaseDontMove
157.1297 	DATA 	Keypress: equal
157.1318 	EXP 	Display Fixation
157.1319 	EXP 	---START EXPERIMENT---
157.1416 	EXP 	Display Fixation
157.3263 	DATA 	Keypress: equal
157.4769 	DATA 	Keypress: equal
157.6253 	DATA 	Keypress: equal
157.7522 	DATA 	Keypress: equal
157.8821 	DATA 	Keypress: equal
158.0240 	DATA 	Keypress: equal
158.1622 	DATA 	Keypress: equal
158.3070 	DATA 	Keypress: equal
158.4712 	DATA 	Keypress: equal
158.8936 	DATA 	Keypress: equal
158.9947 	EXP 	Display Frame 1
159.0944 	EXP 	Display Frame 2
159.1947 	EXP 	Display Frame 3
159.2960 	EXP 	Display Frame 4
159.3945 	EXP 	Display Frame 5
159.4965 	EXP 	Display Frame 6
159.5970 	EXP 	Display Frame 7
159.6948 	EXP 	Display Frame 8
159.7952 	EXP 	Display Frame 9
159.8966 	EXP 	Display Frame 0
159.9957 	EXP 	Display Frame 1
160.0945 	EXP 	Display Frame 2
160.1992 	EXP 	Display Frame 3
160.2943 	EXP 	Display Frame 4
160.3945 	EXP 	Display Frame 5
160.4955 	EXP 	Display Frame 6
160.5956 	EXP 	Display Frame 7
160.6959 	EXP 	Display Frame 8
160.7966 	EXP 	Display Frame 9
160.8959 	EXP 	Display Frame 0
160.9957 	EXP 	Display Frame 1
161.0962 	EXP 	Display Frame 2
161.1945 	EXP 	Display Frame 3
161.2954 	EXP 	Display Frame 4
161.3965 	EXP 	Display Frame 5
161.4953 	EXP 	Display Frame 6
161.5951 	EXP 	Display Frame 7
161.6945 	EXP 	Display Frame 8
161.7960 	EXP 	Display Frame 9
161.8944 	EXP 	Display Frame 0
161.9968 	EXP 	Display Frame 1
161.9985 	DATA 	Keypress: escape
162.0216 	EXP 	topMsg: height = 0.1
162.0216 	EXP 	topMsg: height = 0.1
162.0216 	EXP 	topMsg: text = "Thank you very much! \n\nThat's it with the tapping"
162.0216 	EXP 	bottomMsg: height = 0.1
162.0216 	EXP 	bottomMsg: height = 0.1
162.0216 	EXP 	bottomMsg: text = "Please relax for the ramaining time \n\n Press 'q' or 'escape' to end the session."
162.0216 	EXP 	Display TheEnd
162.4993 	DATA 	Keypress: escape
162.5835 	EXP 	win: mouseVisible = True
