1.0309 	WARNING 	We strongly recommend you activate the PTB sound engine in PsychoPy prefs as the preferred audio engine. Its timing is vastly superior. Your prefs are currently set to use ['sounddevice', 'PTB', 'pyo', 'pygame'] (in that order).
7.7652 	INFO 	---START PARAMETERS---
7.7653 	INFO 	filename: TappingWithTrTiming_Movie_d3.py-1tt============ =====-391-Jun_10_1905
7.7653 	INFO 	subject: 1tt============ =====
7.7653 	INFO 	session: 391
7.7653 	INFO 	date: Jun_10_1905
7.7653 	INFO 	block2Dur_TRs: 0
7.7653 	INFO 	blockDur_TRs: 30
7.7653 	INFO 	condition: TapRight
7.7653 	INFO 	fixCrossPos: [0, 0]
7.7653 	INFO 	fixCrossSize: 100
7.7653 	INFO 	fullScreen: True
7.7653 	INFO 	movieFolder: images/
7.7653 	INFO 	movieFolder2: images/
7.7653 	INFO 	movieSize: (1600, 1000)
7.7654 	INFO 	nBlocks: 68
7.7654 	INFO 	promptDir: Text/
7.7654 	INFO 	restDur_TRs: 30
7.7654 	INFO 	screenColor: (119, 119, 119)
7.7654 	INFO 	screenToShow: 1
7.7654 	INFO 	skipPrompts: False
7.7654 	INFO 	tStartup_TRs: 0
7.7654 	INFO 	textHeight: 40
7.7654 	INFO 	triggerKey: equal
7.7654 	INFO 	---END PARAMETERS---
